../Core/Src/openlcb_c_lib/openlcb/openlcb_buffer_list.c:59:6:OpenLcbBufferList_initialize	0	static
../Core/Src/openlcb_c_lib/openlcb/openlcb_buffer_list.c:82:16:OpenLcbBufferList_add	8	static
../Core/Src/openlcb_c_lib/openlcb/openlcb_buffer_list.c:115:16:OpenLcbBufferList_find	16	static
../Core/Src/openlcb_c_lib/openlcb/openlcb_buffer_list.c:151:16:OpenLcbBufferList_release	8	static
../Core/Src/openlcb_c_lib/openlcb/openlcb_buffer_list.c:176:16:OpenLcbBufferList_index_of	0	static
../Core/Src/openlcb_c_lib/openlcb/openlcb_buffer_list.c:189:6:OpenLcbBufferList_is_empty	0	static
../Core/Src/openlcb_c_lib/openlcb/openlcb_buffer_list.c:205:6:OpenLcbBufferList_check_timeouts	24	static
