../Core/Src/openlcb_c_lib/openlcb/protocol_config_mem_operations_handler.c:91:41:_decode_to_space_definition.constprop	0	static
../Core/Src/openlcb_c_lib/openlcb/protocol_config_mem_operations_handler.c:148:13:_load_config_mem_reply_message_header.isra	48	static
../Core/Src/openlcb_c_lib/openlcb/protocol_config_mem_operations_handler.c:282:13:_handle_operations_request	16	static
../Core/Src/openlcb_c_lib/openlcb/protocol_config_mem_operations_handler.c:70:6:ProtocolConfigMemOperationsHandler_initialize	0	static
../Core/Src/openlcb_c_lib/openlcb/protocol_config_mem_operations_handler.c:321:6:ProtocolConfigMemOperationsHandler_request_options_cmd	8	static
../Core/Src/openlcb_c_lib/openlcb/protocol_config_mem_operations_handler.c:378:6:ProtocolConfigMemOperationsHandler_request_get_address_space_info	16	static
../Core/Src/openlcb_c_lib/openlcb/protocol_config_mem_operations_handler.c:455:6:ProtocolConfigMemOperationsHandler_options_cmd	16	static
../Core/Src/openlcb_c_lib/openlcb/protocol_config_mem_operations_handler.c:467:6:ProtocolConfigMemOperationsHandler_options_reply	16	static
../Core/Src/openlcb_c_lib/openlcb/protocol_config_mem_operations_handler.c:479:6:ProtocolConfigMemOperationsHandler_get_address_space_info	16	static
../Core/Src/openlcb_c_lib/openlcb/protocol_config_mem_operations_handler.c:491:6:ProtocolConfigMemOperationsHandler_get_address_space_info_reply_not_present	16	static
../Core/Src/openlcb_c_lib/openlcb/protocol_config_mem_operations_handler.c:503:6:ProtocolConfigMemOperationsHandler_get_address_space_info_reply_present	16	static
../Core/Src/openlcb_c_lib/openlcb/protocol_config_mem_operations_handler.c:515:6:ProtocolConfigMemOperationsHandler_unfreeze	16	static
../Core/Src/openlcb_c_lib/openlcb/protocol_config_mem_operations_handler.c:527:6:ProtocolConfigMemOperationsHandler_freeze	16	static
../Core/Src/openlcb_c_lib/openlcb/protocol_config_mem_operations_handler.c:549:6:ProtocolConfigMemOperationsHandler_reset_reboot	24	static
../Core/Src/openlcb_c_lib/openlcb/protocol_config_mem_operations_handler.c:596:6:ProtocolConfigMemOperationsHandler_request_reserve_lock	24	static
../Core/Src/openlcb_c_lib/openlcb/protocol_config_mem_operations_handler.c:635:6:ProtocolConfigMemOperationsHandler_reserve_lock	16	static
../Core/Src/openlcb_c_lib/openlcb/protocol_config_mem_operations_handler.c:647:6:ProtocolConfigMemOperationsHandler_reserve_lock_reply	16	static
../Core/Src/openlcb_c_lib/openlcb/protocol_config_mem_operations_handler.c:660:6:ProtocolConfigMemOperationsHandler_get_unique_id	16	static
../Core/Src/openlcb_c_lib/openlcb/protocol_config_mem_operations_handler.c:672:6:ProtocolConfigMemOperationsHandler_get_unique_id_reply	16	static
../Core/Src/openlcb_c_lib/openlcb/protocol_config_mem_operations_handler.c:684:6:ProtocolConfigMemOperationsHandler_update_complete	16	static
../Core/Src/openlcb_c_lib/openlcb/protocol_config_mem_operations_handler.c:700:6:ProtocolConfigMemOperationsHandler_factory_reset	16	static
