Microchip Technology Inc, v2.10 (B)

Tool Name:
  /Applications/microchip/xc16/v2.10/bin/bin/../bin/elf-ld

Command:
  -p33EP512MC506 \
  --mdfp=/Applications/microchip/mplabx/v6.30/packs/Microchip/dsPIC33E-GM-GP-MC-GU-MU_DFP/1.6.297/xc16 \
  -o \
  dist/default/production/BasicNode.X.production.elf \
  -L/Applications/microchip/xc16/v2.10/bin/bin/.. \
  -L/Applications/microchip/mplabx/v6.30/packs/Microchip/dsPIC33E-GM-GP-MC-GU-MU_DFP/1.6.297/xc16/bin/../support/PIC24E/gld \
  -L/Applications/microchip/mplabx/v6.30/packs/Microchip/dsPIC33E-GM-GP-MC-GU-MU_DFP/1.6.297/xc16/bin/../support/dsPIC33E/gld \
  -L/Applications/microchip/xc16/v2.10/bin/bin/../../lib \
  -L/Applications/microchip/xc16/v2.10/bin/bin/../../support/PIC24E/gld \
  -L/Applications/microchip/xc16/v2.10/bin/bin/../../support/PIC24F/gld \
  -L/Applications/microchip/xc16/v2.10/bin/bin/../../support/PIC24H/gld \
  -L/Applications/microchip/xc16/v2.10/bin/bin/../../support/dsPIC30F/gld \
  -L/Applications/microchip/xc16/v2.10/bin/bin/../../support/dsPIC33C/gld \
  -L/Applications/microchip/xc16/v2.10/bin/bin/../../support/dsPIC33E/gld \
  -L/Applications/microchip/xc16/v2.10/bin/bin/../../support/dsPIC33F/gld \
  build/default/production/openlcb_user_config.o \
  build/default/production/traps.o \
  build/default/production/main.o \
  build/default/production/src/openlcb_c_lib/drivers/canbus/can_tx_message_handler.o \
  build/default/production/src/openlcb_c_lib/drivers/canbus/can_buffer_fifo.o \
  build/default/production/src/openlcb_c_lib/drivers/canbus/alias_mapping_listener.o \
  build/default/production/src/openlcb_c_lib/drivers/canbus/can_main_statemachine.o \
  build/default/production/src/openlcb_c_lib/drivers/canbus/can_config.o \
  build/default/production/src/openlcb_c_lib/drivers/canbus/can_login_message_handler.o \
  build/default/production/src/openlcb_c_lib/drivers/canbus/can_rx_message_handler.o \
  build/default/production/src/openlcb_c_lib/drivers/canbus/can_utilities.o \
  build/default/production/src/openlcb_c_lib/drivers/canbus/alias_mappings.o \
  build/default/production/src/openlcb_c_lib/drivers/canbus/can_rx_statemachine.o \
  build/default/production/src/openlcb_c_lib/drivers/canbus/can_login_statemachine.o \
  build/default/production/src/openlcb_c_lib/drivers/canbus/can_tx_statemachine.o \
  build/default/production/src/openlcb_c_lib/drivers/canbus/can_buffer_store.o \
  build/default/production/src/openlcb_c_lib/openlcb/openlcb_buffer_fifo.o \
  build/default/production/src/openlcb_c_lib/openlcb/protocol_config_mem_write_handler.o \
  build/default/production/src/openlcb_c_lib/openlcb/openlcb_application_train.o \
  build/default/production/src/openlcb_c_lib/openlcb/protocol_train_handler.o \
  build/default/production/src/openlcb_c_lib/openlcb/protocol_config_mem_operations_handler.o \
  build/default/production/src/openlcb_c_lib/openlcb/protocol_train_search_handler.o \
  build/default/production/src/openlcb_c_lib/openlcb/openlcb_node.o \
  build/default/production/src/openlcb_c_lib/openlcb/protocol_broadcast_time_handler.o \
  build/default/production/src/openlcb_c_lib/openlcb/openlcb_buffer_store.o \
  build/default/production/src/openlcb_c_lib/openlcb/openlcb_login_statemachine.o \
  build/default/production/src/openlcb_c_lib/openlcb/openlcb_utilities.o \
  build/default/production/src/openlcb_c_lib/openlcb/openlcb_float16.o \
  build/default/production/src/openlcb_c_lib/openlcb/protocol_event_transport.o \
  build/default/production/src/openlcb_c_lib/openlcb/protocol_config_mem_read_handler.o \
  build/default/production/src/openlcb_c_lib/openlcb/openlcb_buffer_list.o \
  build/default/production/src/openlcb_c_lib/openlcb/protocol_snip.o \
  build/default/production/src/openlcb_c_lib/openlcb/protocol_datagram_handler.o \
  build/default/production/src/openlcb_c_lib/openlcb/openlcb_gridconnect.o \
  build/default/production/src/openlcb_c_lib/openlcb/openlcb_main_statemachine.o \
  build/default/production/src/openlcb_c_lib/openlcb/openlcb_config.o \
  build/default/production/src/openlcb_c_lib/openlcb/protocol_message_network.o \
  build/default/production/src/openlcb_c_lib/openlcb/openlcb_application_broadcast_time.o \
  build/default/production/src/openlcb_c_lib/openlcb/openlcb_application.o \
  build/default/production/src/openlcb_c_lib/openlcb/openlcb_login_statemachine_handler.o \
  build/default/production/src/openlcb_c_lib/utilities/mustangpeak_endian_helper.o \
  build/default/production/src/openlcb_c_lib/utilities/mustangpeak_string_helper.o \
  build/default/production/src/application_drivers/dspic33_can_drivers.o \
  build/default/production/src/application_drivers/dspic33_drivers.o \
  build/default/production/src/application_callbacks/callbacks_config_mem.o \
  build/default/production/src/application_callbacks/callbacks_olcb.o \
  build/default/production/src/application_callbacks/callbacks_can.o \
  --local-stack \
  --defsym=__MPLAB_BUILD=1 \
  -Tp33EP512MC506.gld.00 \
  --stack=16 \
[...]
Memory Configuration

Name             Origin             Length             Attributes
data             0x001000           0x00c000           a !xr
reset            0x000000           0x000004  
ivt              0x000004           0x0001fc  
program          0x000200           0x0555ec           xr
FICD             0x0557f0           0x000002  
FPOR             0x0557f2           0x000002  
FWDT             0x0557f4           0x000002  
FOSC             0x0557f6           0x000002  
FOSCSEL          0x0557f8           0x000002  
FGS              0x0557fa           0x000002  
FUID0            0x800ff8           0x000002  
FUID1            0x800ffa           0x000002  
FUID2            0x800ffc           0x000002  
FUID3            0x800ffe           0x000002  
*default*        0x000000           0xffffffffffffffff  

Linker script and memory map

LOAD build/default/production/openlcb_user_config.o
LOAD build/default/production/traps.o
LOAD build/default/production/main.o
LOAD build/default/production/src/openlcb_c_lib/drivers/canbus/can_tx_message_handler.o
LOAD build/default/production/src/openlcb_c_lib/drivers/canbus/can_buffer_fifo.o
LOAD build/default/production/src/openlcb_c_lib/drivers/canbus/alias_mapping_listener.o
LOAD build/default/production/src/openlcb_c_lib/drivers/canbus/can_main_statemachine.o
LOAD build/default/production/src/openlcb_c_lib/drivers/canbus/can_config.o
LOAD build/default/production/src/openlcb_c_lib/drivers/canbus/can_login_message_handler.o
LOAD build/default/production/src/openlcb_c_lib/drivers/canbus/can_rx_message_handler.o
LOAD build/default/production/src/openlcb_c_lib/drivers/canbus/can_utilities.o
LOAD build/default/production/src/openlcb_c_lib/drivers/canbus/alias_mappings.o
LOAD build/default/production/src/openlcb_c_lib/drivers/canbus/can_rx_statemachine.o
LOAD build/default/production/src/openlcb_c_lib/drivers/canbus/can_login_statemachine.o
LOAD build/default/production/src/openlcb_c_lib/drivers/canbus/can_tx_statemachine.o
LOAD build/default/production/src/openlcb_c_lib/drivers/canbus/can_buffer_store.o
LOAD build/default/production/src/openlcb_c_lib/openlcb/openlcb_buffer_fifo.o
LOAD build/default/production/src/openlcb_c_lib/openlcb/protocol_config_mem_write_handler.o
LOAD build/default/production/src/openlcb_c_lib/openlcb/openlcb_application_train.o
LOAD build/default/production/src/openlcb_c_lib/openlcb/protocol_train_handler.o
LOAD build/default/production/src/openlcb_c_lib/openlcb/protocol_config_mem_operations_handler.o
LOAD build/default/production/src/openlcb_c_lib/openlcb/protocol_train_search_handler.o
LOAD build/default/production/src/openlcb_c_lib/openlcb/openlcb_node.o
LOAD build/default/production/src/openlcb_c_lib/openlcb/protocol_broadcast_time_handler.o
LOAD build/default/production/src/openlcb_c_lib/openlcb/openlcb_buffer_store.o
LOAD build/default/production/src/openlcb_c_lib/openlcb/openlcb_login_statemachine.o
LOAD build/default/production/src/openlcb_c_lib/openlcb/openlcb_utilities.o
LOAD build/default/production/src/openlcb_c_lib/openlcb/openlcb_float16.o
LOAD build/default/production/src/openlcb_c_lib/openlcb/protocol_event_transport.o
LOAD build/default/production/src/openlcb_c_lib/openlcb/protocol_config_mem_read_handler.o
LOAD build/default/production/src/openlcb_c_lib/openlcb/openlcb_buffer_list.o
LOAD build/default/production/src/openlcb_c_lib/openlcb/protocol_snip.o
LOAD build/default/production/src/openlcb_c_lib/openlcb/protocol_datagram_handler.o
LOAD build/default/production/src/openlcb_c_lib/openlcb/openlcb_gridconnect.o
LOAD build/default/production/src/openlcb_c_lib/openlcb/openlcb_main_statemachine.o
LOAD build/default/production/src/openlcb_c_lib/openlcb/openlcb_config.o
LOAD build/default/production/src/openlcb_c_lib/openlcb/protocol_message_network.o
LOAD build/default/production/src/openlcb_c_lib/openlcb/openlcb_application_broadcast_time.o
LOAD build/default/production/src/openlcb_c_lib/openlcb/openlcb_application.o
LOAD build/default/production/src/openlcb_c_lib/openlcb/openlcb_login_statemachine_handler.o
LOAD build/default/production/src/openlcb_c_lib/utilities/mustangpeak_endian_helper.o
LOAD build/default/production/src/openlcb_c_lib/utilities/mustangpeak_string_helper.o
LOAD build/default/production/src/application_drivers/dspic33_can_drivers.o
LOAD build/default/production/src/application_drivers/dspic33_drivers.o
LOAD build/default/production/src/application_callbacks/callbacks_config_mem.o
LOAD build/default/production/src/application_callbacks/callbacks_olcb.o
LOAD build/default/production/src/application_callbacks/callbacks_can.o
                    0x0001                  __MPLAB_BUILD = 0x1
LOAD p33EP512MC506
LOAD /Applications/microchip/xc16/v2.10/bin/bin/../../lib/libfx-elf.a
                    0x557f0                  __FICD = 0x557f0
                    0x557f2                  __FPOR = 0x557f2
                    0x557f4                  __FWDT = 0x557f4
                    0x557f6                  __FOSC = 0x557f6
                    0x557f8                  __FOSCSEL = 0x557f8
                    0x557fa                  __FGS = 0x557fa
                    0x800ff8                  __FUID0 = 0x800ff8
                    0x800ffa                  __FUID1 = 0x800ffa
                    0x800ffc                  __FUID2 = 0x800ffc
                    0x800ffe                  __FUID3 = 0x800ffe
                    0x0200                  __CODE_BASE = 0x200
                    0x555ec                  __CODE_LENGTH = 0x555ec
                    0x0004                  __IVT_BASE = 0x4
                    0x1000                  __DATA_BASE = 0x1000
                    0xc000                  __DATA_LENGTH = 0xc000
                    0x9000                  __YDATA_BASE = 0x9000
                    0xd000                  __YDATA_END = 0xd000

.reset            0x000000          0x4
                  0x000000          0x2 SHORT 0x200 ABSOLUTE (__reset)
                  0x000001          0x2 SHORT 0x4
                  0x000002          0x2 SHORT 0x0 ((ABSOLUTE (__reset) >> 0x10) & 0x7f)
                  0x000003          0x2 SHORT 0x0

.text             0x000200       0x2ce2
 *(.init)
 .init            0x000200         0x48 /Applications/microchip/xc16/v2.10/bin/bin/../../lib/libc99-pic30-elf.a(crt0_extendedep.o)
                  0x000200                  __reset
                  0x000200                  __resetPRI
                  0x00023c                  __psv_init
 .init            0x000248         0xb2 /Applications/microchip/xc16/v2.10/bin/bin/../../lib/libc99-pic30-elf.a(data_init_extended.o)
                  0x000248                  __data_init_extended
                  0x000248                  __data_init
 *(.user_init)
 *(.handle)
 .handle          0x0002fa        0x2a4 jump_table
 *(.isr*)
 .isr.text        0x00059e         0x96 build/default/production/traps.o
                  0x00059e                  __OscillatorFail
                  0x0005bc                  __AddressError
                  0x0005da                  __StackError
                  0x0005f8                  __MathError
                  0x000616                  __DMACError
 .isr.text        0x000634         0x1e build/default/production/src/application_drivers/dspic33_can_drivers.o
                  0x000634                  __C1Interrupt
 .isr.text        0x000652         0x20 build/default/production/src/application_drivers/dspic33_drivers.o
                  0x000652                  __T2Interrupt
 .isr             0x000672          0x4 default_isr
                  0x000672                  __DefaultInterrupt
 *(.libc)
 .libc            0x000676         0x10 /Applications/microchip/xc16/v2.10/bin/bin/../../lib/libc99-pic30-elf.a(_exitep.Meo)
                  0x000676                  __exit
 .libc            0x000686         0x12 /Applications/microchip/xc16/v2.10/bin/bin/../../lib/libc99-pic30-elf.a(closeep.Meo)
                  0x000686                  _close
 .libc            0x000698         0x84 /Applications/microchip/xc16/v2.10/bin/bin/../../lib/libc99-pic30-elf.a(writeep.Meo)
                  0x000698                  _write
 *(.libm)
 *(.libdsp)
 *(.lib*)
 .libpic30_crt_start_mode
                  0x00071c          0x2 /Applications/microchip/xc16/v2.10/bin/bin/../../lib/libc99-pic30-elf.a(crt_start_mode_normalep.Meo)
                  0x00071c                  __crt_start_mode_normal
                  0x00071c                  __crt_start_mode
 .libm.funpack    0x00071e         0x2a /Applications/microchip/xc16/v2.10/bin/bin/../../lib/libc99-pic30-elf.a(funpack.EP_o)
                  0x00071e                  __funpack
 .libc.__wrap_printf_L
                  0x000748         0x10 /Applications/microchip/xc16/v2.10/bin/bin/../../lib/libc99-elf.a(__sio_printf_dosuxL.EP_o)
                  0x000748                  __printf_cdnopsuxXL
                  0x000748                  __dprintf_cdnopsuxXL
 .libc.__wrap_printf_L
                  0x000758         0x10 /Applications/microchip/xc16/v2.10/bin/bin/../../lib/libc99-elf.a(__sio_printf_douxL.EP_o)
                  0x000758                  __printf_cdnopuxXL
                  0x000758                  __dprintf_cdnopuxXL
 .libc.__wrap_printf
                  0x000768         0x10 /Applications/microchip/xc16/v2.10/bin/bin/../../lib/libc99-elf.a(__sio_printf_s.EP_o)
                  0x000768                  __dprintf_s
                  0x000768                  __printf_s
 .libc.__wrap_sprintf
                  0x000778          0xc /Applications/microchip/xc16/v2.10/bin/bin/../../lib/libc99-elf.a(__sio_sprintf_doux.EP_o)
                  0x000778                  __dsprintf_cdnopuxX
                  0x000778                  __sprintf_cdnopuxX
 .libc.__assert_fail
                  0x000784         0x18 /Applications/microchip/xc16/v2.10/bin/bin/../../lib/libc99-elf.a(assert.EP_o)
                  0x000784                  ___assert_fail
 .libc.__dummy1
                  0x00079c          0x2 /Applications/microchip/xc16/v2.10/bin/bin/../../lib/libc99-elf.a(fflush.EP_o)
                  0x00079c                  ___fflush_ofl
 .libc.__dummy2
                  0x00079e          0x2 /Applications/microchip/xc16/v2.10/bin/bin/../../lib/libc99-elf.a(fflush.EP_o)
                  0x00079e                  ___fclose
 .libc.fflush     0x0007a0         0x22 /Applications/microchip/xc16/v2.10/bin/bin/../../lib/libc99-elf.a(fflush.EP_o)
                  0x0007a0                  _fflush
                  0x0007a0                  _fflush_unlocked
 .libc.fprintf    0x0007c2          0xc /Applications/microchip/xc16/v2.10/bin/bin/../../lib/libc99-elf.a(fprintf.EP_o)
                  0x0007c2                  _fprintf
 .libc.memcpy     0x0007ce          0xe /Applications/microchip/xc16/v2.10/bin/bin/../../lib/libc99-elf.a(memcpy.EP_o)
                  0x0007ce                  _memcpy
 .libc.memset     0x0007dc         0xc8 /Applications/microchip/xc16/v2.10/bin/bin/../../lib/libc99-elf.a(memset.EP_o)
                  0x0007dc                  _memset
 .libc.puts       0x0008a4         0x1a /Applications/microchip/xc16/v2.10/bin/bin/../../lib/libc99-elf.a(puts.EP_o)
                  0x0008a4                  _puts
 .libc.__dummy0
                  0x0008be          0x2 /Applications/microchip/xc16/v2.10/bin/bin/../../lib/libc99-elf.a(stderr.EP_o)
                  0x0008be                  ___stdio_seek
 .libc.strcat     0x0008c0         0x14 /Applications/microchip/xc16/v2.10/bin/bin/../../lib/libc99-elf.a(strcat.EP_o)
                  0x0008c0                  _strcat
 .libc.strcpy     0x0008d4          0xe /Applications/microchip/xc16/v2.10/bin/bin/../../lib/libc99-elf.a(strcpy.EP_o)
                  0x0008d4                  _strcpy
 .libc.strlen     0x0008e2         0x30 /Applications/microchip/xc16/v2.10/bin/bin/../../lib/libc99-elf.a(strlen.EP_o)
                  0x0008e2                  _strlen
 .libc.strtox     0x000912         0x52 /Applications/microchip/xc16/v2.10/bin/bin/../../lib/libc99-elf.a(strtol.EP_o)
 .libc.strtoul    0x000964          0x8 /Applications/microchip/xc16/v2.10/bin/bin/../../lib/libc99-elf.a(strtol.EP_o)
                  0x000964                  ___strtoul_internal
                  0x000964                  _strtoul
 .libc.vfprintf
                  0x00096c         0x1c /Applications/microchip/xc16/v2.10/bin/bin/../../lib/libc99-elf.a(vfprintf.EP_o)
                  0x00096c                  _vfprintf
 .libc.__fmt_d    0x000988         0xb8 /Applications/microchip/xc16/v2.10/bin/bin/../../lib/libc99-elf.a(__fmt_d.EP_o)
                  0x000988                  ___fmt_d_needed
                  0x000988                  ___fmt_d
 .libc.__fmt_o    0x000a40         0x72 /Applications/microchip/xc16/v2.10/bin/bin/../../lib/libc99-elf.a(__fmt_o.EP_o)
                  0x000a40                  ___fmt_o_needed
                  0x000a40                  ___fmt_o
 .libc.__fmt_s    0x000ab2         0x54 /Applications/microchip/xc16/v2.10/bin/bin/../../lib/libc99-elf.a(__fmt_s.EP_o)
                  0x000ab2                  ___fmt_s
                  0x000ab2                  ___fmt_0_needed
                  0x000ab2                  ___fmt_s_needed
 .libc.__cvt_u    0x000b06         0xa6 /Applications/microchip/xc16/v2.10/bin/bin/../../lib/libc99-elf.a(__fmt_u.EP_o)
                  0x000b06                  ___cvt_u
 .libc.__fmt_u    0x000bac         0x56 /Applications/microchip/xc16/v2.10/bin/bin/../../lib/libc99-elf.a(__fmt_u.EP_o)
                  0x000bac                  ___fmt_u_needed
                  0x000bac                  ___fmt_u
 .libc.__fmt_x    0x000c02        0x15e /Applications/microchip/xc16/v2.10/bin/bin/../../lib/libc99-elf.a(__fmt_x.EP_o)
                  0x000c02                  ___fmt_x
                  0x000c02                  ___fmt_x_needed
 .libc.__vfprintf
                  0x000d60         0x1c /Applications/microchip/xc16/v2.10/bin/bin/../../lib/libc99-elf.a(__int_vfprintf.EP_o)
                  0x000d60                  ___vfprintf
 .libc.__vsprintf
                  0x000d7c          0x8 /Applications/microchip/xc16/v2.10/bin/bin/../../lib/libc99-elf.a(__int_vsprintf.EP_o)
                  0x000d7c                  ___vsprintf
 .libc.__string_out
                  0x000d84         0x26 /Applications/microchip/xc16/v2.10/bin/bin/../../lib/libc99-elf.a(__out.EP_o)
 .libc.__fwrite_min
                  0x000daa          0x4 /Applications/microchip/xc16/v2.10/bin/bin/../../lib/libc99-elf.a(__out.EP_o)
                  0x000daa                  ___stdio_write_unbuffered
                  0x000daa                  ___fwrite
                  0x000daa                  ___stdio_write
 .libc.__out      0x000dae         0x10 /Applications/microchip/xc16/v2.10/bin/bin/../../lib/libc99-elf.a(__out.EP_o)
                  0x000dae                  ___out
                  0x000dae                  ___out_needed
 .libc.__pop_float
                  0x000dbe         0x44 /Applications/microchip/xc16/v2.10/bin/bin/../../lib/libc99-elf.a(__pop_float.EP_o)
                  0x000dbe                  ___pop_float_needed
                  0x000dbe                  ___pop_float
 .libc.__pop_int
                  0x000e02         0xb0 /Applications/microchip/xc16/v2.10/bin/bin/../../lib/libc99-elf.a(__pop_int.EP_o)
                  0x000e02                  ___pop_int_needed
                  0x000e02                  ___pop_int
 .libc.__pop_ptr
                  0x000eb2         0x70 /Applications/microchip/xc16/v2.10/bin/bin/../../lib/libc99-elf.a(__pop_ptr.EP_o)
                  0x000eb2                  ___pop_ptr
                  0x000eb2                  ___pop_ptr_needed
 .libc.__pad      0x000f22         0x74 /Applications/microchip/xc16/v2.10/bin/bin/../../lib/libc99-elf.a(__printf_core.EP_o)
                  0x000f22                  ___pad
 .libc.__fmt_state
                  0x000f96         0x32 /Applications/microchip/xc16/v2.10/bin/bin/../../lib/libc99-elf.a(__printf_core.EP_o)
                  0x000f96                  ___fmt_state
 .libc.vfpfcnvrt.clone.0
                  0x000fc8        0x2d8 /Applications/microchip/xc16/v2.10/bin/bin/../../lib/libc99-elf.a(__printf_core.EP_o)
 .libc.__printf_core
                  0x0012a0         0x40 /Applications/microchip/xc16/v2.10/bin/bin/../../lib/libc99-elf.a(__printf_core.EP_o)
                  0x0012a0                  ___printf_core
 .libc.__stdio_close_rw
                  0x0012e0         0x58 /Applications/microchip/xc16/v2.10/bin/bin/../../lib/libc99-elf.a(__stdio_close.EP_o)
                  0x0012e0                  ___stdio_close_rw
 .libc.__abort    0x001338          0x4 /Applications/microchip/xc16/v2.10/bin/bin/../../lib/libc99-elf.a(abort.EP_o)
                  0x001338                  _abort
 .libc.__isspace
                  0x00133c         0x14 /Applications/microchip/xc16/v2.10/bin/bin/../../lib/libc99-elf.a(atoi.EP_o)
 .libc.atoi       0x001350         0x4c /Applications/microchip/xc16/v2.10/bin/bin/../../lib/libc99-elf.a(atoi.EP_o)
                  0x001350                  _atoi
 .libc.fputs      0x00139c         0x28 /Applications/microchip/xc16/v2.10/bin/bin/../../lib/libc99-elf.a(fputs.EP_o)
                  0x00139c                  _fputs
                  0x00139c                  _fputs_unlocked
 .libc.fwrite     0x0013c4         0x2c /Applications/microchip/xc16/v2.10/bin/bin/../../lib/libc99-elf.a(fwrite.EP_o)
                  0x0013c4                  _fwrite_unlocked
                  0x0013c4                  _fwrite
 .libc.__isspace
                  0x0013f0         0x14 /Applications/microchip/xc16/v2.10/bin/bin/../../lib/libc99-elf.a(intscan.EP_o)
 .libc.__intscan
                  0x001404        0x436 /Applications/microchip/xc16/v2.10/bin/bin/../../lib/libc99-elf.a(intscan.EP_o)
                  0x001404                  ___intscan
 .libc.__lseek    0x00183a          0xc /Applications/microchip/xc16/v2.10/bin/bin/../../lib/libc99-elf.a(lseek.EP_o)
                  0x00183a                  ___lseek
                  0x00183a                  _lseek
 .libc.__putc_unbuffered
                  0x001846         0x2e /Applications/microchip/xc16/v2.10/bin/bin/../../lib/libc99-elf.a(putc.EP_o)
                  0x001846                  ___putc_unbuffered
                  0x001846                  ___putc
 .libc.putc       0x001874          0x2 /Applications/microchip/xc16/v2.10/bin/bin/../../lib/libc99-elf.a(putc.EP_o)
                  0x001874                  __IO_putc
                  0x001874                  _putc
                  0x001874                  _fputc
                  0x001874                  _putc_unlocked
 .libc.__shlim    0x001876         0x4a /Applications/microchip/xc16/v2.10/bin/bin/../../lib/libc99-elf.a(shgetc.EP_o)
                  0x001876                  ___shlim
 .libc.__shgetc
                  0x0018c0        0x130 /Applications/microchip/xc16/v2.10/bin/bin/../../lib/libc99-elf.a(shgetc.EP_o)
                  0x0018c0                  ___shgetc
 .libc.__stpcpy
                  0x0019f0         0x40 /Applications/microchip/xc16/v2.10/bin/bin/../../lib/libc99-elf.a(stpcpy.EP_o)
                  0x0019f0                  _stpcpy
                  0x0019f0                  ___stpcpy
 .libc.__syscall_ret
                  0x001a30         0x14 /Applications/microchip/xc16/v2.10/bin/bin/../../lib/libc99-elf.a(syscall_ret.EP_o)
                  0x001a30                  ___syscall_ret
 .libc.tolower    0x001a44          0xc /Applications/microchip/xc16/v2.10/bin/bin/../../lib/libc99-elf.a(tolower.EP_o)
                  0x001a44                  _tolower
 .libc.toupper    0x001a50          0xc /Applications/microchip/xc16/v2.10/bin/bin/../../lib/libc99-elf.a(toupper.EP_o)
                  0x001a50                  _toupper
 .libc._Exit      0x001a5c          0x2 /Applications/microchip/xc16/v2.10/bin/bin/../../lib/libc99-elf.a(_Exit.EP_o)
                  0x001a5c                  __Exit
 .libc.__LONG_DOUBLE_BITS
                  0x001a5e          0x2 /Applications/microchip/xc16/v2.10/bin/bin/../../lib/libc99-elf.a(__fmt_a.EP_o)
 .libc.__fmt_a    0x001a60        0x530 /Applications/microchip/xc16/v2.10/bin/bin/../../lib/libc99-elf.a(__fmt_a.EP_o)
                  0x001a60                  ___fmt_a
                  0x001a60                  ___fmt_a_needed
 .libc.__LONG_DOUBLE_BITS
                  0x001f90          0x2 /Applications/microchip/xc16/v2.10/bin/bin/../../lib/libc99-elf.a(__fmt_fp.EP_o)
 .libc.__fmt_fp
                  0x001f92        0x5a6 /Applications/microchip/xc16/v2.10/bin/bin/../../lib/libc99-elf.a(__fmt_fp.EP_o)
                  0x001f92                  ___fmt_fp
                  0x001f92                  ___fmt_f_needed
 .libc.__vsnprintf
                  0x002538         0x4a /Applications/microchip/xc16/v2.10/bin/bin/../../lib/libc99-elf.a(__int_vsnprintf.EP_o)
                  0x002538                  ___vsnprintf
 .libc.__uflow    0x002582         0x2a /Applications/microchip/xc16/v2.10/bin/bin/../../lib/libc99-elf.a(__uflow.EP_o)
                  0x002582                  ___uflow
 .libc.__toread
                  0x0025ac         0x48 /Applications/microchip/xc16/v2.10/bin/bin/../../lib/libc99-elf.a(__toread.EP_o)
                  0x0025ac                  ___toread
 .libc.doclose    0x0025f4          0x4 /Applications/microchip/xc16/v2.10/bin/bin/../../lib/libc99-pic30-elf.a(closeep.Meo)
 .libc.dowrite    0x0025f8          0x4 /Applications/microchip/xc16/v2.10/bin/bin/../../lib/libc99-pic30-elf.a(writeep.Meo)
 .libm.eqdf2      0x0025fc          0xa /Applications/microchip/xc16/v2.10/bin/bin/../../lib/libc99-pic30-elf.a(deqltle.EP_o)
                  0x0025fc                  ___ledf2
                  0x0025fc                  ___eqdf2
                  0x0025fc                  ___ltdf2
 .libm.gtdf2      0x002606          0xa /Applications/microchip/xc16/v2.10/bin/bin/../../lib/libc99-pic30-elf.a(dgtge.EP_o)
                  0x002606                  ___gedf2
                  0x002606                  ___gtdf2
 .libm.extendsfdf2
                  0x002610         0x3e /Applications/microchip/xc16/v2.10/bin/bin/../../lib/libc99-pic30-elf.a(extendsfdf.EP_o)
                  0x002610                  ___extendsfdf2
 .libm.fixdfsi    0x00264e         0x58 /Applications/microchip/xc16/v2.10/bin/bin/../../lib/libc99-pic30-elf.a(fixdfsi.EP_o)
                  0x00264e                  _(float, int, long long, double, float, short, int)
 .libm.mulsi3     0x0026a6          0xc /Applications/microchip/xc16/v2.10/bin/bin/../../lib/libc99-pic30-elf.a(mulsi3.EP_o)
                  0x0026a6                  ___mulp32eds3
                  0x0026a6                  ___mulp32peds3
                  0x0026a6                  ___mulsi3
 .lib_dpfops      0x0026b2         0xa2 /Applications/microchip/xc16/v2.10/bin/bin/../../lib/libc99-pic30-elf.a(dpadd.EP_o)
                  0x0026b2                  ___subdf3
                  0x0026be                  ___adddf3
 .lib_dpfops      0x002754        0x15e /Applications/microchip/xc16/v2.10/bin/bin/../../lib/libc99-pic30-elf.a(dpdiv.EP_o)
                  0x002754                  ___divdf3
 .lib_dpfops      0x0028b2        0x11a /Applications/microchip/xc16/v2.10/bin/bin/../../lib/libc99-pic30-elf.a(dpmul.EP_o)
                  0x0028b2                  ___muldf3
 .lib_dpfops      0x0029cc        0x128 /Applications/microchip/xc16/v2.10/bin/bin/../../lib/libc99-pic30-elf.a(dpsubs.EP_o)
                  0x0029e6                  __dxchg
                  0x0029f4                  __drshft
                  0x002a4e                  __dupchk
                  0x002ab0                  __drndex
                  0x002aba                  __dnsrnd
                  0x002ae6                  __dpakex
 .libm.__PplusBdi
                  0x002af4         0x26 /Applications/microchip/xc16/v2.10/bin/bin/../../lib/libc99-pic30-elf.a(divmoddi3.EP_o)
 .libm.__PminusBdi
                  0x002b1a         0x2a /Applications/microchip/xc16/v2.10/bin/bin/../../lib/libc99-pic30-elf.a(divmoddi3.EP_o)
 .libm.__udivmoddi3
                  0x002b44         0xe6 /Applications/microchip/xc16/v2.10/bin/bin/../../lib/libc99-pic30-elf.a(divmoddi3.EP_o)
                  0x002b44                  ___udivmoddi3
 .libm.__udivdi3
                  0x002c2a          0xe /Applications/microchip/xc16/v2.10/bin/bin/../../lib/libc99-pic30-elf.a(divmoddi3.EP_o)
                  0x002c2a                  ___udivdi3
 .libm.__umoddi3
                  0x002c38          0x8 /Applications/microchip/xc16/v2.10/bin/bin/../../lib/libc99-pic30-elf.a(divmoddi3.EP_o)
                  0x002c38                  ___umoddi3
 .libm.__muldi3
                  0x002c40         0x52 /Applications/microchip/xc16/v2.10/bin/bin/../../lib/libc99-pic30-elf.a(muldi3.EP_o)
                  0x002c40                  ___muldi3
 .libm.dcompare
                  0x002c92         0x52 /Applications/microchip/xc16/v2.10/bin/bin/../../lib/libc99-pic30-elf.a(dcompare.EP_o)
                  0x002c92                  __dcompare
 .libm.dtype      0x002ce4         0x24 /Applications/microchip/xc16/v2.10/bin/bin/../../lib/libc99-pic30-elf.a(dtype.EP_o)
                  0x002ce4                  __dtype
 .libm.dunpack    0x002d08         0x4e /Applications/microchip/xc16/v2.10/bin/bin/../../lib/libc99-pic30-elf.a(dunpack.EP_o)
                  0x002d08                  __dunpack
 .libm.dunpack2
                  0x002d56         0x32 /Applications/microchip/xc16/v2.10/bin/bin/../../lib/libc99-pic30-elf.a(dunpack2.EP_o)
                  0x002d56                  __dunpack2
                  0x002d78                  __dreturnNaN
                  0x002d7e                  __dunpack2exit
 .libm.umuldi3    0x002d88         0x44 /Applications/microchip/xc16/v2.10/bin/bin/../../lib/libc99-pic30-elf.a(umuldi3.EP_o)
                  0x002d88                  ___umuldi3
 .libm.dPropagateNaN
                  0x002dcc         0x1e /Applications/microchip/xc16/v2.10/bin/bin/../../lib/libc99-pic30-elf.a(dpropagateNaN.EP_o)
                  0x002dcc                  __dPropagateNaN
 .libc.floorl     0x002dea         0xf8 /Applications/microchip/xc16/v2.10/bin/bin/../../lib/libm-elf.a(floorl.EP_o)
                  0x002dea                  _floorl

usercode
 *(usercode)

__FICD
 *(__FICD.sec*)

__FPOR
 *(__FPOR.sec*)

__FWDT
 *(__FWDT.sec*)

__FOSC
 *(__FOSC.sec*)

__FOSCSEL
 *(__FOSCSEL.sec*)

__FGS             0x0557fa          0x2
 *(__FGS.sec*)
 __FGS.sec        0x0557fa          0x2 /CW/_FGSXêΩ˚¥
                  0x0557fa                  __FGS.sec

__FUID0
 *(__FUID0.sec*)

__FUID1
 *(__FUID1.sec*)

__FUID2
 *(__FUID2.sec*)

__FUID3
 *(__FUID3.sec*)

.comment
 *(.comment)

.debug_info       0x000000      0x3b544
 *(.debug_info)
 .debug_info      0x000000        0x7ac build/default/production/openlcb_user_config.o
 .debug_info      0x0007ac        0x43b build/default/production/traps.o
 .debug_info      0x000be7       0x24d7 build/default/production/main.o
 .debug_info      0x0030be        0xec6 build/default/production/src/openlcb_c_lib/drivers/canbus/can_tx_message_handler.o
 .debug_info      0x003f84        0x469 build/default/production/src/openlcb_c_lib/drivers/canbus/can_buffer_fifo.o
 .debug_info      0x0043ed        0x642 build/default/production/src/openlcb_c_lib/drivers/canbus/alias_mapping_listener.o
 .debug_info      0x004a2f       0x1e6f build/default/production/src/openlcb_c_lib/drivers/canbus/can_main_statemachine.o
 .debug_info      0x00689e       0x23ec build/default/production/src/openlcb_c_lib/drivers/canbus/can_config.o
 .debug_info      0x008c8a       0x1b2e build/default/production/src/openlcb_c_lib/drivers/canbus/can_login_message_handler.o
 .debug_info      0x00a7b8       0x1233 build/default/production/src/openlcb_c_lib/drivers/canbus/can_rx_message_handler.o
 .debug_info      0x00b9eb        0xbf2 build/default/production/src/openlcb_c_lib/drivers/canbus/can_utilities.o
 .debug_info      0x00c5dd        0x5b4 build/default/production/src/openlcb_c_lib/drivers/canbus/alias_mappings.o
 .debug_info      0x00cb91        0x8e0 build/default/production/src/openlcb_c_lib/drivers/canbus/can_rx_statemachine.o
 .debug_info      0x00d471       0x178a build/default/production/src/openlcb_c_lib/drivers/canbus/can_login_statemachine.o
 .debug_info      0x00ebfb        0x921 build/default/production/src/openlcb_c_lib/drivers/canbus/can_tx_statemachine.o
 .debug_info      0x00f51c        0x4f1 build/default/production/src/openlcb_c_lib/drivers/canbus/can_buffer_store.o
 .debug_info      0x00fa0d        0x6bc build/default/production/src/openlcb_c_lib/openlcb/openlcb_buffer_fifo.o
 .debug_info      0x0100c9       0x2ac0 build/default/production/src/openlcb_c_lib/openlcb/protocol_config_mem_write_handler.o
 .debug_info      0x012b89        0x17f build/default/production/src/openlcb_c_lib/openlcb/openlcb_application_train.o
 .debug_info      0x012d08        0x17c build/default/production/src/openlcb_c_lib/openlcb/protocol_train_handler.o
 .debug_info      0x012e84       0x2456 build/default/production/src/openlcb_c_lib/openlcb/protocol_config_mem_operations_handler.o
 .debug_info      0x0152da        0x183 build/default/production/src/openlcb_c_lib/openlcb/protocol_train_search_handler.o
 .debug_info      0x01545d       0x18c6 build/default/production/src/openlcb_c_lib/openlcb/openlcb_node.o
 .debug_info      0x016d23        0x185 build/default/production/src/openlcb_c_lib/openlcb/protocol_broadcast_time_handler.o
 .debug_info      0x016ea8        0xbb0 build/default/production/src/openlcb_c_lib/openlcb/openlcb_buffer_store.o
 .debug_info      0x017a58       0x1ceb build/default/production/src/openlcb_c_lib/openlcb/openlcb_login_statemachine.o
 .debug_info      0x019743       0x2978 build/default/production/src/openlcb_c_lib/openlcb/openlcb_utilities.o
 .debug_info      0x01c0bb        0x5b0 build/default/production/src/openlcb_c_lib/openlcb/openlcb_float16.o
 .debug_info      0x01c66b       0x22e8 build/default/production/src/openlcb_c_lib/openlcb/protocol_event_transport.o
 .debug_info      0x01e953       0x24b5 build/default/production/src/openlcb_c_lib/openlcb/protocol_config_mem_read_handler.o
 .debug_info      0x020e08        0x717 build/default/production/src/openlcb_c_lib/openlcb/openlcb_buffer_list.o
 .debug_info      0x02151f       0x1cbc build/default/production/src/openlcb_c_lib/openlcb/protocol_snip.o
 .debug_info      0x0231db       0x366d build/default/production/src/openlcb_c_lib/openlcb/protocol_datagram_handler.o
 .debug_info      0x026848        0x5d2 build/default/production/src/openlcb_c_lib/openlcb/openlcb_gridconnect.o
 .debug_info      0x026e1a       0x2969 build/default/production/src/openlcb_c_lib/openlcb/openlcb_main_statemachine.o
 .debug_info      0x029783       0x5109 build/default/production/src/openlcb_c_lib/openlcb/openlcb_config.o
 .debug_info      0x02e88c       0x1aaf build/default/production/src/openlcb_c_lib/openlcb/protocol_message_network.o
 .debug_info      0x03033b        0x188 build/default/production/src/openlcb_c_lib/openlcb/openlcb_application_broadcast_time.o
 .debug_info      0x0304c3       0x1b19 build/default/production/src/openlcb_c_lib/openlcb/openlcb_application.o
 .debug_info      0x031fdc       0x1758 build/default/production/src/openlcb_c_lib/openlcb/openlcb_login_statemachine_handler.o
 .debug_info      0x033734        0x272 build/default/production/src/openlcb_c_lib/utilities/mustangpeak_endian_helper.o
 .debug_info      0x0339a6        0x236 build/default/production/src/openlcb_c_lib/utilities/mustangpeak_string_helper.o
 .debug_info      0x033bdc       0x22ba build/default/production/src/application_drivers/dspic33_can_drivers.o
 .debug_info      0x035e96       0x2525 build/default/production/src/application_drivers/dspic33_drivers.o
 .debug_info      0x0383bb       0x194e build/default/production/src/application_callbacks/callbacks_config_mem.o
 .debug_info      0x039d09        0x703 build/default/production/src/application_callbacks/callbacks_olcb.o
 .debug_info      0x03a40c        0x648 build/default/production/src/application_callbacks/callbacks_can.o
 .debug_info      0x03aa54         0x8d /Applications/microchip/xc16/v2.10/bin/bin/../../lib/libc99-pic30-elf.a(feqltle.EP_o)
 .debug_info      0x03aae1         0x8e /Applications/microchip/xc16/v2.10/bin/bin/../../lib/libc99-pic30-elf.a(fcompare.EP_o)
 .debug_info      0x03ab6f         0x8e /Applications/microchip/xc16/v2.10/bin/bin/../../lib/libc99-pic30-elf.a(funpack2.EP_o)
 .debug_info      0x03abfd         0x8d /Applications/microchip/xc16/v2.10/bin/bin/../../lib/libc99-pic30-elf.a(funpack.EP_o)
 .debug_info      0x03ac8a         0x8d /Applications/microchip/xc16/v2.10/bin/bin/../../lib/libc99-pic30-elf.a(deqltle.EP_o)
 .debug_info      0x03ad17         0x8b /Applications/microchip/xc16/v2.10/bin/bin/../../lib/libc99-pic30-elf.a(dgtge.EP_o)
 .debug_info      0x03ada2         0x90 /Applications/microchip/xc16/v2.10/bin/bin/../../lib/libc99-pic30-elf.a(extendsfdf.EP_o)
 .debug_info      0x03ae32         0x8d /Applications/microchip/xc16/v2.10/bin/bin/../../lib/libc99-pic30-elf.a(fixdfsi.EP_o)
 .debug_info      0x03aebf         0x8c /Applications/microchip/xc16/v2.10/bin/bin/../../lib/libc99-pic30-elf.a(mulsi3.EP_o)
 .debug_info      0x03af4b         0xa9 /Applications/microchip/xc16/v2.10/bin/bin/../../lib/libc99-pic30-elf.a(dpadd.EP_o)
 .debug_info      0x03aff4         0xa9 /Applications/microchip/xc16/v2.10/bin/bin/../../lib/libc99-pic30-elf.a(dpdiv.EP_o)
 .debug_info      0x03b09d         0xa9 /Applications/microchip/xc16/v2.10/bin/bin/../../lib/libc99-pic30-elf.a(dpmul.EP_o)
 .debug_info      0x03b146         0xaa /Applications/microchip/xc16/v2.10/bin/bin/../../lib/libc99-pic30-elf.a(dpsubs.EP_o)
 .debug_info      0x03b1f0         0x8e /Applications/microchip/xc16/v2.10/bin/bin/../../lib/libc99-pic30-elf.a(dcompare.EP_o)
 .debug_info      0x03b27e         0x8b /Applications/microchip/xc16/v2.10/bin/bin/../../lib/libc99-pic30-elf.a(dtype.EP_o)
 .debug_info      0x03b309         0x8d /Applications/microchip/xc16/v2.10/bin/bin/../../lib/libc99-pic30-elf.a(dunpack.EP_o)
 .debug_info      0x03b396         0x8e /Applications/microchip/xc16/v2.10/bin/bin/../../lib/libc99-pic30-elf.a(dunpack2.EP_o)
 .debug_info      0x03b424         0x8d /Applications/microchip/xc16/v2.10/bin/bin/../../lib/libc99-pic30-elf.a(umuldi3.EP_o)
 .debug_info      0x03b4b1         0x93 /Applications/microchip/xc16/v2.10/bin/bin/../../lib/libc99-pic30-elf.a(dpropagateNaN.EP_o)
 *(.gnu.linkonce.wi.*)

.debug_abbrev     0x000000       0x4881
 *(.debug_abbrev)
 .debug_abbrev    0x000000         0xbb build/default/production/openlcb_user_config.o
 .debug_abbrev    0x0000bb         0x8a build/default/production/traps.o
 .debug_abbrev    0x000145        0x201 build/default/production/main.o
 .debug_abbrev    0x000346        0x22f build/default/production/src/openlcb_c_lib/drivers/canbus/can_tx_message_handler.o
 .debug_abbrev    0x000575         0xf5 build/default/production/src/openlcb_c_lib/drivers/canbus/can_buffer_fifo.o
 .debug_abbrev    0x00066a        0x155 build/default/production/src/openlcb_c_lib/drivers/canbus/alias_mapping_listener.o
 .debug_abbrev    0x0007bf        0x2c8 build/default/production/src/openlcb_c_lib/drivers/canbus/can_main_statemachine.o
 .debug_abbrev    0x000a87        0x1de build/default/production/src/openlcb_c_lib/drivers/canbus/can_config.o
 .debug_abbrev    0x000c65        0x1f0 build/default/production/src/openlcb_c_lib/drivers/canbus/can_login_message_handler.o
 .debug_abbrev    0x000e55        0x26a build/default/production/src/openlcb_c_lib/drivers/canbus/can_rx_message_handler.o
 .debug_abbrev    0x0010bf        0x1f5 build/default/production/src/openlcb_c_lib/drivers/canbus/can_utilities.o
 .debug_abbrev    0x0012b4        0x17a build/default/production/src/openlcb_c_lib/drivers/canbus/alias_mappings.o
 .debug_abbrev    0x00142e        0x177 build/default/production/src/openlcb_c_lib/drivers/canbus/can_rx_statemachine.o
 .debug_abbrev    0x0015a5        0x1b0 build/default/production/src/openlcb_c_lib/drivers/canbus/can_login_statemachine.o
 .debug_abbrev    0x001755        0x1eb build/default/production/src/openlcb_c_lib/drivers/canbus/can_tx_statemachine.o
 .debug_abbrev    0x001940         0xfd build/default/production/src/openlcb_c_lib/drivers/canbus/can_buffer_store.o
 .debug_abbrev    0x001a3d        0x13f build/default/production/src/openlcb_c_lib/openlcb/openlcb_buffer_fifo.o
 .debug_abbrev    0x001b7c        0x25d build/default/production/src/openlcb_c_lib/openlcb/protocol_config_mem_write_handler.o
 .debug_abbrev    0x001dd9         0x1f build/default/production/src/openlcb_c_lib/openlcb/openlcb_application_train.o
 .debug_abbrev    0x001df8         0x1f build/default/production/src/openlcb_c_lib/openlcb/protocol_train_handler.o
 .debug_abbrev    0x001e17        0x218 build/default/production/src/openlcb_c_lib/openlcb/protocol_config_mem_operations_handler.o
 .debug_abbrev    0x00202f         0x1f build/default/production/src/openlcb_c_lib/openlcb/protocol_train_search_handler.o
 .debug_abbrev    0x00204e        0x255 build/default/production/src/openlcb_c_lib/openlcb/openlcb_node.o
 .debug_abbrev    0x0022a3         0x1f build/default/production/src/openlcb_c_lib/openlcb/protocol_broadcast_time_handler.o
 .debug_abbrev    0x0022c2        0x19c build/default/production/src/openlcb_c_lib/openlcb/openlcb_buffer_store.o
 .debug_abbrev    0x00245e        0x1df build/default/production/src/openlcb_c_lib/openlcb/openlcb_login_statemachine.o
 .debug_abbrev    0x00263d        0x21c build/default/production/src/openlcb_c_lib/openlcb/openlcb_utilities.o
 .debug_abbrev    0x002859         0xfa build/default/production/src/openlcb_c_lib/openlcb/openlcb_float16.o
 .debug_abbrev    0x002953        0x225 build/default/production/src/openlcb_c_lib/openlcb/protocol_event_transport.o
 .debug_abbrev    0x002b78        0x217 build/default/production/src/openlcb_c_lib/openlcb/protocol_config_mem_read_handler.o
 .debug_abbrev    0x002d8f        0x12a build/default/production/src/openlcb_c_lib/openlcb/openlcb_buffer_list.o
 .debug_abbrev    0x002eb9        0x24f build/default/production/src/openlcb_c_lib/openlcb/protocol_snip.o
 .debug_abbrev    0x003108        0x202 build/default/production/src/openlcb_c_lib/openlcb/protocol_datagram_handler.o
 .debug_abbrev    0x00330a        0x115 build/default/production/src/openlcb_c_lib/openlcb/openlcb_gridconnect.o
 .debug_abbrev    0x00341f        0x293 build/default/production/src/openlcb_c_lib/openlcb/openlcb_main_statemachine.o
 .debug_abbrev    0x0036b2        0x251 build/default/production/src/openlcb_c_lib/openlcb/openlcb_config.o
 .debug_abbrev    0x003903        0x1e6 build/default/production/src/openlcb_c_lib/openlcb/protocol_message_network.o
 .debug_abbrev    0x003ae9         0x1f build/default/production/src/openlcb_c_lib/openlcb/openlcb_application_broadcast_time.o
 .debug_abbrev    0x003b08        0x20d build/default/production/src/openlcb_c_lib/openlcb/openlcb_application.o
 .debug_abbrev    0x003d15        0x1c6 build/default/production/src/openlcb_c_lib/openlcb/openlcb_login_statemachine_handler.o
 .debug_abbrev    0x003edb         0x6b build/default/production/src/openlcb_c_lib/utilities/mustangpeak_endian_helper.o
 .debug_abbrev    0x003f46         0x8e build/default/production/src/openlcb_c_lib/utilities/mustangpeak_string_helper.o
 .debug_abbrev    0x003fd4        0x238 build/default/production/src/application_drivers/dspic33_can_drivers.o
 .debug_abbrev    0x00420c        0x1e3 build/default/production/src/application_drivers/dspic33_drivers.o
 .debug_abbrev    0x0043ef        0x16e build/default/production/src/application_callbacks/callbacks_config_mem.o
 .debug_abbrev    0x00455d         0xb0 build/default/production/src/application_callbacks/callbacks_olcb.o
 .debug_abbrev    0x00460d         0xf8 build/default/production/src/application_callbacks/callbacks_can.o
 .debug_abbrev    0x004705         0x14 /Applications/microchip/xc16/v2.10/bin/bin/../../lib/libc99-pic30-elf.a(feqltle.EP_o)
 .debug_abbrev    0x004719         0x14 /Applications/microchip/xc16/v2.10/bin/bin/../../lib/libc99-pic30-elf.a(fcompare.EP_o)
 .debug_abbrev    0x00472d         0x14 /Applications/microchip/xc16/v2.10/bin/bin/../../lib/libc99-pic30-elf.a(funpack2.EP_o)
 .debug_abbrev    0x004741         0x14 /Applications/microchip/xc16/v2.10/bin/bin/../../lib/libc99-pic30-elf.a(funpack.EP_o)
 .debug_abbrev    0x004755         0x14 /Applications/microchip/xc16/v2.10/bin/bin/../../lib/libc99-pic30-elf.a(deqltle.EP_o)
 .debug_abbrev    0x004769         0x14 /Applications/microchip/xc16/v2.10/bin/bin/../../lib/libc99-pic30-elf.a(dgtge.EP_o)
 .debug_abbrev    0x00477d         0x14 /Applications/microchip/xc16/v2.10/bin/bin/../../lib/libc99-pic30-elf.a(extendsfdf.EP_o)
 .debug_abbrev    0x004791         0x14 /Applications/microchip/xc16/v2.10/bin/bin/../../lib/libc99-pic30-elf.a(fixdfsi.EP_o)
 .debug_abbrev    0x0047a5         0x14 /Applications/microchip/xc16/v2.10/bin/bin/../../lib/libc99-pic30-elf.a(mulsi3.EP_o)
 .debug_abbrev    0x0047b9         0x14 /Applications/microchip/xc16/v2.10/bin/bin/../../lib/libc99-pic30-elf.a(dpadd.EP_o)
 .debug_abbrev    0x0047cd         0x14 /Applications/microchip/xc16/v2.10/bin/bin/../../lib/libc99-pic30-elf.a(dpdiv.EP_o)
 .debug_abbrev    0x0047e1         0x14 /Applications/microchip/xc16/v2.10/bin/bin/../../lib/libc99-pic30-elf.a(dpmul.EP_o)
 .debug_abbrev    0x0047f5         0x14 /Applications/microchip/xc16/v2.10/bin/bin/../../lib/libc99-pic30-elf.a(dpsubs.EP_o)
 .debug_abbrev    0x004809         0x14 /Applications/microchip/xc16/v2.10/bin/bin/../../lib/libc99-pic30-elf.a(dcompare.EP_o)
 .debug_abbrev    0x00481d         0x14 /Applications/microchip/xc16/v2.10/bin/bin/../../lib/libc99-pic30-elf.a(dtype.EP_o)
 .debug_abbrev    0x004831         0x14 /Applications/microchip/xc16/v2.10/bin/bin/../../lib/libc99-pic30-elf.a(dunpack.EP_o)
 .debug_abbrev    0x004845         0x14 /Applications/microchip/xc16/v2.10/bin/bin/../../lib/libc99-pic30-elf.a(dunpack2.EP_o)
 .debug_abbrev    0x004859         0x14 /Applications/microchip/xc16/v2.10/bin/bin/../../lib/libc99-pic30-elf.a(umuldi3.EP_o)
 .debug_abbrev    0x00486d         0x14 /Applications/microchip/xc16/v2.10/bin/bin/../../lib/libc99-pic30-elf.a(dpropagateNaN.EP_o)

.debug_line       0x000000       0x5066
 *(.debug_line)
 .debug_line      0x000000         0xac build/default/production/openlcb_user_config.o
 .debug_line      0x0000ac        0x13f build/default/production/traps.o
 .debug_line      0x0001eb        0x226 build/default/production/main.o
 .debug_line      0x000411        0x1a2 build/default/production/src/openlcb_c_lib/drivers/canbus/can_tx_message_handler.o
 .debug_line      0x0005b3         0xe3 build/default/production/src/openlcb_c_lib/drivers/canbus/can_buffer_fifo.o
 .debug_line      0x000696        0x1a7 build/default/production/src/openlcb_c_lib/drivers/canbus/alias_mapping_listener.o
 .debug_line      0x00083d        0x1e2 build/default/production/src/openlcb_c_lib/drivers/canbus/can_main_statemachine.o
 .debug_line      0x000a1f        0x22f build/default/production/src/openlcb_c_lib/drivers/canbus/can_config.o
 .debug_line      0x000c4e        0x1ab build/default/production/src/openlcb_c_lib/drivers/canbus/can_login_message_handler.o
 .debug_line      0x000df9        0x229 build/default/production/src/openlcb_c_lib/drivers/canbus/can_rx_message_handler.o
 .debug_line      0x001022        0x1be build/default/production/src/openlcb_c_lib/drivers/canbus/can_utilities.o
 .debug_line      0x0011e0        0x15b build/default/production/src/openlcb_c_lib/drivers/canbus/alias_mappings.o
 .debug_line      0x00133b        0x22e build/default/production/src/openlcb_c_lib/drivers/canbus/can_rx_statemachine.o
 .debug_line      0x001569        0x13d build/default/production/src/openlcb_c_lib/drivers/canbus/can_login_statemachine.o
 .debug_line      0x0016a6        0x145 build/default/production/src/openlcb_c_lib/drivers/canbus/can_tx_statemachine.o
 .debug_line      0x0017eb         0xee build/default/production/src/openlcb_c_lib/drivers/canbus/can_buffer_store.o
 .debug_line      0x0018d9         0xf6 build/default/production/src/openlcb_c_lib/openlcb/openlcb_buffer_fifo.o
 .debug_line      0x0019cf        0x273 build/default/production/src/openlcb_c_lib/openlcb/protocol_config_mem_write_handler.o
 .debug_line      0x001c42         0x1a build/default/production/src/openlcb_c_lib/openlcb/openlcb_application_train.o
 .debug_line      0x001c5c         0x1a build/default/production/src/openlcb_c_lib/openlcb/protocol_train_handler.o
 .debug_line      0x001c76        0x20e build/default/production/src/openlcb_c_lib/openlcb/protocol_config_mem_operations_handler.o
 .debug_line      0x001e84         0x1a build/default/production/src/openlcb_c_lib/openlcb/protocol_train_search_handler.o
 .debug_line      0x001e9e        0x192 build/default/production/src/openlcb_c_lib/openlcb/openlcb_node.o
 .debug_line      0x002030         0x1a build/default/production/src/openlcb_c_lib/openlcb/protocol_broadcast_time_handler.o
 .debug_line      0x00204a        0x163 build/default/production/src/openlcb_c_lib/openlcb/openlcb_buffer_store.o
 .debug_line      0x0021ad        0x1a0 build/default/production/src/openlcb_c_lib/openlcb/openlcb_login_statemachine.o
 .debug_line      0x00234d        0x2b2 build/default/production/src/openlcb_c_lib/openlcb/openlcb_utilities.o
 .debug_line      0x0025ff        0x10b build/default/production/src/openlcb_c_lib/openlcb/openlcb_float16.o
 .debug_line      0x00270a        0x280 build/default/production/src/openlcb_c_lib/openlcb/protocol_event_transport.o
 .debug_line      0x00298a        0x243 build/default/production/src/openlcb_c_lib/openlcb/protocol_config_mem_read_handler.o
 .debug_line      0x002bcd        0x10d build/default/production/src/openlcb_c_lib/openlcb/openlcb_buffer_list.o
 .debug_line      0x002cda        0x167 build/default/production/src/openlcb_c_lib/openlcb/protocol_snip.o
 .debug_line      0x002e41        0x31b build/default/production/src/openlcb_c_lib/openlcb/protocol_datagram_handler.o
 .debug_line      0x00315c        0x17d build/default/production/src/openlcb_c_lib/openlcb/openlcb_gridconnect.o
 .debug_line      0x0032d9        0x375 build/default/production/src/openlcb_c_lib/openlcb/openlcb_main_statemachine.o
 .debug_line      0x00364e        0x34c build/default/production/src/openlcb_c_lib/openlcb/openlcb_config.o
 .debug_line      0x00399a        0x178 build/default/production/src/openlcb_c_lib/openlcb/protocol_message_network.o
 .debug_line      0x003b12         0x1a build/default/production/src/openlcb_c_lib/openlcb/openlcb_application_broadcast_time.o
 .debug_line      0x003b2c        0x170 build/default/production/src/openlcb_c_lib/openlcb/openlcb_application.o
 .debug_line      0x003c9c        0x197 build/default/production/src/openlcb_c_lib/openlcb/openlcb_login_statemachine_handler.o
 .debug_line      0x003e33         0xe8 build/default/production/src/openlcb_c_lib/utilities/mustangpeak_endian_helper.o
 .debug_line      0x003f1b         0x7a build/default/production/src/openlcb_c_lib/utilities/mustangpeak_string_helper.o
 .debug_line      0x003f95        0x2e4 build/default/production/src/application_drivers/dspic33_can_drivers.o
 .debug_line      0x004279        0x1b7 build/default/production/src/application_drivers/dspic33_drivers.o
 .debug_line      0x004430         0xfd build/default/production/src/application_callbacks/callbacks_config_mem.o
 .debug_line      0x00452d        0x13a build/default/production/src/application_callbacks/callbacks_olcb.o
 .debug_line      0x004667        0x22b build/default/production/src/application_callbacks/callbacks_can.o
 .debug_line      0x004892         0x37 /Applications/microchip/xc16/v2.10/bin/bin/../../lib/libc99-pic30-elf.a(feqltle.EP_o)
 .debug_line      0x0048c9         0x53 /Applications/microchip/xc16/v2.10/bin/bin/../../lib/libc99-pic30-elf.a(fcompare.EP_o)
 .debug_line      0x00491c         0x3e /Applications/microchip/xc16/v2.10/bin/bin/../../lib/libc99-pic30-elf.a(funpack2.EP_o)
 .debug_line      0x00495a         0x4a /Applications/microchip/xc16/v2.10/bin/bin/../../lib/libc99-pic30-elf.a(funpack.EP_o)
 .debug_line      0x0049a4         0x3a /Applications/microchip/xc16/v2.10/bin/bin/../../lib/libc99-pic30-elf.a(deqltle.EP_o)
 .debug_line      0x0049de         0x38 /Applications/microchip/xc16/v2.10/bin/bin/../../lib/libc99-pic30-elf.a(dgtge.EP_o)
 .debug_line      0x004a16         0x59 /Applications/microchip/xc16/v2.10/bin/bin/../../lib/libc99-pic30-elf.a(extendsfdf.EP_o)
 .debug_line      0x004a6f         0x61 /Applications/microchip/xc16/v2.10/bin/bin/../../lib/libc99-pic30-elf.a(fixdfsi.EP_o)
 .debug_line      0x004ad0         0x3a /Applications/microchip/xc16/v2.10/bin/bin/../../lib/libc99-pic30-elf.a(mulsi3.EP_o)
 .debug_line      0x004b0a         0xa2 /Applications/microchip/xc16/v2.10/bin/bin/../../lib/libc99-pic30-elf.a(dpadd.EP_o)
 .debug_line      0x004bac        0x100 /Applications/microchip/xc16/v2.10/bin/bin/../../lib/libc99-pic30-elf.a(dpdiv.EP_o)
 .debug_line      0x004cac         0xde /Applications/microchip/xc16/v2.10/bin/bin/../../lib/libc99-pic30-elf.a(dpmul.EP_o)
 .debug_line      0x004d8a         0xe8 /Applications/microchip/xc16/v2.10/bin/bin/../../lib/libc99-pic30-elf.a(dpsubs.EP_o)
 .debug_line      0x004e72         0x5f /Applications/microchip/xc16/v2.10/bin/bin/../../lib/libc99-pic30-elf.a(dcompare.EP_o)
 .debug_line      0x004ed1         0x45 /Applications/microchip/xc16/v2.10/bin/bin/../../lib/libc99-pic30-elf.a(dtype.EP_o)
 .debug_line      0x004f16         0x5c /Applications/microchip/xc16/v2.10/bin/bin/../../lib/libc99-pic30-elf.a(dunpack.EP_o)
 .debug_line      0x004f72         0x53 /Applications/microchip/xc16/v2.10/bin/bin/../../lib/libc99-pic30-elf.a(dunpack2.EP_o)
 .debug_line      0x004fc5         0x57 /Applications/microchip/xc16/v2.10/bin/bin/../../lib/libc99-pic30-elf.a(umuldi3.EP_o)
 .debug_line      0x00501c         0x4a /Applications/microchip/xc16/v2.10/bin/bin/../../lib/libc99-pic30-elf.a(dpropagateNaN.EP_o)

.debug_frame      0x000000       0x3aae
 *(.debug_frame)
 .debug_frame     0x000000        0x1cc build/default/production/traps.o
 .debug_frame     0x0001cc         0x48 build/default/production/main.o
 .debug_frame     0x000214        0x250 build/default/production/src/openlcb_c_lib/drivers/canbus/can_tx_message_handler.o
 .debug_frame     0x000464         0x96 build/default/production/src/openlcb_c_lib/drivers/canbus/can_buffer_fifo.o
 .debug_frame     0x0004fa         0xe4 build/default/production/src/openlcb_c_lib/drivers/canbus/alias_mapping_listener.o
 .debug_frame     0x0005de        0x154 build/default/production/src/openlcb_c_lib/drivers/canbus/can_main_statemachine.o
 .debug_frame     0x000732         0xe4 build/default/production/src/openlcb_c_lib/drivers/canbus/can_config.o
 .debug_frame     0x000816        0x18a build/default/production/src/openlcb_c_lib/drivers/canbus/can_login_message_handler.o
 .debug_frame     0x0009a0        0x200 build/default/production/src/openlcb_c_lib/drivers/canbus/can_rx_message_handler.o
 .debug_frame     0x000ba0        0x19a build/default/production/src/openlcb_c_lib/drivers/canbus/can_utilities.o
 .debug_frame     0x000d3a        0x118 build/default/production/src/openlcb_c_lib/drivers/canbus/alias_mappings.o
 .debug_frame     0x000e52        0x106 build/default/production/src/openlcb_c_lib/drivers/canbus/can_rx_statemachine.o
 .debug_frame     0x000f58         0x48 build/default/production/src/openlcb_c_lib/drivers/canbus/can_login_statemachine.o
 .debug_frame     0x000fa0         0x7c build/default/production/src/openlcb_c_lib/drivers/canbus/can_tx_statemachine.o
 .debug_frame     0x00101c         0xb0 build/default/production/src/openlcb_c_lib/drivers/canbus/can_buffer_store.o
 .debug_frame     0x0010cc         0xb0 build/default/production/src/openlcb_c_lib/openlcb/openlcb_buffer_fifo.o
 .debug_frame     0x00117c        0x398 build/default/production/src/openlcb_c_lib/openlcb/protocol_config_mem_write_handler.o
 .debug_frame     0x001514        0x2d0 build/default/production/src/openlcb_c_lib/openlcb/protocol_config_mem_operations_handler.o
 .debug_frame     0x0017e4        0x14c build/default/production/src/openlcb_c_lib/openlcb/openlcb_node.o
 .debug_frame     0x001930        0x180 build/default/production/src/openlcb_c_lib/openlcb/openlcb_buffer_store.o
 .debug_frame     0x001ab0        0x166 build/default/production/src/openlcb_c_lib/openlcb/openlcb_login_statemachine.o
 .debug_frame     0x001c16        0x42c build/default/production/src/openlcb_c_lib/openlcb/openlcb_utilities.o
 .debug_frame     0x002042        0x136 build/default/production/src/openlcb_c_lib/openlcb/openlcb_float16.o
 .debug_frame     0x002178        0x32c build/default/production/src/openlcb_c_lib/openlcb/protocol_event_transport.o
 .debug_frame     0x0024a4        0x23e build/default/production/src/openlcb_c_lib/openlcb/protocol_config_mem_read_handler.o
 .debug_frame     0x0026e2         0xca build/default/production/src/openlcb_c_lib/openlcb/openlcb_buffer_list.o
 .debug_frame     0x0027ac        0x198 build/default/production/src/openlcb_c_lib/openlcb/protocol_snip.o
 .debug_frame     0x002944        0x2b4 build/default/production/src/openlcb_c_lib/openlcb/protocol_datagram_handler.o
 .debug_frame     0x002bf8         0xa0 build/default/production/src/openlcb_c_lib/openlcb/openlcb_gridconnect.o
 .debug_frame     0x002c98        0x268 build/default/production/src/openlcb_c_lib/openlcb/openlcb_main_statemachine.o
 .debug_frame     0x002f00        0x1e8 build/default/production/src/openlcb_c_lib/openlcb/openlcb_config.o
 .debug_frame     0x0030e8        0x192 build/default/production/src/openlcb_c_lib/openlcb/protocol_message_network.o
 .debug_frame     0x00327a        0x1f2 build/default/production/src/openlcb_c_lib/openlcb/openlcb_application.o
 .debug_frame     0x00346c         0xda build/default/production/src/openlcb_c_lib/openlcb/openlcb_login_statemachine_handler.o
 .debug_frame     0x003546         0x90 build/default/production/src/openlcb_c_lib/utilities/mustangpeak_endian_helper.o
 .debug_frame     0x0035d6         0x6a build/default/production/src/openlcb_c_lib/utilities/mustangpeak_string_helper.o
 .debug_frame     0x003640        0x21c build/default/production/src/application_drivers/dspic33_can_drivers.o
 .debug_frame     0x00385c         0xee build/default/production/src/application_drivers/dspic33_drivers.o
 .debug_frame     0x00394a         0x9c build/default/production/src/application_callbacks/callbacks_config_mem.o
 .debug_frame     0x0039e6         0x48 build/default/production/src/application_callbacks/callbacks_olcb.o
 .debug_frame     0x003a2e         0x80 build/default/production/src/application_callbacks/callbacks_can.o

.debug_str        0x000000       0x150b
 *(.debug_str)
 .debug_str       0x000000          0xc build/default/production/openlcb_user_config.o
 .debug_str       0x00000c          0xc build/default/production/traps.o
 .debug_str       0x000018         0xf4 build/default/production/main.o
 .debug_str       0x00010c         0x64 build/default/production/src/openlcb_c_lib/drivers/canbus/can_tx_message_handler.o
 .debug_str       0x000170          0x8 build/default/production/src/openlcb_c_lib/drivers/canbus/alias_mapping_listener.o
 .debug_str       0x000178         0x82 build/default/production/src/openlcb_c_lib/drivers/canbus/can_main_statemachine.o
 .debug_str       0x0001fa        0x12f build/default/production/src/openlcb_c_lib/drivers/canbus/can_config.o
 .debug_str       0x000329         0x67 build/default/production/src/openlcb_c_lib/drivers/canbus/can_login_message_handler.o
 .debug_str       0x000390         0x89 build/default/production/src/openlcb_c_lib/drivers/canbus/can_rx_message_handler.o
 .debug_str       0x000419         0x47 build/default/production/src/openlcb_c_lib/drivers/canbus/can_utilities.o
 .debug_str       0x000460          0xe build/default/production/src/openlcb_c_lib/drivers/canbus/alias_mappings.o
 .debug_str       0x00046e          0x8 build/default/production/src/openlcb_c_lib/drivers/canbus/can_rx_statemachine.o
 .debug_str       0x000476         0x51 build/default/production/src/openlcb_c_lib/drivers/canbus/can_login_statemachine.o
 .debug_str       0x0004c7         0x41 build/default/production/src/openlcb_c_lib/drivers/canbus/can_tx_statemachine.o
 .debug_str       0x000508         0xbd build/default/production/src/openlcb_c_lib/openlcb/protocol_config_mem_write_handler.o
 .debug_str       0x0005c5         0x8e build/default/production/src/openlcb_c_lib/openlcb/protocol_config_mem_operations_handler.o
 .debug_str       0x000653         0x58 build/default/production/src/openlcb_c_lib/openlcb/openlcb_node.o
 .debug_str       0x0006ab         0x16 build/default/production/src/openlcb_c_lib/openlcb/openlcb_buffer_store.o
 .debug_str       0x0006c1         0x90 build/default/production/src/openlcb_c_lib/openlcb/openlcb_login_statemachine.o
 .debug_str       0x000751        0x165 build/default/production/src/openlcb_c_lib/openlcb/openlcb_utilities.o
 .debug_str       0x0008b6         0x17 build/default/production/src/openlcb_c_lib/openlcb/openlcb_float16.o
 .debug_str       0x0008cd         0xbb build/default/production/src/openlcb_c_lib/openlcb/protocol_event_transport.o
 .debug_str       0x000988         0x88 build/default/production/src/openlcb_c_lib/openlcb/protocol_config_mem_read_handler.o
 .debug_str       0x000a10         0x18 build/default/production/src/openlcb_c_lib/openlcb/openlcb_buffer_list.o
 .debug_str       0x000a28         0xd4 build/default/production/src/openlcb_c_lib/openlcb/protocol_snip.o
 .debug_str       0x000afc         0x85 build/default/production/src/openlcb_c_lib/openlcb/protocol_datagram_handler.o
 .debug_str       0x000b81         0x1d build/default/production/src/openlcb_c_lib/openlcb/openlcb_gridconnect.o
 .debug_str       0x000b9e         0x7d build/default/production/src/openlcb_c_lib/openlcb/openlcb_main_statemachine.o
 .debug_str       0x000c1b        0x455 build/default/production/src/openlcb_c_lib/openlcb/openlcb_config.o
 .debug_str       0x001070         0x83 build/default/production/src/openlcb_c_lib/openlcb/protocol_message_network.o
 .debug_str       0x0010f3         0x8d build/default/production/src/openlcb_c_lib/openlcb/openlcb_application.o
 .debug_str       0x001180         0x74 build/default/production/src/openlcb_c_lib/openlcb/openlcb_login_statemachine_handler.o
 .debug_str       0x0011f4          0xb build/default/production/src/openlcb_c_lib/utilities/mustangpeak_string_helper.o
 .debug_str       0x0011ff        0x167 build/default/production/src/application_drivers/dspic33_can_drivers.o
 .debug_str       0x001366         0xc8 build/default/production/src/application_drivers/dspic33_drivers.o
 .debug_str       0x00142e         0x99 build/default/production/src/application_callbacks/callbacks_config_mem.o
 .debug_str       0x0014c7         0x26 build/default/production/src/application_callbacks/callbacks_olcb.o
 .debug_str       0x0014ed         0x1e build/default/production/src/application_callbacks/callbacks_can.o

.debug_loc
 *(.debug_loc)

.debug_macinfo
 *(.debug_macinfo)

.debug_pubnames
                  0x000000       0x443b
 *(.debug_pubnames)
 .debug_pubnames
                  0x000000         0x38 build/default/production/openlcb_user_config.o
 .debug_pubnames
                  0x000038        0x100 build/default/production/traps.o
 .debug_pubnames
                  0x000138         0x1b build/default/production/main.o
 .debug_pubnames
                  0x000153         0xfd build/default/production/src/openlcb_c_lib/drivers/canbus/can_tx_message_handler.o
 .debug_pubnames
                  0x000250         0x9d build/default/production/src/openlcb_c_lib/drivers/canbus/can_buffer_fifo.o
 .debug_pubnames
                  0x0002ed        0x13d build/default/production/src/openlcb_c_lib/drivers/canbus/alias_mapping_listener.o
 .debug_pubnames
                  0x00042a        0x1f8 build/default/production/src/openlcb_c_lib/drivers/canbus/can_main_statemachine.o
 .debug_pubnames
                  0x000622         0x2b build/default/production/src/openlcb_c_lib/drivers/canbus/can_config.o
 .debug_pubnames
                  0x00064d        0x1ed build/default/production/src/openlcb_c_lib/drivers/canbus/can_login_message_handler.o
 .debug_pubnames
                  0x00083a        0x1ed build/default/production/src/openlcb_c_lib/drivers/canbus/can_rx_message_handler.o
 .debug_pubnames
                  0x000a27        0x256 build/default/production/src/openlcb_c_lib/drivers/canbus/can_utilities.o
 .debug_pubnames
                  0x000c7d        0x15a build/default/production/src/openlcb_c_lib/drivers/canbus/alias_mappings.o
 .debug_pubnames
                  0x000dd7         0x66 build/default/production/src/openlcb_c_lib/drivers/canbus/can_rx_statemachine.o
 .debug_pubnames
                  0x000e3d         0x53 build/default/production/src/openlcb_c_lib/drivers/canbus/can_login_statemachine.o
 .debug_pubnames
                  0x000e90         0x85 build/default/production/src/openlcb_c_lib/drivers/canbus/can_tx_statemachine.o
 .debug_pubnames
                  0x000f15         0xe9 build/default/production/src/openlcb_c_lib/drivers/canbus/can_buffer_store.o
 .debug_pubnames
                  0x000ffe         0xf5 build/default/production/src/openlcb_c_lib/openlcb/openlcb_buffer_fifo.o
 .debug_pubnames
                  0x0010f3        0x5f3 build/default/production/src/openlcb_c_lib/openlcb/protocol_config_mem_write_handler.o
 .debug_pubnames
                  0x0016e6        0x41f build/default/production/src/openlcb_c_lib/openlcb/protocol_config_mem_operations_handler.o
 .debug_pubnames
                  0x001b05        0x126 build/default/production/src/openlcb_c_lib/openlcb/openlcb_node.o
 .debug_pubnames
                  0x001c2b        0x26a build/default/production/src/openlcb_c_lib/openlcb/openlcb_buffer_store.o
 .debug_pubnames
                  0x001e95        0x1a1 build/default/production/src/openlcb_c_lib/openlcb/openlcb_login_statemachine.o
 .debug_pubnames
                  0x002036        0x77b build/default/production/src/openlcb_c_lib/openlcb/openlcb_utilities.o
 .debug_pubnames
                  0x0027b1        0x101 build/default/production/src/openlcb_c_lib/openlcb/openlcb_float16.o
 .debug_pubnames
                  0x0028b2        0x480 build/default/production/src/openlcb_c_lib/openlcb/protocol_event_transport.o
 .debug_pubnames
                  0x002d32        0x422 build/default/production/src/openlcb_c_lib/openlcb/protocol_config_mem_read_handler.o
 .debug_pubnames
                  0x003154         0xe9 build/default/production/src/openlcb_c_lib/openlcb/openlcb_buffer_list.o
 .debug_pubnames
                  0x00323d        0x1d3 build/default/production/src/openlcb_c_lib/openlcb/protocol_snip.o
 .debug_pubnames
                  0x003410        0x1c8 build/default/production/src/openlcb_c_lib/openlcb/protocol_datagram_handler.o
 .debug_pubnames
                  0x0035d8         0x8e build/default/production/src/openlcb_c_lib/openlcb/openlcb_gridconnect.o
 .debug_pubnames
                  0x003666        0x30b build/default/production/src/openlcb_c_lib/openlcb/openlcb_main_statemachine.o
 .debug_pubnames
                  0x003971         0x90 build/default/production/src/openlcb_c_lib/openlcb/openlcb_config.o
 .debug_pubnames
                  0x003a01        0x246 build/default/production/src/openlcb_c_lib/openlcb/protocol_message_network.o
 .debug_pubnames
                  0x003c47        0x2bf build/default/production/src/openlcb_c_lib/openlcb/openlcb_application.o
 .debug_pubnames
                  0x003f06         0xde build/default/production/src/openlcb_c_lib/openlcb/openlcb_login_statemachine_handler.o
 .debug_pubnames
                  0x003fe4         0x59 build/default/production/src/openlcb_c_lib/utilities/mustangpeak_endian_helper.o
 .debug_pubnames
                  0x00403d         0x42 build/default/production/src/openlcb_c_lib/utilities/mustangpeak_string_helper.o
 .debug_pubnames
                  0x00407f        0x16e build/default/production/src/application_drivers/dspic33_can_drivers.o
 .debug_pubnames
                  0x0041ed        0x102 build/default/production/src/application_drivers/dspic33_drivers.o
 .debug_pubnames
                  0x0042ef         0x9b build/default/production/src/application_callbacks/callbacks_config_mem.o
 .debug_pubnames
                  0x00438a         0x50 build/default/production/src/application_callbacks/callbacks_olcb.o
 .debug_pubnames
                  0x0043da         0x61 build/default/production/src/application_callbacks/callbacks_can.o

.debug_ranges
 *(.debug_ranges)

.debug_aranges    0x000000        0x638
 *(.debug_aranges)
 .debug_aranges
                  0x000000         0x18 build/default/production/traps.o
 .debug_aranges
                  0x000018         0x18 build/default/production/main.o
 .debug_aranges
                  0x000030         0x18 build/default/production/src/openlcb_c_lib/drivers/canbus/can_tx_message_handler.o
 .debug_aranges
                  0x000048         0x18 build/default/production/src/openlcb_c_lib/drivers/canbus/can_buffer_fifo.o
 .debug_aranges
                  0x000060         0x18 build/default/production/src/openlcb_c_lib/drivers/canbus/alias_mapping_listener.o
 .debug_aranges
                  0x000078         0x18 build/default/production/src/openlcb_c_lib/drivers/canbus/can_main_statemachine.o
 .debug_aranges
                  0x000090         0x18 build/default/production/src/openlcb_c_lib/drivers/canbus/can_config.o
 .debug_aranges
                  0x0000a8         0x18 build/default/production/src/openlcb_c_lib/drivers/canbus/can_login_message_handler.o
 .debug_aranges
                  0x0000c0         0x18 build/default/production/src/openlcb_c_lib/drivers/canbus/can_rx_message_handler.o
 .debug_aranges
                  0x0000d8         0x18 build/default/production/src/openlcb_c_lib/drivers/canbus/can_utilities.o
 .debug_aranges
                  0x0000f0         0x18 build/default/production/src/openlcb_c_lib/drivers/canbus/alias_mappings.o
 .debug_aranges
                  0x000108         0x18 build/default/production/src/openlcb_c_lib/drivers/canbus/can_rx_statemachine.o
 .debug_aranges
                  0x000120         0x18 build/default/production/src/openlcb_c_lib/drivers/canbus/can_login_statemachine.o
 .debug_aranges
                  0x000138         0x18 build/default/production/src/openlcb_c_lib/drivers/canbus/can_tx_statemachine.o
 .debug_aranges
                  0x000150         0x18 build/default/production/src/openlcb_c_lib/drivers/canbus/can_buffer_store.o
 .debug_aranges
                  0x000168         0x18 build/default/production/src/openlcb_c_lib/openlcb/openlcb_buffer_fifo.o
 .debug_aranges
                  0x000180         0x18 build/default/production/src/openlcb_c_lib/openlcb/protocol_config_mem_write_handler.o
 .debug_aranges
                  0x000198         0x18 build/default/production/src/openlcb_c_lib/openlcb/protocol_config_mem_operations_handler.o
 .debug_aranges
                  0x0001b0         0x18 build/default/production/src/openlcb_c_lib/openlcb/openlcb_node.o
 .debug_aranges
                  0x0001c8         0x18 build/default/production/src/openlcb_c_lib/openlcb/openlcb_buffer_store.o
 .debug_aranges
                  0x0001e0         0x18 build/default/production/src/openlcb_c_lib/openlcb/openlcb_login_statemachine.o
 .debug_aranges
                  0x0001f8         0x18 build/default/production/src/openlcb_c_lib/openlcb/openlcb_utilities.o
 .debug_aranges
                  0x000210         0x18 build/default/production/src/openlcb_c_lib/openlcb/openlcb_float16.o
 .debug_aranges
                  0x000228         0x18 build/default/production/src/openlcb_c_lib/openlcb/protocol_event_transport.o
 .debug_aranges
                  0x000240         0x18 build/default/production/src/openlcb_c_lib/openlcb/protocol_config_mem_read_handler.o
 .debug_aranges
                  0x000258         0x18 build/default/production/src/openlcb_c_lib/openlcb/openlcb_buffer_list.o
 .debug_aranges
                  0x000270         0x18 build/default/production/src/openlcb_c_lib/openlcb/protocol_snip.o
 .debug_aranges
                  0x000288         0x18 build/default/production/src/openlcb_c_lib/openlcb/protocol_datagram_handler.o
 .debug_aranges
                  0x0002a0         0x18 build/default/production/src/openlcb_c_lib/openlcb/openlcb_gridconnect.o
 .debug_aranges
                  0x0002b8         0x18 build/default/production/src/openlcb_c_lib/openlcb/openlcb_main_statemachine.o
 .debug_aranges
                  0x0002d0         0x18 build/default/production/src/openlcb_c_lib/openlcb/openlcb_config.o
 .debug_aranges
                  0x0002e8         0x18 build/default/production/src/openlcb_c_lib/openlcb/protocol_message_network.o
 .debug_aranges
                  0x000300         0x18 build/default/production/src/openlcb_c_lib/openlcb/openlcb_application.o
 .debug_aranges
                  0x000318         0x18 build/default/production/src/openlcb_c_lib/openlcb/openlcb_login_statemachine_handler.o
 .debug_aranges
                  0x000330         0x18 build/default/production/src/openlcb_c_lib/utilities/mustangpeak_endian_helper.o
 .debug_aranges
                  0x000348         0x18 build/default/production/src/openlcb_c_lib/utilities/mustangpeak_string_helper.o
 .debug_aranges
                  0x000360         0x18 build/default/production/src/application_drivers/dspic33_can_drivers.o
 .debug_aranges
                  0x000378         0x18 build/default/production/src/application_drivers/dspic33_drivers.o
 .debug_aranges
                  0x000390         0x18 build/default/production/src/application_callbacks/callbacks_config_mem.o
 .debug_aranges
                  0x0003a8         0x18 build/default/production/src/application_callbacks/callbacks_olcb.o
 .debug_aranges
                  0x0003c0         0x18 build/default/production/src/application_callbacks/callbacks_can.o
 .debug_aranges
                  0x0003d8         0x20 /Applications/microchip/xc16/v2.10/bin/bin/../../lib/libc99-pic30-elf.a(feqltle.EP_o)
 .debug_aranges
                  0x0003f8         0x20 /Applications/microchip/xc16/v2.10/bin/bin/../../lib/libc99-pic30-elf.a(fcompare.EP_o)
 .debug_aranges
                  0x000418         0x20 /Applications/microchip/xc16/v2.10/bin/bin/../../lib/libc99-pic30-elf.a(funpack2.EP_o)
 .debug_aranges
                  0x000438         0x20 /Applications/microchip/xc16/v2.10/bin/bin/../../lib/libc99-pic30-elf.a(funpack.EP_o)
 .debug_aranges
                  0x000458         0x20 /Applications/microchip/xc16/v2.10/bin/bin/../../lib/libc99-pic30-elf.a(deqltle.EP_o)
 .debug_aranges
                  0x000478         0x20 /Applications/microchip/xc16/v2.10/bin/bin/../../lib/libc99-pic30-elf.a(dgtge.EP_o)
 .debug_aranges
                  0x000498         0x20 /Applications/microchip/xc16/v2.10/bin/bin/../../lib/libc99-pic30-elf.a(extendsfdf.EP_o)
 .debug_aranges
                  0x0004b8         0x20 /Applications/microchip/xc16/v2.10/bin/bin/../../lib/libc99-pic30-elf.a(fixdfsi.EP_o)
 .debug_aranges
                  0x0004d8         0x20 /Applications/microchip/xc16/v2.10/bin/bin/../../lib/libc99-pic30-elf.a(mulsi3.EP_o)
 .debug_aranges
                  0x0004f8         0x20 /Applications/microchip/xc16/v2.10/bin/bin/../../lib/libc99-pic30-elf.a(dpadd.EP_o)
 .debug_aranges
                  0x000518         0x20 /Applications/microchip/xc16/v2.10/bin/bin/../../lib/libc99-pic30-elf.a(dpdiv.EP_o)
 .debug_aranges
                  0x000538         0x20 /Applications/microchip/xc16/v2.10/bin/bin/../../lib/libc99-pic30-elf.a(dpmul.EP_o)
 .debug_aranges
                  0x000558         0x20 /Applications/microchip/xc16/v2.10/bin/bin/../../lib/libc99-pic30-elf.a(dpsubs.EP_o)
 .debug_aranges
                  0x000578         0x20 /Applications/microchip/xc16/v2.10/bin/bin/../../lib/libc99-pic30-elf.a(dcompare.EP_o)
 .debug_aranges
                  0x000598         0x20 /Applications/microchip/xc16/v2.10/bin/bin/../../lib/libc99-pic30-elf.a(dtype.EP_o)
 .debug_aranges
                  0x0005b8         0x20 /Applications/microchip/xc16/v2.10/bin/bin/../../lib/libc99-pic30-elf.a(dunpack.EP_o)
 .debug_aranges
                  0x0005d8         0x20 /Applications/microchip/xc16/v2.10/bin/bin/../../lib/libc99-pic30-elf.a(dunpack2.EP_o)
 .debug_aranges
                  0x0005f8         0x20 /Applications/microchip/xc16/v2.10/bin/bin/../../lib/libc99-pic30-elf.a(umuldi3.EP_o)
 .debug_aranges
                  0x000618         0x20 /Applications/microchip/xc16/v2.10/bin/bin/../../lib/libc99-pic30-elf.a(dpropagateNaN.EP_o)
                    0x0000                  WREG0 = 0x0
                    0x0000                  _WREG0 = 0x0
                    0x0002                  WREG1 = 0x2
                    0x0002                  _WREG1 = 0x2
                    0x0004                  WREG2 = 0x4
                    0x0004                  _WREG2 = 0x4
                    0x0006                  WREG3 = 0x6
                    0x0006                  _WREG3 = 0x6
                    0x0008                  WREG4 = 0x8
                    0x0008                  _WREG4 = 0x8
                    0x000a                  WREG5 = 0xa
                    0x000a                  _WREG5 = 0xa
                    0x000c                  WREG6 = 0xc
                    0x000c                  _WREG6 = 0xc
                    0x000e                  WREG7 = 0xe
                    0x000e                  _WREG7 = 0xe
                    0x0010                  WREG8 = 0x10
                    0x0010                  _WREG8 = 0x10
                    0x0012                  WREG9 = 0x12
                    0x0012                  _WREG9 = 0x12
                    0x0014                  WREG10 = 0x14
                    0x0014                  _WREG10 = 0x14
                    0x0016                  WREG11 = 0x16
                    0x0016                  _WREG11 = 0x16
                    0x0018                  WREG12 = 0x18
                    0x0018                  _WREG12 = 0x18
                    0x001a                  WREG13 = 0x1a
                    0x001a                  _WREG13 = 0x1a
                    0x001c                  WREG14 = 0x1c
                    0x001c                  _WREG14 = 0x1c
                    0x001e                  WREG15 = 0x1e
                    0x001e                  _WREG15 = 0x1e
                    0x0020                  SPLIM = 0x20
                    0x0020                  _SPLIM = 0x20
                    0x0022                  ACCAL = 0x22
                    0x0022                  _ACCAL = 0x22
                    0x0024                  ACCAH = 0x24
                    0x0024                  _ACCAH = 0x24
                    0x0026                  ACCAU = 0x26
                    0x0026                  _ACCAU = 0x26
                    0x0028                  ACCBL = 0x28
                    0x0028                  _ACCBL = 0x28
                    0x002a                  ACCBH = 0x2a
                    0x002a                  _ACCBH = 0x2a
                    0x002c                  ACCBU = 0x2c
                    0x002c                  _ACCBU = 0x2c
                    0x002e                  PCL = 0x2e
                    0x002e                  _PCL = 0x2e
                    0x0030                  PCH = 0x30
                    0x0030                  _PCH = 0x30
                    0x0032                  DSRPAG = 0x32
                    0x0032                  _DSRPAG = 0x32
                    0x0032                  _DSRPAGbits = 0x32
                    0x0034                  DSWPAG = 0x34
                    0x0034                  _DSWPAG = 0x34
                    0x0034                  _DSWPAGbits = 0x34
                    0x0036                  RCOUNT = 0x36
                    0x0036                  _RCOUNT = 0x36
                    0x0038                  DCOUNT = 0x38
                    0x0038                  _DCOUNT = 0x38
                    0x003a                  DOSTARTL = 0x3a
                    0x003a                  _DOSTARTL = 0x3a
                    0x003c                  DOSTARTH = 0x3c
                    0x003c                  _DOSTARTH = 0x3c
                    0x003e                  DOENDL = 0x3e
                    0x003e                  _DOENDL = 0x3e
                    0x0040                  DOENDH = 0x40
                    0x0040                  _DOENDH = 0x40
                    0x0042                  SR = 0x42
                    0x0042                  _SR = 0x42
                    0x0042                  _SRbits = 0x42
                    0x0044                  CORCON = 0x44
                    0x0044                  _CORCON = 0x44
                    0x0044                  _CORCONbits = 0x44
                    0x0046                  MODCON = 0x46
                    0x0046                  _MODCON = 0x46
                    0x0046                  _MODCONbits = 0x46
                    0x0048                  XMODSRT = 0x48
                    0x0048                  _XMODSRT = 0x48
                    0x004a                  XMODEND = 0x4a
                    0x004a                  _XMODEND = 0x4a
                    0x004c                  YMODSRT = 0x4c
                    0x004c                  _YMODSRT = 0x4c
                    0x004e                  YMODEND = 0x4e
                    0x004e                  _YMODEND = 0x4e
                    0x0050                  XBREV = 0x50
                    0x0050                  _XBREV = 0x50
                    0x0050                  _XBREVbits = 0x50
                    0x0052                  DISICNT = 0x52
                    0x0052                  _DISICNT = 0x52
                    0x0054                  TBLPAG = 0x54
                    0x0054                  _TBLPAG = 0x54
                    0x0054                  _TBLPAGbits = 0x54
                    0x0058                  MSTRPR = 0x58
                    0x0058                  _MSTRPR = 0x58
                    0x0100                  TMR1 = 0x100
                    0x0100                  _TMR1 = 0x100
                    0x0102                  PR1 = 0x102
                    0x0102                  _PR1 = 0x102
                    0x0104                  T1CON = 0x104
                    0x0104                  _T1CON = 0x104
                    0x0104                  _T1CONbits = 0x104
                    0x0106                  TMR2 = 0x106
                    0x0106                  _TMR2 = 0x106
                    0x0108                  TMR3HLD = 0x108
                    0x0108                  _TMR3HLD = 0x108
                    0x010a                  TMR3 = 0x10a
                    0x010a                  _TMR3 = 0x10a
                    0x010c                  PR2 = 0x10c
                    0x010c                  _PR2 = 0x10c
                    0x010e                  PR3 = 0x10e
                    0x010e                  _PR3 = 0x10e
                    0x0110                  T2CON = 0x110
                    0x0110                  _T2CON = 0x110
                    0x0110                  _T2CONbits = 0x110
                    0x0112                  T3CON = 0x112
                    0x0112                  _T3CON = 0x112
                    0x0112                  _T3CONbits = 0x112
                    0x0114                  TMR4 = 0x114
                    0x0114                  _TMR4 = 0x114
                    0x0116                  TMR5HLD = 0x116
                    0x0116                  _TMR5HLD = 0x116
                    0x0118                  TMR5 = 0x118
                    0x0118                  _TMR5 = 0x118
                    0x011a                  PR4 = 0x11a
                    0x011a                  _PR4 = 0x11a
                    0x011c                  PR5 = 0x11c
                    0x011c                  _PR5 = 0x11c
                    0x011e                  T4CON = 0x11e
                    0x011e                  _T4CON = 0x11e
                    0x011e                  _T4CONbits = 0x11e
                    0x0120                  T5CON = 0x120
                    0x0120                  _T5CON = 0x120
                    0x0120                  _T5CONbits = 0x120
                    0x0140                  IC1CON1 = 0x140
                    0x0140                  _IC1CON1 = 0x140
                    0x0140                  _IC1CON1bits = 0x140
                    0x0142                  IC1CON2 = 0x142
                    0x0142                  _IC1CON2 = 0x142
                    0x0142                  _IC1CON2bits = 0x142
                    0x0144                  IC1BUF = 0x144
                    0x0144                  _IC1BUF = 0x144
                    0x0146                  IC1TMR = 0x146
                    0x0146                  _IC1TMR = 0x146
                    0x0148                  IC2CON1 = 0x148
                    0x0148                  _IC2CON1 = 0x148
                    0x0148                  _IC2CON1bits = 0x148
                    0x014a                  IC2CON2 = 0x14a
                    0x014a                  _IC2CON2 = 0x14a
                    0x014a                  _IC2CON2bits = 0x14a
                    0x014c                  IC2BUF = 0x14c
                    0x014c                  _IC2BUF = 0x14c
                    0x014e                  IC2TMR = 0x14e
                    0x014e                  _IC2TMR = 0x14e
                    0x0150                  IC3CON1 = 0x150
                    0x0150                  _IC3CON1 = 0x150
                    0x0150                  _IC3CON1bits = 0x150
                    0x0152                  IC3CON2 = 0x152
                    0x0152                  _IC3CON2 = 0x152
                    0x0152                  _IC3CON2bits = 0x152
                    0x0154                  IC3BUF = 0x154
                    0x0154                  _IC3BUF = 0x154
                    0x0156                  IC3TMR = 0x156
                    0x0156                  _IC3TMR = 0x156
                    0x0158                  IC4CON1 = 0x158
                    0x0158                  _IC4CON1 = 0x158
                    0x0158                  _IC4CON1bits = 0x158
                    0x015a                  IC4CON2 = 0x15a
                    0x015a                  _IC4CON2 = 0x15a
                    0x015a                  _IC4CON2bits = 0x15a
                    0x015c                  IC4BUF = 0x15c
                    0x015c                  _IC4BUF = 0x15c
                    0x015e                  IC4TMR = 0x15e
                    0x015e                  _IC4TMR = 0x15e
                    0x01c0                  QEI1CON = 0x1c0
                    0x01c0                  _QEI1CON = 0x1c0
                    0x01c0                  _QEI1CONbits = 0x1c0
                    0x01c2                  QEI1IOC = 0x1c2
                    0x01c2                  _QEI1IOC = 0x1c2
                    0x01c2                  _QEI1IOCbits = 0x1c2
                    0x01c4                  QEI1STAT = 0x1c4
                    0x01c4                  _QEI1STAT = 0x1c4
                    0x01c4                  _QEI1STATbits = 0x1c4
                    0x01c6                  POS1CNTL = 0x1c6
                    0x01c6                  _POS1CNTL = 0x1c6
                    0x01c8                  POS1CNTH = 0x1c8
                    0x01c8                  _POS1CNTH = 0x1c8
                    0x01ca                  POS1HLD = 0x1ca
                    0x01ca                  _POS1HLD = 0x1ca
                    0x01cc                  VEL1CNT = 0x1cc
                    0x01cc                  _VEL1CNT = 0x1cc
                    0x01ce                  INT1TMRL = 0x1ce
                    0x01ce                  _INT1TMRL = 0x1ce
                    0x01d0                  INT1TMRH = 0x1d0
                    0x01d0                  _INT1TMRH = 0x1d0
                    0x01d2                  INT1HLDL = 0x1d2
                    0x01d2                  _INT1HLDL = 0x1d2
                    0x01d4                  INT1HLDH = 0x1d4
                    0x01d4                  _INT1HLDH = 0x1d4
                    0x01d6                  INDX1CNTL = 0x1d6
                    0x01d6                  _INDX1CNTL = 0x1d6
                    0x01d8                  INDX1CNTH = 0x1d8
                    0x01d8                  _INDX1CNTH = 0x1d8
                    0x01da                  INDX1HLD = 0x1da
                    0x01da                  _INDX1HLD = 0x1da
                    0x01dc                  QEI1GECL = 0x1dc
                    0x01dc                  _QEI1GECL = 0x1dc
                    0x01dc                  QEI1ICL = 0x1dc
                    0x01dc                  _QEI1ICL = 0x1dc
                    0x01de                  QEI1GECH = 0x1de
                    0x01de                  _QEI1GECH = 0x1de
                    0x01de                  QEI1ICH = 0x1de
                    0x01de                  _QEI1ICH = 0x1de
                    0x01e0                  QEI1LECL = 0x1e0
                    0x01e0                  _QEI1LECL = 0x1e0
                    0x01e2                  QEI1LECH = 0x1e2
                    0x01e2                  _QEI1LECH = 0x1e2
                    0x0200                  I2C1RCV = 0x200
                    0x0200                  _I2C1RCV = 0x200
                    0x0202                  I2C1TRN = 0x202
                    0x0202                  _I2C1TRN = 0x202
                    0x0204                  I2C1BRG = 0x204
                    0x0204                  _I2C1BRG = 0x204
                    0x0206                  I2C1CON = 0x206
                    0x0206                  _I2C1CON = 0x206
                    0x0206                  _I2C1CONbits = 0x206
                    0x0208                  I2C1STAT = 0x208
                    0x0208                  _I2C1STAT = 0x208
                    0x0208                  _I2C1STATbits = 0x208
                    0x020a                  I2C1ADD = 0x20a
                    0x020a                  _I2C1ADD = 0x20a
                    0x020c                  I2C1MSK = 0x20c
                    0x020c                  _I2C1MSK = 0x20c
                    0x0210                  I2C2RCV = 0x210
                    0x0210                  _I2C2RCV = 0x210
                    0x0212                  I2C2TRN = 0x212
                    0x0212                  _I2C2TRN = 0x212
                    0x0214                  I2C2BRG = 0x214
                    0x0214                  _I2C2BRG = 0x214
                    0x0216                  I2C2CON = 0x216
                    0x0216                  _I2C2CON = 0x216
                    0x0216                  _I2C2CONbits = 0x216
                    0x0218                  I2C2STAT = 0x218
                    0x0218                  _I2C2STAT = 0x218
                    0x0218                  _I2C2STATbits = 0x218
                    0x021a                  I2C2ADD = 0x21a
                    0x021a                  _I2C2ADD = 0x21a
                    0x021c                  I2C2MSK = 0x21c
                    0x021c                  _I2C2MSK = 0x21c
                    0x0220                  U1MODE = 0x220
                    0x0220                  _U1MODE = 0x220
                    0x0220                  _U1MODEbits = 0x220
                    0x0222                  U1STA = 0x222
                    0x0222                  _U1STA = 0x222
                    0x0222                  _U1STAbits = 0x222
                    0x0224                  U1TXREG = 0x224
                    0x0224                  _U1TXREG = 0x224
                    0x0226                  U1RXREG = 0x226
                    0x0226                  _U1RXREG = 0x226
                    0x0228                  U1BRG = 0x228
                    0x0228                  _U1BRG = 0x228
                    0x0230                  U2MODE = 0x230
                    0x0230                  _U2MODE = 0x230
                    0x0230                  _U2MODEbits = 0x230
                    0x0232                  U2STA = 0x232
                    0x0232                  _U2STA = 0x232
                    0x0232                  _U2STAbits = 0x232
                    0x0234                  U2TXREG = 0x234
                    0x0234                  _U2TXREG = 0x234
                    0x0236                  U2RXREG = 0x236
                    0x0236                  _U2RXREG = 0x236
                    0x0238                  U2BRG = 0x238
                    0x0238                  _U2BRG = 0x238
                    0x0240                  SPI1STAT = 0x240
                    0x0240                  _SPI1STAT = 0x240
                    0x0240                  _SPI1STATbits = 0x240
                    0x0242                  SPI1CON1 = 0x242
                    0x0242                  _SPI1CON1 = 0x242
                    0x0242                  _SPI1CON1bits = 0x242
                    0x0244                  SPI1CON2 = 0x244
                    0x0244                  _SPI1CON2 = 0x244
                    0x0244                  _SPI1CON2bits = 0x244
                    0x0248                  SPI1BUF = 0x248
                    0x0248                  _SPI1BUF = 0x248
                    0x0260                  SPI2STAT = 0x260
                    0x0260                  _SPI2STAT = 0x260
                    0x0260                  _SPI2STATbits = 0x260
                    0x0262                  SPI2CON1 = 0x262
                    0x0262                  _SPI2CON1 = 0x262
                    0x0262                  _SPI2CON1bits = 0x262
                    0x0264                  SPI2CON2 = 0x264
                    0x0264                  _SPI2CON2 = 0x264
                    0x0264                  _SPI2CON2bits = 0x264
                    0x0268                  SPI2BUF = 0x268
                    0x0268                  _SPI2BUF = 0x268
                    0x0300                  ADC1BUF0 = 0x300
                    0x0300                  _ADC1BUF0 = 0x300
                    0x0302                  ADC1BUF1 = 0x302
                    0x0302                  _ADC1BUF1 = 0x302
                    0x0304                  ADC1BUF2 = 0x304
                    0x0304                  _ADC1BUF2 = 0x304
                    0x0306                  ADC1BUF3 = 0x306
                    0x0306                  _ADC1BUF3 = 0x306
                    0x0308                  ADC1BUF4 = 0x308
                    0x0308                  _ADC1BUF4 = 0x308
                    0x030a                  ADC1BUF5 = 0x30a
                    0x030a                  _ADC1BUF5 = 0x30a
                    0x030c                  ADC1BUF6 = 0x30c
                    0x030c                  _ADC1BUF6 = 0x30c
                    0x030e                  ADC1BUF7 = 0x30e
                    0x030e                  _ADC1BUF7 = 0x30e
                    0x0310                  ADC1BUF8 = 0x310
                    0x0310                  _ADC1BUF8 = 0x310
                    0x0312                  ADC1BUF9 = 0x312
                    0x0312                  _ADC1BUF9 = 0x312
                    0x0314                  ADC1BUFA = 0x314
                    0x0314                  _ADC1BUFA = 0x314
                    0x0316                  ADC1BUFB = 0x316
                    0x0316                  _ADC1BUFB = 0x316
                    0x0318                  ADC1BUFC = 0x318
                    0x0318                  _ADC1BUFC = 0x318
                    0x031a                  ADC1BUFD = 0x31a
                    0x031a                  _ADC1BUFD = 0x31a
                    0x031c                  ADC1BUFE = 0x31c
                    0x031c                  _ADC1BUFE = 0x31c
                    0x031e                  ADC1BUFF = 0x31e
                    0x031e                  _ADC1BUFF = 0x31e
                    0x0320                  AD1CON1 = 0x320
                    0x0320                  _AD1CON1 = 0x320
                    0x0320                  _AD1CON1bits = 0x320
                    0x0322                  AD1CON2 = 0x322
                    0x0322                  _AD1CON2 = 0x322
                    0x0322                  _AD1CON2bits = 0x322
                    0x0324                  AD1CON3 = 0x324
                    0x0324                  _AD1CON3 = 0x324
                    0x0324                  _AD1CON3bits = 0x324
                    0x0326                  AD1CHS123 = 0x326
                    0x0326                  _AD1CHS123 = 0x326
                    0x0326                  _AD1CHS123bits = 0x326
                    0x0328                  AD1CHS0 = 0x328
                    0x0328                  _AD1CHS0 = 0x328
                    0x0328                  _AD1CHS0bits = 0x328
                    0x032e                  AD1CSSH = 0x32e
                    0x032e                  _AD1CSSH = 0x32e
                    0x032e                  _AD1CSSHbits = 0x32e
                    0x0330                  AD1CSSL = 0x330
                    0x0330                  _AD1CSSL = 0x330
                    0x0330                  _AD1CSSLbits = 0x330
                    0x0332                  AD1CON4 = 0x332
                    0x0332                  _AD1CON4 = 0x332
                    0x0332                  _AD1CON4bits = 0x332
                    0x033a                  CTMUCON1 = 0x33a
                    0x033a                  _CTMUCON1 = 0x33a
                    0x033a                  _CTMUCON1bits = 0x33a
                    0x033c                  CTMUCON2 = 0x33c
                    0x033c                  _CTMUCON2 = 0x33c