../Core/Src/src/drivers/canbus/can_login_message_handler.c:53:6:CanLoginMessageHandler_initialize	0	static
../Core/Src/src/drivers/canbus/can_login_message_handler.c:86:6:CanLoginMessageHandler_state_init	0	static
../Core/Src/src/drivers/canbus/can_login_message_handler.c:93:6:CanLoginMessageHandler_state_generate_seed	12	static
../Core/Src/src/drivers/canbus/can_login_message_handler.c:100:6:CanLoginMessageHandler_state_generate_alias	16	static
../Core/Src/src/drivers/canbus/can_login_message_handler.c:116:6:CanLoginMessageHandler_state_load_cid07	8	static
../Core/Src/src/drivers/canbus/can_login_message_handler.c:126:6:CanLoginMessageHandler_state_load_cid06	8	static
../Core/Src/src/drivers/canbus/can_login_message_handler.c:136:6:CanLoginMessageHandler_state_load_cid05	8	static
../Core/Src/src/drivers/canbus/can_login_message_handler.c:146:6:CanLoginMessageHandler_state_load_cid04	12	static
../Core/Src/src/drivers/canbus/can_login_message_handler.c:157:6:CanLoginMessageHandler_state_wait_200ms	0	static
../Core/Src/src/drivers/canbus/can_login_message_handler.c:167:6:CanLoginMessageHandler_state_load_rid	0	static
../Core/Src/src/drivers/canbus/can_login_message_handler.c:177:6:CanLoginMessageHandler_state_load_amd	16	static
