../Core/Src/application_drivers/stm32_driverlib_drivers.c:50:6:STM32_DriverLibDrivers_initialize	16	static
../Core/Src/application_drivers/stm32_driverlib_drivers.c:59:6:STM32_DriverLibDrivers_reboot	16	static
../Core/Src/application_drivers/stm32_driverlib_drivers.c:65:10:STM32_DriverLibDrivers_config_mem_read	64	static
../Core/Src/application_drivers/stm32_driverlib_drivers.c:97:10:STM32_DriverLibDrivers_config_mem_write	24	static
../Core/Src/application_drivers/stm32_driverlib_drivers.c:103:6:STM32_DriverLibDrivers_config_mem_factory_reset	16	static
../Core/Src/application_drivers/stm32_driverlib_drivers.c:108:6:STM32_DriverLibDrivers_lock_shared_resources	8	static
../Core/Src/application_drivers/stm32_driverlib_drivers.c:116:6:STM32_DriverLibDrivers_unlock_shared_resources	8	static
../Core/Src/application_drivers/stm32_driverlib_drivers.c:124:6:HAL_TIM_PeriodElapsedCallback	16	static
