******************************************************************************
            TI ARM Clang Linker Unix v4.0.3                    
******************************************************************************
>> Linked Sun Nov 16 16:19:08 2025

OUTPUT FILE NAME:   <BasicNode.out>
ENTRY POINT SYMBOL: "_c_int00_noargs"  address: 00008f99


MEMORY CONFIGURATION

         name            origin    length      used     unused   attr    fill
----------------------  --------  ---------  --------  --------  ----  --------
  FLASH                 00000000   00020000  0000f548  00010ab8  R  X
  SRAM                  20200000   00008000  00003c35  000043cb  RW X
  BCR_CONFIG            41c00000   000000ff  00000000  000000ff  R   
  BSL_CONFIG            41c00100   00000080  00000000  00000080  R   


SEGMENT ALLOCATION MAP

run origin  load origin   length   init length attrs members
----------  ----------- ---------- ----------- ----- -------
00000000    00000000    0000f548   0000f548    r-x
  00000000    00000000    000000c0   000000c0    r-- .intvecs
  000000c0    000000c0    000096b0   000096b0    r-x .text
  00009770    00009770    00005d50   00005d50    r-- .rodata
  0000f4c0    0000f4c0    00000088   00000088    r-- .cinit
20200000    20200000    00003a35   00000000    rw-
  20200000    20200000    00003050   00000000    rw- .bss
  20203050    20203050    00000800   00000000    rw- .sysmem
  20203850    20203850    000001e5   00000000    rw- .data
20207e00    20207e00    00000200   00000000    rw-
  20207e00    20207e00    00000200   00000000    rw- .stack


SECTION ALLOCATION MAP

 output                                  attributes/
section   page    origin      length       input sections
--------  ----  ----------  ----------   ----------------
.intvecs   0    00000000    000000c0     
                  00000000    000000c0     startup_mspm0g350x_ticlang.o (.intvecs)

.text      0    000000c0    000096b0     
                  000000c0    00000868     libc.a : _printfi.c.obj (.text:__TI_printfi_nofloat)
                  00000928    00000690     openlcb_node.o (.text.OpenLcbNode_allocate)
                  00000fb8    0000040c     protocol_datagram_handler.o (.text.ProtocolDatagramHandler_datagram)
                  000013c4    000003e8     openlcb_node.o (.text.OpenLcbNode_initialize)
                  000017ac    0000038c     openlcb_main_statemachine.o (.text.OpenLcbMainStatemachine_process_main_statemachine)
                  00001b38    000002b8     protocol_snip.o (.text.ProtocolSnip_handle_simple_node_info_request)
                  00001df0    00000270     ti_driverlib_can_driver.o (.text.CANFD0_IRQHandler)
                  00002060    00000214     dl_mcan.o (.text.DL_MCAN_msgRAMConfig)
                  00002274    0000020c     can_rx_statemachine.o (.text.CanRxStatemachine_incoming_can_driver_callback)
                  00002480    0000019c     can_main_statemachine.o (.text.CanMainStatemachine_handle_duplicate_aliases)
                  0000261c    00000174     openlcb_buffer_store.o (.text.OpenLcbBufferStore_initialize)
                  00002790    00000168     protocol_event_transport.o (.text.ProtocolEventTransport_handle_events_identify)
                  000028f8    00000148     openlcb_gridconnect.o (.text.OpenLcbGridConnect_from_can_msg)
                  00002a40    00000144     can_tx_statemachine.o (.text.CanTxStatemachine_send_openlcb_message)
                  00002b84    00000138     can_rx_message_handler.o (.text.CanRxMessageHandler_ame_frame)
                  00002cbc    00000128     can_buffer_store.o (.text.CanBufferStore_initialize)
                  00002de4    0000011c     ti_msp_dl_config.o (.text.SYSCFG_DL_MCAN0_init)
                  00002f00    00000114     libc.a : memory.c.obj (.text.aligned_alloc)
                  00003014    0000010c     can_rx_message_handler.o (.text.CanRxMessageHandler_first_frame)
                  00003120    0000010c     dl_mcan.o (.text.DL_MCAN_readMsgRam)
                  0000322c    0000010c     protocol_config_mem_operations_handler.o (.text.ProtocolConfigMemOperationsHandler_request_options_cmd)
                  00003338    00000108     openlcb_buffer_store.o (.text.OpenLcbBufferStore_allocate_buffer)
                  00003440    000000fe     can_utilities.o (.text.CanUtilities_copy_openlcb_payload_to_can_payload)
                  0000353e    00000002     can_rx_message_handler.o (.text.CanRxMessageHandler_stream_frame)
                  00003540    000000fc     protocol_config_mem_operations_handler.o (.text.ProtocolConfigMemOperationsHandler_freeze)
                  0000363c    000000fc     protocol_config_mem_operations_handler.o (.text.ProtocolConfigMemOperationsHandler_get_address_space_info)
                  00003738    000000fc     protocol_config_mem_operations_handler.o (.text.ProtocolConfigMemOperationsHandler_get_address_space_info_reply_not_present)
                  00003834    000000fc     protocol_config_mem_operations_handler.o (.text.ProtocolConfigMemOperationsHandler_get_address_space_info_reply_present)
                  00003930    000000fc     protocol_config_mem_operations_handler.o (.text.ProtocolConfigMemOperationsHandler_unfreeze)
                  00003a2c    000000f8     libc.a : fputs.c.obj (.text.fputs)
                  00003b24    000000f4     dl_mcan.o (.text.DL_MCAN_writeMsgRam)
                  00003c18    000000f0     protocol_config_mem_write_handler.o (.text._handle_write_request)
                  00003d08    000000ec     protocol_datagram_handler.o (.text._handle_write_under_mask_address_space_at_offset_6)
                  00003df4    000000e8     protocol_datagram_handler.o (.text.ProtocolDatagramHandler_load_datagram_received_ok_message)
                  00003edc    000000e8     libc.a : memory.c.obj (.text.free)
                  00003fc4    000000e4     dl_mcan.o (.text.DL_MCAN_config)
                  000040a8    000000e0     protocol_config_mem_read_handler.o (.text._handle_read_request)
                  00004188    000000e0     libc.a : setvbuf.c.obj (.text.setvbuf)
                  00004268    000000dc     dl_mcan.o (.text.DL_MCAN_init)
                  00004344    000000dc     dl_sysctl_mspm0g1x0x_g3x0x.o (.text.DL_SYSCTL_configSYSPLL)
                  00004420    000000dc     dependency_injection.o (.text.DependencyInjection_initialize)
                  000044fc    000000dc     protocol_config_mem_operations_handler.o (.text.ProtocolConfigMemOperationsHandler_request_get_address_space_info)
                  000045d8    000000d8     dl_mcan.o (.text.DL_MCAN_setBitTime)
                  000046b0    000000d4     can_buffer_store.o (.text.CanBufferStore_allocate_buffer)
                  00004784    000000d0     openlcb_login_statemachine_handler.o (.text.OpenLcbLoginMessageHandler_load_producer_event)
                  00004854    000000d0     protocol_config_mem_operations_handler.o (.text.ProtocolConfigMemOperationsHandler_request_reserve_lock)
                  00004924    000000be     protocol_message_network.o (.text.ProtocolMessageNetwork_handle_verify_node_id_global)
                  000049e2    00000002     startup_mspm0g350x_ticlang.o (.text.Default_Handler)
                  000049e4    000000bc     openlcb_node.o (.text.OpenLcbNode_100ms_timer_tick)
                  00004aa0    000000bc     protocol_datagram_handler.o (.text._handle_read_address_space_at_offset_6)
                  00004b5c    000000bc     protocol_datagram_handler.o (.text._handle_read_reply_fail_address_space_at_offset_6)
                  00004c18    000000bc     protocol_datagram_handler.o (.text._handle_read_reply_ok_address_space_at_offset_6)
                  00004cd4    000000bc     protocol_datagram_handler.o (.text._handle_read_stream_address_space_at_offset_6)
                  00004d90    000000b8     can_rx_message_handler.o (.text.CanRxMessageHandler_last_frame)
                  00004e48    000000b4     openlcb_login_statemachine_handler.o (.text.OpenLcbLoginMessageHandler_load_consumer_event)
                  00004efc    000000b4     protocol_datagram_handler.o (.text._handle_read_stream_reply_ok_address_space_at_offset_6)
                  00004fb0    000000b0     protocol_datagram_handler.o (.text._handle_write_stream_address_space_at_offset_6)
                  00005060    000000b0     protocol_datagram_handler.o (.text._handle_write_stream_reply_fail_address_space_at_offset_6)
                  00005110    000000b0     protocol_datagram_handler.o (.text._handle_write_stream_reply_ok_address_space_at_offset_6)
                  000051c0    000000a8     protocol_snip.o (.text.ProtocolSnip_load_user_description)
                  00005268    000000a8     protocol_snip.o (.text.ProtocolSnip_load_user_name)
                  00005310    000000a8     protocol_datagram_handler.o (.text._handle_read_stream_reply_fail_address_space_at_offset_6)
                  000053b8    000000a8     protocol_datagram_handler.o (.text._handle_write_address_space_at_offset_6)
                  00005460    000000a8     protocol_datagram_handler.o (.text._handle_write_reply_fail_address_space_at_offset_6)
                  00005508    000000a8     protocol_datagram_handler.o (.text._handle_write_reply_ok_address_space_at_offset_6)
                  000055b0    000000a4     protocol_event_transport.o (.text.ProtocolEventTransport_handle_producer_identify)
                  00005654    000000a2     libclang_rt.builtins.a : udivmoddi4.S.obj (.text)
                  000056f6    00000002     dependency_injectors.o (.text.DependencyInjectors_initialize)
                  000056f8    000000a0     alias_mappings.o (.text.AliasMappings_register)
                  00005798    0000009c     protocol_event_transport.o (.text.ProtocolEventTransport_handle_consumer_identify)
                  00005834    0000009c     libc.a : fputc.c.obj (.text.fputc)
                  000058d0    0000009a     protocol_message_network.o (.text.ProtocolMessageNetwork_handle_protocol_support_inquiry)
                  0000596a    0000009a     libc.a : memcpy16.S.obj (.text:memcpy)
                  00005a04    00000098     can_rx_message_handler.o (.text.CanRxMessageHandler_middle_frame)
                  00005a9c    00000098     can_tx_message_handler.o (.text.CanTxMessageHandler_addressed_msg_frame)
                  00005b34    00000094     openlcb_login_statemachine_handler.o (.text.OpenLcbLoginMessageHandler_load_initialization_complete)
                  00005bc8    00000092     can_utilities.o (.text.CanUtilities_count_nulls_in_payloads)
                  00005c5a    00000002     protocol_datagram_handler.o (.text.ProtocolDatagramHandler_100ms_timer_tick)
                  00005c5c    00000090     can_tx_message_handler.o (.text.CanTxMessageHandler_datagram_frame)
                  00005cec    00000090     protocol_config_mem_write_handler.o (.text._load_config_mem_reply_fail_message_header)
                  00005d7c    00000088     protocol_config_mem_read_handler.o (.text.ProtocolConfigMemReadHandler_read_request_acdi_manufacturer)
                  00005e04    00000088     ti_driverlib_can_driver.o (.text.TI_DriverLibCanDriver_transmit_can_frame)
                  00005e8c    00000004     can_tx_message_handler.o (.text.CanTxMessageHandler_stream_frame)
                  00005e90    00000088     libc.a : strcmp-armv6m.S.obj (.text:strcmp)
                  00005f18    00000084     openlcb_utilities.o (.text.OpenLcbUtilities_load_openlcb_message)
                  00005f9c    00000084     protocol_message_network.o (.text.ProtocolMessageNetwork_handle_verified_node_id)
                  00006020    00000080     protocol_config_mem_read_handler.o (.text._load_config_mem_reply_fail_message_header)
                  000060a0    00000080     protocol_config_mem_read_handler.o (.text._load_config_mem_reply_ok_message_header)
                  00006120    00000080     protocol_config_mem_write_handler.o (.text._load_config_mem_reply_ok_message_header)
                  000061a0    0000007e     openlcb_utilities.o (.text.OpenLcbUtilities_count_nulls_in_openlcb_payload)
                  0000621e    0000007c     protocol_snip.o (.text.ProtocolSnip_load_hardware_version)
                  0000629a    0000007c     protocol_snip.o (.text.ProtocolSnip_load_model)
                  00006316    0000007c     protocol_snip.o (.text.ProtocolSnip_load_software_version)
                  00006392    00000002     protocol_message_network.o (.text.ProtocolMessageNetwork_initialize)
                  00006394    0000007c     libc.a : fclose.c.obj (.text.__TI_closefile)
                  00006410    0000007c            : copy_decompress_lzss.c.obj (.text:decompress:lzss)
                  0000648c    00000078     can_login_statemachine.o (.text.CanLoginStateMachine_run)
                  00006504    00000076     protocol_snip.o (.text.ProtocolSnip_load_name)
                  0000657a    00000002     ti_driverlib_drivers.o (.text.TI_DriverLibDrivers_initialize)
                  0000657c    00000074     openlcb_node.o (.text.OpenLcbNode_find_by_alias)
                  000065f0    0000006c     can_tx_message_handler.o (.text.CanTxMessageHandler_unaddressed_msg_frame)
                  0000665c    0000006c     libsysbm.a : hostlseek.c.obj (.text.HOSTlseek)
                  000066c8    0000006c                : hostrename.c.obj (.text.HOSTrename)
                  00006734    0000006c     openlcb_utilities.o (.text.OpenLcbUtilities_clear_openlcb_message_payload)
                  000067a0    0000006c     protocol_config_mem_read_handler.o (.text.ProtocolConfigMemReadHandler_read_request_acdi_user)
                  0000680c    0000006c     protocol_datagram_handler.o (.text.ProtocolDatagramHandler_datagram_rejected)
                  00006878    0000006c     libc.a : fseek.c.obj (.text.fseeko)
                  000068e4    0000006c            : getdevice.c.obj (.text.getdevice)
                  00006950    00000068     openlcb_buffer_list.o (.text.OpenLcbBufferList_find)
                  000069b8    00000068     basic_node.o (.text.main)
                  00006a20    00000064     dl_sysctl_mspm0g1x0x_g3x0x.o (.text.DL_SYSCTL_setHFCLKSourceHFXTParams)
                  00006a84    00000064     protocol_config_mem_operations_handler.o (.text.ProtocolConfigMemOperationsHandler_factory_reset)
                  00006ae8    00000064     protocol_config_mem_operations_handler.o (.text.ProtocolConfigMemOperationsHandler_get_unique_id)
                  00006b4c    00000064     protocol_config_mem_operations_handler.o (.text.ProtocolConfigMemOperationsHandler_get_unique_id_reply)
                  00006bb0    00000064     protocol_config_mem_operations_handler.o (.text.ProtocolConfigMemOperationsHandler_options_cmd)
                  00006c14    00000064     protocol_config_mem_operations_handler.o (.text.ProtocolConfigMemOperationsHandler_options_reply)
                  00006c78    00000064     protocol_config_mem_operations_handler.o (.text.ProtocolConfigMemOperationsHandler_reserve_lock)
                  00006cdc    00000064     protocol_config_mem_operations_handler.o (.text.ProtocolConfigMemOperationsHandler_reserve_lock_reply)
                  00006d40    00000064     protocol_config_mem_operations_handler.o (.text.ProtocolConfigMemOperationsHandler_reset_reboot)
                  00006da4    00000064     protocol_config_mem_operations_handler.o (.text.ProtocolConfigMemOperationsHandler_update_complete)
                  00006e08    00000064     protocol_config_mem_write_handler.o (.text.ProtocolConfigMemWriteHandler_write_request_acdi_user)
                  00006e6c    00000064     libc.a : _io_perm.c.obj (.text.__TI_wrt_ok)
                  00006ed0    00000064            : memory.c.obj (.text.split)
                  00006f34    00000062            : memset16.S.obj (.text:memset)
                  00006f96    00000002     libclang_rt.builtins.a : aeabi_div0.c.obj (.text.__aeabi_idiv0)
                  00006f98    00000060     can_login_message_handler.o (.text.CanLoginMessageHandler_state_load_amd)
                  00006ff8    00000060     libsysbm.a : hostopen.c.obj (.text.HOSTopen)
                  00007058    00000060     openlcb_utilities.o (.text.OpenLcbUtilities_copy_event_id_to_openlcb_payload)
                  000070b8    0000005c     can_rx_message_handler.o (.text.CanRxMessageHandler_can_legacy_snip)
                  00007114    0000005c     can_rx_message_handler.o (.text.CanRxMessageHandler_single_frame)
                  00007170    0000005c     openlcb_main_statemachine.o (.text.OpenLcbMainStatemachine_handle_try_enumerate_first_node)
                  000071cc    0000005c     openlcb_main_statemachine.o (.text.OpenLcbMainStatemachine_handle_try_enumerate_next_node)
                  00007228    0000005c     openlcb_utilities.o (.text.OpenLcbUtilities_copy_string_to_openlcb_payload)
                  00007284    0000005c     openlcb_utilities.o (.text.OpenLcbUtilities_is_producer_event_assigned_to_node)
                  000072e0    0000005c     libc.a : printf.c.obj (.text.printf)
                  0000733c    00000058     can_login_message_handler.o (.text.CanLoginMessageHandler_state_generate_seed)
                  00007394    00000058     can_main_statemachine.o (.text.CanMainStatemachine_handle_outgoing_can_message)
                  000073ec    00000058     can_rx_message_handler.o (.text.CanRxMessageHandler_amd_frame)
                  00007444    00000058     can_rx_message_handler.o (.text.CanRxMessageHandler_amr_frame)
                  0000749c    00000058     can_rx_message_handler.o (.text.CanRxMessageHandler_error_info_report_frame)
                  000074f4    00000058     can_rx_message_handler.o (.text.CanRxMessageHandler_rid_frame)
                  0000754c    00000058     libsysbm.a : hostread.c.obj (.text.HOSTread)
                  000075a4    00000058                : hostwrite.c.obj (.text.HOSTwrite)
                  000075fc    00000058     openlcb_utilities.o (.text.OpenLcbUtilities_is_consumer_event_assigned_to_node)
                  00007654    00000058     protocol_message_network.o (.text.ProtocolMessageNetwork_handle_verify_node_id_addressed)
                  000076ac    00000058     ti_msp_dl_config.o (.text.SYSCFG_DL_SYSCTL_init)
                  00007704    00000054     alias_mappings.o (.text.AliasMappings_unregister)
                  00007758    00000054     can_login_message_handler.o (.text.CanLoginMessageHandler_state_generate_alias)
                  000077ac    00000054     openlcb_utilities.o (.text.OpenLcbUtilities_copy_node_id_to_openlcb_payload)
                  00007800    00000054     protocol_config_mem_read_handler.o (.text.ProtocolConfigMemReadHandler_read_request_config_mem)
                  00007854    00000052     libc.a : fflush.c.obj (.text.__TI_doflush)
                  000078a6    00000002     libclang_rt.builtins.a : aeabi_div0.c.obj (.text.__aeabi_ldiv0)
                  000078a8    00000050     can_utilities.o (.text.CanUtilities_convert_can_mti_to_openlcb_mti)
                  000078f8    00000050     openlcb_main_statemachine.o (.text.OpenLcbMainStatemachine_load_interaction_rejected)
                  00007948    00000050     protocol_config_mem_write_handler.o (.text.ProtocolConfigMemWriteHandler_write_request_config_mem)
                  00007998    00000050     protocol_datagram_handler.o (.text.ProtocolDatagramHandler_datagram_received_ok)
                  000079e8    00000050     protocol_datagram_handler.o (.text._handle_subcommand)
                  00007a38    00000050     libsysbm.a : close.c.obj (.text.close)
                  00007a88    0000004c     alias_mappings.o (.text.AliasMappings_find_mapping_by_node_id)
                  00007ad4    0000004c     alias_mappings.o (.text.AliasMappings_initialize)
                  00007b20    0000004c     can_utilities.o (.text.CanUtilities_append_can_payload_to_openlcb_payload)
                  00007b6c    00000048     libsysbm.a : hostclose.c.obj (.text.HOSTclose)
                  00007bb4    00000048                : hostunlink.c.obj (.text.HOSTunlink)
                  00007bfc    00000048     protocol_event_transport.o (.text.ProtocolEventTransport_handle_pc_event_report_with_payload)
                  00007c44    00000044     dl_mcan.o (.text.DL_MCAN_getRevisionId)
                  00007c88    00000044     dl_sysctl_mspm0g1x0x_g3x0x.o (.text.DL_SYSCTL_switchMCLKfromSYSOSCtoHSCLK)
                  00007ccc    00000044     openlcb_main_statemachine.o (.text.OpenLcbMainStatemachine_does_node_process_msg)
                  00007d10    00000044     openlcb_main_statemachine.o (.text.OpenLcbMainStatemachine_initialize)
                  00007d54    00000044     openlcb_utilities.o (.text.OpenLcbUtilities_copy_byte_array_to_openlcb_payload)
                  00007d98    00000044     protocol_datagram_handler.o (.text.ProtocolDatagramHandler_load_datagram_rejected_message)
                  00007ddc    00000040     can_login_message_handler.o (.text.CanLoginMessageHandler_state_load_cid06)
                  00007e1c    00000040     dl_mcan.o (.text.DL_MCAN_writeRxFIFOAck)
                  00007e5c    00000040     openlcb_buffer_list.o (.text.OpenLcbBufferList_release)
                  00007e9c    00000040     ti_msp_dl_config.o (.text.SYSCFG_DL_GPIO_init)
                  00007edc    00000040     libclang_rt.builtins.a : aeabi_uidivmod.S.obj (.text.__aeabi_uidivmod)
                  00007f1c    00000040     libc.a : atoi.c.obj (.text.atoi)
                  00007f5c    0000003c     can_login_message_handler.o (.text.CanLoginMessageHandler_state_load_cid04)
                  00007f98    0000003c     can_main_statemachine.o (.text.CanMainStatemachine_handle_try_enumerate_first_node)
                  00007fd4    0000003c     can_main_statemachine.o (.text.CanMainStatemachine_handle_try_enumerate_next_node)
                  00008010    0000003c     openlcb_buffer_list.o (.text.OpenLcbBufferList_add)
                  0000804c    0000003c     openlcb_buffer_store.o (.text.OpenLcbBufferStore_free_buffer)
                  00008088    0000003c     openlcb_login_statemachine.o (.text.OpenLcbLoginStatemachine_handle_try_enumerate_first_node)
                  000080c4    0000003c     openlcb_login_statemachine.o (.text.OpenLcbLoginStatemachine_handle_try_enumerate_next_node)
                  00008100    0000003c     libc.a : autoinit.c.obj (.text:__TI_auto_init_nobinit_nopinit)
                  0000813c    0000003a     libclang_rt.builtins.a : muldsi3.S.obj (.text.__muldsi3)
                  00008176    00000002     libc.a : _lock.c.obj (.text._nop)
                  00008178    00000038     alias_mappings.o (.text.AliasMappings_find_mapping_by_alias)
                  000081b0    00000038     can_login_message_handler.o (.text.CanLoginMessageHandler_state_load_cid05)
                  000081e8    00000038     can_login_message_handler.o (.text.CanLoginMessageHandler_state_load_cid07)
                  00008220    00000038     can_main_statemachine.o (.text.CanMainStateMachine_run)
                  00008258    00000038     can_utilities.o (.text.CanUtilities_extract_dest_alias_from_can_message)
                  00008290    00000038     dl_mcan.o (.text.DL_MCAN_getRxFIFOStatus)
                  000082c8    00000038     openlcb_login_statemachine.o (.text.OpenLcbLoginStateMachine_initialize)
                  00008300    00000038     openlcb_main_statemachine.o (.text.OpenLcbMainStatemachine_run)
                  00008338    00000038     libc.a : sprintf.c.obj (.text.sprintf)
                  00008370    00000034     can_main_statemachine.o (.text.CanMainStatemachine_initialize)
                  000083a4    00000034     can_rx_message_handler.o (.text.CanRxMessageHandler_cid_frame)
                  000083d8    00000034     dl_mcan.o (.text.DL_MCAN_TXBufAddReq)
                  0000840c    00000034     dl_mcan.o (.text.DL_MCAN_setExtIDAndMask)
                  00008440    00000034     openlcb_login_statemachine.o (.text.OpenLcbLoginStateMachine_process)
                  00008474    00000034     openlcb_main_statemachine.o (.text.OpenLcbMainStatemachine_handle_try_pop_next_incoming_openlcb_message)
                  000084a8    00000034     protocol_event_transport.o (.text.ProtocolEventTransport_handle_consumer_identified_clear)
                  000084dc    00000034     protocol_event_transport.o (.text.ProtocolEventTransport_handle_consumer_identified_reserved)
                  00008510    00000034     protocol_event_transport.o (.text.ProtocolEventTransport_handle_consumer_identified_set)
                  00008544    00000034     protocol_event_transport.o (.text.ProtocolEventTransport_handle_consumer_identified_unknown)
                  00008578    00000034     protocol_event_transport.o (.text.ProtocolEventTransport_handle_consumer_range_identified)
                  000085ac    00000034     protocol_event_transport.o (.text.ProtocolEventTransport_handle_event_learn)
                  000085e0    00000034     protocol_event_transport.o (.text.ProtocolEventTransport_handle_pc_event_report)
                  00008614    00000034     protocol_event_transport.o (.text.ProtocolEventTransport_handle_producer_identified_clear)
                  00008648    00000034     protocol_event_transport.o (.text.ProtocolEventTransport_handle_producer_identified_reserved)
                  0000867c    00000034     protocol_event_transport.o (.text.ProtocolEventTransport_handle_producer_identified_set)
                  000086b0    00000034     protocol_event_transport.o (.text.ProtocolEventTransport_handle_producer_identified_unknown)
                  000086e4    00000034     protocol_event_transport.o (.text.ProtocolEventTransport_handle_producer_range_identified)
                  00008718    00000034     ti_msp_dl_config.o (.text.SYSCFG_DL_initPower)
                  0000874c    00000034     libc.a : fopen.c.obj (.text.__TI_cleanup)
                  00008780    00000034     libsysbm.a : trgmsg.c.obj (.text.__TI_readmsg)
                  000087b4    00000034                : trgmsg.c.obj (.text.__TI_writemsg)
                  000087e8    00000034     libc.a : exit.c.obj (.text.exit)
                  0000881c    00000034            : getdevice.c.obj (.text.finddevice)
                  00008850    00000030     can_buffer_fifo.o (.text.CanBufferFifo_pop)
                  00008880    00000030     can_buffer_fifo.o (.text.CanBufferFifo_push)
                  000088b0    00000030     can_main_statemachine.o (.text.CanMainStatemachine_handle_login_outgoing_can_message)
                  000088e0    00000030     openlcb_buffer_fifo.o (.text.OpenLcbBufferFifo_push)
                  00008910    00000030     openlcb_buffer_fifo.o (.text.OpenLcbBufferFifo_push_existing)
                  00008940    00000030     openlcb_login_statemachine.o (.text.OpenLcbLoginMainStatemachine_run)
                  00008970    00000030     openlcb_login_statemachine.o (.text.OpenLcbLoginStatemachine_handle_outgoing_openlcb_message)
                  000089a0    00000030     openlcb_main_statemachine.o (.text.OpenLcbMainStatemachine_handle_outgoing_openlcb_message)
                  000089d0    00000030     openlcb_node.o (.text.OpenLcbNode_get_next)
                  00008a00    00000030     ti_msp_dl_config.o (.text.SYSCFG_DL_SYSTICK_init)
                  00008a30    00000030     ti_driverlib_drivers.o (.text.TI_DriverLibDrivers_config_mem_read)
                  00008a60    0000002c     can_login_message_handler.o (.text.CanLoginMessageHandler_state_load_rid)
                  00008a8c    0000002c     can_utilities.o (.text.CanUtilities_copy_node_id_to_payload)
                  00008ab8    0000002c     dl_mcan.o (.text.DL_MCAN_TXBufTransIntrEnable)
                  00008ae4    0000002c     dl_mcan.o (.text.DL_MCAN_addExtMsgIDFilter)
                  00008b10    0000002c     dependency_injectors.o (.text.DependencyInjectors_on_can_rx_callback)
                  00008b3c    0000002c     dependency_injectors.o (.text.DependencyInjectors_on_can_tx_callback)
                  00008b68    0000002c     openlcb_buffer_fifo.o (.text.OpenLcbBufferFifo_pop)
                  00008b94    0000002c     openlcb_utilities.o (.text.OpenLcbUtilities_extract_event_id_from_openlcb_payload)
                  00008bc0    0000002c     protocol_config_mem_read_handler.o (.text.ProtocolConfigMemReadHandler_read_request_config_definition_info)
                  00008bec    0000002c     protocol_config_mem_read_handler.o (.text.ProtocolConfigMemReadHandler_read_space_acdi_manufacturer)
                  00008c18    0000002c     protocol_config_mem_read_handler.o (.text.ProtocolConfigMemReadHandler_read_space_acdi_user)
                  00008c44    0000002c     protocol_config_mem_read_handler.o (.text.ProtocolConfigMemReadHandler_read_space_all)
                  00008c70    0000002c     protocol_config_mem_read_handler.o (.text.ProtocolConfigMemReadHandler_read_space_config_description_info)
                  00008c9c    0000002c     protocol_config_mem_read_handler.o (.text.ProtocolConfigMemReadHandler_read_space_config_memory)
                  00008cc8    0000002c     protocol_config_mem_read_handler.o (.text.ProtocolConfigMemReadHandler_read_space_traction_function_config_memory)
                  00008cf4    0000002c     protocol_config_mem_read_handler.o (.text.ProtocolConfigMemReadHandler_read_space_traction_function_definition_info)
                  00008d20    0000002c     protocol_config_mem_write_handler.o (.text.ProtocolConfigMemWriteHandler_write_space_acdi_manufacturer)
                  00008d4c    0000002c     protocol_config_mem_write_handler.o (.text.ProtocolConfigMemWriteHandler_write_space_acdi_user)
                  00008d78    0000002c     protocol_config_mem_write_handler.o (.text.ProtocolConfigMemWriteHandler_write_space_all)
                  00008da4    0000002c     protocol_config_mem_write_handler.o (.text.ProtocolConfigMemWriteHandler_write_space_config_description_info)
                  00008dd0    0000002c     protocol_config_mem_write_handler.o (.text.ProtocolConfigMemWriteHandler_write_space_config_memory)
                  00008dfc    0000002c     protocol_config_mem_write_handler.o (.text.ProtocolConfigMemWriteHandler_write_space_traction_function_config_memory)
                  00008e28    0000002c     protocol_config_mem_write_handler.o (.text.ProtocolConfigMemWriteHandler_write_space_traction_function_definition_info)
                  00008e54    0000002c     libsysbm.a : unlink.c.obj (.text.unlink)
                  00008e80    00000028     can_tx_message_handler.o (.text.CanTxMessageHandler_can_frame)
                  00008ea8    00000028     openlcb_login_statemachine.o (.text.OpenLcbLoginStatemachine_handle_try_reenumerate)
                  00008ed0    00000028     openlcb_node.o (.text.OpenLcbNode_get_first)
                  00008ef8    00000028     ti_driverlib_can_driver.o (.text.TI_DriverLibCanDriver_is_can_tx_buffer_clear)
                  00008f20    00000028     libc.a : memory.c.obj (.text.free_list_insert)
                  00008f48    00000028     libsysbm.a : lseek.c.obj (.text.lseek)
                  00008f70    00000028                : write.c.obj (.text.write)
                  00008f98    00000028     libc.a : boot_cortex_m.c.obj (.text:_c_int00_noargs)
                  00008fc0    00000026     openlcb_utilities.o (.text.OpenLcbUtilities_copy_dword_to_openlcb_payload)
                  00008fe6    00000002     --HOLE-- [fill = 0]
                  00008fe8    00000024     dl_mcan.o (.text.DL_MCAN_setClockConfig)
                  0000900c    00000024     dependency_injectors.o (.text.DependencyInjectors_alias_change_callback)
                  00009030    00000024     dependency_injectors.o (.text.DependencyInjectors_on_100ms_timer_callback)
                  00009054    00000024     openlcb_main_statemachine.o (.text.OpenLcbMainStatemachine_handle_try_reenumerate)
                  00009078    00000024     openlcb_utilities.o (.text.OpenLcbUtilities_calculate_memory_offset_into_node_space)
                  0000909c    00000024     protocol_event_transport.o (.text.ProtocolEventTransport_extract_producer_event_status_mti)
                  000090c0    00000024     protocol_snip.o (.text.ProtocolSnip_load_user_version_id)
                  000090e4    00000024     libclang_rt.builtins.a : muldi3.S.obj (.text.__muldi3)
                  00009108    00000024     libc.a : fputs.c.obj (.text.puts)
                  0000912c    00000022     openlcb_utilities.o (.text.OpenLcbUtilities_extract_node_id_from_openlcb_payload)
                  0000914e    00000022     protocol_event_transport.o (.text.ProtocolEventTransport_handle_events_identify_dest)
                  00009170    00000022     protocol_snip.o (.text.ProtocolSnip_load_manufacturer_version_id)
                  00009192    00000022     libc.a : memccpy.c.obj (.text.memccpy)
                  000091b4    00000020     openlcb_utilities.o (.text.OpenLcbUtilities_is_addressed_message_for_node)
                  000091d4    00000020     protocol_event_transport.o (.text.ProtocolEventTransport_extract_consumer_event_status_mti)
                  000091f4    00000020     protocol_snip.o (.text.ProtocolSnip_write_user_description)
                  00009214    0000001e     can_utilities.o (.text.CanUtilities_extract_can_payload_as_node_id)
                  00009232    00000002     --HOLE-- [fill = 0]
                  00009234    0000001e     libclang_rt.builtins.a : ashldi3.S.obj (.text.__ashldi3)
                  00009252    00000002     --HOLE-- [fill = 0]
                  00009254    0000001c     can_buffer_store.o (.text.CanBufferStore_free_buffer)
                  00009270    0000001c     can_login_message_handler.o (.text.CanLoginMessageHandler_state_wait_200ms)
                  0000928c    0000001c     dl_mcan.o (.text.DL_MCAN_enableIntr)
                  000092a8    0000001c     dl_mcan.o (.text.DL_MCAN_enableIntrLine)
                  000092c4    0000001c     dl_mcan.o (.text.DL_MCAN_selectIntrLine)
                  000092e0    0000001c     dependency_injectors.o (.text.DependencyInjectors_operations_request_factory_reset)
                  000092fc    0000001c     openlcb_utilities.o (.text.OpenLcbUtilities_clear_openlcb_message)
                  00009318    0000001c     protocol_snip.o (.text.ProtocolSnip_write_user_name)
                  00009334    0000001c     libc.a : memory.c.obj (.text.free_list_remove)
                  00009350    0000001a     openlcb_utilities.o (.text.OpenLcbUtilities_extract_dword_from_openlcb_payload)
                  0000936a    00000018     can_login_message_handler.o (.text.CanLoginMessageHandler_state_init)
                  00009382    00000018     can_utilities.o (.text.CanUtilities_copy_node_id_to_can_payload_buffer)
                  0000939a    00000002     --HOLE-- [fill = 0]
                  0000939c    00000018     dl_mcan.o (.text.DL_MCAN_setOpMode)
                  000093b4    00000018     ti_msp_dl_config.o (.text.SYSCFG_DL_init)
                  000093cc    00000018     ti_driverlib_drivers.o (.text.TI_DriverLibDrivers_lock_shared_resources)
                  000093e4    00000018     ti_driverlib_drivers.o (.text.TI_DriverLibDrivers_unlock_shared_resources)
                  000093fc    00000018     libc.a : sprintf.c.obj (.text._outs)
                  00009414    00000016     openlcb_utilities.o (.text.OpenLcbUtilities_copy_word_to_openlcb_payload)
                  0000942a    00000002     --HOLE-- [fill = 0]
                  0000942c    00000014     dl_mcan.o (.text.DL_MCAN_clearIntrStatus)
                  00009440    00000014     openlcb_utilities.o (.text.OpenLcbUtilities_payload_type_to_len)
                  00009454    00000014     ti_driverlib_can_driver.o (.text.TI_DriverLibCanDriver_pause_can_rx)
                  00009468    00000014     ti_driverlib_drivers.o (.text.TI_DriverLibDrivers_reboot)
                  0000947c    00000014     libclang_rt.builtins.a : aeabi_uldivmod.S.obj (.text.__aeabi_uldivmod)
                  00009490    00000012     can_utilities.o (.text.CanUtilities_clear_can_message)
                  000094a2    00000012     libc.a : copy_decompress_none.c.obj (.text:decompress:none)
                  000094b4    00000010     alias_mappings.o (.text.AliasMappings_set_has_duplicate_alias_flag)
                  000094c4    00000010     can_buffer_fifo.o (.text.CanBufferFifo_initialize)
                  000094d4    00000010     can_tx_statemachine.o (.text.CanTxStatemachine_send_can_message)
                  000094e4    00000010     dl_mcan.o (.text.DL_MCAN_getOpMode)
                  000094f4    00000010     dl_mcan.o (.text.DL_MCAN_isMemInitDone)
                  00009504    00000010     openlcb_buffer_fifo.o (.text.OpenLcbBufferFifo_initialize)
                  00009514    00000010     openlcb_buffer_list.o (.text.OpenLcbBufferList_initialize)
                  00009524    00000010     openlcb_utilities.o (.text.OpenLcbUtilities_extract_word_from_openlcb_payload)
                  00009534    00000010     libc.a : wcslen.c.obj (.text.wcslen)
                  00009544    00000010            : copy_zero_init.c.obj (.text:decompress:ZI)
                  00009554    0000000e            : memory.c.obj (.text.OUTLINED_FUNCTION_0)
                  00009562    00000002     --HOLE-- [fill = 0]
                  00009564    0000000e     libclang_rt.builtins.a : aeabi_memset.S.obj (.text.__aeabi_memset)
                  00009572    0000000e     libsysbm.a : hostrename.c.obj (.text.strcpy)
                  00009580    0000000e     libc.a : _printfi.c.obj (.text.strlen)
                  0000958e    0000000e     libsysbm.a : hostrename.c.obj (.text.strlen)
                  0000959c    0000000c     can_login_message_handler.o (.text.CanLoginMessageHandler_initialize)
                  000095a8    0000000c     can_login_statemachine.o (.text.CanLoginStateMachine_initialize)
                  000095b4    0000000c     can_rx_message_handler.o (.text.CanRxMessageHandler_initialize)
                  000095c0    0000000c     can_rx_statemachine.o (.text.CanRxStatemachine_initialize)
                  000095cc    0000000c     can_tx_message_handler.o (.text.CanTxMessageHandler_initialize)
                  000095d8    0000000c     can_tx_statemachine.o (.text.CanTxStatemachine_initialize)
                  000095e4    0000000c     can_utilities.o (.text.CanUtilities_extract_source_alias_from_can_identifier)
                  000095f0    0000000c     dl_mcan.o (.text.DL_MCAN_getIntrStatus)
                  000095fc    0000000c     openlcb_application.o (.text.OpenLcbApplication_initialize)
                  00009608    0000000c     openlcb_login_statemachine_handler.o (.text.OpenLcbLoginMessageHandler_initialize)
                  00009614    0000000c     openlcb_utilities.o (.text.OpenLcbUtilities_copy_byte_to_openlcb_payload)
                  00009620    0000000c     openlcb_utilities.o (.text.OpenLcbUtilities_set_multi_frame_flag)
                  0000962c    0000000c     protocol_config_mem_operations_handler.o (.text.ProtocolConfigMemOperationsHandler_initialize)
                  00009638    0000000c     protocol_config_mem_read_handler.o (.text.ProtocolConfigMemReadHandler_initialize)
                  00009644    0000000c     protocol_config_mem_write_handler.o (.text.ProtocolConfigMemWriteHandler_initialize)
                  00009650    0000000c     protocol_datagram_handler.o (.text.ProtocolDatagramHandler_initialize)
                  0000965c    0000000c     protocol_event_transport.o (.text.ProtocolEventTransport_initialize)
                  00009668    0000000c     protocol_snip.o (.text.ProtocolSnip_initialize)
                  00009674    0000000c     ti_driverlib_drivers.o (.text.SysTick_Handler)
                  00009680    0000000c     ti_driverlib_can_driver.o (.text.TI_DriverLibCanDriver_initialize)
                  0000968c    0000000c     ti_driverlib_can_driver.o (.text.TI_DriverLibCanDriver_resume_can_rx)
                  00009698    0000000c     libclang_rt.builtins.a : aeabi_memset.S.obj (.text.__aeabi_memclr)
                  000096a4    0000000c     libc.a : memory.c.obj (.text.malloc)
                  000096b0    0000000a     can_utilities.o (.text.CanUtilities_is_openlcb_message)
                  000096ba    0000000a     dl_common.o (.text.DL_Common_delayCycles)
                  000096c4    0000000a     openlcb_utilities.o (.text.OpenLcbUtilities_is_addressed_openlcb_message)
                  000096ce    0000000a     protocol_message_network.o (.text.ProtocolMessageNetwork_handle_initialization_complete)
                  000096d8    0000000a     protocol_message_network.o (.text.ProtocolMessageNetwork_handle_initialization_complete_simple)
                  000096e2    0000000a     protocol_message_network.o (.text.ProtocolMessageNetwork_handle_optional_interaction_rejected)
                  000096ec    0000000a     protocol_message_network.o (.text.ProtocolMessageNetwork_handle_protocol_support_reply)
                  000096f6    0000000a     protocol_message_network.o (.text.ProtocolMessageNetwork_handle_terminate_due_to_error)
                  00009700    0000000a     protocol_snip.o (.text.ProtocolSnip_handle_simple_node_info_reply)
                  0000970a    0000000a     libc.a : sprintf.c.obj (.text._outc)
                  00009714    00000008     alias_mappings.o (.text.AliasMappings_get_alias_mapping_info)
                  0000971c    00000008     libc.a : aeabi_portable.c.obj (.text.__aeabi_errno_addr)
                  00009724    00000008     libclang_rt.builtins.a : aeabi_memcpy.S.obj (.text.__aeabi_memcpy)
                  0000972c    00000008     libc.a : printf.c.obj (.text._outc)
                  00009734    00000008            : printf.c.obj (.text._outs)
                  0000973c    00000008            : fseek.c.obj (.text.fseek)
                  00009744    00000008     libsysbm.a : remove.c.obj (.text.remove)
                  0000974c    00000006     libc.a : exit.c.obj (.text:abort)
                  00009752    00000004     libsysbm.a : hostexit.c.obj (.text.HOSTexit)
                  00009756    00000004     startup_mspm0g350x_ticlang.o (.text.Reset_Handler)
                  0000975a    00000004     ti_driverlib_drivers.o (.text.TI_DriverLibDrivers_config_mem_write)
                  0000975e    00000004     libc.a : pre_init.c.obj (.text._system_pre_init)
                  00009762    0000000e     --HOLE-- [fill = 0]

.cinit     0    0000f4c0    00000088     
                  0000f4c0    00000063     (.cinit..data.load) [load image, compression = lzss]
                  0000f523    00000001     --HOLE-- [fill = 0]
                  0000f524    0000000c     (__TI_handler_table)
                  0000f530    00000008     (.cinit..bss.load) [load image, compression = zero_init]
                  0000f538    00000010     (__TI_cinit_table)

.rodata    0    00009770    00005d50     
                  00009770    00005518     node_parameters.o (.rodata.NodeParameters_main_node)
                  0000ec88    000001b8     dependency_injection.o (.rodata.interface_protocol_datagram_handler)
                  0000ee40    00000101     libc.a : aeabi_ctype.S.obj (.rodata:__aeabi_ctype_table_)
                  0000ef41    00000002            : fputs.c.obj (.rodata.str1.16607721268415185390.1)
                  0000ef43    00000001     --HOLE-- [fill = 0]
                  0000ef44    000000d4     dependency_injection.o (.rodata.interface_openlcb_main_statemachine)
                  0000f018    00000060     ti_msp_dl_config.o (.rodata.gMCAN0MsgRAMConfigParams)
                  0000f078    0000004c     dependency_injection.o (.rodata.interface_protocol_config_mem_read_handler)
                  0000f0c4    00000040     dl_mcan.o (.rodata..L__const.DL_MCAN_getDataSize.dataSize)
                  0000f104    00000040     dependency_injection.o (.rodata.interface_protocol_config_mem_operations_handler)
                  0000f144    00000038     dependency_injection.o (.rodata.interface_can_main_statemachine)
                  0000f17c    00000038     dependency_injection.o (.rodata.interface_can_rx_statemachine)
                  0000f1b4    00000034     ti_msp_dl_config.o (.rodata.gMCAN0InitParams)
                  0000f1e8    00000034     dependency_injection.o (.rodata.interface_openlcb_protocol_event_transport)
                  0000f21c    00000034     dependency_injection.o (.rodata.interface_protocol_config_mem_write_handler)
                  0000f250    0000002c     ti_msp_dl_config.o (.rodata.gMCAN0ConfigParams)
                  0000f27c    0000002c     dependency_injection.o (.rodata.interface_openlcb_login_state_machine)
                  0000f2a8    00000028     ti_msp_dl_config.o (.rodata.gSYSPLLConfig)
                  0000f2d0    00000028     dependency_injection.o (.rodata.interface_can_login_state_machine)
                  0000f2f8    00000022     dependency_injectors.o (.rodata.str1.14083838349521578395.1)
                  0000f31a    00000002     --HOLE-- [fill = 0]
                  0000f31c    00000020     openlcb_buffer_store.o (.rodata.cst16)
                  0000f33c    00000020     openlcb_utilities.o (.rodata.cst16)
                  0000f35c    00000020     dl_mcan.o (.rodata.cst32)
                  0000f37c    00000020     ti_msp_dl_config.o (.rodata.gMCAN0BitTimes)
                  0000f39c    0000001b     dependency_injectors.o (.rodata.str1.2955829858764333516.1)
                  0000f3b7    00000001     --HOLE-- [fill = 0]
                  0000f3b8    00000018     dependency_injection.o (.rodata.interface_can_rx_message_handler)
                  0000f3d0    00000018     dependency_injection.o (.rodata.interface_can_tx_statemachine)
                  0000f3e8    00000014     ti_driverlib_drivers.o (.rodata.str1.8964333138500812083.4)
                  0000f3fc    00000013     dependency_injectors.o (.rodata.str1.14008188556915864533.1)
                  0000f40f    00000011     libc.a : _printfi.c.obj (.rodata.str1.10348868589481759720.1)
                  0000f420    00000011            : _printfi.c.obj (.rodata.str1.15363888844622738466.1)
                  0000f431    00000003     --HOLE-- [fill = 0]
                  0000f434    00000010     openlcb_buffer_store.o (.rodata..Lswitch.table.OpenLcbBufferStore_free_buffer)
                  0000f444    00000010     ti_msp_dl_config.o (.rodata.gMCAN0ExtFiltelem)
                  0000f454    0000000c     dependency_injection.o (.rodata.interface_can_login_message_handler)
                  0000f460    0000000c     dependency_injection.o (.rodata.interface_openlcb_application)
                  0000f46c    00000008     openlcb_utilities.o (.rodata.cst8)
                  0000f474    00000008     dependency_injection.o (.rodata.interface_can_tx_message_handler)
                  0000f47c    00000008     dependency_injection.o (.rodata.interface_openlcb_login_message_handler)
                  0000f484    00000008     dependency_injection.o (.rodata.interface_openlcb_protocol_snip)
                  0000f48c    00000008     dependency_injectors.o (.rodata.str1.10998125454392297904.1)
                  0000f494    00000008     dependency_injectors.o (.rodata.str1.1173991348031303245.1)
                  0000f49c    00000007     basic_node.o (.rodata.str1.6910159876656296677.1)
                  0000f4a3    00000006     openlcb_gridconnect.o (.rodata.str1.12664193696620260334.1)
                  0000f4a9    00000005     openlcb_gridconnect.o (.rodata.str1.8585830579133075644.1)
                  0000f4ae    00000004     ti_msp_dl_config.o (.rodata.gMCAN0ClockConf)
                  0000f4b2    00000002     --HOLE-- [fill = 0]
                  0000f4b4    00000004     dependency_injection.o (.rodata.interface_openlcb_node)
                  0000f4b8    00000008     --HOLE-- [fill = 0]

.init_array 
*          0    00000000    00000000     UNINITIALIZED

.binit     0    00000000    00000000     

.bss       0    20200000    00003050     UNINITIALIZED
                  20200000    00001968     openlcb_node.o (.bss._openlcb_nodes)
                  20201968    00000f88     openlcb_buffer_store.o (.bss._message_buffer)
                  202028f0    00000240     openlcb_main_statemachine.o (.bss._statemachine_info)
                  20202b30    00000120     libsysbm.a : trgmsg.c.obj (.bss:_CIOBUF_)
                  20202c50    000000c8     can_buffer_store.o (.bss._can_buffer_store)
                  20202d18    000000ac     (.common:openlcb_msg_buffer_fifo)
                  20202dc4    000000a4     openlcb_buffer_list.o (.bss._openlcb_msg_buffer_list)
                  20202e68    000000a0     libc.a : defs.c.obj (.bss.__TI_tmpnams)
                  20202f08    00000048     alias_mappings.o (.bss._alias_mapping_info)
                  20202f50    00000048     openlcb_login_statemachine.o (.bss._statemachine_info)
                  20202f98    00000030     can_buffer_fifo.o (.bss.can_msg_buffer_fifo)
                  20202fc8    00000014     can_main_statemachine.o (.bss._can_msg)
                  20202fdc    00000014     can_main_statemachine.o (.bss._can_statemachine_info)
                  20202ff0    00000008     openlcb_node.o (.bss._node_enum_index_array)
                  20202ff8    00000008     libsysbm.a : hostopen.c.obj (.bss.parmbuf)
                  20203000    00000004     can_login_message_handler.o (.bss._interface)
                  20203004    00000004     can_login_statemachine.o (.bss._interface)
                  20203008    00000004     can_main_statemachine.o (.bss._interface)
                  2020300c    00000004     can_rx_message_handler.o (.bss._interface)
                  20203010    00000004     can_rx_statemachine.o (.bss._interface)
                  20203014    00000004     can_tx_message_handler.o (.bss._interface)
                  20203018    00000004     can_tx_statemachine.o (.bss._interface)
                  2020301c    00000004     openlcb_application.o (.bss._interface)
                  20203020    00000004     openlcb_login_statemachine.o (.bss._interface)
                  20203024    00000004     openlcb_login_statemachine_handler.o (.bss._interface)
                  20203028    00000004     openlcb_main_statemachine.o (.bss._interface)
                  2020302c    00000004     openlcb_node.o (.bss._interface)
                  20203030    00000004     protocol_config_mem_operations_handler.o (.bss._interface)
                  20203034    00000004     protocol_config_mem_read_handler.o (.bss._interface)
                  20203038    00000004     protocol_config_mem_write_handler.o (.bss._interface)
                  2020303c    00000004     protocol_datagram_handler.o (.bss._interface)
                  20203040    00000004     protocol_event_transport.o (.bss._interface)
                  20203044    00000004     protocol_snip.o (.bss._interface)
                  20203048    00000004     libc.a : memory.c.obj (.bss.sys_free)
                  2020304c    00000002     can_buffer_store.o (.bss._can_buffer_store_message_allocated)
                  2020304e    00000002     can_buffer_store.o (.bss._can_buffer_store_message_max_allocated)

.sysmem    0    20203050    00000800     UNINITIALIZED
                  20203050    00000010     libc.a : memory.c.obj (.sysmem)
                  20203060    000007f0     --HOLE--

.data      0    20203850    000001e5     UNINITIALIZED
                  20203850    000000f0     libc.a : defs.c.obj (.data._ftable)
                  20203940    00000078     libsysbm.a : host_device.c.obj (.data._device)
                  202039b8    00000050                : host_device.c.obj (.data._stream)
                  20203a08    00000008     libc.a : exit.c.obj (.data..L_MergedGlobals)
                  20203a10    00000004            : defs.c.obj (.data.__TI_ft_end)
                  20203a14    00000004            : aeabi_portable.c.obj (.data.__aeabi_errno)
                  20203a18    00000004            : _lock.c.obj (.data._lock)
                  20203a1c    00000004            : _lock.c.obj (.data._unlock)
                  20203a20    00000002     dependency_injectors.o (.data._100ms_ticks)
                  20203a22    00000002     openlcb_buffer_store.o (.data._buffer_store_basic_max_messages_allocated)
                  20203a24    00000002     openlcb_buffer_store.o (.data._buffer_store_basic_messages_allocated)
                  20203a26    00000002     openlcb_buffer_store.o (.data._buffer_store_datagram_max_messages_allocated)
                  20203a28    00000002     openlcb_buffer_store.o (.data._buffer_store_datagram_messages_allocated)
                  20203a2a    00000002     openlcb_buffer_store.o (.data._buffer_store_snip_max_messages_allocated)
                  20203a2c    00000002     openlcb_buffer_store.o (.data._buffer_store_snip_messages_allocated)
                  20203a2e    00000002     openlcb_buffer_store.o (.data._buffer_store_stream_max_messages_allocated)
                  20203a30    00000002     openlcb_buffer_store.o (.data._buffer_store_stream_messages_allocated)
                  20203a32    00000001     ti_driverlib_can_driver.o (.data._is_transmitting)
                  20203a33    00000001     --HOLE--
                  20203a34    00000001     libc.a : memory.c.obj (.data.memory_is_initialized)

.stack     0    20207e00    00000200     UNINITIALIZED
                  20207e00    00000004     libc.a : boot_cortex_m.c.obj (.stack)
                  20207e04    000001fc     --HOLE--

__llvm_prf_cnts 
*          0    20200000    00000000     UNINITIALIZED

__llvm_prf_bits 
*          0    20200000    00000000     UNINITIALIZED

MODULE SUMMARY

       Module                                     code    ro data   rw data
       ------                                     ----    -------   -------
    ./
       node_parameters.o                          0       21784     0      
       dependency_injection.o                     220     1192      0      
       ti_driverlib_can_driver.o                  844     0         1      
       ti_msp_dl_config.o                         560     284       0      
       dependency_injectors.o                     190     96        2      
       startup_mspm0g350x_ticlang.o               6       192       0      
       ti_driverlib_drivers.o                     134     20        0      
       basic_node.o                               104     7         0      
    +--+------------------------------------------+-------+---------+---------+
       Total:                                     2058    23575     3      
                                                                           
    ./src/drivers/
       alias_mappings.o                           476     0         72     
    +--+------------------------------------------+-------+---------+---------+
       Total:                                     476     0         72     
                                                                           
    ./src/drivers/common/
       can_rx_message_handler.o                   1518    0         4      
       can_main_statemachine.o                    776     0         44     
       can_utilities.o                            750     0         0      
       can_buffer_store.o                         536     0         204    
       can_login_message_handler.o                612     0         4      
       can_rx_statemachine.o                      536     0         4      
       can_tx_message_handler.o                   460     0         4      
       can_tx_statemachine.o                      352     0         4      
       can_buffer_fifo.o                          112     0         48     
       can_login_statemachine.o                   132     0         4      
    +--+------------------------------------------+-------+---------+---------+
       Total:                                     5784    0         320    
                                                                           
    ./src/openlcb/
       openlcb_node.o                             3072    0         6516   
       openlcb_buffer_store.o                     696     48        3992   
       protocol_datagram_handler.o                3986    0         4      
       protocol_config_mem_operations_handler.o   2868    0         4      
       openlcb_main_statemachine.o                1500    0         580    
       protocol_snip.o                            1674    0         4      
       protocol_event_transport.o                 1490    0         4      
       openlcb_utilities.o                        1216    40        0      
       protocol_config_mem_read_handler.o         1172    0         4      
       protocol_config_mem_write_handler.o        1012    0         4      
       protocol_message_network.o                 616     0         0      
       openlcb_login_statemachine_handler.o       548     0         4      
       openlcb_login_statemachine.o               364     0         76     
       openlcb_buffer_list.o                      244     0         164    
       openlcb_gridconnect.o                      328     11        0      
       openlcb_buffer_fifo.o                      156     0         172    
       openlcb_application.o                      12      0         4      
    +--+------------------------------------------+-------+---------+---------+
       Total:                                     20954   99        11532  
                                                                           
    ./ti/driverlib/
       dl_mcan.o                                  2296    96        0      
       dl_common.o                                10      0         0      
    +--+------------------------------------------+-------+---------+---------+
       Total:                                     2306    96        0      
                                                                           
    ./ti/driverlib/m0p/sysctl/
       dl_sysctl_mspm0g1x0x_g3x0x.o               388     0         0      
    +--+------------------------------------------+-------+---------+---------+
       Total:                                     388     0         0      
                                                                           
    /Applications/TI/ccs2020/ccs/tools/compiler/ti-cgt-armllvm_4.0.3.LTS/lib/armv6m-ti-none-eabi/c/libc.a
       _printfi.c.obj                             2166    34        0      
       memory.c.obj                               702     0         5      
       defs.c.obj                                 0       0         404    
       fputs.c.obj                                284     2         0      
       aeabi_ctype.S.obj                          0       257       0      
       setvbuf.c.obj                              224     0         0      
       getdevice.c.obj                            160     0         0      
       fputc.c.obj                                156     0         0      
       memcpy16.S.obj                             154     0         0      
       strcmp-armv6m.S.obj                        136     0         0      
       copy_decompress_lzss.c.obj                 124     0         0      
       fclose.c.obj                               124     0         0      
       fseek.c.obj                                116     0         0      
       printf.c.obj                               108     0         0      
       _io_perm.c.obj                             100     0         0      
       memset16.S.obj                             98      0         0      
       sprintf.c.obj                              90      0         0      
       fflush.c.obj                               82      0         0      
       exit.c.obj                                 58      0         8      
       atoi.c.obj                                 64      0         0      
       autoinit.c.obj                             60      0         0      
       fopen.c.obj                                52      0         0      
       boot_cortex_m.c.obj                        40      0         0      
       memccpy.c.obj                              34      0         0      
       copy_decompress_none.c.obj                 18      0         0      
       copy_zero_init.c.obj                       16      0         0      
       wcslen.c.obj                               16      0         0      
       aeabi_portable.c.obj                       8       0         4      
       _lock.c.obj                                2       0         8      
       pre_init.c.obj                             4       0         0      
    +--+------------------------------------------+-------+---------+---------+
       Total:                                     5196    293       429    
                                                                           
    /Applications/TI/ccs2020/ccs/tools/compiler/ti-cgt-armllvm_4.0.3.LTS/lib/armv6m-ti-none-eabi/c/libsysbm.a
       trgmsg.c.obj                               104     0         288    
       host_device.c.obj                          0       0         200    
       hostrename.c.obj                           136     0         0      
       hostlseek.c.obj                            108     0         0      
       hostopen.c.obj                             96      0         8      
       hostread.c.obj                             88      0         0      
       hostwrite.c.obj                            88      0         0      
       close.c.obj                                80      0         0      
       hostclose.c.obj                            72      0         0      
       hostunlink.c.obj                           72      0         0      
       unlink.c.obj                               44      0         0      
       lseek.c.obj                                40      0         0      
       write.c.obj                                40      0         0      
       remove.c.obj                               8       0         0      
       hostexit.c.obj                             4       0         0      
    +--+------------------------------------------+-------+---------+---------+
       Total:                                     980     0         496    
                                                                           
    /Applications/TI/ccs2020/ccs/tools/compiler/ti-cgt-armllvm_4.0.3.LTS/lib/armv6m-ti-none-eabi/libclang_rt.builtins.a
       udivmoddi4.S.obj                           162     0         0      
       aeabi_uidivmod.S.obj                       64      0         0      
       muldsi3.S.obj                              58      0         0      
       muldi3.S.obj                               36      0         0      
       ashldi3.S.obj                              30      0         0      
       aeabi_memset.S.obj                         26      0         0      
       aeabi_uldivmod.S.obj                       20      0         0      
       aeabi_memcpy.S.obj                         8       0         0      
       aeabi_div0.c.obj                           4       0         0      
    +--+------------------------------------------+-------+---------+---------+
       Total:                                     408     0         0      
                                                                           
       Heap:                                      0       0         2048   
       Stack:                                     0       0         512    
       Linker Generated:                          0       135       0      
    +--+------------------------------------------+-------+---------+---------+
       Grand Total:                               38550   24198     15412  


LINKER GENERATED COPY TABLES

__TI_cinit_table @ 0000f538 records: 2, size/record: 8, table size: 16
	.data: load addr=0000f4c0, load size=00000063 bytes, run addr=20203850, run size=000001e5 bytes, compression=lzss
	.bss: load addr=0000f530, load size=00000008 bytes, run addr=20200000, run size=00003050 bytes, compression=zero_init


LINKER GENERATED HANDLER TABLE

__TI_handler_table @ 0000f524 records: 3, size/record: 4, table size: 12
	index: 0, handler: __TI_decompress_lzss
	index: 1, handler: __TI_decompress_none
	index: 2, handler: __TI_zero_init


GLOBAL SYMBOLS: SORTED ALPHABETICALLY BY Name 

address   name                                                                       
-------   ----                                                                       
000049e3  ADC0_IRQHandler                                                            
000049e3  ADC1_IRQHandler                                                            
000049e3  AES_IRQHandler                                                             
00008179  AliasMappings_find_mapping_by_alias                                        
00007a89  AliasMappings_find_mapping_by_node_id                                      
00009715  AliasMappings_get_alias_mapping_info                                       
00007ad5  AliasMappings_initialize                                                   
000056f9  AliasMappings_register                                                     
000094b5  AliasMappings_set_has_duplicate_alias_flag                                 
00007705  AliasMappings_unregister                                                   
00009752  C$$EXIT                                                                    
000087e1  C$$IO$$                                                                    
00001df1  CANFD0_IRQHandler                                                          
000094c5  CanBufferFifo_initialize                                                   
00008851  CanBufferFifo_pop                                                          
00008881  CanBufferFifo_push                                                         
000046b1  CanBufferStore_allocate_buffer                                             
00009255  CanBufferStore_free_buffer                                                 
00002cbd  CanBufferStore_initialize                                                  
0000959d  CanLoginMessageHandler_initialize                                          
00007759  CanLoginMessageHandler_state_generate_alias                                
0000733d  CanLoginMessageHandler_state_generate_seed                                 
0000936b  CanLoginMessageHandler_state_init                                          
00006f99  CanLoginMessageHandler_state_load_amd                                      
00007f5d  CanLoginMessageHandler_state_load_cid04                                    
000081b1  CanLoginMessageHandler_state_load_cid05                                    
00007ddd  CanLoginMessageHandler_state_load_cid06                                    
000081e9  CanLoginMessageHandler_state_load_cid07                                    
00008a61  CanLoginMessageHandler_state_load_rid                                      
00009271  CanLoginMessageHandler_state_wait_200ms                                    
000095a9  CanLoginStateMachine_initialize                                            
0000648d  CanLoginStateMachine_run                                                   
00008221  CanMainStateMachine_run                                                    
00002481  CanMainStatemachine_handle_duplicate_aliases                               
000088b1  CanMainStatemachine_handle_login_outgoing_can_message                      
00007395  CanMainStatemachine_handle_outgoing_can_message                            
00007f99  CanMainStatemachine_handle_try_enumerate_first_node                        
00007fd5  CanMainStatemachine_handle_try_enumerate_next_node                         
00008371  CanMainStatemachine_initialize                                             
000073ed  CanRxMessageHandler_amd_frame                                              
00002b85  CanRxMessageHandler_ame_frame                                              
00007445  CanRxMessageHandler_amr_frame                                              
000070b9  CanRxMessageHandler_can_legacy_snip                                        
000083a5  CanRxMessageHandler_cid_frame                                              
0000749d  CanRxMessageHandler_error_info_report_frame                                
00003015  CanRxMessageHandler_first_frame                                            
000095b5  CanRxMessageHandler_initialize                                             
00004d91  CanRxMessageHandler_last_frame                                             
00005a05  CanRxMessageHandler_middle_frame                                           
000074f5  CanRxMessageHandler_rid_frame                                              
00007115  CanRxMessageHandler_single_frame                                           
0000353f  CanRxMessageHandler_stream_frame                                           
00002275  CanRxStatemachine_incoming_can_driver_callback                             
000095c1  CanRxStatemachine_initialize                                               
00005a9d  CanTxMessageHandler_addressed_msg_frame                                    
00008e81  CanTxMessageHandler_can_frame                                              
00005c5d  CanTxMessageHandler_datagram_frame                                         
000095cd  CanTxMessageHandler_initialize                                             
00005e8d  CanTxMessageHandler_stream_frame                                           
000065f1  CanTxMessageHandler_unaddressed_msg_frame                                  
000095d9  CanTxStatemachine_initialize                                               
000094d5  CanTxStatemachine_send_can_message                                         
00002a41  CanTxStatemachine_send_openlcb_message                                     
00007b21  CanUtilities_append_can_payload_to_openlcb_payload                         
00009491  CanUtilities_clear_can_message                                             
000078a9  CanUtilities_convert_can_mti_to_openlcb_mti                                
00009383  CanUtilities_copy_node_id_to_can_payload_buffer                            
00008a8d  CanUtilities_copy_node_id_to_payload                                       
00003441  CanUtilities_copy_openlcb_payload_to_can_payload                           
00005bc9  CanUtilities_count_nulls_in_payloads                                       
00009215  CanUtilities_extract_can_payload_as_node_id                                
00008259  CanUtilities_extract_dest_alias_from_can_message                           
000095e5  CanUtilities_extract_source_alias_from_can_identifier                      
000096b1  CanUtilities_is_openlcb_message                                            
000049e3  DAC0_IRQHandler                                                            
000096bb  DL_Common_delayCycles                                                      
000083d9  DL_MCAN_TXBufAddReq                                                        
00008ab9  DL_MCAN_TXBufTransIntrEnable                                               
00008ae5  DL_MCAN_addExtMsgIDFilter                                                  
0000942d  DL_MCAN_clearIntrStatus                                                    
00003fc5  DL_MCAN_config                                                             
0000928d  DL_MCAN_enableIntr                                                         
000092a9  DL_MCAN_enableIntrLine                                                     
000095f1  DL_MCAN_getIntrStatus                                                      
000094e5  DL_MCAN_getOpMode                                                          
00007c45  DL_MCAN_getRevisionId                                                      
00008291  DL_MCAN_getRxFIFOStatus                                                    
00004269  DL_MCAN_init                                                               
000094f5  DL_MCAN_isMemInitDone                                                      
00002061  DL_MCAN_msgRAMConfig                                                       
00003121  DL_MCAN_readMsgRam                                                         
000092c5  DL_MCAN_selectIntrLine                                                     
000045d9  DL_MCAN_setBitTime                                                         
00008fe9  DL_MCAN_setClockConfig                                                     
0000840d  DL_MCAN_setExtIDAndMask                                                    
0000939d  DL_MCAN_setOpMode                                                          
00003b25  DL_MCAN_writeMsgRam                                                        
00007e1d  DL_MCAN_writeRxFIFOAck                                                     
00004345  DL_SYSCTL_configSYSPLL                                                     
00006a21  DL_SYSCTL_setHFCLKSourceHFXTParams                                         
00007c89  DL_SYSCTL_switchMCLKfromSYSOSCtoHSCLK                                      
000049e3  DMA_IRQHandler                                                             
000049e3  Default_Handler                                                            
00004421  DependencyInjection_initialize                                             
0000900d  DependencyInjectors_alias_change_callback                                  
000056f7  DependencyInjectors_initialize                                             
00009031  DependencyInjectors_on_100ms_timer_callback                                
00008b11  DependencyInjectors_on_can_rx_callback                                     
00008b3d  DependencyInjectors_on_can_tx_callback                                     
000092e1  DependencyInjectors_operations_request_factory_reset                       
000049e3  GROUP0_IRQHandler                                                          
000049e3  GROUP1_IRQHandler                                                          
00007b6d  HOSTclose                                                                  
00009753  HOSTexit                                                                   
0000665d  HOSTlseek                                                                  
00006ff9  HOSTopen                                                                   
0000754d  HOSTread                                                                   
000066c9  HOSTrename                                                                 
00007bb5  HOSTunlink                                                                 
000075a5  HOSTwrite                                                                  
000049e3  HardFault_Handler                                                          
000049e3  I2C0_IRQHandler                                                            
000049e3  I2C1_IRQHandler                                                            
000049e3  NMI_Handler                                                                
00009770  NodeParameters_main_node                                                   
000095fd  OpenLcbApplication_initialize                                              
00009505  OpenLcbBufferFifo_initialize                                               
00008b69  OpenLcbBufferFifo_pop                                                      
000088e1  OpenLcbBufferFifo_push                                                     
00008911  OpenLcbBufferFifo_push_existing                                            
00008011  OpenLcbBufferList_add                                                      
00006951  OpenLcbBufferList_find                                                     
00009515  OpenLcbBufferList_initialize                                               
00007e5d  OpenLcbBufferList_release                                                  
00003339  OpenLcbBufferStore_allocate_buffer                                         
0000804d  OpenLcbBufferStore_free_buffer                                             
0000261d  OpenLcbBufferStore_initialize                                              
000028f9  OpenLcbGridConnect_from_can_msg                                            
00008941  OpenLcbLoginMainStatemachine_run                                           
00009609  OpenLcbLoginMessageHandler_initialize                                      
00004e49  OpenLcbLoginMessageHandler_load_consumer_event                             
00005b35  OpenLcbLoginMessageHandler_load_initialization_complete                    
00004785  OpenLcbLoginMessageHandler_load_producer_event                             
000082c9  OpenLcbLoginStateMachine_initialize                                        
00008441  OpenLcbLoginStateMachine_process                                           
00008971  OpenLcbLoginStatemachine_handle_outgoing_openlcb_message                   
00008089  OpenLcbLoginStatemachine_handle_try_enumerate_first_node                   
000080c5  OpenLcbLoginStatemachine_handle_try_enumerate_next_node                    
00008ea9  OpenLcbLoginStatemachine_handle_try_reenumerate                            
00007ccd  OpenLcbMainStatemachine_does_node_process_msg                              
000089a1  OpenLcbMainStatemachine_handle_outgoing_openlcb_message                    
00007171  OpenLcbMainStatemachine_handle_try_enumerate_first_node                    
000071cd  OpenLcbMainStatemachine_handle_try_enumerate_next_node                     
00008475  OpenLcbMainStatemachine_handle_try_pop_next_incoming_openlcb_message       
00009055  OpenLcbMainStatemachine_handle_try_reenumerate                             
00007d11  OpenLcbMainStatemachine_initialize                                         
000078f9  OpenLcbMainStatemachine_load_interaction_rejected                          
000017ad  OpenLcbMainStatemachine_process_main_statemachine                          
00008301  OpenLcbMainStatemachine_run                                                
000049e5  OpenLcbNode_100ms_timer_tick                                               
00000929  OpenLcbNode_allocate                                                       
0000657d  OpenLcbNode_find_by_alias                                                  
00008ed1  OpenLcbNode_get_first                                                      
000089d1  OpenLcbNode_get_next                                                       
000013c5  OpenLcbNode_initialize                                                     
00009079  OpenLcbUtilities_calculate_memory_offset_into_node_space                   
000092fd  OpenLcbUtilities_clear_openlcb_message                                     
00006735  OpenLcbUtilities_clear_openlcb_message_payload                             
00007d55  OpenLcbUtilities_copy_byte_array_to_openlcb_payload                        
00009615  OpenLcbUtilities_copy_byte_to_openlcb_payload                              
00008fc1  OpenLcbUtilities_copy_dword_to_openlcb_payload                             
[...]
00008221  CanMainStateMachine_run                                                    
00008259  CanUtilities_extract_dest_alias_from_can_message                           
00008291  DL_MCAN_getRxFIFOStatus                                                    
000082c9  OpenLcbLoginStateMachine_initialize                                        
00008301  OpenLcbMainStatemachine_run                                                
00008339  sprintf                                                                    
00008371  CanMainStatemachine_initialize                                             
000083a5  CanRxMessageHandler_cid_frame                                              
000083d9  DL_MCAN_TXBufAddReq                                                        
0000840d  DL_MCAN_setExtIDAndMask                                                    
00008441  OpenLcbLoginStateMachine_process                                           
00008475  OpenLcbMainStatemachine_handle_try_pop_next_incoming_openlcb_message       
000084a9  ProtocolEventTransport_handle_consumer_identified_clear                    
000084dd  ProtocolEventTransport_handle_consumer_identified_reserved                 
00008511  ProtocolEventTransport_handle_consumer_identified_set                      
00008545  ProtocolEventTransport_handle_consumer_identified_unknown                  
00008579  ProtocolEventTransport_handle_consumer_range_identified                    
000085ad  ProtocolEventTransport_handle_event_learn                                  
000085e1  ProtocolEventTransport_handle_pc_event_report                              
00008615  ProtocolEventTransport_handle_producer_identified_clear                    
00008649  ProtocolEventTransport_handle_producer_identified_reserved                 
0000867d  ProtocolEventTransport_handle_producer_identified_set                      
000086b1  ProtocolEventTransport_handle_producer_identified_unknown                  
000086e5  ProtocolEventTransport_handle_producer_range_identified                    
00008719  SYSCFG_DL_initPower                                                        
0000874d  __TI_cleanup                                                               
00008781  __TI_readmsg                                                               
000087b5  __TI_writemsg                                                              
000087e1  C$$IO$$                                                                    
000087e9  exit                                                                       
0000881d  finddevice                                                                 
00008851  CanBufferFifo_pop                                                          
00008881  CanBufferFifo_push                                                         
000088b1  CanMainStatemachine_handle_login_outgoing_can_message                      
000088e1  OpenLcbBufferFifo_push                                                     
00008911  OpenLcbBufferFifo_push_existing                                            
00008941  OpenLcbLoginMainStatemachine_run                                           
00008971  OpenLcbLoginStatemachine_handle_outgoing_openlcb_message                   
000089a1  OpenLcbMainStatemachine_handle_outgoing_openlcb_message                    
000089d1  OpenLcbNode_get_next                                                       
00008a01  SYSCFG_DL_SYSTICK_init                                                     
00008a31  TI_DriverLibDrivers_config_mem_read                                        
00008a61  CanLoginMessageHandler_state_load_rid                                      
00008a8d  CanUtilities_copy_node_id_to_payload                                       
00008ab9  DL_MCAN_TXBufTransIntrEnable                                               
00008ae5  DL_MCAN_addExtMsgIDFilter                                                  
00008b11  DependencyInjectors_on_can_rx_callback                                     
00008b3d  DependencyInjectors_on_can_tx_callback                                     
00008b69  OpenLcbBufferFifo_pop                                                      
00008b95  OpenLcbUtilities_extract_event_id_from_openlcb_payload                     
00008bc1  ProtocolConfigMemReadHandler_read_request_config_definition_info           
00008bed  ProtocolConfigMemReadHandler_read_space_acdi_manufacturer                  
00008c19  ProtocolConfigMemReadHandler_read_space_acdi_user                          
00008c45  ProtocolConfigMemReadHandler_read_space_all                                
00008c71  ProtocolConfigMemReadHandler_read_space_config_description_info            
00008c9d  ProtocolConfigMemReadHandler_read_space_config_memory                      
00008cc9  ProtocolConfigMemReadHandler_read_space_traction_function_config_memory    
00008cf5  ProtocolConfigMemReadHandler_read_space_traction_function_definition_info  
00008d21  ProtocolConfigMemWriteHandler_write_space_acdi_manufacturer                
00008d4d  ProtocolConfigMemWriteHandler_write_space_acdi_user                        
00008d79  ProtocolConfigMemWriteHandler_write_space_all                              
00008da5  ProtocolConfigMemWriteHandler_write_space_config_description_info          
00008dd1  ProtocolConfigMemWriteHandler_write_space_config_memory                    
00008dfd  ProtocolConfigMemWriteHandler_write_space_traction_function_config_memory  
00008e29  ProtocolConfigMemWriteHandler_write_space_traction_function_definition_info
00008e55  unlink                                                                     
00008e81  CanTxMessageHandler_can_frame                                              
00008ea9  OpenLcbLoginStatemachine_handle_try_reenumerate                            
00008ed1  OpenLcbNode_get_first                                                      
00008ef9  TI_DriverLibCanDriver_is_can_tx_buffer_clear                               
00008f49  lseek                                                                      
00008f71  write                                                                      
00008f99  _c_int00_noargs                                                            
00008fc1  OpenLcbUtilities_copy_dword_to_openlcb_payload                             
00008fe9  DL_MCAN_setClockConfig                                                     
0000900d  DependencyInjectors_alias_change_callback                                  
00009031  DependencyInjectors_on_100ms_timer_callback                                
00009055  OpenLcbMainStatemachine_handle_try_reenumerate                             
00009079  OpenLcbUtilities_calculate_memory_offset_into_node_space                   
0000909d  ProtocolEventTransport_extract_producer_event_status_mti                   
000090c1  ProtocolSnip_load_user_version_id                                          
000090e5  __aeabi_lmul                                                               
000090e5  __muldi3                                                                   
00009109  puts                                                                       
0000912d  OpenLcbUtilities_extract_node_id_from_openlcb_payload                      
0000914f  ProtocolEventTransport_handle_events_identify_dest                         
00009171  ProtocolSnip_load_manufacturer_version_id                                  
00009193  memccpy                                                                    
000091b5  OpenLcbUtilities_is_addressed_message_for_node                             
000091d5  ProtocolEventTransport_extract_consumer_event_status_mti                   
000091f5  ProtocolSnip_write_user_description                                        
00009215  CanUtilities_extract_can_payload_as_node_id                                
00009235  __aeabi_llsl                                                               
00009235  __ashldi3                                                                  
00009255  CanBufferStore_free_buffer                                                 
00009271  CanLoginMessageHandler_state_wait_200ms                                    
0000928d  DL_MCAN_enableIntr                                                         
000092a9  DL_MCAN_enableIntrLine                                                     
000092c5  DL_MCAN_selectIntrLine                                                     
000092e1  DependencyInjectors_operations_request_factory_reset                       
000092fd  OpenLcbUtilities_clear_openlcb_message                                     
00009319  ProtocolSnip_write_user_name                                               
00009351  OpenLcbUtilities_extract_dword_from_openlcb_payload                        
0000936b  CanLoginMessageHandler_state_init                                          
00009383  CanUtilities_copy_node_id_to_can_payload_buffer                            
0000939d  DL_MCAN_setOpMode                                                          
000093b5  SYSCFG_DL_init                                                             
000093cd  TI_DriverLibDrivers_lock_shared_resources                                  
000093e5  TI_DriverLibDrivers_unlock_shared_resources                                
00009415  OpenLcbUtilities_copy_word_to_openlcb_payload                              
0000942d  DL_MCAN_clearIntrStatus                                                    
00009441  OpenLcbUtilities_payload_type_to_len                                       
00009455  TI_DriverLibCanDriver_pause_can_rx                                         
00009469  TI_DriverLibDrivers_reboot                                                 
0000947d  __aeabi_uldivmod                                                           
00009491  CanUtilities_clear_can_message                                             
000094a3  __TI_decompress_none                                                       
000094b5  AliasMappings_set_has_duplicate_alias_flag                                 
000094c5  CanBufferFifo_initialize                                                   
000094d5  CanTxStatemachine_send_can_message                                         
000094e5  DL_MCAN_getOpMode                                                          
000094f5  DL_MCAN_isMemInitDone                                                      
00009505  OpenLcbBufferFifo_initialize                                               
00009515  OpenLcbBufferList_initialize                                               
00009525  OpenLcbUtilities_extract_word_from_openlcb_payload                         
00009535  wcslen                                                                     
00009545  __TI_zero_init                                                             
00009565  __aeabi_memset                                                             
00009565  __aeabi_memset4                                                            
00009565  __aeabi_memset8                                                            
0000959d  CanLoginMessageHandler_initialize                                          
000095a9  CanLoginStateMachine_initialize                                            
000095b5  CanRxMessageHandler_initialize                                             
000095c1  CanRxStatemachine_initialize                                               
000095cd  CanTxMessageHandler_initialize                                             
000095d9  CanTxStatemachine_initialize                                               
000095e5  CanUtilities_extract_source_alias_from_can_identifier                      
000095f1  DL_MCAN_getIntrStatus                                                      
000095fd  OpenLcbApplication_initialize                                              
00009609  OpenLcbLoginMessageHandler_initialize                                      
00009615  OpenLcbUtilities_copy_byte_to_openlcb_payload                              
00009621  OpenLcbUtilities_set_multi_frame_flag                                      
0000962d  ProtocolConfigMemOperationsHandler_initialize                              
00009639  ProtocolConfigMemReadHandler_initialize                                    
00009645  ProtocolConfigMemWriteHandler_initialize                                   
00009651  ProtocolDatagramHandler_initialize                                         
0000965d  ProtocolEventTransport_initialize                                          
00009669  ProtocolSnip_initialize                                                    
00009675  SysTick_Handler                                                            
00009681  TI_DriverLibCanDriver_initialize                                           
0000968d  TI_DriverLibCanDriver_resume_can_rx                                        
00009699  __aeabi_memclr                                                             
00009699  __aeabi_memclr4                                                            
00009699  __aeabi_memclr8                                                            
000096a5  malloc                                                                     
000096b1  CanUtilities_is_openlcb_message                                            
000096bb  DL_Common_delayCycles                                                      
000096c5  OpenLcbUtilities_is_addressed_openlcb_message                              
000096cf  ProtocolMessageNetwork_handle_initialization_complete                      
000096d9  ProtocolMessageNetwork_handle_initialization_complete_simple               
000096e3  ProtocolMessageNetwork_handle_optional_interaction_rejected                
000096ed  ProtocolMessageNetwork_handle_protocol_support_reply                       
000096f7  ProtocolMessageNetwork_handle_terminate_due_to_error                       
00009701  ProtocolSnip_handle_simple_node_info_reply                                 
00009715  AliasMappings_get_alias_mapping_info                                       
0000971d  __aeabi_errno_addr                                                         
00009725  __aeabi_memcpy                                                             
00009725  __aeabi_memcpy4                                                            
00009725  __aeabi_memcpy8                                                            
0000973d  fseek                                                                      
00009745  remove                                                                     
0000974d  abort                                                                      
00009752  C$$EXIT                                                                    
00009753  HOSTexit                                                                   
00009757  Reset_Handler                                                              
0000975b  TI_DriverLibDrivers_config_mem_write                                       
0000975f  _system_pre_init                                                           
00009770  NodeParameters_main_node                                                   
00009770  interface_openlcb_protocol_message_network                                 
0000ec88  interface_protocol_datagram_handler                                        
0000ee40  __aeabi_ctype_table_                                                       
0000ee40  __aeabi_ctype_table_C                                                      
0000ef44  interface_openlcb_main_statemachine                                        
0000f078  interface_protocol_config_mem_read_handler                                 
0000f104  interface_protocol_config_mem_operations_handler                           
0000f144  interface_can_main_statemachine                                            
0000f17c  interface_can_rx_statemachine                                              
0000f1e8  interface_openlcb_protocol_event_transport                                 
0000f21c  interface_protocol_config_mem_write_handler                                
0000f27c  interface_openlcb_login_state_machine                                      
0000f2d0  interface_can_login_state_machine                                          
0000f3b8  interface_can_rx_message_handler                                           
0000f3d0  interface_can_tx_statemachine                                              
0000f454  interface_can_login_message_handler                                        
0000f460  interface_openlcb_application                                              
0000f474  interface_can_tx_message_handler                                           
0000f47c  interface_openlcb_login_message_handler                                    
0000f484  interface_openlcb_protocol_snip                                            
0000f4b4  interface_openlcb_node                                                     
0000f524  __TI_Handler_Table_Base                                                    
0000f530  __TI_Handler_Table_Limit                                                   
0000f538  __TI_CINIT_Base                                                            
0000f548  __TI_CINIT_Limit                                                           
0000f548  __TI_CINIT_Warm                                                            
20200000  __start___llvm_prf_bits                                                    
20200000  __start___llvm_prf_cnts                                                    
20200000  __stop___llvm_prf_bits                                                     
20200000  __stop___llvm_prf_cnts                                                     
20202b30  _CIOBUF_                                                                   
20202b30  __CIOBUF_                                                                  
20202d18  openlcb_msg_buffer_fifo                                                    
20202e68  __TI_tmpnams                                                               
20202ff8  parmbuf                                                                    
20203050  _sys_memory                                                                
20203850  _ftable                                                                    
20203940  _device                                                                    
202039b8  _stream                                                                    
20203a08  __TI_cleanup_ptr                                                           
20203a0c  __TI_dtors_ptr                                                             
20203a10  __TI_ft_end                                                                
20203a14  __aeabi_errno                                                              
20203a18  _lock                                                                      
20203a1c  _unlock                                                                    
20207e00  __stack                                                                    
20208000  __STACK_END                                                                
ffffffff  __TI_pprof_out_hndl                                                        
ffffffff  __TI_prof_data_size                                                        
ffffffff  __TI_prof_data_start                                                       
ffffffff  __binit__                                                                  
ffffffff  binit                                                                      
UNDEFED   __mpu_init                                                                 
UNDEFED   _system_post_cinit                                                         

[442 symbols]
