<?xml version="1.0" encoding="ISO-8859-1" ?>
<link_info>
   <banner>TI ARM Clang Linker Unix v4.0.3.LTS</banner>
   <copyright>Copyright (c) 1996-2018 Texas Instruments Incorporated</copyright>
   <command_line>/Applications/TI/ccs2020/ccs/tools/compiler/ti-cgt-armllvm_4.0.3.LTS/bin/tiarmlnk -I/Applications/TI/ccs2020/ccs/tools/compiler/ti-cgt-armllvm_4.0.3.LTS/lib -o BasicNode.out -mBasicNode.map --heap_size=0x0800 -i/Users/jimkueneman/ti/mspm0_sdk_2_07_00_05/source -i/Users/jimkueneman/Documents/OpenLcbCLib/src/applications/TI_Thiea/MSPM03507_Launchpad/BasicNode -i/Users/jimkueneman/Documents/OpenLcbCLib/src/applications/TI_Thiea/MSPM03507_Launchpad/BasicNode/Debug/syscfg -i/Applications/TI/ccs2020/ccs/tools/compiler/ti-cgt-armllvm_4.0.3.LTS/lib --diag_wrap=off --display_error_number --warn_sections --xml_link_info=BasicNode_linkInfo.xml --rom_model ./basic_node.o ./ti_msp_dl_config.o ./startup_mspm0g350x_ticlang.o ./debug_tools.o ./dependency_injection.o ./dependency_injectors.o ./node_parameters.o ./ti_driverlib_can_driver.o ./ti_driverlib_drivers.o ./src/drivers/alias_mappings.o ./src/drivers/common/can_buffer_fifo.o ./src/drivers/common/can_buffer_store.o ./src/drivers/common/can_login_message_handler.o ./src/drivers/common/can_login_statemachine.o ./src/drivers/common/can_main_statemachine.o ./src/drivers/common/can_rx_message_handler.o ./src/drivers/common/can_rx_statemachine.o ./src/drivers/common/can_tx_message_handler.o ./src/drivers/common/can_tx_statemachine.o ./src/drivers/common/can_utilities.o ./src/openlcb/openlcb_application.o ./src/openlcb/openlcb_buffer_fifo.o ./src/openlcb/openlcb_buffer_list.o ./src/openlcb/openlcb_buffer_store.o ./src/openlcb/openlcb_gridconnect.o ./src/openlcb/openlcb_login_statemachine.o ./src/openlcb/openlcb_login_statemachine_handler.o ./src/openlcb/openlcb_main_statemachine.o ./src/openlcb/openlcb_node.o ./src/openlcb/openlcb_utilities.o ./src/openlcb/protocol_config_mem_operations_handler.o ./src/openlcb/protocol_config_mem_read_handler.o ./src/openlcb/protocol_config_mem_write_handler.o ./src/openlcb/protocol_datagram_handler.o ./src/openlcb/protocol_event_transport.o ./src/openlcb/protocol_message_network.o ./src/openlcb/protocol_snip.o ./src/utilities/mustangpeak_string_helper.o ./ti/driverlib/dl_adc12.o ./ti/driverlib/dl_aes.o ./ti/driverlib/dl_aesadv.o ./ti/driverlib/dl_common.o ./ti/driverlib/dl_comp.o ./ti/driverlib/dl_crc.o ./ti/driverlib/dl_crcp.o ./ti/driverlib/dl_dac12.o ./ti/driverlib/dl_dma.o ./ti/driverlib/dl_flashctl.o ./ti/driverlib/dl_gpamp.o ./ti/driverlib/dl_gpio.o ./ti/driverlib/dl_i2c.o ./ti/driverlib/dl_i2s.o ./ti/driverlib/dl_iwdt.o ./ti/driverlib/dl_keystorectl.o ./ti/driverlib/dl_lcd.o ./ti/driverlib/dl_lfss.o ./ti/driverlib/dl_mathacl.o ./ti/driverlib/dl_mcan.o ./ti/driverlib/dl_npu.o ./ti/driverlib/dl_opa.o ./ti/driverlib/dl_rtc.o ./ti/driverlib/dl_rtc_a.o ./ti/driverlib/dl_rtc_b.o ./ti/driverlib/dl_rtc_common.o ./ti/driverlib/dl_scratchpad.o ./ti/driverlib/dl_spgss.o ./ti/driverlib/dl_spi.o ./ti/driverlib/dl_tamperio.o ./ti/driverlib/dl_timer.o ./ti/driverlib/dl_timera.o ./ti/driverlib/dl_timerb.o ./ti/driverlib/dl_timerg.o ./ti/driverlib/dl_trng.o ./ti/driverlib/dl_uart.o ./ti/driverlib/dl_unicomm.o ./ti/driverlib/dl_unicommi2cc.o ./ti/driverlib/dl_unicommi2ct.o ./ti/driverlib/dl_unicommspi.o ./ti/driverlib/dl_unicommuart.o ./ti/driverlib/dl_vref.o ./ti/driverlib/dl_wwdt.o ./ti/driverlib/m0p/dl_factoryregion.o ./ti/driverlib/m0p/dl_interrupt.o ./ti/driverlib/m0p/sysctl/dl_sysctl_mspm0c1105_c1106.o ./ti/driverlib/m0p/sysctl/dl_sysctl_mspm0c110x.o ./ti/driverlib/m0p/sysctl/dl_sysctl_mspm0g1x0x_g3x0x.o ./ti/driverlib/m0p/sysctl/dl_sysctl_mspm0g352x.o ./ti/driverlib/m0p/sysctl/dl_sysctl_mspm0g511x.o ./ti/driverlib/m0p/sysctl/dl_sysctl_mspm0g518x.o ./ti/driverlib/m0p/sysctl/dl_sysctl_mspm0gx51x.o ./ti/driverlib/m0p/sysctl/dl_sysctl_mspm0h321x.o ./ti/driverlib/m0p/sysctl/dl_sysctl_mspm0l111x.o ./ti/driverlib/m0p/sysctl/dl_sysctl_mspm0l11xx_l13xx.o ./ti/driverlib/m0p/sysctl/dl_sysctl_mspm0l122x_l222x.o ./ti/driverlib/m0p/sysctl/dl_sysctl_mspm0l211x_l112x.o -l./device_linker.cmd -ldevice.cmd.genlibs -llibc.a --start-group -llibc++.a -llibc++abi.a -llibc.a -llibsys.a -llibsysbm.a -llibclang_rt.builtins.a -llibclang_rt.profile.a --end-group --cg_opt_level=2</command_line>
   <link_time>0x691a5bec</link_time>
   <link_errors>0x0</link_errors>
   <output_file>/Users/jimkueneman/Documents/OpenLcbCLib/src/applications/TI_Thiea/MSPM03507_Launchpad/BasicNode/Debug/BasicNode.out</output_file>
   <entry_point>
      <name>_c_int00_noargs</name>
      <address>0x8f99</address>
   </entry_point>
   <input_file_list>
      <input_file id="fl-1">
         <path>/Users/jimkueneman/Documents/OpenLcbCLib/src/applications/TI_Thiea/MSPM03507_Launchpad/BasicNode/Debug/./</path>
         <kind>object</kind>
         <file>basic_node.o</file>
         <name>basic_node.o</name>
      </input_file>
      <input_file id="fl-2">
         <path>/Users/jimkueneman/Documents/OpenLcbCLib/src/applications/TI_Thiea/MSPM03507_Launchpad/BasicNode/Debug/./</path>
         <kind>object</kind>
         <file>ti_msp_dl_config.o</file>
         <name>ti_msp_dl_config.o</name>
      </input_file>
      <input_file id="fl-3">
         <path>/Users/jimkueneman/Documents/OpenLcbCLib/src/applications/TI_Thiea/MSPM03507_Launchpad/BasicNode/Debug/./</path>
         <kind>object</kind>
         <file>startup_mspm0g350x_ticlang.o</file>
         <name>startup_mspm0g350x_ticlang.o</name>
      </input_file>
      <input_file id="fl-4">
         <path>/Users/jimkueneman/Documents/OpenLcbCLib/src/applications/TI_Thiea/MSPM03507_Launchpad/BasicNode/Debug/./</path>
         <kind>object</kind>
         <file>debug_tools.o</file>
         <name>debug_tools.o</name>
      </input_file>
      <input_file id="fl-5">
         <path>/Users/jimkueneman/Documents/OpenLcbCLib/src/applications/TI_Thiea/MSPM03507_Launchpad/BasicNode/Debug/./</path>
         <kind>object</kind>
         <file>dependency_injection.o</file>
         <name>dependency_injection.o</name>
      </input_file>
      <input_file id="fl-6">
         <path>/Users/jimkueneman/Documents/OpenLcbCLib/src/applications/TI_Thiea/MSPM03507_Launchpad/BasicNode/Debug/./</path>
         <kind>object</kind>
         <file>dependency_injectors.o</file>
         <name>dependency_injectors.o</name>
      </input_file>
      <input_file id="fl-7">
         <path>/Users/jimkueneman/Documents/OpenLcbCLib/src/applications/TI_Thiea/MSPM03507_Launchpad/BasicNode/Debug/./</path>
         <kind>object</kind>
         <file>node_parameters.o</file>
         <name>node_parameters.o</name>
      </input_file>
      <input_file id="fl-8">
         <path>/Users/jimkueneman/Documents/OpenLcbCLib/src/applications/TI_Thiea/MSPM03507_Launchpad/BasicNode/Debug/./</path>
         <kind>object</kind>
         <file>ti_driverlib_can_driver.o</file>
         <name>ti_driverlib_can_driver.o</name>
      </input_file>
      <input_file id="fl-9">
         <path>/Users/jimkueneman/Documents/OpenLcbCLib/src/applications/TI_Thiea/MSPM03507_Launchpad/BasicNode/Debug/./</path>
         <kind>object</kind>
         <file>ti_driverlib_drivers.o</file>
         <name>ti_driverlib_drivers.o</name>
      </input_file>
      <input_file id="fl-a">
         <path>/Users/jimkueneman/Documents/OpenLcbCLib/src/applications/TI_Thiea/MSPM03507_Launchpad/BasicNode/Debug/./src/drivers/</path>
         <kind>object</kind>
         <file>alias_mappings.o</file>
         <name>alias_mappings.o</name>
      </input_file>
      <input_file id="fl-b">
         <path>/Users/jimkueneman/Documents/OpenLcbCLib/src/applications/TI_Thiea/MSPM03507_Launchpad/BasicNode/Debug/./src/drivers/common/</path>
         <kind>object</kind>
         <file>can_buffer_fifo.o</file>
         <name>can_buffer_fifo.o</name>
      </input_file>
      <input_file id="fl-c">
         <path>/Users/jimkueneman/Documents/OpenLcbCLib/src/applications/TI_Thiea/MSPM03507_Launchpad/BasicNode/Debug/./src/drivers/common/</path>
         <kind>object</kind>
         <file>can_buffer_store.o</file>
         <name>can_buffer_store.o</name>
      </input_file>
      <input_file id="fl-d">
         <path>/Users/jimkueneman/Documents/OpenLcbCLib/src/applications/TI_Thiea/MSPM03507_Launchpad/BasicNode/Debug/./src/drivers/common/</path>
         <kind>object</kind>
         <file>can_login_message_handler.o</file>
         <name>can_login_message_handler.o</name>
      </input_file>
      <input_file id="fl-e">
         <path>/Users/jimkueneman/Documents/OpenLcbCLib/src/applications/TI_Thiea/MSPM03507_Launchpad/BasicNode/Debug/./src/drivers/common/</path>
         <kind>object</kind>
         <file>can_login_statemachine.o</file>
         <name>can_login_statemachine.o</name>
      </input_file>
      <input_file id="fl-f">
         <path>/Users/jimkueneman/Documents/OpenLcbCLib/src/applications/TI_Thiea/MSPM03507_Launchpad/BasicNode/Debug/./src/drivers/common/</path>
         <kind>object</kind>
         <file>can_main_statemachine.o</file>
         <name>can_main_statemachine.o</name>
      </input_file>
      <input_file id="fl-10">
         <path>/Users/jimkueneman/Documents/OpenLcbCLib/src/applications/TI_Thiea/MSPM03507_Launchpad/BasicNode/Debug/./src/drivers/common/</path>
         <kind>object</kind>
         <file>can_rx_message_handler.o</file>
         <name>can_rx_message_handler.o</name>
      </input_file>
      <input_file id="fl-11">
         <path>/Users/jimkueneman/Documents/OpenLcbCLib/src/applications/TI_Thiea/MSPM03507_Launchpad/BasicNode/Debug/./src/drivers/common/</path>
         <kind>object</kind>
         <file>can_rx_statemachine.o</file>
         <name>can_rx_statemachine.o</name>
      </input_file>
      <input_file id="fl-12">
         <path>/Users/jimkueneman/Documents/OpenLcbCLib/src/applications/TI_Thiea/MSPM03507_Launchpad/BasicNode/Debug/./src/drivers/common/</path>
         <kind>object</kind>
         <file>can_tx_message_handler.o</file>
         <name>can_tx_message_handler.o</name>
      </input_file>
      <input_file id="fl-13">
         <path>/Users/jimkueneman/Documents/OpenLcbCLib/src/applications/TI_Thiea/MSPM03507_Launchpad/BasicNode/Debug/./src/drivers/common/</path>
         <kind>object</kind>
         <file>can_tx_statemachine.o</file>
         <name>can_tx_statemachine.o</name>
      </input_file>
      <input_file id="fl-14">
         <path>/Users/jimkueneman/Documents/OpenLcbCLib/src/applications/TI_Thiea/MSPM03507_Launchpad/BasicNode/Debug/./src/drivers/common/</path>
         <kind>object</kind>
         <file>can_utilities.o</file>
         <name>can_utilities.o</name>
      </input_file>
      <input_file id="fl-15">
         <path>/Users/jimkueneman/Documents/OpenLcbCLib/src/applications/TI_Thiea/MSPM03507_Launchpad/BasicNode/Debug/./src/openlcb/</path>
         <kind>object</kind>
         <file>openlcb_application.o</file>
         <name>openlcb_application.o</name>
      </input_file>
      <input_file id="fl-16">
         <path>/Users/jimkueneman/Documents/OpenLcbCLib/src/applications/TI_Thiea/MSPM03507_Launchpad/BasicNode/Debug/./src/openlcb/</path>
         <kind>object</kind>
         <file>openlcb_buffer_fifo.o</file>
         <name>openlcb_buffer_fifo.o</name>
      </input_file>
      <input_file id="fl-17">
         <path>/Users/jimkueneman/Documents/OpenLcbCLib/src/applications/TI_Thiea/MSPM03507_Launchpad/BasicNode/Debug/./src/openlcb/</path>
         <kind>object</kind>
         <file>openlcb_buffer_list.o</file>
         <name>openlcb_buffer_list.o</name>
      </input_file>
      <input_file id="fl-18">
         <path>/Users/jimkueneman/Documents/OpenLcbCLib/src/applications/TI_Thiea/MSPM03507_Launchpad/BasicNode/Debug/./src/openlcb/</path>
         <kind>object</kind>
         <file>openlcb_buffer_store.o</file>
         <name>openlcb_buffer_store.o</name>
      </input_file>
      <input_file id="fl-19">
         <path>/Users/jimkueneman/Documents/OpenLcbCLib/src/applications/TI_Thiea/MSPM03507_Launchpad/BasicNode/Debug/./src/openlcb/</path>
         <kind>object</kind>
         <file>openlcb_gridconnect.o</file>
         <name>openlcb_gridconnect.o</name>
      </input_file>
      <input_file id="fl-1a">
         <path>/Users/jimkueneman/Documents/OpenLcbCLib/src/applications/TI_Thiea/MSPM03507_Launchpad/BasicNode/Debug/./src/openlcb/</path>
         <kind>object</kind>
         <file>openlcb_login_statemachine.o</file>
         <name>openlcb_login_statemachine.o</name>
      </input_file>
      <input_file id="fl-1b">
         <path>/Users/jimkueneman/Documents/OpenLcbCLib/src/applications/TI_Thiea/MSPM03507_Launchpad/BasicNode/Debug/./src/openlcb/</path>
         <kind>object</kind>
         <file>openlcb_login_statemachine_handler.o</file>
         <name>openlcb_login_statemachine_handler.o</name>
      </input_file>
      <input_file id="fl-1c">
         <path>/Users/jimkueneman/Documents/OpenLcbCLib/src/applications/TI_Thiea/MSPM03507_Launchpad/BasicNode/Debug/./src/openlcb/</path>
         <kind>object</kind>
         <file>openlcb_main_statemachine.o</file>
         <name>openlcb_main_statemachine.o</name>
      </input_file>
      <input_file id="fl-1d">
         <path>/Users/jimkueneman/Documents/OpenLcbCLib/src/applications/TI_Thiea/MSPM03507_Launchpad/BasicNode/Debug/./src/openlcb/</path>
         <kind>object</kind>
         <file>openlcb_node.o</file>
         <name>openlcb_node.o</name>
      </input_file>
      <input_file id="fl-1e">
         <path>/Users/jimkueneman/Documents/OpenLcbCLib/src/applications/TI_Thiea/MSPM03507_Launchpad/BasicNode/Debug/./src/openlcb/</path>
         <kind>object</kind>
         <file>openlcb_utilities.o</file>
         <name>openlcb_utilities.o</name>
      </input_file>
      <input_file id="fl-1f">
         <path>/Users/jimkueneman/Documents/OpenLcbCLib/src/applications/TI_Thiea/MSPM03507_Launchpad/BasicNode/Debug/./src/openlcb/</path>
         <kind>object</kind>
         <file>protocol_config_mem_operations_handler.o</file>
         <name>protocol_config_mem_operations_handler.o</name>
      </input_file>
      <input_file id="fl-20">
         <path>/Users/jimkueneman/Documents/OpenLcbCLib/src/applications/TI_Thiea/MSPM03507_Launchpad/BasicNode/Debug/./src/openlcb/</path>
         <kind>object</kind>
         <file>protocol_config_mem_read_handler.o</file>
         <name>protocol_config_mem_read_handler.o</name>
      </input_file>
      <input_file id="fl-21">
         <path>/Users/jimkueneman/Documents/OpenLcbCLib/src/applications/TI_Thiea/MSPM03507_Launchpad/BasicNode/Debug/./src/openlcb/</path>
         <kind>object</kind>
         <file>protocol_config_mem_write_handler.o</file>
         <name>protocol_config_mem_write_handler.o</name>
      </input_file>
      <input_file id="fl-22">
         <path>/Users/jimkueneman/Documents/OpenLcbCLib/src/applications/TI_Thiea/MSPM03507_Launchpad/BasicNode/Debug/./src/openlcb/</path>
         <kind>object</kind>
         <file>protocol_datagram_handler.o</file>
         <name>protocol_datagram_handler.o</name>
      </input_file>
      <input_file id="fl-23">
         <path>/Users/jimkueneman/Documents/OpenLcbCLib/src/applications/TI_Thiea/MSPM03507_Launchpad/BasicNode/Debug/./src/openlcb/</path>
         <kind>object</kind>
         <file>protocol_event_transport.o</file>
         <name>protocol_event_transport.o</name>
      </input_file>
      <input_file id="fl-24">
         <path>/Users/jimkueneman/Documents/OpenLcbCLib/src/applications/TI_Thiea/MSPM03507_Launchpad/BasicNode/Debug/./src/openlcb/</path>
         <kind>object</kind>
         <file>protocol_message_network.o</file>
         <name>protocol_message_network.o</name>
      </input_file>
      <input_file id="fl-25">
         <path>/Users/jimkueneman/Documents/OpenLcbCLib/src/applications/TI_Thiea/MSPM03507_Launchpad/BasicNode/Debug/./src/openlcb/</path>
         <kind>object</kind>
         <file>protocol_snip.o</file>
         <name>protocol_snip.o</name>
      </input_file>
      <input_file id="fl-26">
         <path>/Users/jimkueneman/Documents/OpenLcbCLib/src/applications/TI_Thiea/MSPM03507_Launchpad/BasicNode/Debug/./src/utilities/</path>
         <kind>object</kind>
         <file>mustangpeak_string_helper.o</file>
         <name>mustangpeak_string_helper.o</name>
      </input_file>
      <input_file id="fl-27">
         <path>/Users/jimkueneman/Documents/OpenLcbCLib/src/applications/TI_Thiea/MSPM03507_Launchpad/BasicNode/Debug/./ti/driverlib/</path>
         <kind>object</kind>
         <file>dl_adc12.o</file>
         <name>dl_adc12.o</name>
      </input_file>
      <input_file id="fl-28">
         <path>/Users/jimkueneman/Documents/OpenLcbCLib/src/applications/TI_Thiea/MSPM03507_Launchpad/BasicNode/Debug/./ti/driverlib/</path>
         <kind>object</kind>
         <file>dl_aes.o</file>
         <name>dl_aes.o</name>
      </input_file>
      <input_file id="fl-29">
         <path>/Users/jimkueneman/Documents/OpenLcbCLib/src/applications/TI_Thiea/MSPM03507_Launchpad/BasicNode/Debug/./ti/driverlib/</path>
         <kind>object</kind>
         <file>dl_aesadv.o</file>
         <name>dl_aesadv.o</name>
      </input_file>
      <input_file id="fl-2a">
         <path>/Users/jimkueneman/Documents/OpenLcbCLib/src/applications/TI_Thiea/MSPM03507_Launchpad/BasicNode/Debug/./ti/driverlib/</path>
         <kind>object</kind>
         <file>dl_common.o</file>
         <name>dl_common.o</name>
      </input_file>
      <input_file id="fl-2b">
         <path>/Users/jimkueneman/Documents/OpenLcbCLib/src/applications/TI_Thiea/MSPM03507_Launchpad/BasicNode/Debug/./ti/driverlib/</path>
         <kind>object</kind>
         <file>dl_comp.o</file>
         <name>dl_comp.o</name>
      </input_file>
      <input_file id="fl-2c">
         <path>/Users/jimkueneman/Documents/OpenLcbCLib/src/applications/TI_Thiea/MSPM03507_Launchpad/BasicNode/Debug/./ti/driverlib/</path>
         <kind>object</kind>
         <file>dl_crc.o</file>
         <name>dl_crc.o</name>
      </input_file>
      <input_file id="fl-2d">
         <path>/Users/jimkueneman/Documents/OpenLcbCLib/src/applications/TI_Thiea/MSPM03507_Launchpad/BasicNode/Debug/./ti/driverlib/</path>
         <kind>object</kind>
         <file>dl_crcp.o</file>
         <name>dl_crcp.o</name>
      </input_file>
      <input_file id="fl-2e">
         <path>/Users/jimkueneman/Documents/OpenLcbCLib/src/applications/TI_Thiea/MSPM03507_Launchpad/BasicNode/Debug/./ti/driverlib/</path>
         <kind>object</kind>
         <file>dl_dac12.o</file>
         <name>dl_dac12.o</name>
      </input_file>
      <input_file id="fl-2f">
         <path>/Users/jimkueneman/Documents/OpenLcbCLib/src/applications/TI_Thiea/MSPM03507_Launchpad/BasicNode/Debug/./ti/driverlib/</path>
         <kind>object</kind>
         <file>dl_dma.o</file>
         <name>dl_dma.o</name>
      </input_file>
      <input_file id="fl-30">
         <path>/Users/jimkueneman/Documents/OpenLcbCLib/src/applications/TI_Thiea/MSPM03507_Launchpad/BasicNode/Debug/./ti/driverlib/</path>
         <kind>object</kind>
         <file>dl_flashctl.o</file>
         <name>dl_flashctl.o</name>
      </input_file>
      <input_file id="fl-31">
         <path>/Users/jimkueneman/Documents/OpenLcbCLib/src/applications/TI_Thiea/MSPM03507_Launchpad/BasicNode/Debug/./ti/driverlib/</path>
         <kind>object</kind>
         <file>dl_gpamp.o</file>
         <name>dl_gpamp.o</name>
      </input_file>
      <input_file id="fl-32">
         <path>/Users/jimkueneman/Documents/OpenLcbCLib/src/applications/TI_Thiea/MSPM03507_Launchpad/BasicNode/Debug/./ti/driverlib/</path>
         <kind>object</kind>
         <file>dl_gpio.o</file>
         <name>dl_gpio.o</name>
      </input_file>
      <input_file id="fl-33">
         <path>/Users/jimkueneman/Documents/OpenLcbCLib/src/applications/TI_Thiea/MSPM03507_Launchpad/BasicNode/Debug/./ti/driverlib/</path>
         <kind>object</kind>
         <file>dl_i2c.o</file>
         <name>dl_i2c.o</name>
      </input_file>
      <input_file id="fl-34">
         <path>/Users/jimkueneman/Documents/OpenLcbCLib/src/applications/TI_Thiea/MSPM03507_Launchpad/BasicNode/Debug/./ti/driverlib/</path>
         <kind>object</kind>
         <file>dl_i2s.o</file>
         <name>dl_i2s.o</name>
      </input_file>
      <input_file id="fl-35">
         <path>/Users/jimkueneman/Documents/OpenLcbCLib/src/applications/TI_Thiea/MSPM03507_Launchpad/BasicNode/Debug/./ti/driverlib/</path>
         <kind>object</kind>
         <file>dl_iwdt.o</file>
         <name>dl_iwdt.o</name>
      </input_file>
      <input_file id="fl-36">
         <path>/Users/jimkueneman/Documents/OpenLcbCLib/src/applications/TI_Thiea/MSPM03507_Launchpad/BasicNode/Debug/./ti/driverlib/</path>
         <kind>object</kind>
         <file>dl_keystorectl.o</file>
         <name>dl_keystorectl.o</name>
      </input_file>
      <input_file id="fl-37">
         <path>/Users/jimkueneman/Documents/OpenLcbCLib/src/applications/TI_Thiea/MSPM03507_Launchpad/BasicNode/Debug/./ti/driverlib/</path>
         <kind>object</kind>
         <file>dl_lcd.o</file>
         <name>dl_lcd.o</name>
      </input_file>
      <input_file id="fl-38">
         <path>/Users/jimkueneman/Documents/OpenLcbCLib/src/applications/TI_Thiea/MSPM03507_Launchpad/BasicNode/Debug/./ti/driverlib/</path>
         <kind>object</kind>
         <file>dl_lfss.o</file>
         <name>dl_lfss.o</name>
      </input_file>
      <input_file id="fl-39">
         <path>/Users/jimkueneman/Documents/OpenLcbCLib/src/applications/TI_Thiea/MSPM03507_Launchpad/BasicNode/Debug/./ti/driverlib/</path>
         <kind>object</kind>
         <file>dl_mathacl.o</file>
         <name>dl_mathacl.o</name>
      </input_file>
      <input_file id="fl-3a">
         <path>/Users/jimkueneman/Documents/OpenLcbCLib/src/applications/TI_Thiea/MSPM03507_Launchpad/BasicNode/Debug/./ti/driverlib/</path>
         <kind>object</kind>
         <file>dl_mcan.o</file>
         <name>dl_mcan.o</name>
      </input_file>
      <input_file id="fl-3b">
         <path>/Users/jimkueneman/Documents/OpenLcbCLib/src/applications/TI_Thiea/MSPM03507_Launchpad/BasicNode/Debug/./ti/driverlib/</path>
         <kind>object</kind>
         <file>dl_npu.o</file>
         <name>dl_npu.o</name>
      </input_file>
      <input_file id="fl-3c">
         <path>/Users/jimkueneman/Documents/OpenLcbCLib/src/applications/TI_Thiea/MSPM03507_Launchpad/BasicNode/Debug/./ti/driverlib/</path>
         <kind>object</kind>
         <file>dl_opa.o</file>
         <name>dl_opa.o</name>
      </input_file>
      <input_file id="fl-3d">
         <path>/Users/jimkueneman/Documents/OpenLcbCLib/src/applications/TI_Thiea/MSPM03507_Launchpad/BasicNode/Debug/./ti/driverlib/</path>
         <kind>object</kind>
         <file>dl_rtc.o</file>
         <name>dl_rtc.o</name>
      </input_file>
      <input_file id="fl-3e">
         <path>/Users/jimkueneman/Documents/OpenLcbCLib/src/applications/TI_Thiea/MSPM03507_Launchpad/BasicNode/Debug/./ti/driverlib/</path>
         <kind>object</kind>
         <file>dl_rtc_a.o</file>
         <name>dl_rtc_a.o</name>
      </input_file>
      <input_file id="fl-3f">
         <path>/Users/jimkueneman/Documents/OpenLcbCLib/src/applications/TI_Thiea/MSPM03507_Launchpad/BasicNode/Debug/./ti/driverlib/</path>
         <kind>object</kind>
         <file>dl_rtc_b.o</file>
         <name>dl_rtc_b.o</name>
      </input_file>
      <input_file id="fl-40">
         <path>/Users/jimkueneman/Documents/OpenLcbCLib/src/applications/TI_Thiea/MSPM03507_Launchpad/BasicNode/Debug/./ti/driverlib/</path>
         <kind>object</kind>
         <file>dl_rtc_common.o</file>
         <name>dl_rtc_common.o</name>
      </input_file>
      <input_file id="fl-41">
         <path>/Users/jimkueneman/Documents/OpenLcbCLib/src/applications/TI_Thiea/MSPM03507_Launchpad/BasicNode/Debug/./ti/driverlib/</path>
         <kind>object</kind>
         <file>dl_scratchpad.o</file>
         <name>dl_scratchpad.o</name>
      </input_file>
      <input_file id="fl-42">
         <path>/Users/jimkueneman/Documents/OpenLcbCLib/src/applications/TI_Thiea/MSPM03507_Launchpad/BasicNode/Debug/./ti/driverlib/</path>
         <kind>object</kind>
         <file>dl_spgss.o</file>
         <name>dl_spgss.o</name>
      </input_file>
      <input_file id="fl-43">
         <path>/Users/jimkueneman/Documents/OpenLcbCLib/src/applications/TI_Thiea/MSPM03507_Launchpad/BasicNode/Debug/./ti/driverlib/</path>
         <kind>object</kind>
         <file>dl_spi.o</file>
         <name>dl_spi.o</name>
      </input_file>
      <input_file id="fl-44">
         <path>/Users/jimkueneman/Documents/OpenLcbCLib/src/applications/TI_Thiea/MSPM03507_Launchpad/BasicNode/Debug/./ti/driverlib/</path>
         <kind>object</kind>
         <file>dl_tamperio.o</file>
         <name>dl_tamperio.o</name>
      </input_file>
      <input_file id="fl-45">
         <path>/Users/jimkueneman/Documents/OpenLcbCLib/src/applications/TI_Thiea/MSPM03507_Launchpad/BasicNode/Debug/./ti/driverlib/</path>
         <kind>object</kind>
         <file>dl_timer.o</file>
         <name>dl_timer.o</name>
      </input_file>
      <input_file id="fl-46">
         <path>/Users/jimkueneman/Documents/OpenLcbCLib/src/applications/TI_Thiea/MSPM03507_Launchpad/BasicNode/Debug/./ti/driverlib/</path>
         <kind>object</kind>
         <file>dl_timera.o</file>
         <name>dl_timera.o</name>
      </input_file>
      <input_file id="fl-47">
         <path>/Users/jimkueneman/Documents/OpenLcbCLib/src/applications/TI_Thiea/MSPM03507_Launchpad/BasicNode/Debug/./ti/driverlib/</path>
         <kind>object</kind>
         <file>dl_timerb.o</file>
         <name>dl_timerb.o</name>
      </input_file>
      <input_file id="fl-48">
         <path>/Users/jimkueneman/Documents/OpenLcbCLib/src/applications/TI_Thiea/MSPM03507_Launchpad/BasicNode/Debug/./ti/driverlib/</path>
         <kind>object</kind>
         <file>dl_timerg.o</file>
         <name>dl_timerg.o</name>
      </input_file>
      <input_file id="fl-49">
         <path>/Users/jimkueneman/Documents/OpenLcbCLib/src/applications/TI_Thiea/MSPM03507_Launchpad/BasicNode/Debug/./ti/driverlib/</path>
         <kind>object</kind>
         <file>dl_trng.o</file>
         <name>dl_trng.o</name>
      </input_file>
      <input_file id="fl-4a">
         <path>/Users/jimkueneman/Documents/OpenLcbCLib/src/applications/TI_Thiea/MSPM03507_Launchpad/BasicNode/Debug/./ti/driverlib/</path>
         <kind>object</kind>
         <file>dl_uart.o</file>
         <name>dl_uart.o</name>
      </input_file>
      <input_file id="fl-4b">
         <path>/Users/jimkueneman/Documents/OpenLcbCLib/src/applications/TI_Thiea/MSPM03507_Launchpad/BasicNode/Debug/./ti/driverlib/</path>
         <kind>object</kind>
         <file>dl_unicomm.o</file>
         <name>dl_unicomm.o</name>
      </input_file>
      <input_file id="fl-4c">
         <path>/Users/jimkueneman/Documents/OpenLcbCLib/src/applications/TI_Thiea/MSPM03507_Launchpad/BasicNode/Debug/./ti/driverlib/</path>
         <kind>object</kind>
         <file>dl_unicommi2cc.o</file>
         <name>dl_unicommi2cc.o</name>
      </input_file>
      <input_file id="fl-4d">
         <path>/Users/jimkueneman/Documents/OpenLcbCLib/src/applications/TI_Thiea/MSPM03507_Launchpad/BasicNode/Debug/./ti/driverlib/</path>
         <kind>object</kind>
         <file>dl_unicommi2ct.o</file>
         <name>dl_unicommi2ct.o</name>
      </input_file>
      <input_file id="fl-4e">
         <path>/Users/jimkueneman/Documents/OpenLcbCLib/src/applications/TI_Thiea/MSPM03507_Launchpad/BasicNode/Debug/./ti/driverlib/</path>
         <kind>object</kind>
         <file>dl_unicommspi.o</file>
         <name>dl_unicommspi.o</name>
      </input_file>
      <input_file id="fl-4f">
         <path>/Users/jimkueneman/Documents/OpenLcbCLib/src/applications/TI_Thiea/MSPM03507_Launchpad/BasicNode/Debug/./ti/driverlib/</path>
         <kind>object</kind>
         <file>dl_unicommuart.o</file>
         <name>dl_unicommuart.o</name>
      </input_file>
      <input_file id="fl-50">
         <path>/Users/jimkueneman/Documents/OpenLcbCLib/src/applications/TI_Thiea/MSPM03507_Launchpad/BasicNode/Debug/./ti/driverlib/</path>
         <kind>object</kind>
         <file>dl_vref.o</file>
         <name>dl_vref.o</name>
      </input_file>
      <input_file id="fl-51">
         <path>/Users/jimkueneman/Documents/OpenLcbCLib/src/applications/TI_Thiea/MSPM03507_Launchpad/BasicNode/Debug/./ti/driverlib/</path>
         <kind>object</kind>
         <file>dl_wwdt.o</file>
         <name>dl_wwdt.o</name>
      </input_file>
      <input_file id="fl-52">
         <path>/Users/jimkueneman/Documents/OpenLcbCLib/src/applications/TI_Thiea/MSPM03507_Launchpad/BasicNode/Debug/./ti/driverlib/m0p/</path>
         <kind>object</kind>
         <file>dl_factoryregion.o</file>
         <name>dl_factoryregion.o</name>
      </input_file>
      <input_file id="fl-53">
         <path>/Users/jimkueneman/Documents/OpenLcbCLib/src/applications/TI_Thiea/MSPM03507_Launchpad/BasicNode/Debug/./ti/driverlib/m0p/</path>
         <kind>object</kind>
         <file>dl_interrupt.o</file>
         <name>dl_interrupt.o</name>
      </input_file>
      <input_file id="fl-54">
         <path>/Users/jimkueneman/Documents/OpenLcbCLib/src/applications/TI_Thiea/MSPM03507_Launchpad/BasicNode/Debug/./ti/driverlib/m0p/sysctl/</path>
         <kind>object</kind>
         <file>dl_sysctl_mspm0c1105_c1106.o</file>
         <name>dl_sysctl_mspm0c1105_c1106.o</name>
      </input_file>
      <input_file id="fl-55">
         <path>/Users/jimkueneman/Documents/OpenLcbCLib/src/applications/TI_Thiea/MSPM03507_Launchpad/BasicNode/Debug/./ti/driverlib/m0p/sysctl/</path>
         <kind>object</kind>
         <file>dl_sysctl_mspm0c110x.o</file>
         <name>dl_sysctl_mspm0c110x.o</name>
      </input_file>
      <input_file id="fl-56">
         <path>/Users/jimkueneman/Documents/OpenLcbCLib/src/applications/TI_Thiea/MSPM03507_Launchpad/BasicNode/Debug/./ti/driverlib/m0p/sysctl/</path>
         <kind>object</kind>
         <file>dl_sysctl_mspm0g1x0x_g3x0x.o</file>
         <name>dl_sysctl_mspm0g1x0x_g3x0x.o</name>
      </input_file>
      <input_file id="fl-57">
         <path>/Users/jimkueneman/Documents/OpenLcbCLib/src/applications/TI_Thiea/MSPM03507_Launchpad/BasicNode/Debug/./ti/driverlib/m0p/sysctl/</path>
         <kind>object</kind>
         <file>dl_sysctl_mspm0g352x.o</file>
         <name>dl_sysctl_mspm0g352x.o</name>
      </input_file>
      <input_file id="fl-58">
         <path>/Users/jimkueneman/Documents/OpenLcbCLib/src/applications/TI_Thiea/MSPM03507_Launchpad/BasicNode/Debug/./ti/driverlib/m0p/sysctl/</path>
         <kind>object</kind>
         <file>dl_sysctl_mspm0g511x.o</file>
         <name>dl_sysctl_mspm0g511x.o</name>
      </input_file>
      <input_file id="fl-59">
         <path>/Users/jimkueneman/Documents/OpenLcbCLib/src/applications/TI_Thiea/MSPM03507_Launchpad/BasicNode/Debug/./ti/driverlib/m0p/sysctl/</path>
         <kind>object</kind>
         <file>dl_sysctl_mspm0g518x.o</file>
         <name>dl_sysctl_mspm0g518x.o</name>
      </input_file>
      <input_file id="fl-5a">
         <path>/Users/jimkueneman/Documents/OpenLcbCLib/src/applications/TI_Thiea/MSPM03507_Launchpad/BasicNode/Debug/./ti/driverlib/m0p/sysctl/</path>
         <kind>object</kind>
         <file>dl_sysctl_mspm0gx51x.o</file>
         <name>dl_sysctl_mspm0gx51x.o</name>
      </input_file>
      <input_file id="fl-5b">
         <path>/Users/jimkueneman/Documents/OpenLcbCLib/src/applications/TI_Thiea/MSPM03507_Launchpad/BasicNode/Debug/./ti/driverlib/m0p/sysctl/</path>
         <kind>object</kind>
         <file>dl_sysctl_mspm0h321x.o</file>
         <name>dl_sysctl_mspm0h321x.o</name>
      </input_file>
      <input_file id="fl-5c">
         <path>/Users/jimkueneman/Documents/OpenLcbCLib/src/applications/TI_Thiea/MSPM03507_Launchpad/BasicNode/Debug/./ti/driverlib/m0p/sysctl/</path>
         <kind>object</kind>
         <file>dl_sysctl_mspm0l111x.o</file>
         <name>dl_sysctl_mspm0l111x.o</name>
      </input_file>
      <input_file id="fl-5d">
         <path>/Users/jimkueneman/Documents/OpenLcbCLib/src/applications/TI_Thiea/MSPM03507_Launchpad/BasicNode/Debug/./ti/driverlib/m0p/sysctl/</path>
         <kind>object</kind>
         <file>dl_sysctl_mspm0l11xx_l13xx.o</file>
         <name>dl_sysctl_mspm0l11xx_l13xx.o</name>
      </input_file>
      <input_file id="fl-5e">
         <path>/Users/jimkueneman/Documents/OpenLcbCLib/src/applications/TI_Thiea/MSPM03507_Launchpad/BasicNode/Debug/./ti/driverlib/m0p/sysctl/</path>
         <kind>object</kind>
         <file>dl_sysctl_mspm0l122x_l222x.o</file>
         <name>dl_sysctl_mspm0l122x_l222x.o</name>
      </input_file>
      <input_file id="fl-5f">
         <path>/Users/jimkueneman/Documents/OpenLcbCLib/src/applications/TI_Thiea/MSPM03507_Launchpad/BasicNode/Debug/./ti/driverlib/m0p/sysctl/</path>
         <kind>object</kind>
         <file>dl_sysctl_mspm0l211x_l112x.o</file>
         <name>dl_sysctl_mspm0l211x_l112x.o</name>
      </input_file>
      <input_file id="fl-6c">
         <path>/Users/jimkueneman/Documents/OpenLcbCLib/src/applications/TI_Thiea/MSPM03507_Launchpad/BasicNode/Debug/</path>
         <kind>object</kind>
         <file>&lt;internal&gt;</file>
         <name>&lt;internal&gt;</name>
      </input_file>
      <input_file id="fl-83">
         <path>/Applications/TI/ccs2020/ccs/tools/compiler/ti-cgt-armllvm_4.0.3.LTS/lib/armv6m-ti-none-eabi/c/</path>
         <kind>archive</kind>
         <file>libc.a</file>
         <name>printf.c.obj</name>
      </input_file>
      <input_file id="fl-84">
         <path>/Applications/TI/ccs2020/ccs/tools/compiler/ti-cgt-armllvm_4.0.3.LTS/lib/armv6m-ti-none-eabi/c/</path>
         <kind>archive</kind>
         <file>libc.a</file>
         <name>_printfi.c.obj</name>
      </input_file>
      <input_file id="fl-85">
         <path>/Applications/TI/ccs2020/ccs/tools/compiler/ti-cgt-armllvm_4.0.3.LTS/lib/armv6m-ti-none-eabi/c/</path>
         <kind>archive</kind>
         <file>libc.a</file>
         <name>sprintf.c.obj</name>
      </input_file>
      <input_file id="fl-86">
         <path>/Applications/TI/ccs2020/ccs/tools/compiler/ti-cgt-armllvm_4.0.3.LTS/lib/armv6m-ti-none-eabi/c/</path>
         <kind>archive</kind>
         <file>libc.a</file>
         <name>fputc.c.obj</name>
      </input_file>
      <input_file id="fl-87">
         <path>/Applications/TI/ccs2020/ccs/tools/compiler/ti-cgt-armllvm_4.0.3.LTS/lib/armv6m-ti-none-eabi/c/</path>
         <kind>archive</kind>
         <file>libc.a</file>
         <name>fputs.c.obj</name>
      </input_file>
      <input_file id="fl-88">
         <path>/Applications/TI/ccs2020/ccs/tools/compiler/ti-cgt-armllvm_4.0.3.LTS/lib/armv6m-ti-none-eabi/c/</path>
         <kind>archive</kind>
         <file>libc.a</file>
         <name>_io_perm.c.obj</name>
      </input_file>
      <input_file id="fl-89">
         <path>/Applications/TI/ccs2020/ccs/tools/compiler/ti-cgt-armllvm_4.0.3.LTS/lib/armv6m-ti-none-eabi/c/</path>
         <kind>archive</kind>
         <file>libc.a</file>
         <name>setvbuf.c.obj</name>
      </input_file>
      <input_file id="fl-8a">
         <path>/Applications/TI/ccs2020/ccs/tools/compiler/ti-cgt-armllvm_4.0.3.LTS/lib/armv6m-ti-none-eabi/c/</path>
         <kind>archive</kind>
         <file>libc.a</file>
         <name>s_frexp.c.obj</name>
      </input_file>
      <input_file id="fl-8b">
         <path>/Applications/TI/ccs2020/ccs/tools/compiler/ti-cgt-armllvm_4.0.3.LTS/lib/armv6m-ti-none-eabi/c/</path>
         <kind>archive</kind>
         <file>libc.a</file>
         <name>s_scalbn.c.obj</name>
      </input_file>
      <input_file id="fl-8c">
         <path>/Applications/TI/ccs2020/ccs/tools/compiler/ti-cgt-armllvm_4.0.3.LTS/lib/armv6m-ti-none-eabi/c/</path>
         <kind>archive</kind>
         <file>libc.a</file>
         <name>wcslen.c.obj</name>
      </input_file>
      <input_file id="fl-8d">
         <path>/Applications/TI/ccs2020/ccs/tools/compiler/ti-cgt-armllvm_4.0.3.LTS/lib/armv6m-ti-none-eabi/c/</path>
         <kind>archive</kind>
         <file>libc.a</file>
         <name>aeabi_portable.c.obj</name>
      </input_file>
      <input_file id="fl-8e">
         <path>/Applications/TI/ccs2020/ccs/tools/compiler/ti-cgt-armllvm_4.0.3.LTS/lib/armv6m-ti-none-eabi/c/</path>
         <kind>archive</kind>
         <file>libc.a</file>
         <name>exit.c.obj</name>
      </input_file>
      <input_file id="fl-8f">
         <path>/Applications/TI/ccs2020/ccs/tools/compiler/ti-cgt-armllvm_4.0.3.LTS/lib/armv6m-ti-none-eabi/c/</path>
         <kind>archive</kind>
         <file>libc.a</file>
         <name>_lock.c.obj</name>
      </input_file>
      <input_file id="fl-90">
         <path>/Applications/TI/ccs2020/ccs/tools/compiler/ti-cgt-armllvm_4.0.3.LTS/lib/armv6m-ti-none-eabi/c/</path>
         <kind>archive</kind>
         <file>libc.a</file>
         <name>_ltoa.c.obj</name>
      </input_file>
      <input_file id="fl-91">
         <path>/Applications/TI/ccs2020/ccs/tools/compiler/ti-cgt-armllvm_4.0.3.LTS/lib/armv6m-ti-none-eabi/c/</path>
         <kind>archive</kind>
         <file>libc.a</file>
         <name>assert.c.obj</name>
      </input_file>
      <input_file id="fl-92">
         <path>/Applications/TI/ccs2020/ccs/tools/compiler/ti-cgt-armllvm_4.0.3.LTS/lib/armv6m-ti-none-eabi/c/</path>
         <kind>archive</kind>
         <file>libc.a</file>
         <name>atoi.c.obj</name>
      </input_file>
      <input_file id="fl-93">
         <path>/Applications/TI/ccs2020/ccs/tools/compiler/ti-cgt-armllvm_4.0.3.LTS/lib/armv6m-ti-none-eabi/c/</path>
         <kind>archive</kind>
         <file>libc.a</file>
         <name>defs.c.obj</name>
      </input_file>
      <input_file id="fl-94">
         <path>/Applications/TI/ccs2020/ccs/tools/compiler/ti-cgt-armllvm_4.0.3.LTS/lib/armv6m-ti-none-eabi/c/</path>
         <kind>archive</kind>
         <file>libc.a</file>
         <name>memccpy.c.obj</name>
      </input_file>
      <input_file id="fl-95">
         <path>/Applications/TI/ccs2020/ccs/tools/compiler/ti-cgt-armllvm_4.0.3.LTS/lib/armv6m-ti-none-eabi/c/</path>
         <kind>archive</kind>
         <file>libc.a</file>
         <name>memory.c.obj</name>
      </input_file>
      <input_file id="fl-96">
         <path>/Applications/TI/ccs2020/ccs/tools/compiler/ti-cgt-armllvm_4.0.3.LTS/lib/armv6m-ti-none-eabi/c/</path>
         <kind>archive</kind>
         <file>libc.a</file>
         <name>strtoul.c.obj</name>
      </input_file>
      <input_file id="fl-97">
         <path>/Applications/TI/ccs2020/ccs/tools/compiler/ti-cgt-armllvm_4.0.3.LTS/lib/armv6m-ti-none-eabi/c/</path>
         <kind>archive</kind>
         <file>libc.a</file>
         <name>boot_cortex_m.c.obj</name>
      </input_file>
      <input_file id="fl-98">
         <path>/Applications/TI/ccs2020/ccs/tools/compiler/ti-cgt-armllvm_4.0.3.LTS/lib/armv6m-ti-none-eabi/c/</path>
         <kind>archive</kind>
         <file>libc.a</file>
         <name>mathacl_init.c.obj</name>
      </input_file>
      <input_file id="fl-99">
         <path>/Applications/TI/ccs2020/ccs/tools/compiler/ti-cgt-armllvm_4.0.3.LTS/lib/armv6m-ti-none-eabi/c/</path>
         <kind>archive</kind>
         <file>libc.a</file>
         <name>autoinit.c.obj</name>
      </input_file>
      <input_file id="fl-9a">
         <path>/Applications/TI/ccs2020/ccs/tools/compiler/ti-cgt-armllvm_4.0.3.LTS/lib/armv6m-ti-none-eabi/c/</path>
         <kind>archive</kind>
         <file>libc.a</file>
         <name>pre_init.c.obj</name>
      </input_file>
      <input_file id="fl-9b">
         <path>/Applications/TI/ccs2020/ccs/tools/compiler/ti-cgt-armllvm_4.0.3.LTS/lib/armv6m-ti-none-eabi/c/</path>
         <kind>archive</kind>
         <file>libc.a</file>
         <name>cpy_tbl.c.obj</name>
      </input_file>
      <input_file id="fl-9c">
         <path>/Applications/TI/ccs2020/ccs/tools/compiler/ti-cgt-armllvm_4.0.3.LTS/lib/armv6m-ti-none-eabi/c/</path>
         <kind>archive</kind>
         <file>libc.a</file>
         <name>copy_zero_init.c.obj</name>
      </input_file>
      <input_file id="fl-9d">
         <path>/Applications/TI/ccs2020/ccs/tools/compiler/ti-cgt-armllvm_4.0.3.LTS/lib/armv6m-ti-none-eabi/c/</path>
         <kind>archive</kind>
         <file>libc.a</file>
         <name>copy_decompress_none.c.obj</name>
      </input_file>
      <input_file id="fl-9e">
         <path>/Applications/TI/ccs2020/ccs/tools/compiler/ti-cgt-armllvm_4.0.3.LTS/lib/armv6m-ti-none-eabi/c/</path>
         <kind>archive</kind>
         <file>libc.a</file>
         <name>copy_decompress_lzss.c.obj</name>
      </input_file>
      <input_file id="fl-9f">
         <path>/Applications/TI/ccs2020/ccs/tools/compiler/ti-cgt-armllvm_4.0.3.LTS/lib/armv6m-ti-none-eabi/c/</path>
         <kind>archive</kind>
         <file>libc.a</file>
         <name>fflush.c.obj</name>
      </input_file>
      <input_file id="fl-a0">
         <path>/Applications/TI/ccs2020/ccs/tools/compiler/ti-cgt-armllvm_4.0.3.LTS/lib/armv6m-ti-none-eabi/c/</path>
         <kind>archive</kind>
         <file>libc.a</file>
         <name>fopen.c.obj</name>
      </input_file>
      <input_file id="fl-a1">
         <path>/Applications/TI/ccs2020/ccs/tools/compiler/ti-cgt-armllvm_4.0.3.LTS/lib/armv6m-ti-none-eabi/c/</path>
         <kind>archive</kind>
         <file>libc.a</file>
         <name>fseek.c.obj</name>
      </input_file>
      <input_file id="fl-a2">
         <path>/Applications/TI/ccs2020/ccs/tools/compiler/ti-cgt-armllvm_4.0.3.LTS/lib/armv6m-ti-none-eabi/c/</path>
         <kind>archive</kind>
         <file>libc.a</file>
         <name>aeabi_ctype.S.obj</name>
      </input_file>
      <input_file id="fl-a3">
         <path>/Applications/TI/ccs2020/ccs/tools/compiler/ti-cgt-armllvm_4.0.3.LTS/lib/armv6m-ti-none-eabi/c/</path>
         <kind>archive</kind>
         <file>libc.a</file>
         <name>args_main.c.obj</name>
      </input_file>
      <input_file id="fl-a4">
         <path>/Applications/TI/ccs2020/ccs/tools/compiler/ti-cgt-armllvm_4.0.3.LTS/lib/armv6m-ti-none-eabi/c/</path>
         <kind>archive</kind>
         <file>libc.a</file>
         <name>fclose.c.obj</name>
      </input_file>
      <input_file id="fl-144">
         <path>/Applications/TI/ccs2020/ccs/tools/compiler/ti-cgt-armllvm_4.0.3.LTS/lib/armv6m-ti-none-eabi/c/</path>
         <kind>archive</kind>
         <file>libsysbm.a</file>
         <name>hostexit.c.obj</name>
      </input_file>
      <input_file id="fl-145">
         <path>/Applications/TI/ccs2020/ccs/tools/compiler/ti-cgt-armllvm_4.0.3.LTS/lib/armv6m-ti-none-eabi/c/</path>
         <kind>archive</kind>
         <file>libsysbm.a</file>
         <name>write.c.obj</name>
      </input_file>
      <input_file id="fl-146">
         <path>/Applications/TI/ccs2020/ccs/tools/compiler/ti-cgt-armllvm_4.0.3.LTS/lib/armv6m-ti-none-eabi/c/</path>
         <kind>archive</kind>
         <file>libsysbm.a</file>
         <name>host_device.c.obj</name>
      </input_file>
      <input_file id="fl-147">
         <path>/Applications/TI/ccs2020/ccs/tools/compiler/ti-cgt-armllvm_4.0.3.LTS/lib/armv6m-ti-none-eabi/c/</path>
         <kind>archive</kind>
         <file>libsysbm.a</file>
         <name>remove.c.obj</name>
      </input_file>
      <input_file id="fl-148">
         <path>/Applications/TI/ccs2020/ccs/tools/compiler/ti-cgt-armllvm_4.0.3.LTS/lib/armv6m-ti-none-eabi/c/</path>
         <kind>archive</kind>
         <file>libsysbm.a</file>
         <name>open.c.obj</name>
      </input_file>
      <input_file id="fl-149">
         <path>/Applications/TI/ccs2020/ccs/tools/compiler/ti-cgt-armllvm_4.0.3.LTS/lib/armv6m-ti-none-eabi/c/</path>
         <kind>archive</kind>
         <file>libsysbm.a</file>
         <name>lseek.c.obj</name>
      </input_file>
      <input_file id="fl-14a">
         <path>/Applications/TI/ccs2020/ccs/tools/compiler/ti-cgt-armllvm_4.0.3.LTS/lib/armv6m-ti-none-eabi/c/</path>
         <kind>archive</kind>
         <file>libsysbm.a</file>
         <name>close.c.obj</name>
      </input_file>
      <input_file id="fl-14b">
         <path>/Applications/TI/ccs2020/ccs/tools/compiler/ti-cgt-armllvm_4.0.3.LTS/lib/armv6m-ti-none-eabi/c/</path>
         <kind>archive</kind>
         <file>libsysbm.a</file>
         <name>unlink.c.obj</name>
      </input_file>
      <input_file id="fl-14c">
         <path>/Applications/TI/ccs2020/ccs/tools/compiler/ti-cgt-armllvm_4.0.3.LTS/lib/armv6m-ti-none-eabi/c/</path>
         <kind>archive</kind>
         <file>libsysbm.a</file>
         <name>hostclose.c.obj</name>
      </input_file>
      <input_file id="fl-14d">
         <path>/Applications/TI/ccs2020/ccs/tools/compiler/ti-cgt-armllvm_4.0.3.LTS/lib/armv6m-ti-none-eabi/c/</path>
         <kind>archive</kind>
         <file>libsysbm.a</file>
         <name>hostlseek.c.obj</name>
      </input_file>
      <input_file id="fl-14e">
         <path>/Applications/TI/ccs2020/ccs/tools/compiler/ti-cgt-armllvm_4.0.3.LTS/lib/armv6m-ti-none-eabi/c/</path>
         <kind>archive</kind>
         <file>libsysbm.a</file>
         <name>hostopen.c.obj</name>
      </input_file>
      <input_file id="fl-14f">
         <path>/Applications/TI/ccs2020/ccs/tools/compiler/ti-cgt-armllvm_4.0.3.LTS/lib/armv6m-ti-none-eabi/c/</path>
         <kind>archive</kind>
         <file>libsysbm.a</file>
         <name>hostread.c.obj</name>
      </input_file>
      <input_file id="fl-150">
         <path>/Applications/TI/ccs2020/ccs/tools/compiler/ti-cgt-armllvm_4.0.3.LTS/lib/armv6m-ti-none-eabi/c/</path>
         <kind>archive</kind>
         <file>libsysbm.a</file>
         <name>hostrename.c.obj</name>
      </input_file>
      <input_file id="fl-151">
         <path>/Applications/TI/ccs2020/ccs/tools/compiler/ti-cgt-armllvm_4.0.3.LTS/lib/armv6m-ti-none-eabi/c/</path>
         <kind>archive</kind>
         <file>libsysbm.a</file>
         <name>hostunlink.c.obj</name>
      </input_file>
      <input_file id="fl-152">
         <path>/Applications/TI/ccs2020/ccs/tools/compiler/ti-cgt-armllvm_4.0.3.LTS/lib/armv6m-ti-none-eabi/c/</path>
         <kind>archive</kind>
         <file>libsysbm.a</file>
         <name>hostwrite.c.obj</name>
      </input_file>
      <input_file id="fl-153">
         <path>/Applications/TI/ccs2020/ccs/tools/compiler/ti-cgt-armllvm_4.0.3.LTS/lib/armv6m-ti-none-eabi/c/</path>
         <kind>archive</kind>
         <file>libsysbm.a</file>
         <name>trgmsg.c.obj</name>
      </input_file>
      <input_file id="fl-154">
         <path>/Applications/TI/ccs2020/ccs/tools/compiler/ti-cgt-armllvm_4.0.3.LTS/lib/armv6m-ti-none-eabi/</path>
         <kind>archive</kind>
         <file>libclang_rt.builtins.a</file>
         <name>adddf3.S.obj</name>
      </input_file>
      <input_file id="fl-155">
         <path>/Applications/TI/ccs2020/ccs/tools/compiler/ti-cgt-armllvm_4.0.3.LTS/lib/armv6m-ti-none-eabi/</path>
         <kind>archive</kind>
         <file>libclang_rt.builtins.a</file>
         <name>muldf3.S.obj</name>
      </input_file>
      <input_file id="fl-156">
         <path>/Applications/TI/ccs2020/ccs/tools/compiler/ti-cgt-armllvm_4.0.3.LTS/lib/armv6m-ti-none-eabi/</path>
         <kind>archive</kind>
         <file>libclang_rt.builtins.a</file>
         <name>muldsi3.S.obj</name>
      </input_file>
      <input_file id="fl-157">
         <path>/Applications/TI/ccs2020/ccs/tools/compiler/ti-cgt-armllvm_4.0.3.LTS/lib/armv6m-ti-none-eabi/</path>
         <kind>archive</kind>
         <file>libclang_rt.builtins.a</file>
         <name>divdf3.S.obj</name>
      </input_file>
      <input_file id="fl-158">
         <path>/Applications/TI/ccs2020/ccs/tools/compiler/ti-cgt-armllvm_4.0.3.LTS/lib/armv6m-ti-none-eabi/</path>
         <kind>archive</kind>
         <file>libclang_rt.builtins.a</file>
         <name>fixdfsi.S.obj</name>
      </input_file>
      <input_file id="fl-159">
         <path>/Applications/TI/ccs2020/ccs/tools/compiler/ti-cgt-armllvm_4.0.3.LTS/lib/armv6m-ti-none-eabi/</path>
         <kind>archive</kind>
         <file>libclang_rt.builtins.a</file>
         <name>floatsidf.S.obj</name>
      </input_file>
      <input_file id="fl-15a">
         <path>/Applications/TI/ccs2020/ccs/tools/compiler/ti-cgt-armllvm_4.0.3.LTS/lib/armv6m-ti-none-eabi/</path>
         <kind>archive</kind>
         <file>libclang_rt.builtins.a</file>
         <name>muldi3.S.obj</name>
      </input_file>
      <input_file id="fl-15b">
         <path>/Applications/TI/ccs2020/ccs/tools/compiler/ti-cgt-armllvm_4.0.3.LTS/lib/armv6m-ti-none-eabi/</path>
         <kind>archive</kind>
         <file>libclang_rt.builtins.a</file>
         <name>aeabi_dcmp.S.obj</name>
      </input_file>
      <input_file id="fl-15c">
         <path>/Applications/TI/ccs2020/ccs/tools/compiler/ti-cgt-armllvm_4.0.3.LTS/lib/armv6m-ti-none-eabi/</path>
         <kind>archive</kind>
         <file>libclang_rt.builtins.a</file>
         <name>aeabi_idivmod.S.obj</name>
      </input_file>
      <input_file id="fl-15d">
         <path>/Applications/TI/ccs2020/ccs/tools/compiler/ti-cgt-armllvm_4.0.3.LTS/lib/armv6m-ti-none-eabi/</path>
         <kind>archive</kind>
         <file>libclang_rt.builtins.a</file>
         <name>aeabi_memcpy.S.obj</name>
      </input_file>
      <input_file id="fl-15e">
         <path>/Applications/TI/ccs2020/ccs/tools/compiler/ti-cgt-armllvm_4.0.3.LTS/lib/armv6m-ti-none-eabi/</path>
         <kind>archive</kind>
         <file>libclang_rt.builtins.a</file>
         <name>aeabi_memset.S.obj</name>
      </input_file>
      <input_file id="fl-15f">
         <path>/Applications/TI/ccs2020/ccs/tools/compiler/ti-cgt-armllvm_4.0.3.LTS/lib/armv6m-ti-none-eabi/</path>
         <kind>archive</kind>
         <file>libclang_rt.builtins.a</file>
         <name>aeabi_uidivmod.S.obj</name>
      </input_file>
      <input_file id="fl-160">
         <path>/Applications/TI/ccs2020/ccs/tools/compiler/ti-cgt-armllvm_4.0.3.LTS/lib/armv6m-ti-none-eabi/</path>
         <kind>archive</kind>
         <file>libclang_rt.builtins.a</file>
         <name>aeabi_uldivmod.S.obj</name>
      </input_file>
      <input_file id="fl-161">
         <path>/Applications/TI/ccs2020/ccs/tools/compiler/ti-cgt-armllvm_4.0.3.LTS/lib/armv6m-ti-none-eabi/</path>
         <kind>archive</kind>
         <file>libclang_rt.builtins.a</file>
         <name>udivmoddi4.S.obj</name>
      </input_file>
      <input_file id="fl-162">
         <path>/Applications/TI/ccs2020/ccs/tools/compiler/ti-cgt-armllvm_4.0.3.LTS/lib/armv6m-ti-none-eabi/</path>
         <kind>archive</kind>
         <file>libclang_rt.builtins.a</file>
         <name>ashldi3.S.obj</name>
      </input_file>
      <input_file id="fl-163">
         <path>/Applications/TI/ccs2020/ccs/tools/compiler/ti-cgt-armllvm_4.0.3.LTS/lib/armv6m-ti-none-eabi/</path>
         <kind>archive</kind>
         <file>libclang_rt.builtins.a</file>
         <name>comparedf2.c.obj</name>
      </input_file>
      <input_file id="fl-164">
         <path>/Applications/TI/ccs2020/ccs/tools/compiler/ti-cgt-armllvm_4.0.3.LTS/lib/armv6m-ti-none-eabi/</path>
         <kind>archive</kind>
         <file>libclang_rt.builtins.a</file>
         <name>aeabi_div0.c.obj</name>
      </input_file>
      <input_file id="fl-165">
         <path>/Applications/TI/ccs2020/ccs/tools/compiler/ti-cgt-armllvm_4.0.3.LTS/lib/armv6m-ti-none-eabi/c/</path>
         <kind>archive</kind>
         <file>libc.a</file>
         <name>getdevice.c.obj</name>
      </input_file>
      <input_file id="fl-166">
         <path>/Applications/TI/ccs2020/ccs/tools/compiler/ti-cgt-armllvm_4.0.3.LTS/lib/armv6m-ti-none-eabi/c/</path>
         <kind>archive</kind>
         <file>libc.a</file>
         <name>memcpy16.S.obj</name>
      </input_file>
      <input_file id="fl-167">
         <path>/Applications/TI/ccs2020/ccs/tools/compiler/ti-cgt-armllvm_4.0.3.LTS/lib/armv6m-ti-none-eabi/c/</path>
         <kind>archive</kind>
         <file>libc.a</file>
         <name>memset16.S.obj</name>
      </input_file>
      <input_file id="fl-168">
         <path>/Applications/TI/ccs2020/ccs/tools/compiler/ti-cgt-armllvm_4.0.3.LTS/lib/armv6m-ti-none-eabi/c/</path>
         <kind>archive</kind>
         <file>libc.a</file>
         <name>strcmp-armv6m.S.obj</name>
      </input_file>
   </input_file_list>
   <object_component_list>
      <object_component id="oc-18">
         <name>.intvecs</name>
         <load_address>0x0</load_address>
         <readonly>true</readonly>
         <run_address>0x0</run_address>
         <size>0xc0</size>
         <alignment>0x4</alignment>
         <input_file_ref idref="fl-3"/>
      </object_component>
      <object_component id="oc-3a3">
         <name>.text:__TI_printfi_nofloat</name>
         <load_address>0xc0</load_address>
         <readonly>true</readonly>
         <executable>true</executable>
         <run_address>0xc0</run_address>
         <size>0x868</size>
         <alignment>0x4</alignment>
         <input_file_ref idref="fl-84"/>
      </object_component>
      <object_component id="oc-e4">
         <name>.text.OpenLcbNode_allocate</name>
         <load_address>0x928</load_address>
         <readonly>true</readonly>
         <executable>true</executable>
         <run_address>0x928</run_address>
         <size>0x690</size>
         <alignment>0x4</alignment>
         <input_file_ref idref="fl-1d"/>
      </object_component>
      <object_component id="oc-2e9">
         <name>.text.ProtocolDatagramHandler_datagram</name>
         <load_address>0xfb8</load_address>
         <readonly>true</readonly>
         <executable>true</executable>
         <run_address>0xfb8</run_address>
         <size>0x40c</size>
         <alignment>0x4</alignment>
         <input_file_ref idref="fl-22"/>
      </object_component>
      <object_component id="oc-187">
         <name>.text.OpenLcbNode_initialize</name>
         <load_address>0x13c4</load_address>
         <readonly>true</readonly>
         <executable>true</executable>
         <run_address>0x13c4</run_address>
         <size>0x3e8</size>
         <alignment>0x4</alignment>
         <input_file_ref idref="fl-1d"/>
      </object_component>
      <object_component id="oc-2cf">
         <name>.text.OpenLcbMainStatemachine_process_main_statemachine</name>
         <load_address>0x17ac</load_address>
         <readonly>true</readonly>
         <executable>true</executable>
         <run_address>0x17ac</run_address>
         <size>0x38c</size>
         <alignment>0x4</alignment>
         <input_file_ref idref="fl-1c"/>
      </object_component>
      <object_component id="oc-2d6">
         <name>.text.ProtocolSnip_handle_simple_node_info_request</name>
         <load_address>0x1b38</load_address>
         <readonly>true</readonly>
         <executable>true</executable>
         <run_address>0x1b38</run_address>
         <size>0x2b8</size>
         <alignment>0x4</alignment>
         <input_file_ref idref="fl-25"/>
      </object_component>
      <object_component id="oc-3b">
         <name>.text.CANFD0_IRQHandler</name>
         <load_address>0x1df0</load_address>
         <readonly>true</readonly>
         <executable>true</executable>
         <run_address>0x1df0</run_address>
         <size>0x270</size>
         <alignment>0x4</alignment>
         <input_file_ref idref="fl-8"/>
      </object_component>
      <object_component id="oc-1e6">
         <name>.text.DL_MCAN_msgRAMConfig</name>
         <load_address>0x2060</load_address>
         <readonly>true</readonly>
         <executable>true</executable>
         <run_address>0x2060</run_address>
         <size>0x214</size>
         <alignment>0x4</alignment>
         <input_file_ref idref="fl-3a"/>
      </object_component>
      <object_component id="oc-82">
         <name>.text.CanRxStatemachine_incoming_can_driver_callback</name>
         <load_address>0x2274</load_address>
         <readonly>true</readonly>
         <executable>true</executable>
         <run_address>0x2274</run_address>
         <size>0x20c</size>
         <alignment>0x4</alignment>
         <input_file_ref idref="fl-11"/>
      </object_component>
      <object_component id="oc-27f">
         <name>.text.CanMainStatemachine_handle_duplicate_aliases</name>
         <load_address>0x2480</load_address>
         <readonly>true</readonly>
         <executable>true</executable>
         <run_address>0x2480</run_address>
         <size>0x19c</size>
         <alignment>0x4</alignment>
         <input_file_ref idref="fl-f"/>
      </object_component>
      <object_component id="oc-157">
         <name>.text.OpenLcbBufferStore_initialize</name>
         <load_address>0x261c</load_address>
         <readonly>true</readonly>
         <executable>true</executable>
         <run_address>0x261c</run_address>
         <size>0x174</size>
         <alignment>0x4</alignment>
         <input_file_ref idref="fl-18"/>
      </object_component>
      <object_component id="oc-2e5">
         <name>.text.ProtocolEventTransport_handle_events_identify</name>
         <load_address>0x2790</load_address>
         <readonly>true</readonly>
         <executable>true</executable>
         <run_address>0x2790</run_address>
         <size>0x168</size>
         <alignment>0x4</alignment>
         <input_file_ref idref="fl-23"/>
      </object_component>
      <object_component id="oc-31e">
         <name>.text.OpenLcbGridConnect_from_can_msg</name>
         <load_address>0x28f8</load_address>
         <readonly>true</readonly>
         <executable>true</executable>
         <run_address>0x28f8</run_address>
         <size>0x148</size>
         <alignment>0x4</alignment>
         <input_file_ref idref="fl-19"/>
      </object_component>
      <object_component id="oc-2bf">
         <name>.text.CanTxStatemachine_send_openlcb_message</name>
         <load_address>0x2a40</load_address>
         <readonly>true</readonly>
         <executable>true</executable>
         <run_address>0x2a40</run_address>
         <size>0x144</size>
         <alignment>0x4</alignment>
         <input_file_ref idref="fl-13"/>
      </object_component>
      <object_component id="oc-25e">
         <name>.text.CanRxMessageHandler_ame_frame</name>
         <load_address>0x2b84</load_address>
         <readonly>true</readonly>
         <executable>true</executable>
         <run_address>0x2b84</run_address>
         <size>0x138</size>
         <alignment>0x4</alignment>
         <input_file_ref idref="fl-10"/>
      </object_component>
      <object_component id="oc-12a">
         <name>.text.CanBufferStore_initialize</name>
         <load_address>0x2cbc</load_address>
         <readonly>true</readonly>
         <executable>true</executable>
         <run_address>0x2cbc</run_address>
         <size>0x128</size>
         <alignment>0x4</alignment>
         <input_file_ref idref="fl-c"/>
      </object_component>
      <object_component id="oc-127">
         <name>.text.SYSCFG_DL_MCAN0_init</name>
         <load_address>0x2de4</load_address>
         <readonly>true</readonly>
         <executable>true</executable>
         <run_address>0x2de4</run_address>
         <size>0x11c</size>
         <alignment>0x4</alignment>
         <input_file_ref idref="fl-2"/>
      </object_component>
      <object_component id="oc-3b2">
         <name>.text.aligned_alloc</name>
         <load_address>0x2f00</load_address>
         <readonly>true</readonly>
         <executable>true</executable>
         <run_address>0x2f00</run_address>
         <size>0x114</size>
         <alignment>0x4</alignment>
         <input_file_ref idref="fl-95"/>
      </object_component>
      <object_component id="oc-258">
         <name>.text.CanRxMessageHandler_first_frame</name>
         <load_address>0x3014</load_address>
         <readonly>true</readonly>
         <executable>true</executable>
         <run_address>0x3014</run_address>
         <size>0x10c</size>
         <alignment>0x4</alignment>
         <input_file_ref idref="fl-10"/>
      </object_component>
      <object_component id="oc-8d">
         <name>.text.DL_MCAN_readMsgRam</name>
         <load_address>0x3120</load_address>
         <readonly>true</readonly>
         <executable>true</executable>
         <run_address>0x3120</run_address>
         <size>0x10c</size>
         <alignment>0x4</alignment>
         <input_file_ref idref="fl-3a"/>
      </object_component>
      <object_component id="oc-2b4">
         <name>.text.ProtocolConfigMemOperationsHandler_request_options_cmd</name>
         <load_address>0x322c</load_address>
         <readonly>true</readonly>
         <executable>true</executable>
         <run_address>0x322c</run_address>
         <size>0x10c</size>
         <alignment>0x4</alignment>
         <input_file_ref idref="fl-1f"/>
      </object_component>
      <object_component id="oc-251">
         <name>.text.OpenLcbBufferStore_allocate_buffer</name>
         <load_address>0x3338</load_address>
         <readonly>true</readonly>
         <executable>true</executable>
         <run_address>0x3338</run_address>
         <size>0x108</size>
         <alignment>0x4</alignment>
         <input_file_ref idref="fl-18"/>
      </object_component>
      <object_component id="oc-32f">
         <name>.text.CanUtilities_copy_openlcb_payload_to_can_payload</name>
         <load_address>0x3440</load_address>
         <readonly>true</readonly>
         <executable>true</executable>
         <run_address>0x3440</run_address>
         <size>0xfe</size>
         <alignment>0x2</alignment>
         <input_file_ref idref="fl-14"/>
      </object_component>
      <object_component id="oc-25b">
         <name>.text.CanRxMessageHandler_stream_frame</name>
         <load_address>0x353e</load_address>
         <readonly>true</readonly>
         <executable>true</executable>
         <run_address>0x353e</run_address>
         <size>0x2</size>
         <alignment>0x2</alignment>
         <input_file_ref idref="fl-10"/>
      </object_component>
      <object_component id="oc-29e">
         <name>.text.ProtocolConfigMemOperationsHandler_freeze</name>
         <load_address>0x3540</load_address>
         <readonly>true</readonly>
         <executable>true</executable>
         <run_address>0x3540</run_address>
         <size>0xfc</size>
         <alignment>0x4</alignment>
         <input_file_ref idref="fl-1f"/>
      </object_component>
      <object_component id="oc-296">
         <name>.text.ProtocolConfigMemOperationsHandler_get_address_space_info</name>
         <load_address>0x363c</load_address>
         <readonly>true</readonly>
         <executable>true</executable>
         <run_address>0x363c</run_address>
         <size>0xfc</size>
         <alignment>0x4</alignment>
         <input_file_ref idref="fl-1f"/>
      </object_component>
      <object_component id="oc-297">
         <name>.text.ProtocolConfigMemOperationsHandler_get_address_space_info_reply_not_present</name>
         <load_address>0x3738</load_address>
         <readonly>true</readonly>
         <executable>true</executable>
         <run_address>0x3738</run_address>
         <size>0xfc</size>
         <alignment>0x4</alignment>
         <input_file_ref idref="fl-1f"/>
      </object_component>
      <object_component id="oc-298">
         <name>.text.ProtocolConfigMemOperationsHandler_get_address_space_info_reply_present</name>
         <load_address>0x3834</load_address>
         <readonly>true</readonly>
         <executable>true</executable>
         <run_address>0x3834</run_address>
         <size>0xfc</size>
         <alignment>0x4</alignment>
         <input_file_ref idref="fl-1f"/>
      </object_component>
      <object_component id="oc-29d">
         <name>.text.ProtocolConfigMemOperationsHandler_unfreeze</name>
         <load_address>0x3930</load_address>
         <readonly>true</readonly>
         <executable>true</executable>
         <run_address>0x3930</run_address>
         <size>0xfc</size>
         <alignment>0x4</alignment>
         <input_file_ref idref="fl-1f"/>
      </object_component>
      <object_component id="oc-1ae">
         <name>.text.fputs</name>
         <load_address>0x3a2c</load_address>
         <readonly>true</readonly>
         <executable>true</executable>
         <run_address>0x3a2c</run_address>
         <size>0xf8</size>
         <alignment>0x4</alignment>
         <input_file_ref idref="fl-87"/>
      </object_component>
      <object_component id="oc-32b">
         <name>.text.DL_MCAN_writeMsgRam</name>
         <load_address>0x3b24</load_address>
         <readonly>true</readonly>
         <executable>true</executable>
         <run_address>0x3b24</run_address>
         <size>0xf4</size>
         <alignment>0x4</alignment>
         <input_file_ref idref="fl-3a"/>
      </object_component>
      <object_component id="oc-33b">
         <name>.text._handle_write_request</name>
         <load_address>0x3c18</load_address>
         <readonly>true</readonly>
         <executable>true</executable>
         <run_address>0x3c18</run_address>
         <size>0xf0</size>
         <alignment>0x4</alignment>
         <input_file_ref idref="fl-21"/>
      </object_component>
      <object_component id="oc-35a">
         <name>.text._handle_write_under_mask_address_space_at_offset_6</name>
         <load_address>0x3d08</load_address>
         <readonly>true</readonly>
         <executable>true</executable>
         <run_address>0x3d08</run_address>
         <size>0xec</size>
         <alignment>0x4</alignment>
         <input_file_ref idref="fl-22"/>
      </object_component>
      <object_component id="oc-2a2">
         <name>.text.ProtocolDatagramHandler_load_datagram_received_ok_message</name>
         <load_address>0x3df4</load_address>
         <readonly>true</readonly>
         <executable>true</executable>
         <run_address>0x3df4</run_address>
         <size>0xe8</size>
         <alignment>0x4</alignment>
         <input_file_ref idref="fl-22"/>
      </object_component>
      <object_component id="oc-388">
         <name>.text.free</name>
         <load_address>0x3edc</load_address>
         <readonly>true</readonly>
         <executable>true</executable>
         <run_address>0x3edc</run_address>
         <size>0xe8</size>
         <alignment>0x4</alignment>
         <input_file_ref idref="fl-95"/>
      </object_component>
      <object_component id="oc-1e4">
         <name>.text.DL_MCAN_config</name>
         <load_address>0x3fc4</load_address>
         <readonly>true</readonly>
         <executable>true</executable>
         <run_address>0x3fc4</run_address>
         <size>0xe4</size>
         <alignment>0x4</alignment>
         <input_file_ref idref="fl-3a"/>
      </object_component>
      <object_component id="oc-33a">
         <name>.text._handle_read_request</name>
         <load_address>0x40a8</load_address>
         <readonly>true</readonly>
         <executable>true</executable>
         <run_address>0x40a8</run_address>
         <size>0xe0</size>
         <alignment>0x4</alignment>
         <input_file_ref idref="fl-20"/>
      </object_component>
      <object_component id="oc-365">
         <name>.text.setvbuf</name>
         <load_address>0x4188</load_address>
         <readonly>true</readonly>
         <executable>true</executable>
         <run_address>0x4188</run_address>
         <size>0xe0</size>
         <alignment>0x4</alignment>
         <input_file_ref idref="fl-89"/>
      </object_component>
      <object_component id="oc-1e3">
         <name>.text.DL_MCAN_init</name>
         <load_address>0x4268</load_address>
         <readonly>true</readonly>
         <executable>true</executable>
         <run_address>0x4268</run_address>
         <size>0xdc</size>
         <alignment>0x4</alignment>
         <input_file_ref idref="fl-3a"/>
      </object_component>
      <object_component id="oc-1db">
         <name>.text.DL_SYSCTL_configSYSPLL</name>
         <load_address>0x4344</load_address>
         <readonly>true</readonly>
         <executable>true</executable>
         <run_address>0x4344</run_address>
         <size>0xdc</size>
         <alignment>0x4</alignment>
         <input_file_ref idref="fl-56"/>
      </object_component>
      <object_component id="oc-d3">
         <name>.text.DependencyInjection_initialize</name>
         <load_address>0x4420</load_address>
         <readonly>true</readonly>
         <executable>true</executable>
         <run_address>0x4420</run_address>
         <size>0xdc</size>
         <alignment>0x4</alignment>
         <input_file_ref idref="fl-5"/>
      </object_component>
      <object_component id="oc-2b5">
         <name>.text.ProtocolConfigMemOperationsHandler_request_get_address_space_info</name>
         <load_address>0x44fc</load_address>
         <readonly>true</readonly>
         <executable>true</executable>
         <run_address>0x44fc</run_address>
         <size>0xdc</size>
         <alignment>0x4</alignment>
         <input_file_ref idref="fl-1f"/>
      </object_component>
      <object_component id="oc-1e5">
         <name>.text.DL_MCAN_setBitTime</name>
         <load_address>0x45d8</load_address>
         <readonly>true</readonly>
         <executable>true</executable>
         <run_address>0x45d8</run_address>
         <size>0xd8</size>
         <alignment>0x4</alignment>
         <input_file_ref idref="fl-3a"/>
      </object_component>
      <object_component id="oc-250">
         <name>.text.CanBufferStore_allocate_buffer</name>
         <load_address>0x46b0</load_address>
         <readonly>true</readonly>
         <executable>true</executable>
         <run_address>0x46b0</run_address>
         <size>0xd4</size>
         <alignment>0x4</alignment>
         <input_file_ref idref="fl-c"/>
      </object_component>
      <object_component id="oc-2bd">
         <name>.text.OpenLcbLoginMessageHandler_load_producer_event</name>
         <load_address>0x4784</load_address>
         <readonly>true</readonly>
         <executable>true</executable>
         <run_address>0x4784</run_address>
         <size>0xd0</size>
         <alignment>0x4</alignment>
         <input_file_ref idref="fl-1b"/>
      </object_component>
      <object_component id="oc-2b6">
         <name>.text.ProtocolConfigMemOperationsHandler_request_reserve_lock</name>
         <load_address>0x4854</load_address>
         <readonly>true</readonly>
         <executable>true</executable>
         <run_address>0x4854</run_address>
         <size>0xd0</size>
         <alignment>0x4</alignment>
         <input_file_ref idref="fl-1f"/>
      </object_component>
      <object_component id="oc-2c8">
         <name>.text.ProtocolMessageNetwork_handle_verify_node_id_global</name>
         <load_address>0x4924</load_address>
         <readonly>true</readonly>
         <executable>true</executable>
         <run_address>0x4924</run_address>
         <size>0xbe</size>
         <alignment>0x2</alignment>
         <input_file_ref idref="fl-24"/>
      </object_component>
      <object_component id="oc-35">
         <name>.text.Default_Handler</name>
         <load_address>0x49e2</load_address>
         <readonly>true</readonly>
         <executable>true</executable>
         <run_address>0x49e2</run_address>
         <size>0x2</size>
         <alignment>0x2</alignment>
         <input_file_ref idref="fl-3"/>
      </object_component>
      <object_component id="oc-68">
         <name>.text.OpenLcbNode_100ms_timer_tick</name>
         <load_address>0x49e4</load_address>
         <readonly>true</readonly>
         <executable>true</executable>
         <run_address>0x49e4</run_address>
         <size>0xbc</size>
         <alignment>0x4</alignment>
         <input_file_ref idref="fl-1d"/>
      </object_component>
      <object_component id="oc-356">
         <name>.text._handle_read_address_space_at_offset_6</name>
         <load_address>0x4aa0</load_address>
         <readonly>true</readonly>
         <executable>true</executable>
         <run_address>0x4aa0</run_address>
         <size>0xbc</size>
         <alignment>0x4</alignment>
         <input_file_ref idref="fl-22"/>
      </object_component>
      <object_component id="oc-352">
         <name>.text._handle_read_reply_fail_address_space_at_offset_6</name>
         <load_address>0x4b5c</load_address>
         <readonly>true</readonly>
         <executable>true</executable>
         <run_address>0x4b5c</run_address>
         <size>0xbc</size>
         <alignment>0x4</alignment>
         <input_file_ref idref="fl-22"/>
      </object_component>
      <object_component id="oc-351">
         <name>.text._handle_read_reply_ok_address_space_at_offset_6</name>
         <load_address>0x4c18</load_address>
         <readonly>true</readonly>
         <executable>true</executable>
         <run_address>0x4c18</run_address>
         <size>0xbc</size>
         <alignment>0x4</alignment>
         <input_file_ref idref="fl-22"/>
      </object_component>
      <object_component id="oc-355">
         <name>.text._handle_read_stream_address_space_at_offset_6</name>
         <load_address>0x4cd4</load_address>
         <readonly>true</readonly>
         <executable>true</executable>
         <run_address>0x4cd4</run_address>
         <size>0xbc</size>
         <alignment>0x4</alignment>
         <input_file_ref idref="fl-22"/>
      </object_component>
      <object_component id="oc-25a">
         <name>.text.CanRxMessageHandler_last_frame</name>
         <load_address>0x4d90</load_address>
         <readonly>true</readonly>
         <executable>true</executable>
         <run_address>0x4d90</run_address>
         <size>0xb8</size>
         <alignment>0x4</alignment>
         <input_file_ref idref="fl-10"/>
      </object_component>
      <object_component id="oc-2be">
         <name>.text.OpenLcbLoginMessageHandler_load_consumer_event</name>
         <load_address>0x4e48</load_address>
         <readonly>true</readonly>
         <executable>true</executable>
         <run_address>0x4e48</run_address>
         <size>0xb4</size>
         <alignment>0x4</alignment>
         <input_file_ref idref="fl-1b"/>
      </object_component>
      <object_component id="oc-353">
         <name>.text._handle_read_stream_reply_ok_address_space_at_offset_6</name>
         <load_address>0x4efc</load_address>
         <readonly>true</readonly>
         <executable>true</executable>
         <run_address>0x4efc</run_address>
         <size>0xb4</size>
         <alignment>0x4</alignment>
         <input_file_ref idref="fl-22"/>
      </object_component>
      <object_component id="oc-35b">
         <name>.text._handle_write_stream_address_space_at_offset_6</name>
         <load_address>0x4fb0</load_address>
         <readonly>true</readonly>
         <executable>true</executable>
         <run_address>0x4fb0</run_address>
         <size>0xb0</size>
         <alignment>0x4</alignment>
         <input_file_ref idref="fl-22"/>
      </object_component>
      <object_component id="oc-359">
         <name>.text._handle_write_stream_reply_fail_address_space_at_offset_6</name>
         <load_address>0x5060</load_address>
         <readonly>true</readonly>
         <executable>true</executable>
         <run_address>0x5060</run_address>
         <size>0xb0</size>
         <alignment>0x4</alignment>
         <input_file_ref idref="fl-22"/>
      </object_component>
      <object_component id="oc-35c">
         <name>.text._handle_write_stream_reply_ok_address_space_at_offset_6</name>
         <load_address>0x5110</load_address>
         <readonly>true</readonly>
         <executable>true</executable>
         <run_address>0x5110</run_address>
         <size>0xb0</size>
         <alignment>0x4</alignment>
         <input_file_ref idref="fl-22"/>
      </object_component>
      <object_component id="oc-2ab">
         <name>.text.ProtocolSnip_load_user_description</name>
         <load_address>0x51c0</load_address>
         <readonly>true</readonly>
         <executable>true</executable>
         <run_address>0x51c0</run_address>
         <size>0xa8</size>
         <alignment>0x4</alignment>
         <input_file_ref idref="fl-25"/>
      </object_component>
      <object_component id="oc-2aa">
         <name>.text.ProtocolSnip_load_user_name</name>
         <load_address>0x5268</load_address>
         <readonly>true</readonly>
         <executable>true</executable>
         <run_address>0x5268</run_address>
         <size>0xa8</size>
         <alignment>0x4</alignment>
         <input_file_ref idref="fl-25"/>
      </object_component>
      <object_component id="oc-358">
         <name>.text._handle_read_stream_reply_fail_address_space_at_offset_6</name>
         <load_address>0x5310</load_address>
         <readonly>true</readonly>
         <executable>true</executable>
         <run_address>0x5310</run_address>
         <size>0xa8</size>
         <alignment>0x4</alignment>
         <input_file_ref idref="fl-22"/>
      </object_component>
      <object_component id="oc-350">
         <name>.text._handle_write_address_space_at_offset_6</name>
         <load_address>0x53b8</load_address>
         <readonly>true</readonly>
         <executable>true</executable>
         <run_address>0x53b8</run_address>
         <size>0xa8</size>
         <alignment>0x4</alignment>
         <input_file_ref idref="fl-22"/>
      </object_component>
      <object_component id="oc-357">
         <name>.text._handle_write_reply_fail_address_space_at_offset_6</name>
         <load_address>0x5460</load_address>
         <readonly>true</readonly>
         <executable>true</executable>
         <run_address>0x5460</run_address>
         <size>0xa8</size>
         <alignment>0x4</alignment>
         <input_file_ref idref="fl-22"/>
      </object_component>
      <object_component id="oc-354">
         <name>.text._handle_write_reply_ok_address_space_at_offset_6</name>
         <load_address>0x5508</load_address>
         <readonly>true</readonly>
         <executable>true</executable>
         <run_address>0x5508</run_address>
         <size>0xa8</size>
         <alignment>0x4</alignment>
         <input_file_ref idref="fl-22"/>
      </object_component>
      <object_component id="oc-2de">
         <name>.text.ProtocolEventTransport_handle_producer_identify</name>
         <load_address>0x55b0</load_address>
         <readonly>true</readonly>
         <executable>true</executable>
         <run_address>0x55b0</run_address>
         <size>0xa4</size>
         <alignment>0x4</alignment>
         <input_file_ref idref="fl-23"/>
      </object_component>
      <object_component id="oc-445">
         <name>.text</name>
         <load_address>0x5654</load_address>
         <readonly>true</readonly>
         <executable>true</executable>
         <run_address>0x5654</run_address>
         <size>0xa2</size>
         <alignment>0x4</alignment>
         <input_file_ref idref="fl-161"/>
      </object_component>
      <object_component id="oc-d7">
         <name>.text.DependencyInjectors_initialize</name>
         <load_address>0x56f6</load_address>
         <readonly>true</readonly>
         <executable>true</executable>
         <run_address>0x56f6</run_address>
         <size>0x2</size>
         <alignment>0x2</alignment>
         <input_file_ref idref="fl-6"/>
      </object_component>
      <object_component id="oc-26b">
         <name>.text.AliasMappings_register</name>
         <load_address>0x56f8</load_address>
         <readonly>true</readonly>
         <executable>true</executable>
[...]
         <name>ProtocolSnip_write_user_description</name>
         <value>0x91f5</value>
         <object_component_ref idref="oc-2b1"/>
      </symbol>
      <symbol id="sm-5fe">
         <name>ProtocolSnip_handle_simple_node_info_reply</name>
         <value>0x9701</value>
         <object_component_ref idref="oc-2d7"/>
      </symbol>
      <symbol id="sm-60b">
         <name>DL_Common_delayCycles</name>
         <value>0x96bb</value>
         <object_component_ref idref="oc-7d"/>
      </symbol>
      <symbol id="sm-665">
         <name>DL_MCAN_setClockConfig</name>
         <value>0x8fe9</value>
         <object_component_ref idref="oc-1de"/>
      </symbol>
      <symbol id="sm-666">
         <name>DL_MCAN_isMemInitDone</name>
         <value>0x94f5</value>
         <object_component_ref idref="oc-1e0"/>
      </symbol>
      <symbol id="sm-667">
         <name>DL_MCAN_setOpMode</name>
         <value>0x939d</value>
         <object_component_ref idref="oc-1e1"/>
      </symbol>
      <symbol id="sm-668">
         <name>DL_MCAN_getOpMode</name>
         <value>0x94e5</value>
         <object_component_ref idref="oc-1e2"/>
      </symbol>
      <symbol id="sm-669">
         <name>DL_MCAN_init</name>
         <value>0x4269</value>
         <object_component_ref idref="oc-1e3"/>
      </symbol>
      <symbol id="sm-66a">
         <name>DL_MCAN_config</name>
         <value>0x3fc5</value>
         <object_component_ref idref="oc-1e4"/>
      </symbol>
      <symbol id="sm-66b">
         <name>DL_MCAN_setBitTime</name>
         <value>0x45d9</value>
         <object_component_ref idref="oc-1e5"/>
      </symbol>
      <symbol id="sm-66c">
         <name>DL_MCAN_msgRAMConfig</name>
         <value>0x2061</value>
         <object_component_ref idref="oc-1e6"/>
      </symbol>
      <symbol id="sm-66d">
         <name>DL_MCAN_setExtIDAndMask</name>
         <value>0x840d</value>
         <object_component_ref idref="oc-1e8"/>
      </symbol>
      <symbol id="sm-66e">
         <name>DL_MCAN_writeMsgRam</name>
         <value>0x3b25</value>
         <object_component_ref idref="oc-32b"/>
      </symbol>
      <symbol id="sm-66f">
         <name>DL_MCAN_TXBufAddReq</name>
         <value>0x83d9</value>
         <object_component_ref idref="oc-32d"/>
      </symbol>
      <symbol id="sm-670">
         <name>DL_MCAN_readMsgRam</name>
         <value>0x3121</value>
         <object_component_ref idref="oc-8d"/>
      </symbol>
      <symbol id="sm-671">
         <name>DL_MCAN_addExtMsgIDFilter</name>
         <value>0x8ae5</value>
         <object_component_ref idref="oc-1e7"/>
      </symbol>
      <symbol id="sm-672">
         <name>DL_MCAN_enableIntr</name>
         <value>0x928d</value>
         <object_component_ref idref="oc-1e9"/>
      </symbol>
      <symbol id="sm-673">
         <name>DL_MCAN_selectIntrLine</name>
         <value>0x92c5</value>
         <object_component_ref idref="oc-1ea"/>
      </symbol>
      <symbol id="sm-674">
         <name>DL_MCAN_enableIntrLine</name>
         <value>0x92a9</value>
         <object_component_ref idref="oc-1eb"/>
      </symbol>
      <symbol id="sm-675">
         <name>DL_MCAN_getIntrStatus</name>
         <value>0x95f1</value>
         <object_component_ref idref="oc-76"/>
      </symbol>
      <symbol id="sm-676">
         <name>DL_MCAN_clearIntrStatus</name>
         <value>0x942d</value>
         <object_component_ref idref="oc-7c"/>
      </symbol>
      <symbol id="sm-677">
         <name>DL_MCAN_getRxFIFOStatus</name>
         <value>0x8291</value>
         <object_component_ref idref="oc-81"/>
      </symbol>
      <symbol id="sm-678">
         <name>DL_MCAN_writeRxFIFOAck</name>
         <value>0x7e1d</value>
         <object_component_ref idref="oc-8e"/>
      </symbol>
      <symbol id="sm-679">
         <name>DL_MCAN_TXBufTransIntrEnable</name>
         <value>0x8ab9</value>
         <object_component_ref idref="oc-32c"/>
      </symbol>
      <symbol id="sm-67a">
         <name>DL_MCAN_getRevisionId</name>
         <value>0x7c45</value>
         <object_component_ref idref="oc-1df"/>
      </symbol>
      <symbol id="sm-6a6">
         <name>DL_SYSCTL_configSYSPLL</name>
         <value>0x4345</value>
         <object_component_ref idref="oc-1db"/>
      </symbol>
      <symbol id="sm-6a7">
         <name>DL_SYSCTL_switchMCLKfromSYSOSCtoHSCLK</name>
         <value>0x7c89</value>
         <object_component_ref idref="oc-1dc"/>
      </symbol>
      <symbol id="sm-6a8">
         <name>DL_SYSCTL_setHFCLKSourceHFXTParams</name>
         <value>0x6a21</value>
         <object_component_ref idref="oc-1d5"/>
      </symbol>
      <symbol id="sm-6b2">
         <name>__TI_ATRegion0_src_addr</name>
         <value>0x0</value>
      </symbol>
      <symbol id="sm-6b3">
         <name>__TI_ATRegion0_trg_addr</name>
         <value>0x0</value>
      </symbol>
      <symbol id="sm-6b4">
         <name>__TI_ATRegion0_region_sz</name>
         <value>0x0</value>
      </symbol>
      <symbol id="sm-6b5">
         <name>__TI_ATRegion1_src_addr</name>
         <value>0x0</value>
      </symbol>
      <symbol id="sm-6b6">
         <name>__TI_ATRegion1_trg_addr</name>
         <value>0x0</value>
      </symbol>
      <symbol id="sm-6b7">
         <name>__TI_ATRegion1_region_sz</name>
         <value>0x0</value>
      </symbol>
      <symbol id="sm-6b8">
         <name>__TI_ATRegion2_src_addr</name>
         <value>0x0</value>
      </symbol>
      <symbol id="sm-6b9">
         <name>__TI_ATRegion2_trg_addr</name>
         <value>0x0</value>
      </symbol>
      <symbol id="sm-6ba">
         <name>__TI_ATRegion2_region_sz</name>
         <value>0x0</value>
      </symbol>
      <symbol id="sm-6cb">
         <name>printf</name>
         <value>0x72e1</value>
         <object_component_ref idref="oc-324"/>
      </symbol>
      <symbol id="sm-6ed">
         <name>__TI_printfi_nofloat</name>
         <value>0xc1</value>
         <object_component_ref idref="oc-3a3"/>
      </symbol>
      <symbol id="sm-6fe">
         <name>sprintf</name>
         <value>0x8339</value>
         <object_component_ref idref="oc-374"/>
      </symbol>
      <symbol id="sm-709">
         <name>fputc</name>
         <value>0x5835</value>
         <object_component_ref idref="oc-3a5"/>
      </symbol>
      <symbol id="sm-718">
         <name>puts</name>
         <value>0x9109</value>
         <object_component_ref idref="oc-de"/>
      </symbol>
      <symbol id="sm-719">
         <name>fputs</name>
         <value>0x3a2d</value>
         <object_component_ref idref="oc-1ae"/>
      </symbol>
      <symbol id="sm-723">
         <name>__TI_wrt_ok</name>
         <value>0x6e6d</value>
         <object_component_ref idref="oc-2ec"/>
      </symbol>
      <symbol id="sm-72d">
         <name>setvbuf</name>
         <value>0x4189</value>
         <object_component_ref idref="oc-365"/>
      </symbol>
      <symbol id="sm-738">
         <name>wcslen</name>
         <value>0x9535</value>
         <object_component_ref idref="oc-3e7"/>
      </symbol>
      <symbol id="sm-743">
         <name>__aeabi_errno_addr</name>
         <value>0x971d</value>
         <object_component_ref idref="oc-3eb"/>
      </symbol>
      <symbol id="sm-744">
         <name>__aeabi_errno</name>
         <value>0x20203a14</value>
         <object_component_ref idref="oc-43c"/>
      </symbol>
      <symbol id="sm-752">
         <name>abort</name>
         <value>0x974d</value>
         <object_component_ref idref="oc-fa"/>
      </symbol>
      <symbol id="sm-753">
         <name>__TI_cleanup_ptr</name>
         <value>0x20203a08</value>
         <object_component_ref idref="oc-1c9"/>
      </symbol>
      <symbol id="sm-754">
         <name>__TI_dtors_ptr</name>
         <value>0x20203a0c</value>
         <object_component_ref idref="oc-1c9"/>
      </symbol>
      <symbol id="sm-755">
         <name>exit</name>
         <value>0x87e9</value>
         <object_component_ref idref="oc-ff"/>
      </symbol>
      <symbol id="sm-75e">
         <name>_nop</name>
         <value>0x8177</value>
         <object_component_ref idref="oc-301"/>
      </symbol>
      <symbol id="sm-75f">
         <name>_lock</name>
         <value>0x20203a18</value>
         <object_component_ref idref="oc-1c7"/>
      </symbol>
      <symbol id="sm-760">
         <name>_unlock</name>
         <value>0x20203a1c</value>
         <object_component_ref idref="oc-1ca"/>
      </symbol>
      <symbol id="sm-76c">
         <name>atoi</name>
         <value>0x7f1d</value>
         <object_component_ref idref="oc-3e3"/>
      </symbol>
      <symbol id="sm-771">
         <name>_ftable</name>
         <value>0x20203850</value>
         <object_component_ref idref="oc-1af"/>
      </symbol>
      <symbol id="sm-772">
         <name>__TI_ft_end</name>
         <value>0x20203a10</value>
         <object_component_ref idref="oc-3b9"/>
      </symbol>
      <symbol id="sm-773">
         <name>__TI_tmpnams</name>
         <value>0x20202e68</value>
         <object_component_ref idref="oc-411"/>
      </symbol>
      <symbol id="sm-77c">
         <name>memccpy</name>
         <value>0x9193</value>
         <object_component_ref idref="oc-3dc"/>
      </symbol>
      <symbol id="sm-79f">
         <name>malloc</name>
         <value>0x96a5</value>
         <object_component_ref idref="oc-38a"/>
      </symbol>
      <symbol id="sm-7a0">
         <name>aligned_alloc</name>
         <value>0x2f01</value>
         <object_component_ref idref="oc-3b2"/>
      </symbol>
      <symbol id="sm-7a1">
         <name>free</name>
         <value>0x3edd</value>
         <object_component_ref idref="oc-388"/>
      </symbol>
      <symbol id="sm-7a2">
         <name>_sys_memory</name>
         <value>0x20203050</value>
         <object_component_ref idref="oc-2f"/>
      </symbol>
      <symbol id="sm-7a3">
         <name>memalign</name>
         <value>0x2f01</value>
         <object_component_ref idref="oc-3b2"/>
      </symbol>
      <symbol id="sm-7af">
         <name>_c_int00_noargs</name>
         <value>0x8f99</value>
         <object_component_ref idref="oc-5c"/>
      </symbol>
      <symbol id="sm-7b0">
         <name>__stack</name>
         <value>0x20207e00</value>
         <object_component_ref idref="oc-1a"/>
      </symbol>
      <symbol id="sm-7bc">
         <name>__TI_auto_init_nobinit_nopinit</name>
         <value>0x8101</value>
         <object_component_ref idref="oc-101"/>
      </symbol>
      <symbol id="sm-7c4">
         <name>_system_pre_init</name>
         <value>0x975f</value>
         <object_component_ref idref="oc-96"/>
      </symbol>
      <symbol id="sm-7cf">
         <name>__TI_zero_init</name>
         <value>0x9545</value>
         <object_component_ref idref="oc-59"/>
      </symbol>
      <symbol id="sm-7d8">
         <name>__TI_decompress_none</name>
         <value>0x94a3</value>
         <object_component_ref idref="oc-20"/>
      </symbol>
      <symbol id="sm-7e3">
         <name>__TI_decompress_lzss</name>
         <value>0x6411</value>
         <object_component_ref idref="oc-1c"/>
      </symbol>
      <symbol id="sm-7ed">
         <name>__TI_doflush</name>
         <value>0x7855</value>
         <object_component_ref idref="oc-2f6"/>
      </symbol>
      <symbol id="sm-7f8">
         <name>__TI_cleanup</name>
         <value>0x874d</value>
         <object_component_ref idref="oc-38b"/>
      </symbol>
      <symbol id="sm-805">
         <name>fseek</name>
         <value>0x973d</value>
         <object_component_ref idref="oc-35f"/>
      </symbol>
      <symbol id="sm-806">
         <name>fseeko</name>
         <value>0x6879</value>
         <object_component_ref idref="oc-385"/>
      </symbol>
      <symbol id="sm-807">
         <name>__aeabi_ctype_table_</name>
         <value>0xee40</value>
         <object_component_ref idref="oc-435"/>
      </symbol>
      <symbol id="sm-808">
         <name>__aeabi_ctype_table_C</name>
         <value>0xee40</value>
         <object_component_ref idref="oc-435"/>
      </symbol>
      <symbol id="sm-814">
         <name>__TI_closefile</name>
         <value>0x6395</value>
         <object_component_ref idref="oc-3b3"/>
      </symbol>
      <symbol id="sm-81c">
         <name>HOSTexit</name>
         <value>0x9753</value>
         <object_component_ref idref="oc-1c1"/>
      </symbol>
      <symbol id="sm-81d">
         <name>C$$EXIT</name>
         <value>0x9752</value>
         <object_component_ref idref="oc-1c1"/>
      </symbol>
      <symbol id="sm-827">
         <name>write</name>
         <value>0x8f71</value>
         <object_component_ref idref="oc-2f2"/>
      </symbol>
      <symbol id="sm-82c">
         <name>_device</name>
         <value>0x20203940</value>
         <object_component_ref idref="oc-394"/>
      </symbol>
      <symbol id="sm-82d">
         <name>_stream</name>
         <value>0x202039b8</value>
         <object_component_ref idref="oc-36b"/>
      </symbol>
      <symbol id="sm-836">
         <name>remove</name>
         <value>0x9745</value>
         <object_component_ref idref="oc-40d"/>
      </symbol>
      <symbol id="sm-841">
         <name>lseek</name>
         <value>0x8f49</value>
         <object_component_ref idref="oc-3ab"/>
      </symbol>
      <symbol id="sm-84b">
         <name>close</name>
         <value>0x7a39</value>
         <object_component_ref idref="oc-409"/>
      </symbol>
      <symbol id="sm-855">
         <name>unlink</name>
         <value>0x8e55</value>
         <object_component_ref idref="oc-47c"/>
      </symbol>
      <symbol id="sm-85f">
         <name>HOSTclose</name>
         <value>0x7b6d</value>
         <object_component_ref idref="oc-3c0"/>
      </symbol>
      <symbol id="sm-869">
         <name>HOSTlseek</name>
         <value>0x665d</value>
         <object_component_ref idref="oc-3cc"/>
      </symbol>
      <symbol id="sm-873">
         <name>HOSTopen</name>
         <value>0x6ff9</value>
         <object_component_ref idref="oc-3bc"/>
      </symbol>
      <symbol id="sm-874">
         <name>parmbuf</name>
         <value>0x20202ff8</value>
         <object_component_ref idref="oc-41b"/>
      </symbol>
      <symbol id="sm-87e">
         <name>HOSTread</name>
         <value>0x754d</value>
         <object_component_ref idref="oc-3c4"/>
      </symbol>
      <symbol id="sm-88f">
         <name>HOSTrename</name>
         <value>0x66c9</value>
         <object_component_ref idref="oc-3d4"/>
      </symbol>
      <symbol id="sm-899">
         <name>HOSTunlink</name>
         <value>0x7bb5</value>
         <object_component_ref idref="oc-3d0"/>
      </symbol>
      <symbol id="sm-8a3">
         <name>HOSTwrite</name>
         <value>0x75a5</value>
         <object_component_ref idref="oc-3c8"/>
      </symbol>
      <symbol id="sm-8b1">
         <name>C$$IO$$</name>
         <value>0x87e1</value>
         <object_component_ref idref="oc-414"/>
      </symbol>
      <symbol id="sm-8b2">
         <name>__TI_writemsg</name>
         <value>0x87b5</value>
         <object_component_ref idref="oc-414"/>
      </symbol>
      <symbol id="sm-8b3">
         <name>__CIOBUF_</name>
         <value>0x20202b30</value>
         <object_component_ref idref="oc-483"/>
      </symbol>
      <symbol id="sm-8b4">
         <name>__TI_readmsg</name>
         <value>0x8781</value>
         <object_component_ref idref="oc-41a"/>
      </symbol>
      <symbol id="sm-8b5">
         <name>_CIOBUF_</name>
         <value>0x20202b30</value>
         <object_component_ref idref="oc-483"/>
      </symbol>
      <symbol id="sm-8bb">
         <name>__muldsi3</name>
         <value>0x813d</value>
         <object_component_ref idref="oc-440"/>
      </symbol>
      <symbol id="sm-8c1">
         <name>__aeabi_lmul</name>
         <value>0x90e5</value>
         <object_component_ref idref="oc-3f0"/>
      </symbol>
      <symbol id="sm-8c2">
         <name>__muldi3</name>
         <value>0x90e5</value>
         <object_component_ref idref="oc-3f0"/>
      </symbol>
      <symbol id="sm-8c8">
         <name>__aeabi_memcpy</name>
         <value>0x9725</value>
         <object_component_ref idref="oc-4c"/>
      </symbol>
      <symbol id="sm-8c9">
         <name>__aeabi_memcpy4</name>
         <value>0x9725</value>
         <object_component_ref idref="oc-4c"/>
      </symbol>
      <symbol id="sm-8ca">
         <name>__aeabi_memcpy8</name>
         <value>0x9725</value>
         <object_component_ref idref="oc-4c"/>
      </symbol>
      <symbol id="sm-8d3">
         <name>__aeabi_memset</name>
         <value>0x9565</value>
         <object_component_ref idref="oc-3db"/>
      </symbol>
      <symbol id="sm-8d4">
         <name>__aeabi_memset4</name>
         <value>0x9565</value>
         <object_component_ref idref="oc-3db"/>
      </symbol>
      <symbol id="sm-8d5">
         <name>__aeabi_memset8</name>
         <value>0x9565</value>
         <object_component_ref idref="oc-3db"/>
      </symbol>
      <symbol id="sm-8d6">
         <name>__aeabi_memclr</name>
         <value>0x9699</value>
         <object_component_ref idref="oc-88"/>
      </symbol>
      <symbol id="sm-8d7">
         <name>__aeabi_memclr4</name>
         <value>0x9699</value>
         <object_component_ref idref="oc-88"/>
      </symbol>
      <symbol id="sm-8d8">
         <name>__aeabi_memclr8</name>
         <value>0x9699</value>
         <object_component_ref idref="oc-88"/>
      </symbol>
      <symbol id="sm-8de">
         <name>__aeabi_uidiv</name>
         <value>0x7edd</value>
         <object_component_ref idref="oc-a8"/>
      </symbol>
      <symbol id="sm-8df">
         <name>__aeabi_uidivmod</name>
         <value>0x7edd</value>
         <object_component_ref idref="oc-a8"/>
      </symbol>
      <symbol id="sm-8e5">
         <name>__aeabi_uldivmod</name>
         <value>0x947d</value>
         <object_component_ref idref="oc-3f5"/>
      </symbol>
      <symbol id="sm-8eb">
         <name>__udivmoddi4</name>
         <value>0x5655</value>
         <object_component_ref idref="oc-445"/>
      </symbol>
      <symbol id="sm-8f1">
         <name>__aeabi_llsl</name>
         <value>0x9235</value>
         <object_component_ref idref="oc-488"/>
      </symbol>
      <symbol id="sm-8f2">
         <name>__ashldi3</name>
         <value>0x9235</value>
         <object_component_ref idref="oc-488"/>
      </symbol>
      <symbol id="sm-8ff">
         <name>__aeabi_idiv0</name>
         <value>0x6f97</value>
         <object_component_ref idref="oc-113"/>
      </symbol>
      <symbol id="sm-900">
         <name>__aeabi_ldiv0</name>
         <value>0x78a7</value>
         <object_component_ref idref="oc-487"/>
      </symbol>
      <symbol id="sm-90e">
         <name>finddevice</name>
         <value>0x881d</value>
         <object_component_ref idref="oc-4ac"/>
      </symbol>
      <symbol id="sm-90f">
         <name>getdevice</name>
         <value>0x68e5</value>
         <object_component_ref idref="oc-4a1"/>
      </symbol>
      <symbol id="sm-928">
         <name>memcpy</name>
         <value>0x596b</value>
         <object_component_ref idref="oc-cb"/>
      </symbol>
      <symbol id="sm-937">
         <name>memset</name>
         <value>0x6f35</value>
         <object_component_ref idref="oc-120"/>
      </symbol>
      <symbol id="sm-93f">
         <name>strcmp</name>
         <value>0x5e91</value>
         <object_component_ref idref="oc-4af"/>
      </symbol>
      <symbol id="sm-940">
         <name>__TI_static_base__</name>
         <value>0x0</value>
      </symbol>
      <symbol id="sm-943">
         <name>__mpu_init</name>
         <value>0x0</value>
      </symbol>
      <symbol id="sm-944">
         <name>_system_post_cinit</name>
         <value>0x0</value>
      </symbol>
   </symbol_table>
   <title>Link successful</title>
</link_info>
