******************************************************************************
            TI ARM Clang Linker Unix v4.0.3                    
******************************************************************************
>> Linked Mon Mar 23 05:54:26 2026

OUTPUT FILE NAME:   <BasicNode.out>
ENTRY POINT SYMBOL: "_c_int00_noargs"  address: 0000a939


MEMORY CONFIGURATION

         name            origin    length      used     unused   attr    fill
----------------------  --------  ---------  --------  --------  ----  --------
  FLASH                 00000000   00020000  0000bfa0  00014060  R  X
  SRAM                  20200000   00008000  000053d6  00002c2a  RW X
  BCR_CONFIG            41c00000   000000ff  00000000  000000ff  R   
  BSL_CONFIG            41c00100   00000080  00000000  00000080  R   


SEGMENT ALLOCATION MAP

run origin  load origin   length   init length attrs members
----------  ----------- ---------- ----------- ----- -------
00000000    00000000    0000bfa0   0000bfa0    r-x
  00000000    00000000    000000c0   000000c0    r-- .intvecs
  000000c0    000000c0    0000b1b0   0000b1b0    r-x .text
  0000b270    0000b270    00000ca0   00000ca0    r-- .rodata
  0000bf10    0000bf10    00000090   00000090    r-- .cinit
20200000    20200000    000051d9   00000000    rw-
  20200000    20200000    000047ed   00000000    rw- .bss
  202047f0    202047f0    00000800   00000000    rw- .sysmem
  20204ff0    20204ff0    000001e9   00000000    rw- .data
20207e00    20207e00    00000200   00000000    rw-
  20207e00    20207e00    00000200   00000000    rw- .stack


SECTION ALLOCATION MAP

 output                                  attributes/
section   page    origin      length       input sections
--------  ----  ----------  ----------   ----------------
.intvecs   0    00000000    000000c0     
                  00000000    000000c0     startup_mspm0g350x_ticlang.o (.intvecs)

.text      0    000000c0    0000b1b0     
                  000000c0    00000868     libc.a : _printfi.c.obj (.text:__TI_printfi_nofloat)
                  00000928    00000580     openlcb_config.o (.text.OpenLcb_initialize)
                  00000ea8    00000524     openlcb_main_statemachine.o (.text.OpenLcbMainStatemachine_process_main_statemachine)
                  000013cc    00000410     protocol_datagram_handler.o (.text.ProtocolDatagramHandler_datagram)
                  000017dc    000003f8     openlcb_node.o (.text._clear_node)
                  00001bd4    000002ec     openlcb_node.o (.text.OpenLcbNode_allocate)
                  00001ec0    000002d4     protocol_snip.o (.text.ProtocolSnip_handle_simple_node_info_request)
                  00002194    00000264     ti_driverlib_can_driver.o (.text.CANFD0_IRQHandler)
                  000023f8    00000240     protocol_event_transport.o (.text.ProtocolEventTransport_handle_events_identify)
                  00002638    00000238     openlcb_main_statemachine.o (.text.OpenLcbMainStatemachine_run)
                  00002870    0000021c     can_config.o (.text.CanConfig_initialize)
                  00002a8c    00000214     dl_mcan.o (.text.DL_MCAN_msgRAMConfig)
                  00002ca0    0000020c     protocol_config_mem_write_handler.o (.text._dispatch_write_under_mask_request)
                  00002eac    00000204     can_rx_statemachine.o (.text.CanRxStatemachine_incoming_can_driver_callback)
                  000030b0    000001ac     can_rx_message_handler.o (.text.CanRxMessageHandler_amd_frame)
                  0000325c    000001a4     can_rx_message_handler.o (.text.CanRxMessageHandler_ame_frame)
                  00003400    0000019c     can_main_statemachine.o (.text.CanMainStatemachine_handle_duplicate_aliases)
                  0000359c    0000018c     can_buffer_store.o (.text.CanBufferStore_initialize)
                  00003728    00000180     can_tx_statemachine.o (.text.CanTxStatemachine_send_openlcb_message)
                  000038a8    00000174     openlcb_buffer_store.o (.text.OpenLcbBufferStore_initialize)
                  00003a1c    00000148     openlcb_gridconnect.o (.text.OpenLcbGridConnect_from_can_msg)
                  00003b64    00000140     openlcb_login_statemachine_handler.o (.text.OpenLcbLoginMessageHandler_load_producer_event)
                  00003ca4    00000138     openlcb_login_statemachine_handler.o (.text.OpenLcbLoginMessageHandler_load_consumer_event)
                  00003ddc    00000124     openlcb_utilities.o (.text.OpenLcbUtilities_load_config_mem_reply_write_fail_message_header)
                  00003f00    00000120     can_rx_message_handler.o (.text.CanRxMessageHandler_first_frame)
                  00004020    0000011c     ti_msp_dl_config.o (.text.SYSCFG_DL_MCAN0_init)
                  0000413c    00000118     can_buffer_store.o (.text.CanBufferStore_allocate_buffer)
                  00004254    00000118     protocol_config_mem_write_handler.o (.text._dispatch_write_request)
                  0000436c    00000114     openlcb_utilities.o (.text.OpenLcbUtilities_load_config_mem_reply_read_fail_message_header)
                  00004480    00000114     libc.a : memory.c.obj (.text.aligned_alloc)
                  00004594    0000010c     dl_mcan.o (.text.DL_MCAN_readMsgRam)
                  000046a0    00000108     openlcb_buffer_store.o (.text.OpenLcbBufferStore_allocate_buffer)
                  000047a8    00000104     openlcb_utilities.o (.text.OpenLcbUtilities_load_config_mem_reply_read_ok_message_header)
                  000048ac    00000104     openlcb_utilities.o (.text.OpenLcbUtilities_load_config_mem_reply_write_ok_message_header)
                  000049b0    000000fe     can_utilities.o (.text.CanUtilities_copy_openlcb_payload_to_can_payload)
                  00004aae    00000002     callbacks_olcb.o (.text.CallbacksOlcb_initialize)
                  00004ab0    000000fc     openlcb_main_statemachine.o (.text.OpenLcbMainStatemachine_initialize)
                  00004bac    000000fc     protocol_config_mem_operations_handler.o (.text.ProtocolConfigMemOperationsHandler_request_options_cmd)
                  00004ca8    000000f8     libc.a : fputs.c.obj (.text.fputs)
                  00004da0    000000f4     dl_mcan.o (.text.DL_MCAN_writeMsgRam)
                  00004e94    000000ec     protocol_config_mem_read_handler.o (.text._handle_read_request)
                  00004f80    000000e8     protocol_datagram_handler.o (.text.ProtocolDatagramHandler_load_datagram_received_ok_message)
                  00005068    000000e8     protocol_datagram_handler.o (.text._handle_write_reply_fail_address_space_at_offset_6)
                  00005150    000000e8     libc.a : memory.c.obj (.text.free)
                  00005238    000000e4     dl_mcan.o (.text.DL_MCAN_config)
                  0000531c    000000e4     protocol_config_mem_operations_handler.o (.text.ProtocolConfigMemOperationsHandler_request_reserve_lock)
                  00005400    000000e0     protocol_config_mem_operations_handler.o (.text.ProtocolConfigMemOperationsHandler_freeze)
                  000054e0    000000e0     protocol_config_mem_operations_handler.o (.text.ProtocolConfigMemOperationsHandler_get_address_space_info)
                  000055c0    000000e0     protocol_config_mem_operations_handler.o (.text.ProtocolConfigMemOperationsHandler_get_address_space_info_reply_not_present)
                  000056a0    000000e0     protocol_config_mem_operations_handler.o (.text.ProtocolConfigMemOperationsHandler_get_address_space_info_reply_present)
                  00005780    000000e0     protocol_config_mem_operations_handler.o (.text.ProtocolConfigMemOperationsHandler_unfreeze)
                  00005860    000000e0     libc.a : setvbuf.c.obj (.text.setvbuf)
                  00005940    000000dc     can_rx_message_handler.o (.text.CanRxMessageHandler_amr_frame)
                  00005a1c    000000dc     dl_mcan.o (.text.DL_MCAN_init)
                  00005af8    000000dc     dl_sysctl_mspm0g1x0x_g3x0x.o (.text.DL_SYSCTL_configSYSPLL)
                  00005bd4    000000dc     protocol_config_mem_operations_handler.o (.text.ProtocolConfigMemOperationsHandler_request_get_address_space_info)
                  00005cb0    000000dc     protocol_event_transport.o (.text.ProtocolEventTransport_handle_producer_identify)
                  00005d8c    000000d8     alias_mappings.o (.text.AliasMappings_register)
                  00005e64    000000d8     dl_mcan.o (.text.DL_MCAN_setBitTime)
                  00005f3c    000000d8     openlcb_login_statemachine.o (.text.OpenLcbLoginMainStatemachine_run)
                  00006014    000000d4     protocol_event_transport.o (.text.ProtocolEventTransport_handle_consumer_identify)
                  000060e8    000000c0     can_rx_message_handler.o (.text.CanRxMessageHandler_middle_frame)
                  000061a8    000000bc     protocol_datagram_handler.o (.text._handle_read_address_space_at_offset_6)
                  00006264    000000bc     protocol_datagram_handler.o (.text._handle_read_reply_fail_address_space_at_offset_6)
                  00006320    000000bc     protocol_datagram_handler.o (.text._handle_read_reply_ok_address_space_at_offset_6)
                  000063dc    000000bc     protocol_datagram_handler.o (.text._handle_read_stream_address_space_at_offset_6)
                  00006498    000000b8     protocol_config_mem_write_handler.o (.text.ProtocolConfigMemWriteHandler_write_request_acdi_user)
                  00006550    000000b8     protocol_datagram_handler.o (.text._handle_write_address_space_at_offset_6)
                  00006608    000000b4     can_login_message_handler.o (.text.CanLoginMessageHandler_state_generate_alias)
                  000066bc    000000b0     can_rx_message_handler.o (.text.CanRxMessageHandler_last_frame)
                  0000676c    000000b0     protocol_datagram_handler.o (.text._handle_write_stream_address_space_at_offset_6)
                  0000681c    000000b0     protocol_datagram_handler.o (.text._handle_write_stream_reply_ok_address_space_at_offset_6)
                  000068cc    000000b0     protocol_datagram_handler.o (.text._handle_write_under_mask_address_space_at_offset_6)
                  0000697c    000000ac     protocol_datagram_handler.o (.text._handle_read_stream_reply_ok_address_space_at_offset_6)
                  00006a28    000000ac     protocol_datagram_handler.o (.text._handle_write_stream_reply_fail_address_space_at_offset_6)
                  00006ad4    000000a8     protocol_snip.o (.text.ProtocolSnip_load_user_description)
                  00006b7c    000000a8     protocol_datagram_handler.o (.text._handle_read_stream_reply_fail_address_space_at_offset_6)
                  00006c24    000000a8     protocol_datagram_handler.o (.text._handle_write_reply_ok_address_space_at_offset_6)
                  00006ccc    000000a6     protocol_message_network.o (.text.ProtocolMessageNetwork_handle_verify_node_id_global)
                  00006d72    00000002     can_rx_message_handler.o (.text.CanRxMessageHandler_stream_frame)
                  00006d74    000000a4     protocol_snip.o (.text.ProtocolSnip_load_user_name)
                  00006e18    000000a2     libclang_rt.builtins.a : udivmoddi4.S.obj (.text)
                  00006eba    00000002     startup_mspm0g350x_ticlang.o (.text.Default_Handler)
                  00006ebc    000000a0     openlcb_login_statemachine_handler.o (.text.OpenLcbLoginMessageHandler_load_initialization_complete)
                  00006f5c    000000a0     openlcb_main_statemachine.o (.text.OpenLcbMainStatemachine_send_with_sibling_dispatch)
                  00006ffc    000000a0     protocol_message_network.o (.text.ProtocolMessageNetwork_handle_protocol_support_inquiry)
                  0000709c    0000009c     protocol_config_mem_read_handler.o (.text.ProtocolConfigMemReadHandler_read_request_acdi_manufacturer)
                  00007138    0000009c     libc.a : fputc.c.obj (.text.fputc)
                  000071d4    0000009a            : memcpy16.S.obj (.text:memcpy)
                  0000726e    00000002     protocol_datagram_handler.o (.text.ProtocolDatagramHandler_100ms_timer_tick)
                  00007270    00000098     can_tx_message_handler.o (.text.CanTxMessageHandler_addressed_msg_frame)
                  00007308    00000094     protocol_datagram_handler.o (.text.ProtocolDatagramHandler_datagram_rejected)
                  0000739c    00000092     can_utilities.o (.text.CanUtilities_count_nulls_in_payloads)
                  0000742e    00000002     ti_driverlib_drivers.o (.text.TI_DriverLibDrivers_initialize)
                  00007430    00000090     can_tx_message_handler.o (.text.CanTxMessageHandler_datagram_frame)
                  000074c0    00000088     protocol_config_mem_operations_handler.o (.text.ProtocolConfigMemOperationsHandler_factory_reset)
                  00007548    00000088     ti_driverlib_can_driver.o (.text.TI_DriverLibCanDriver_transmit_can_frame)
                  000075d0    00000088     libc.a : strcmp-armv6m.S.obj (.text:strcmp)
                  00007658    00000084     openlcb_utilities.o (.text.OpenLcbUtilities_load_openlcb_message)
                  000076dc    00000084     protocol_message_network.o (.text.ProtocolMessageNetwork_handle_initialization_complete)
                  00007760    00000084     protocol_message_network.o (.text.ProtocolMessageNetwork_handle_initialization_complete_simple)
                  000077e4    00000084     protocol_message_network.o (.text.ProtocolMessageNetwork_handle_verified_node_id)
                  00007868    00000080     can_tx_message_handler.o (.text.CanTxMessageHandler_unaddressed_msg_frame)
                  000078e8    00000080     openlcb_buffer_list.o (.text.OpenLcbBufferList_check_timeouts)
                  00007968    0000007e     openlcb_utilities.o (.text.OpenLcbUtilities_count_nulls_in_openlcb_payload)
                  000079e6    00000002     libclang_rt.builtins.a : aeabi_div0.c.obj (.text.__aeabi_idiv0)
                  000079e8    0000007c     libc.a : fclose.c.obj (.text.__TI_closefile)
                  00007a64    0000007c            : copy_decompress_lzss.c.obj (.text:decompress:lzss)
                  00007ae0    00000078     can_login_statemachine.o (.text.CanLoginStateMachine_run)
                  00007b58    00000078     openlcb_node.o (.text.OpenLcbNode_find_by_alias)
                  00007bd0    00000078     protocol_config_mem_read_handler.o (.text.ProtocolConfigMemReadHandler_read_request_acdi_user)
                  00007c48    00000078     protocol_snip.o (.text.ProtocolSnip_load_hardware_version)
                  00007cc0    00000078     protocol_snip.o (.text.ProtocolSnip_load_model)
                  00007d38    00000078     protocol_snip.o (.text.ProtocolSnip_load_software_version)
                  00007db0    00000074     openlcb_login_statemachine.o (.text.OpenLcbLoginStateMachine_initialize)
                  00007e24    00000074     protocol_event_transport.o (.text._test_for_consumed_event)
                  00007e98    00000072     protocol_snip.o (.text.ProtocolSnip_load_name)
                  00007f0a    00000002     libclang_rt.builtins.a : aeabi_div0.c.obj (.text.__aeabi_ldiv0)
                  00007f0c    00000070     protocol_event_transport.o (.text._test_for_consumed_event_pcer)
                  00007f7c    0000006c     libsysbm.a : hostlseek.c.obj (.text.HOSTlseek)
                  00007fe8    0000006c                : hostrename.c.obj (.text.HOSTrename)
                  00008054    0000006c     openlcb_login_statemachine.o (.text.OpenLcbLoginStatemachine_handle_outgoing_openlcb_message)
                  000080c0    0000006c     openlcb_utilities.o (.text.OpenLcbUtilities_clear_openlcb_message_payload)
                  0000812c    0000006c     protocol_datagram_handler.o (.text.ProtocolDatagramHandler_check_timeouts)
                  00008198    0000006c     libc.a : fseek.c.obj (.text.fseeko)
                  00008204    0000006c            : getdevice.c.obj (.text.getdevice)
                  00008270    00000068     openlcb_buffer_list.o (.text.OpenLcbBufferList_find)
                  000082d8    00000068     openlcb_main_statemachine.o (.text.OpenLcbMainStatemachine_handle_outgoing_openlcb_message)
                  00008340    00000068     openlcb_main_statemachine.o (.text.OpenLcbMainStatemachine_handle_try_enumerate_first_node)
                  000083a8    00000064     alias_mappings.o (.text.AliasMappings_find_mapping_by_node_id)
                  0000840c    00000064     dl_sysctl_mspm0g1x0x_g3x0x.o (.text.DL_SYSCTL_setHFCLKSourceHFXTParams)
                  00008470    00000064     openlcb_login_statemachine.o (.text.OpenLcbLoginStateMachine_process)
                  000084d4    00000064     openlcb_main_statemachine.o (.text.OpenLcbMainStatemachine_handle_try_pop_next_incoming_openlcb_message)
                  00008538    00000064     openlcb_main_statemachine.o (.text.OpenLcbMainStatemachine_load_interaction_rejected)
                  0000859c    00000064     protocol_config_mem_operations_handler.o (.text.ProtocolConfigMemOperationsHandler_get_unique_id)
                  00008600    00000064     protocol_config_mem_operations_handler.o (.text.ProtocolConfigMemOperationsHandler_get_unique_id_reply)
                  00008664    00000064     protocol_config_mem_operations_handler.o (.text.ProtocolConfigMemOperationsHandler_options_cmd)
                  000086c8    00000064     protocol_config_mem_operations_handler.o (.text.ProtocolConfigMemOperationsHandler_options_reply)
                  0000872c    00000064     protocol_config_mem_operations_handler.o (.text.ProtocolConfigMemOperationsHandler_reserve_lock)
                  00008790    00000064     protocol_config_mem_operations_handler.o (.text.ProtocolConfigMemOperationsHandler_reserve_lock_reply)
                  000087f4    00000064     protocol_config_mem_operations_handler.o (.text.ProtocolConfigMemOperationsHandler_update_complete)
                  00008858    00000064     libc.a : _io_perm.c.obj (.text.__TI_wrt_ok)
                  000088bc    00000064            : memory.c.obj (.text.split)
                  00008920    00000062            : memset16.S.obj (.text:memset)
                  00008982    00000002            : _lock.c.obj (.text._nop)
                  00008984    00000060     can_login_message_handler.o (.text.CanLoginMessageHandler_state_load_amd)
                  000089e4    00000060     libsysbm.a : hostopen.c.obj (.text.HOSTopen)
                  00008a44    00000060     openlcb_main_statemachine.o (.text.OpenLcbMainStatemachine_does_node_process_msg)
                  00008aa4    00000060     protocol_config_mem_operations_handler.o (.text.ProtocolConfigMemOperationsHandler_reset_reboot)
                  00008b04    00000060     libc.a : fflush.c.obj (.text.fflush)
                  00008b64    0000005c     can_rx_message_handler.o (.text.CanRxMessageHandler_can_legacy_snip)
                  00008bc0    0000005c     can_rx_message_handler.o (.text.CanRxMessageHandler_error_info_report_frame)
                  00008c1c    0000005c     can_rx_message_handler.o (.text.CanRxMessageHandler_rid_frame)
                  00008c78    0000005c     can_rx_message_handler.o (.text.CanRxMessageHandler_single_frame)
                  00008cd4    0000005c     openlcb_main_statemachine.o (.text.OpenLcbMainStatemachine_handle_try_enumerate_next_node)
                  00008d30    0000005c     openlcb_utilities.o (.text.OpenLcbUtilities_copy_string_to_openlcb_payload)
                  00008d8c    0000005c     openlcb_utilities.o (.text.OpenLcbUtilities_is_event_id_in_consumer_ranges)
                  00008de8    0000005c     openlcb_utilities.o (.text.OpenLcbUtilities_is_event_id_in_producer_ranges)
                  00008e44    0000005c     openlcb_utilities.o (.text.OpenLcbUtilities_is_producer_event_assigned_to_node)
                  00008ea0    0000005c     protocol_config_mem_read_handler.o (.text.ProtocolConfigMemReadHandler_read_request_config_mem)
                  00008efc    0000005c     protocol_message_network.o (.text.ProtocolMessageNetwork_handle_optional_interaction_rejected)
                  00008f58    0000005c     protocol_message_network.o (.text.ProtocolMessageNetwork_handle_terminate_due_to_error)
                  00008fb4    0000005c     libc.a : printf.c.obj (.text.printf)
                  00009010    00000058     can_login_message_handler.o (.text.CanLoginMessageHandler_state_generate_seed)
                  00009068    00000058     can_main_statemachine.o (.text.CanMainStateMachine_run)
                  000090c0    00000058     can_main_statemachine.o (.text.CanMainStatemachine_handle_outgoing_can_message)
                  00009118    00000058     libsysbm.a : hostread.c.obj (.text.HOSTread)
                  00009170    00000058                : hostwrite.c.obj (.text.HOSTwrite)
                  000091c8    00000058     openlcb_utilities.o (.text.OpenLcbUtilities_is_consumer_event_assigned_to_node)
                  00009220    00000058     ti_msp_dl_config.o (.text.SYSCFG_DL_SYSCTL_init)
                  00009278    00000054     alias_mappings.o (.text.AliasMappings_unregister)
                  000092cc    00000054     openlcb_utilities.o (.text.OpenLcbUtilities_copy_node_id_to_openlcb_payload)
                  00009320    00000054     basic_node.o (.text.main)
                  00009374    00000052     libc.a : fflush.c.obj (.text.__TI_doflush)
                  000093c6    00000002     --HOLE-- [fill = 0]
                  000093c8    00000050     can_utilities.o (.text.CanUtilities_convert_can_mti_to_openlcb_mti)
                  00009418    00000050     openlcb_node.o (.text.OpenLcbNode_initialize)
                  00009468    00000050     protocol_event_transport.o (.text.ProtocolEventTransport_handle_pc_event_report_with_payload)
                  000094b8    00000050     protocol_datagram_handler.o (.text._handle_subcommand)
                  00009508    00000050     libsysbm.a : close.c.obj (.text.close)
                  00009558    0000004c     alias_mappings.o (.text.AliasMappings_find_mapping_by_alias)
                  000095a4    0000004c     alias_mappings.o (.text.AliasMappings_initialize)
                  000095f0    0000004c     can_utilities.o (.text.CanUtilities_append_can_payload_to_openlcb_payload)
                  0000963c    0000004c     protocol_config_mem_read_handler.o (.text.ProtocolConfigMemReadHandler_read_request_config_definition_info)
                  00009688    0000004c     protocol_message_network.o (.text.ProtocolMessageNetwork_handle_verify_node_id_addressed)
                  000096d4    00000048     libsysbm.a : hostclose.c.obj (.text.HOSTclose)
                  0000971c    00000048                : hostunlink.c.obj (.text.HOSTunlink)
                  00009764    00000048     protocol_datagram_handler.o (.text.ProtocolDatagramHandler_datagram_received_ok)
                  000097ac    00000044     can_main_statemachine.o (.text.CanMainStatemachine_handle_try_enumerate_first_node)
                  000097f0    00000044     can_main_statemachine.o (.text.CanMainStatemachine_handle_try_enumerate_next_node)
                  00009834    00000044     dl_mcan.o (.text.DL_MCAN_getRevisionId)
                  00009878    00000044     dl_sysctl_mspm0g1x0x_g3x0x.o (.text.DL_SYSCTL_switchMCLKfromSYSOSCtoHSCLK)
                  000098bc    00000044     openlcb_buffer_fifo.o (.text.OpenLcbBufferFifo_check_and_invalidate_messages_by_source_alias)
                  00009900    00000044     openlcb_utilities.o (.text.OpenLcbUtilities_copy_byte_array_to_openlcb_payload)
                  00009944    00000044     protocol_config_mem_write_handler.o (.text.ProtocolConfigMemWriteHandler_write_request_config_mem)
                  00009988    00000044     protocol_datagram_handler.o (.text.ProtocolDatagramHandler_load_datagram_rejected_message)
                  000099cc    00000044     libc.a : aeabi_portable.c.obj (.text.__aeabi_assert)
                  00009a10    00000040     can_login_message_handler.o (.text.CanLoginMessageHandler_state_load_cid06)
                  00009a50    00000040     dl_mcan.o (.text.DL_MCAN_writeRxFIFOAck)
                  00009a90    00000040     openlcb_buffer_list.o (.text.OpenLcbBufferList_release)
                  00009ad0    00000040     ti_msp_dl_config.o (.text.SYSCFG_DL_GPIO_init)
                  00009b10    00000040     libclang_rt.builtins.a : aeabi_uidivmod.S.obj (.text.__aeabi_uidivmod)
                  00009b50    00000040     libc.a : atoi.c.obj (.text.atoi)
                  00009b90    0000003c     can_login_message_handler.o (.text.CanLoginMessageHandler_state_load_cid04)
                  00009bcc    0000003c     can_rx_message_handler.o (.text.CanRxMessageHandler_cid_frame)
                  00009c08    0000003c     openlcb_buffer_list.o (.text.OpenLcbBufferList_add)
                  00009c44    0000003c     openlcb_buffer_store.o (.text.OpenLcbBufferStore_free_buffer)
                  00009c80    0000003c     openlcb_login_statemachine.o (.text.OpenLcbLoginStatemachine_handle_try_enumerate_first_node)
                  00009cbc    0000003c     openlcb_login_statemachine.o (.text.OpenLcbLoginStatemachine_handle_try_enumerate_next_node)
                  00009cf8    0000003c     protocol_event_transport.o (.text.ProtocolEventTransport_handle_pc_event_report)
                  00009d34    0000003c     protocol_event_transport.o (.text.ProtocolEventTransport_handle_producer_identified_clear)
                  00009d70    0000003c     protocol_event_transport.o (.text.ProtocolEventTransport_handle_producer_identified_set)
                  00009dac    0000003c     protocol_event_transport.o (.text.ProtocolEventTransport_handle_producer_identified_unknown)
                  00009de8    0000003c     libc.a : autoinit.c.obj (.text:__TI_auto_init_nobinit_nopinit)
                  00009e24    0000003a     openlcb_utilities.o (.text.OpenLcbUtilities_generate_event_range_id)
                  00009e5e    00000002     --HOLE-- [fill = 0]
                  00009e60    0000003a     libclang_rt.builtins.a : muldsi3.S.obj (.text.__muldsi3)
                  00009e9a    00000002     --HOLE-- [fill = 0]
                  00009e9c    00000038     can_login_message_handler.o (.text.CanLoginMessageHandler_state_load_cid05)
                  00009ed4    00000038     can_login_message_handler.o (.text.CanLoginMessageHandler_state_load_cid07)
                  00009f0c    00000038     can_utilities.o (.text.CanUtilities_extract_dest_alias_from_can_message)
                  00009f44    00000038     dl_mcan.o (.text.DL_MCAN_getRxFIFOStatus)
                  00009f7c    00000038     libc.a : sprintf.c.obj (.text.sprintf)
                  00009fb4    00000034     can_main_statemachine.o (.text.CanMainStatemachine_initialize)
                  00009fe8    00000034     dl_mcan.o (.text.DL_MCAN_TXBufAddReq)
                  0000a01c    00000034     dl_mcan.o (.text.DL_MCAN_setExtIDAndMask)
                  0000a050    00000034     openlcb_utilities.o (.text.OpenLcbUtilities_copy_event_id_to_openlcb_payload)
                  0000a084    00000034     protocol_config_mem_write_handler.o (.text.ProtocolConfigMemWriteHandler_write_space_firmware)
                  0000a0b8    00000034     protocol_event_transport.o (.text.ProtocolEventTransport_handle_consumer_identified_clear)
                  0000a0ec    00000034     protocol_event_transport.o (.text.ProtocolEventTransport_handle_consumer_identified_reserved)
                  0000a120    00000034     protocol_event_transport.o (.text.ProtocolEventTransport_handle_consumer_identified_set)
                  0000a154    00000034     protocol_event_transport.o (.text.ProtocolEventTransport_handle_consumer_identified_unknown)
                  0000a188    00000034     protocol_event_transport.o (.text.ProtocolEventTransport_handle_consumer_range_identified)
                  0000a1bc    00000034     protocol_event_transport.o (.text.ProtocolEventTransport_handle_event_learn)
                  0000a1f0    00000034     protocol_event_transport.o (.text.ProtocolEventTransport_handle_producer_identified_reserved)
                  0000a224    00000034     protocol_event_transport.o (.text.ProtocolEventTransport_handle_producer_range_identified)
                  0000a258    00000034     ti_msp_dl_config.o (.text.SYSCFG_DL_initPower)
                  0000a28c    00000034     libc.a : fopen.c.obj (.text.__TI_cleanup)
                  0000a2c0    00000034     libsysbm.a : trgmsg.c.obj (.text.__TI_readmsg)
                  0000a2f4    00000034                : trgmsg.c.obj (.text.__TI_writemsg)
                  0000a328    00000034     libc.a : exit.c.obj (.text.exit)
                  0000a35c    00000034            : getdevice.c.obj (.text.finddevice)
                  0000a390    00000030     can_buffer_fifo.o (.text.CanBufferFifo_pop)
                  0000a3c0    00000030     can_buffer_fifo.o (.text.CanBufferFifo_push)
                  0000a3f0    00000030     can_main_statemachine.o (.text.CanMainStatemachine_handle_login_outgoing_can_message)
                  0000a420    00000030     openlcb_buffer_fifo.o (.text.OpenLcbBufferFifo_push)
                  0000a450    00000030     openlcb_node.o (.text.OpenLcbNode_get_next)
                  0000a480    00000030     openlcb_node.o (.text.OpenLcbNode_is_last)
                  0000a4b0    00000030     ti_msp_dl_config.o (.text.SYSCFG_DL_SYSTICK_init)
                  0000a4e0    00000030     ti_driverlib_drivers.o (.text.TI_DriverLibDrivers_config_mem_read)
                  0000a510    0000002c     callbacks_can.o (.text.CallbacksCan_on_rx)
                  0000a53c    0000002c     callbacks_can.o (.text.CallbacksCan_on_tx)
                  0000a568    0000002c     can_login_message_handler.o (.text.CanLoginMessageHandler_state_load_rid)
                  0000a594    0000002c     can_utilities.o (.text.CanUtilities_copy_node_id_to_payload)
                  0000a5c0    0000002c     dl_mcan.o (.text.DL_MCAN_TXBufTransIntrEnable)
                  0000a5ec    0000002c     dl_mcan.o (.text.DL_MCAN_addExtMsgIDFilter)
                  0000a618    0000002c     openlcb_buffer_fifo.o (.text.OpenLcbBufferFifo_pop)
                  0000a644    0000002c     openlcb_utilities.o (.text.OpenLcbUtilities_extract_event_id_from_openlcb_payload)
                  0000a670    0000002c     openlcb_config.o (.text.OpenLcb_run)
                  0000a69c    0000002c     protocol_config_mem_read_handler.o (.text.ProtocolConfigMemReadHandler_read_space_acdi_manufacturer)
                  0000a6c8    0000002c     protocol_config_mem_read_handler.o (.text.ProtocolConfigMemReadHandler_read_space_acdi_user)
                  0000a6f4    0000002c     protocol_config_mem_read_handler.o (.text.ProtocolConfigMemReadHandler_read_space_all)
                  0000a720    0000002c     protocol_config_mem_read_handler.o (.text.ProtocolConfigMemReadHandler_read_space_config_memory)
                  0000a74c    0000002c     protocol_config_mem_write_handler.o (.text.ProtocolConfigMemWriteHandler_write_space_acdi_user)
                  0000a778    0000002c     protocol_config_mem_write_handler.o (.text.ProtocolConfigMemWriteHandler_write_space_config_memory)
                  0000a7a4    0000002c     libsysbm.a : unlink.c.obj (.text.unlink)
                  0000a7d0    00000028     can_tx_message_handler.o (.text.CanTxMessageHandler_can_frame)
                  0000a7f8    00000028     openlcb_login_statemachine.o (.text.OpenLcbLoginStatemachine_handle_try_reenumerate)
                  0000a820    00000028     openlcb_node.o (.text.OpenLcbNode_100ms_timer_tick)
                  0000a848    00000028     openlcb_node.o (.text.OpenLcbNode_get_first)
                  0000a870    00000028     protocol_config_mem_read_handler.o (.text.ProtocolConfigMemReadHandler_read_space_config_description_info)
                  0000a898    00000028     ti_driverlib_can_driver.o (.text.TI_DriverLibCanDriver_is_can_tx_buffer_clear)
                  0000a8c0    00000028     libc.a : memory.c.obj (.text.free_list_insert)
                  0000a8e8    00000028     libsysbm.a : lseek.c.obj (.text.lseek)
                  0000a910    00000028                : write.c.obj (.text.write)
                  0000a938    00000028     libc.a : boot_cortex_m.c.obj (.text:_c_int00_noargs)
                  0000a960    00000026     openlcb_utilities.o (.text.OpenLcbUtilities_copy_dword_to_openlcb_payload)
                  0000a986    00000002     --HOLE-- [fill = 0]
                  0000a988    00000024     callbacks_can.o (.text.CallbacksCan_on_alias_change)
                  0000a9ac    00000024     callbacks_olcb.o (.text.CallbacksOlcb_on_100ms_timer)
                  0000a9d0    00000024     can_login_message_handler.o (.text.CanLoginMessageHandler_state_wait_200ms)
                  0000a9f4    00000024     dl_mcan.o (.text.DL_MCAN_setClockConfig)
                  0000aa18    00000024     openlcb_main_statemachine.o (.text.OpenLcbMainStatemachine_handle_try_reenumerate)
                  0000aa3c    00000024     protocol_event_transport.o (.text.ProtocolEventTransport_extract_producer_event_status_mti)
                  0000aa60    00000024     protocol_snip.o (.text.ProtocolSnip_load_user_version_id)
                  0000aa84    00000024     libclang_rt.builtins.a : muldi3.S.obj (.text.__muldi3)
                  0000aaa8    00000024     protocol_config_mem_write_handler.o (.text._write_result)
                  0000aacc    00000024     libc.a : fputs.c.obj (.text.puts)
                  0000aaf0    00000022     openlcb_utilities.o (.text.OpenLcbUtilities_extract_node_id_from_openlcb_payload)
                  0000ab12    00000022     protocol_event_transport.o (.text.ProtocolEventTransport_handle_events_identify_dest)
                  0000ab34    00000022     protocol_snip.o (.text.ProtocolSnip_load_manufacturer_version_id)
                  0000ab56    00000022     libc.a : memccpy.c.obj (.text.memccpy)
                  0000ab78    00000020     openlcb_utilities.o (.text.OpenLcbUtilities_is_addressed_message_for_node)
                  0000ab98    00000020     protocol_event_transport.o (.text.ProtocolEventTransport_extract_consumer_event_status_mti)
                  0000abb8    0000001e     can_utilities.o (.text.CanUtilities_extract_can_payload_as_node_id)
                  0000abd6    0000001e     protocol_config_mem_write_handler.o (.text.ProtocolConfigMemWriteHandler_write_under_mask_space_acdi_manufacturer)
                  0000abf4    0000001e     protocol_config_mem_write_handler.o (.text.ProtocolConfigMemWriteHandler_write_under_mask_space_acdi_user)
                  0000ac12    0000001e     protocol_config_mem_write_handler.o (.text.ProtocolConfigMemWriteHandler_write_under_mask_space_all)
                  0000ac30    0000001e     protocol_config_mem_write_handler.o (.text.ProtocolConfigMemWriteHandler_write_under_mask_space_config_memory)
                  0000ac4e    0000001e     protocol_config_mem_write_handler.o (.text.ProtocolConfigMemWriteHandler_write_under_mask_space_firmware)
                  0000ac6c    0000001e     protocol_config_mem_write_handler.o (.text.ProtocolConfigMemWriteHandler_write_under_mask_space_train_function_config_memory)
                  0000ac8a    0000001e     protocol_config_mem_write_handler.o (.text.ProtocolConfigMemWriteHandler_write_under_mask_space_train_function_definition_info)
                  0000aca8    0000001e     libclang_rt.builtins.a : ashldi3.S.obj (.text.__ashldi3)
                  0000acc6    00000002     --HOLE-- [fill = 0]
                  0000acc8    0000001c     callbacks_config_mem.o (.text.CallbacksConfigMem_factory_reset)
                  0000ace4    0000001c     callbacks_config_mem.o (.text.CallbacksConfigMem_firmware_write)
                  0000ad00    0000001c     can_buffer_store.o (.text.CanBufferStore_free_buffer)
                  0000ad1c    0000001c     dl_mcan.o (.text.DL_MCAN_enableIntr)
                  0000ad38    0000001c     dl_mcan.o (.text.DL_MCAN_enableIntrLine)
                  0000ad54    0000001c     dl_mcan.o (.text.DL_MCAN_selectIntrLine)
                  0000ad70    0000001c     openlcb_utilities.o (.text.OpenLcbUtilities_clear_openlcb_message)
                  0000ad8c    0000001c     protocol_config_mem_write_handler.o (.text._firmware_write_wrapper)
                  0000ada8    0000001c     libc.a : memory.c.obj (.text.free_list_remove)
                  0000adc4    0000001a     openlcb_utilities.o (.text.OpenLcbUtilities_extract_dword_from_openlcb_payload)
                  0000adde    0000001a     protocol_config_mem_write_handler.o (.text.ProtocolConfigMemWriteHandler_write_under_mask_space_config_description_info)
                  0000adf8    00000018     callbacks_config_mem.o (.text.CallbacksConfigMem_freeze)
                  0000ae10    00000018     callbacks_config_mem.o (.text.CallbacksConfigMem_unfreeze)
                  0000ae28    00000018     can_login_message_handler.o (.text.CanLoginMessageHandler_state_init)
                  0000ae40    00000018     dl_mcan.o (.text.DL_MCAN_setOpMode)
                  0000ae58    00000018     ti_msp_dl_config.o (.text.SYSCFG_DL_init)
                  0000ae70    00000018     ti_driverlib_drivers.o (.text.TI_DriverLibDrivers_lock_shared_resources)
                  0000ae88    00000018     ti_driverlib_drivers.o (.text.TI_DriverLibDrivers_unlock_shared_resources)
                  0000aea0    00000018     libc.a : assert.c.obj (.text._abort_msg)
                  0000aeb8    00000018            : sprintf.c.obj (.text._outs)
                  0000aed0    00000016     openlcb_utilities.o (.text.OpenLcbUtilities_copy_word_to_openlcb_payload)
                  0000aee6    00000002     --HOLE-- [fill = 0]
                  0000aee8    00000014     dl_mcan.o (.text.DL_MCAN_clearIntrStatus)
                  0000aefc    00000014     openlcb_buffer_list.o (.text.OpenLcbBufferList_index_of)
                  0000af10    00000014     openlcb_utilities.o (.text.OpenLcbUtilities_payload_type_to_len)
                  0000af24    00000014     ti_driverlib_can_driver.o (.text.TI_DriverLibCanDriver_pause_can_rx)
                  0000af38    00000014     ti_driverlib_drivers.o (.text.TI_DriverLibDrivers_reboot)
                  0000af4c    00000014     libclang_rt.builtins.a : aeabi_uldivmod.S.obj (.text.__aeabi_uldivmod)
                  0000af60    00000012     can_utilities.o (.text.CanUtilities_clear_can_message)
                  0000af72    00000012     libc.a : copy_decompress_none.c.obj (.text:decompress:none)
                  0000af84    00000010     alias_mappings.o (.text.AliasMappings_set_has_duplicate_alias_flag)
                  0000af94    00000010     can_buffer_fifo.o (.text.CanBufferFifo_initialize)
                  0000afa4    00000010     can_tx_statemachine.o (.text.CanTxStatemachine_send_can_message)
                  0000afb4    00000010     dl_mcan.o (.text.DL_MCAN_getOpMode)
                  0000afc4    00000010     dl_mcan.o (.text.DL_MCAN_isMemInitDone)
                  0000afd4    00000010     openlcb_buffer_fifo.o (.text.OpenLcbBufferFifo_initialize)
                  0000afe4    00000010     openlcb_buffer_list.o (.text.OpenLcbBufferList_initialize)
                  0000aff4    00000010     openlcb_node.o (.text.OpenLcbNode_get_count)
                  0000b004    00000010     openlcb_utilities.o (.text.OpenLcbUtilities_extract_word_from_openlcb_payload)
                  0000b014    00000010     openlcb_config.o (.text.OpenLcb_100ms_timer_tick)
                  0000b024    00000010     libc.a : wcslen.c.obj (.text.wcslen)
                  0000b034    00000010            : copy_zero_init.c.obj (.text:decompress:ZI)
                  0000b044    0000000e            : memory.c.obj (.text.OUTLINED_FUNCTION_0)
                  0000b052    00000002     --HOLE-- [fill = 0]
                  0000b054    0000000e     libclang_rt.builtins.a : aeabi_memset.S.obj (.text.__aeabi_memset)
                  0000b062    0000000e     libsysbm.a : hostrename.c.obj (.text.strcpy)
                  0000b070    0000000e     libc.a : _printfi.c.obj (.text.strlen)
                  0000b07e    0000000e            : aeabi_portable.c.obj (.text.strlen)
                  0000b08c    0000000e     libsysbm.a : hostrename.c.obj (.text.strlen)
                  0000b09a    00000002     --HOLE-- [fill = 0]
                  0000b09c    0000000c     can_login_message_handler.o (.text.CanLoginMessageHandler_initialize)
                  0000b0a8    0000000c     can_login_statemachine.o (.text.CanLoginStateMachine_initialize)
                  0000b0b4    0000000c     can_rx_message_handler.o (.text.CanRxMessageHandler_initialize)
                  0000b0c0    0000000c     can_rx_statemachine.o (.text.CanRxStatemachine_initialize)
                  0000b0cc    0000000c     can_tx_message_handler.o (.text.CanTxMessageHandler_initialize)
                  0000b0d8    0000000c     can_tx_statemachine.o (.text.CanTxStatemachine_initialize)
                  0000b0e4    0000000c     can_utilities.o (.text.CanUtilities_extract_source_alias_from_can_identifier)
                  0000b0f0    0000000c     dl_mcan.o (.text.DL_MCAN_getIntrStatus)
                  0000b0fc    0000000c     openlcb_application.o (.text.OpenLcbApplication_initialize)
                  0000b108    0000000c     openlcb_login_statemachine_handler.o (.text.OpenLcbLoginMessageHandler_initialize)
                  0000b114    0000000c     openlcb_utilities.o (.text.OpenLcbUtilities_copy_byte_to_openlcb_payload)
                  0000b120    0000000c     openlcb_utilities.o (.text.OpenLcbUtilities_set_multi_frame_flag)
                  0000b12c    0000000c     openlcb_config.o (.text.OpenLcb_get_global_100ms_tick)
                  0000b138    0000000c     protocol_config_mem_operations_handler.o (.text.ProtocolConfigMemOperationsHandler_initialize)
                  0000b144    0000000c     protocol_config_mem_read_handler.o (.text.ProtocolConfigMemReadHandler_initialize)
                  0000b150    0000000c     protocol_config_mem_write_handler.o (.text.ProtocolConfigMemWriteHandler_initialize)
                  0000b15c    0000000c     protocol_datagram_handler.o (.text.ProtocolDatagramHandler_initialize)
                  0000b168    0000000c     protocol_event_transport.o (.text.ProtocolEventTransport_initialize)
                  0000b174    0000000c     protocol_message_network.o (.text.ProtocolMessageNetwork_initialize)
                  0000b180    0000000c     protocol_snip.o (.text.ProtocolSnip_initialize)
                  0000b18c    0000000c     ti_driverlib_can_driver.o (.text.TI_DriverLibCanDriver_initialize)
                  0000b198    0000000c     ti_driverlib_can_driver.o (.text.TI_DriverLibCanDriver_resume_can_rx)
                  0000b1a4    0000000c     libclang_rt.builtins.a : aeabi_memset.S.obj (.text.__aeabi_memclr)
                  0000b1b0    0000000c     libc.a : memory.c.obj (.text.malloc)
                  0000b1bc    0000000a     can_utilities.o (.text.CanUtilities_is_openlcb_message)
                  0000b1c6    0000000a     dl_common.o (.text.DL_Common_delayCycles)
                  0000b1d0    0000000a     openlcb_utilities.o (.text.OpenLcbUtilities_is_addressed_openlcb_message)
                  0000b1da    0000000a     protocol_message_network.o (.text.ProtocolMessageNetwork_handle_protocol_support_reply)
                  0000b1e4    0000000a     protocol_snip.o (.text.ProtocolSnip_handle_simple_node_info_reply)
                  0000b1ee    0000000a     libc.a : sprintf.c.obj (.text._outc)
                  0000b1f8    00000008     alias_mappings.o (.text.AliasMappings_get_alias_mapping_info)
                  0000b200    00000008     openlcb_config.o (.text.OpenLcb_create_node)
                  0000b208    00000008     ti_driverlib_drivers.o (.text.SysTick_Handler)
                  0000b210    00000008     libc.a : aeabi_portable.c.obj (.text.__aeabi_errno_addr)
                  0000b218    00000008     libclang_rt.builtins.a : aeabi_memcpy.S.obj (.text.__aeabi_memcpy)
                  0000b220    00000008     libc.a : printf.c.obj (.text._outc)
                  0000b228    00000008            : printf.c.obj (.text._outs)
                  0000b230    00000008            : fseek.c.obj (.text.fseek)
                  0000b238    00000008     libsysbm.a : remove.c.obj (.text.remove)
                  0000b240    00000006     openlcb_utilities.o (.text.OpenLcbUtilities_extract_byte_from_openlcb_payload)
                  0000b246    00000006     libc.a : exit.c.obj (.text:abort)
                  0000b24c    00000004     can_tx_message_handler.o (.text.CanTxMessageHandler_stream_frame)
                  0000b250    00000004     libsysbm.a : hostexit.c.obj (.text.HOSTexit)
                  0000b254    00000004     startup_mspm0g350x_ticlang.o (.text.Reset_Handler)
                  0000b258    00000010     libc.a : boot_cortex_m.c.obj (.tramp._c_int00_noargs.1)
                  0000b268    00000004     ti_driverlib_drivers.o (.text.TI_DriverLibDrivers_config_mem_write)
                  0000b26c    00000004     libc.a : pre_init.c.obj (.text._system_pre_init)

.cinit     0    0000bf10    00000090     
                  0000bf10    00000065     (.cinit..data.load) [load image, compression = lzss]
                  0000bf75    00000003     --HOLE-- [fill = 0]
                  0000bf78    0000000c     (__TI_handler_table)
                  0000bf84    00000008     (.cinit..bss.load) [load image, compression = zero_init]
                  0000bf8c    00000010     (__TI_cinit_table)
                  0000bf9c    00000004     --HOLE-- [fill = 0]

.rodata    0    0000b270    00000ca0     
                  0000b270    00000439     openlcb_user_config.o (.rodata._cdi_data)
                  0000b6a9    00000007     basic_node.o (.rodata.str1.6910159876656296677.1)
                  0000b6b0    00000318     openlcb_user_config.o (.rodata.OpenLcbUserConfig_node_parameters)
                  0000b9c8    00000008     callbacks_can.o (.rodata.str1.3756357221947688964.1)
                  0000b9d0    00000101     libc.a : aeabi_ctype.S.obj (.rodata:__aeabi_ctype_table_)
                  0000bad1    00000002            : fputs.c.obj (.rodata.str1.16607721268415185390.1)
                  0000bad3    00000001     --HOLE-- [fill = 0]
                  0000bad4    00000078     basic_node.o (.rodata.openlcb_config)
                  0000bb4c    00000060     ti_msp_dl_config.o (.rodata.gMCAN0MsgRAMConfigParams)
                  0000bbac    00000049     callbacks_config_mem.o (.rodata.str1.205553780404799708.1)
                  0000bbf5    00000003     --HOLE-- [fill = 0]
                  0000bbf8    00000040     dl_mcan.o (.rodata..L__const.DL_MCAN_getDataSize.dataSize)
                  0000bc38    00000039     can_tx_message_handler.o (.rodata.str1.12091788185785158655.1)
                  0000bc71    00000035     callbacks_config_mem.o (.rodata.str1.18440576400699699724.1)
                  0000bca6    00000002     --HOLE-- [fill = 0]
                  0000bca8    00000034     ti_msp_dl_config.o (.rodata.gMCAN0InitParams)
                  0000bcdc    0000002c     ti_msp_dl_config.o (.rodata.gMCAN0ConfigParams)
                  0000bd08    0000002a     libc.a : aeabi_portable.c.obj (.rodata.str1.1603242578795511017.1)
                  0000bd32    00000002     --HOLE-- [fill = 0]
                  0000bd34    00000028     ti_msp_dl_config.o (.rodata.gSYSPLLConfig)
                  0000bd5c    00000022     callbacks_config_mem.o (.rodata.str1.14299202259206105879.1)
                  0000bd7e    00000002     --HOLE-- [fill = 0]
                  0000bd80    00000020     openlcb_buffer_store.o (.rodata.cst16)
                  0000bda0    00000020     dl_mcan.o (.rodata.cst32)
                  0000bdc0    00000020     ti_msp_dl_config.o (.rodata.gMCAN0BitTimes)
                  0000bde0    0000001c     basic_node.o (.rodata.can_config)
                  0000bdfc    0000001b     callbacks_can.o (.rodata.str1.16751399061457667381.1)
                  0000be17    0000001b     callbacks_config_mem.o (.rodata.str1.6780003700326924481.1)
                  0000be32    00000018     libc.a : aeabi_portable.c.obj (.rodata.str1.12460630753207392619.1)
                  0000be4a    00000002     --HOLE-- [fill = 0]
                  0000be4c    00000014     openlcb_utilities.o (.rodata..Lswitch.table.OpenLcbUtilities_copy_string_to_openlcb_payload)
                  0000be60    00000014     openlcb_utilities.o (.rodata..Lswitch.table.OpenLcbUtilities_load_config_mem_reply_read_fail_message_header)
                  0000be74    00000014     ti_driverlib_drivers.o (.rodata.str1.8964333138500812083.4)
                  0000be88    00000013     callbacks_can.o (.rodata.str1.8380515466579968945.1)
                  0000be9b    00000011     libc.a : _printfi.c.obj (.rodata.str1.10348868589481759720.1)
                  0000beac    00000011            : _printfi.c.obj (.rodata.str1.15363888844622738466.1)
                  0000bebd    00000003     --HOLE-- [fill = 0]
                  0000bec0    00000010     openlcb_buffer_store.o (.rodata..Lswitch.table.OpenLcbBufferStore_free_buffer)
                  0000bed0    00000010     ti_msp_dl_config.o (.rodata.gMCAN0ExtFiltelem)
                  0000bee0    0000000a     openlcb_utilities.o (.rodata..Lswitch.table.OpenLcbUtilities_payload_type_to_len)
                  0000beea    00000008     callbacks_can.o (.rodata.str1.9043125366425901823.1)
                  0000bef2    00000006     openlcb_gridconnect.o (.rodata.str1.12664193696620260334.1)
                  0000bef8    00000006     can_tx_message_handler.o (.rodata.str1.8937946667223793284.1)
                  0000befe    00000005     openlcb_gridconnect.o (.rodata.str1.8585830579133075644.1)
                  0000bf03    00000001     --HOLE-- [fill = 0]
                  0000bf04    00000004     ti_msp_dl_config.o (.rodata.gMCAN0ClockConf)
                  0000bf08    00000008     --HOLE-- [fill = 0]

.init_array 
*          0    00000000    00000000     UNINITIALIZED

.binit     0    00000000    00000000     

.bss       0    20200000    000047ed     UNINITIALIZED
                  20200000    00002448     openlcb_node.o (.bss._openlcb_nodes)
                  20202448    00000d90     openlcb_buffer_store.o (.bss._message_buffer)
                  202031d8    000005c8     openlcb_main_statemachine.o (.bss._sibling_response_queue)
                  202037a0    000001b8     openlcb_config.o (.bss._datagram)
                  20203958    00000190     can_buffer_store.o (.bss._can_buffer_store)
                  20203ae8    00000148     openlcb_login_statemachine.o (.bss._sibling_statemachine_info)
                  20203c30    00000148     openlcb_main_statemachine.o (.bss._sibling_statemachine_info)
                  20203d78    00000148     openlcb_main_statemachine.o (.bss._statemachine_info)
                  20203ec0    00000128     openlcb_main_statemachine.o (.bss._path_b_pending_msg)
                  20203fe8    00000120     libsysbm.a : trgmsg.c.obj (.bss:_CIOBUF_)
                  20204108    00000100     openlcb_config.o (.bss._main_sm)
                  20204208    000000ac     openlcb_buffer_fifo.o (.bss._openlcb_msg_buffer_fifo)
                  202042b4    000000a4     openlcb_buffer_list.o (.bss._openlcb_msg_buffer_list)
                  20204358    000000a0     libc.a : defs.c.obj (.bss.__TI_tmpnams)
                  202043f8    00000058     can_buffer_fifo.o (.bss.can_msg_buffer_fifo)
                  20204450    00000050     openlcb_config.o (.bss._config_read)
                  202044a0    0000004c     can_config.o (.bss._main_sm)
                  202044ec    00000004     can_config.o (.bss._config)
                  202044f0    00000048     alias_mappings.o (.bss._alias_mapping_info)
                  20204538    00000048     openlcb_login_statemachine.o (.bss._statemachine_info)
                  20204580    00000040     openlcb_config.o (.bss._config_ops)
                  202045c0    0000003c     openlcb_config.o (.bss._config_write)
                  202045fc    0000003c     openlcb_config.o (.bss._event_transport)
                  20204638    00000038     openlcb_config.o (.bss._login_sm)
                  20204670    00000038     can_config.o (.bss._rx_sm)
                  202046a8    0000002c     can_config.o (.bss._rx_msg)
                  202046d4    00000028     can_config.o (.bss._login_sm)
                  202046fc    0000001c     can_config.o (.bss._tx_sm)
                  20204718    00000014     can_main_statemachine.o (.bss._can_msg)
                  2020472c    00000014     can_main_statemachine.o (.bss._can_statemachine_info)
                  20204740    0000000c     openlcb_config.o (.bss._app)
                  2020474c    0000000c     can_config.o (.bss._login_msg)
                  20204758    0000000a     openlcb_node.o (.bss._node_enum_index_array)
                  20204762    00000002     can_buffer_store.o (.bss._can_buffer_store_message_allocated)
                  20204764    00000008     openlcb_config.o (.bss._login_msg)
                  2020476c    00000008     openlcb_config.o (.bss._msg_network)
                  20204774    00000004     openlcb_config.o (.bss._config)
                  20204778    00000008     can_config.o (.bss._tx_msg)
                  20204780    00000008     libsysbm.a : hostopen.c.obj (.bss.parmbuf)
                  20204788    00000004     can_login_message_handler.o (.bss._interface)
                  2020478c    00000004     can_login_statemachine.o (.bss._interface)
                  20204790    00000004     can_main_statemachine.o (.bss._interface)
                  20204794    00000004     can_rx_message_handler.o (.bss._interface)
                  20204798    00000004     can_rx_statemachine.o (.bss._interface)
                  2020479c    00000004     can_tx_message_handler.o (.bss._interface)
                  202047a0    00000004     can_tx_statemachine.o (.bss._interface)
                  202047a4    00000004     openlcb_application.o (.bss._interface)
                  202047a8    00000004     openlcb_login_statemachine.o (.bss._interface)
                  202047ac    00000004     openlcb_login_statemachine_handler.o (.bss._interface)
                  202047b0    00000004     openlcb_main_statemachine.o (.bss._interface)
                  202047b4    00000004     openlcb_node.o (.bss._interface)
                  202047b8    00000004     protocol_config_mem_operations_handler.o (.bss._interface)
                  202047bc    00000004     protocol_config_mem_read_handler.o (.bss._interface)
                  202047c0    00000004     protocol_config_mem_write_handler.o (.bss._interface)
                  202047c4    00000004     protocol_datagram_handler.o (.bss._interface)
                  202047c8    00000004     protocol_event_transport.o (.bss._interface)
                  202047cc    00000004     protocol_message_network.o (.bss._interface)
                  202047d0    00000004     protocol_snip.o (.bss._interface)
                  202047d4    00000004     openlcb_config.o (.bss._node)
                  202047d8    00000004     openlcb_main_statemachine.o (.bss._path_b_pending_ptr)
                  202047dc    00000004     openlcb_config.o (.bss._snip)
                  202047e0    00000004     libc.a : memory.c.obj (.bss.sys_free)
                  202047e4    00000002     can_buffer_store.o (.bss._can_buffer_store_message_max_allocated)
                  202047e6    00000001     openlcb_main_statemachine.o (.bss._path_b_pending)
                  202047e7    00000001     openlcb_login_statemachine.o (.bss._sibling_dispatch_active)
                  202047e8    00000001     openlcb_main_statemachine.o (.bss._sibling_dispatch_active)
                  202047e9    00000001     openlcb_main_statemachine.o (.bss._sibling_response_queue_head)
                  202047ea    00000001     openlcb_main_statemachine.o (.bss._sibling_response_queue_high_water)
                  202047eb    00000001     openlcb_main_statemachine.o (.bss._sibling_response_queue_tail)
                  202047ec    00000001     openlcb_main_statemachine.o (.bss._train_search_match_found)

.sysmem    0    202047f0    00000800     UNINITIALIZED
                  202047f0    00000010     libc.a : memory.c.obj (.sysmem)
                  20204800    000007f0     --HOLE--

.data      0    20204ff0    000001e9     UNINITIALIZED
                  20204ff0    000000f0     libc.a : defs.c.obj (.data._ftable)
                  202050e0    00000078     libsysbm.a : host_device.c.obj (.data._device)
                  20205158    00000050                : host_device.c.obj (.data._stream)
                  202051a8    00000008     libc.a : exit.c.obj (.data..L_MergedGlobals)
                  202051b0    00000004            : defs.c.obj (.data.__TI_ft_end)
                  202051b4    00000004            : aeabi_portable.c.obj (.data.__aeabi_errno)
                  202051b8    00000004            : _lock.c.obj (.data._lock)
                  202051bc    00000004            : _lock.c.obj (.data._unlock)
                  202051c0    00000002     callbacks_olcb.o (.data._100ms_ticks)
                  202051c2    00000002     openlcb_buffer_store.o (.data._buffer_store_basic_max_messages_allocated)
                  202051c4    00000002     openlcb_buffer_store.o (.data._buffer_store_basic_messages_allocated)
                  202051c6    00000002     openlcb_buffer_store.o (.data._buffer_store_datagram_max_messages_allocated)
                  202051c8    00000002     openlcb_buffer_store.o (.data._buffer_store_datagram_messages_allocated)
                  202051ca    00000002     openlcb_buffer_store.o (.data._buffer_store_snip_max_messages_allocated)
                  202051cc    00000002     openlcb_buffer_store.o (.data._buffer_store_snip_messages_allocated)
                  202051ce    00000002     openlcb_buffer_store.o (.data._buffer_store_stream_max_messages_allocated)
                  202051d0    00000002     openlcb_buffer_store.o (.data._buffer_store_stream_messages_allocated)
                  202051d2    00000001     openlcb_config.o (.data._global_100ms_tick)
                  202051d3    00000001     ti_driverlib_can_driver.o (.data._is_transmitting)
                  202051d4    00000001     openlcb_node.o (.data._last_app_callback_tick)
                  202051d5    00000003     --HOLE--
                  202051d8    00000001     libc.a : memory.c.obj (.data.memory_is_initialized)

.stack     0    20207e00    00000200     UNINITIALIZED
                  20207e00    00000004     libc.a : boot_cortex_m.c.obj (.stack)
                  20207e04    000001fc     --HOLE--

__llvm_prf_cnts 
*          0    20200000    00000000     UNINITIALIZED

__llvm_prf_bits 
*          0    20200000    00000000     UNINITIALIZED

MODULE SUMMARY

       Module                                     code    ro data   rw data
       ------                                     ----    -------   -------
    ./
       openlcb_user_config.o                      0       1873      0      
       ti_msp_dl_config.o                         560     284       0      
       basic_node.o                               84      155       0      
       startup_mspm0g350x_ticlang.o               6       192       0      
    +--+------------------------------------------+-------+---------+---------+
       Total:                                     650     2504      0      
                                                                           
    ./application_callbacks/
       callbacks_config_mem.o                     104     187       0      
       callbacks_can.o                            124     62        0      
       callbacks_olcb.o                           38      0         2      
    +--+------------------------------------------+-------+---------+---------+
       Total:                                     266     249       2      
                                                                           
    ./application_drivers/
       ti_driverlib_can_driver.o                  832     0         1      
       ti_driverlib_drivers.o                     130     20        0      
    +--+------------------------------------------+-------+---------+---------+
       Total:                                     962     20        1      
                                                                           
    ./openlcb_c_lib/drivers/canbus/
       can_rx_message_handler.o                   2166    0         4      
       can_buffer_store.o                         704     0         404    
       can_main_statemachine.o                    824     0         44     
       can_config.o                               540     0         268    
       can_utilities.o                            726     0         0      
       can_login_message_handler.o                716     0         4      
       alias_mappings.o                           576     0         72     
       can_tx_message_handler.o                   480     63        4      
       can_rx_statemachine.o                      528     0         4      
       can_tx_statemachine.o                      412     0         4      
       can_buffer_fifo.o                          112     0         88     
       can_login_statemachine.o                   132     0         4      
    +--+------------------------------------------+-------+---------+---------+
       Total:                                     7916    63        900    
                                                                           
    ./openlcb_c_lib/openlcb/
       openlcb_node.o                             2156    0         9303   
       openlcb_main_statemachine.o                2928    0         2446   
       openlcb_buffer_store.o                     696     48        3488   
       protocol_datagram_handler.o                4138    0         4      
       protocol_config_mem_operations_handler.o   2764    0         4      
       openlcb_config.o                           1488    0         1057   
       openlcb_utilities.o                        2472    50        0      
       protocol_event_transport.o                 2086    0         4      
       protocol_snip.o                            1622    0         4      
       protocol_config_mem_write_handler.o        1508    0         4      
       openlcb_login_statemachine.o               700     0         405    
       protocol_message_network.o                 1004    0         4      
       protocol_config_mem_read_handler.o         908     0         4      
       openlcb_login_statemachine_handler.o       804     0         4      
       openlcb_buffer_list.o                      392     0         164    
       openlcb_buffer_fifo.o                      176     0         172    
       openlcb_gridconnect.o                      328     11        0      
       openlcb_application.o                      12      0         4      
    +--+------------------------------------------+-------+---------+---------+
       Total:                                     26182   109       17071  
                                                                           
    ./ti/driverlib/
       dl_mcan.o                                  2296    96        0      
       dl_common.o                                10      0         0      
    +--+------------------------------------------+-------+---------+---------+
       Total:                                     2306    96        0      
                                                                           
    ./ti/driverlib/m0p/sysctl/
       dl_sysctl_mspm0g1x0x_g3x0x.o               388     0         0      
    +--+------------------------------------------+-------+---------+---------+
       Total:                                     388     0         0      
                                                                           
    /Applications/TI/ccs2020/ccs/tools/compiler/ti-cgt-armllvm_4.0.3.LTS/lib/armv6m-ti-none-eabi/c/libc.a
       _printfi.c.obj                             2166    34        0      
       memory.c.obj                               702     0         5      
       defs.c.obj                                 0       0         404    
       fputs.c.obj                                284     2         0      
       aeabi_ctype.S.obj                          0       257       0      
       setvbuf.c.obj                              224     0         0      
       fflush.c.obj                               178     0         0      
       aeabi_portable.c.obj                       90      66        4      
       getdevice.c.obj                            160     0         0      
       fputc.c.obj                                156     0         0      
       memcpy16.S.obj                             154     0         0      
       strcmp-armv6m.S.obj                        136     0         0      
       copy_decompress_lzss.c.obj                 124     0         0      
       fclose.c.obj                               124     0         0      
       fseek.c.obj                                116     0         0      
       printf.c.obj                               108     0         0      
       _io_perm.c.obj                             100     0         0      
       memset16.S.obj                             98      0         0      
       sprintf.c.obj                              90      0         0      
       exit.c.obj                                 58      0         8      
       atoi.c.obj                                 64      0         0      
       autoinit.c.obj                             60      0         0      
       boot_cortex_m.c.obj                        56      0         0      
       fopen.c.obj                                52      0         0      
       memccpy.c.obj                              34      0         0      
       assert.c.obj                               24      0         0      
       copy_decompress_none.c.obj                 18      0         0      
       copy_zero_init.c.obj                       16      0         0      
       wcslen.c.obj                               16      0         0      
       _lock.c.obj                                2       0         8      
       pre_init.c.obj                             4       0         0      
    +--+------------------------------------------+-------+---------+---------+
       Total:                                     5414    359       429    
                                                                           
    /Applications/TI/ccs2020/ccs/tools/compiler/ti-cgt-armllvm_4.0.3.LTS/lib/armv6m-ti-none-eabi/c/libsysbm.a
       trgmsg.c.obj                               104     0         288    
       host_device.c.obj                          0       0         200    
       hostrename.c.obj                           136     0         0      
       hostlseek.c.obj                            108     0         0      
       hostopen.c.obj                             96      0         8      
       hostread.c.obj                             88      0         0      
       hostwrite.c.obj                            88      0         0      
       close.c.obj                                80      0         0      
       hostclose.c.obj                            72      0         0      
       hostunlink.c.obj                           72      0         0      
       unlink.c.obj                               44      0         0      
       lseek.c.obj                                40      0         0      
       write.c.obj                                40      0         0      
       remove.c.obj                               8       0         0      
       hostexit.c.obj                             4       0         0      
    +--+------------------------------------------+-------+---------+---------+
       Total:                                     980     0         496    
                                                                           
    /Applications/TI/ccs2020/ccs/tools/compiler/ti-cgt-armllvm_4.0.3.LTS/lib/armv6m-ti-none-eabi/libclang_rt.builtins.a
       udivmoddi4.S.obj                           162     0         0      
       aeabi_uidivmod.S.obj                       64      0         0      
       muldsi3.S.obj                              58      0         0      
       muldi3.S.obj                               36      0         0      
       ashldi3.S.obj                              30      0         0      
       aeabi_memset.S.obj                         26      0         0      
       aeabi_uldivmod.S.obj                       20      0         0      
       aeabi_memcpy.S.obj                         8       0         0      
       aeabi_div0.c.obj                           4       0         0      
    +--+------------------------------------------+-------+---------+---------+
       Total:                                     408     0         0      
                                                                           
       Heap:                                      0       0         2048   
       Stack:                                     0       0         512    
       Linker Generated:                          0       137       0      
    +--+------------------------------------------+-------+---------+---------+
       Grand Total:                               45472   3537      21459  


LINKER GENERATED COPY TABLES

__TI_cinit_table @ 0000bf8c records: 2, size/record: 8, table size: 16
	.data: load addr=0000bf10, load size=00000065 bytes, run addr=20204ff0, run size=000001e9 bytes, compression=lzss
	.bss: load addr=0000bf84, load size=00000008 bytes, run addr=20200000, run size=000047ed bytes, compression=zero_init


LINKER GENERATED HANDLER TABLE

__TI_handler_table @ 0000bf78 records: 3, size/record: 4, table size: 12
	index: 0, handler: __TI_decompress_lzss
	index: 1, handler: __TI_decompress_none
	index: 2, handler: __TI_zero_init


FAR CALL TRAMPOLINES

callee name               trampoline name
   callee addr  tramp addr   call addr  call info
--------------  -----------  ---------  ----------------
_c_int00_noargs           $Tramp$TT$L$PI$$_c_int00_noargs
   0000a939     0000b258     0000b254   startup_mspm0g350x_ticlang.o (.text.Reset_Handler)

[1 trampolines]
[1 trampoline calls]


GLOBAL SYMBOLS: SORTED ALPHABETICALLY BY Name 

address   name                                                                               
-------   ----                                                                               
00006ebb  ADC0_IRQHandler                                                                    
00006ebb  ADC1_IRQHandler                                                                    
00006ebb  AES_IRQHandler                                                                     
00009559  AliasMappings_find_mapping_by_alias                                                
000083a9  AliasMappings_find_mapping_by_node_id                                              
0000b1f9  AliasMappings_get_alias_mapping_info                                               
000095a5  AliasMappings_initialize                                                           
00005d8d  AliasMappings_register                                                             
0000af85  AliasMappings_set_has_duplicate_alias_flag                                         
00009279  AliasMappings_unregister                                                           
0000b250  C$$EXIT                                                                            
0000a321  C$$IO$$                                                                            
00002195  CANFD0_IRQHandler                                                                  
0000a989  CallbacksCan_on_alias_change                                                       
0000a511  CallbacksCan_on_rx                                                                 
0000a53d  CallbacksCan_on_tx                                                                 
0000acc9  CallbacksConfigMem_factory_reset                                                   
0000ace5  CallbacksConfigMem_firmware_write                                                  
0000adf9  CallbacksConfigMem_freeze                                                          
0000ae11  CallbacksConfigMem_unfreeze                                                        
00004aaf  CallbacksOlcb_initialize                                                           
0000a9ad  CallbacksOlcb_on_100ms_timer                                                       
0000af95  CanBufferFifo_initialize                                                           
0000a391  CanBufferFifo_pop                                                                  
0000a3c1  CanBufferFifo_push                                                                 
0000413d  CanBufferStore_allocate_buffer                                                     
0000ad01  CanBufferStore_free_buffer                                                         
0000359d  CanBufferStore_initialize                                                          
00002871  CanConfig_initialize                                                               
0000b09d  CanLoginMessageHandler_initialize                                                  
00006609  CanLoginMessageHandler_state_generate_alias                                        
00009011  CanLoginMessageHandler_state_generate_seed                                         
0000ae29  CanLoginMessageHandler_state_init                                                  
00008985  CanLoginMessageHandler_state_load_amd                                              
00009b91  CanLoginMessageHandler_state_load_cid04                                            
00009e9d  CanLoginMessageHandler_state_load_cid05                                            
00009a11  CanLoginMessageHandler_state_load_cid06                                            
00009ed5  CanLoginMessageHandler_state_load_cid07                                            
0000a569  CanLoginMessageHandler_state_load_rid                                              
0000a9d1  CanLoginMessageHandler_state_wait_200ms                                            
0000b0a9  CanLoginStateMachine_initialize                                                    
00007ae1  CanLoginStateMachine_run                                                           
00009069  CanMainStateMachine_run                                                            
00003401  CanMainStatemachine_handle_duplicate_aliases                                       
0000a3f1  CanMainStatemachine_handle_login_outgoing_can_message                              
000090c1  CanMainStatemachine_handle_outgoing_can_message                                    
000097ad  CanMainStatemachine_handle_try_enumerate_first_node                                
000097f1  CanMainStatemachine_handle_try_enumerate_next_node                                 
00009fb5  CanMainStatemachine_initialize                                                     
000030b1  CanRxMessageHandler_amd_frame                                                      
0000325d  CanRxMessageHandler_ame_frame                                                      
00005941  CanRxMessageHandler_amr_frame                                                      
00008b65  CanRxMessageHandler_can_legacy_snip                                                
00009bcd  CanRxMessageHandler_cid_frame                                                      
00008bc1  CanRxMessageHandler_error_info_report_frame                                        
00003f01  CanRxMessageHandler_first_frame                                                    
0000b0b5  CanRxMessageHandler_initialize                                                     
000066bd  CanRxMessageHandler_last_frame                                                     
000060e9  CanRxMessageHandler_middle_frame                                                   
00008c1d  CanRxMessageHandler_rid_frame                                                      
00008c79  CanRxMessageHandler_single_frame                                                   
00006d73  CanRxMessageHandler_stream_frame                                                   
00002ead  CanRxStatemachine_incoming_can_driver_callback                                     
0000b0c1  CanRxStatemachine_initialize                                                       
00007271  CanTxMessageHandler_addressed_msg_frame                                            
0000a7d1  CanTxMessageHandler_can_frame                                                      
00007431  CanTxMessageHandler_datagram_frame                                                 
0000b0cd  CanTxMessageHandler_initialize                                                     
0000b24d  CanTxMessageHandler_stream_frame                                                   
00007869  CanTxMessageHandler_unaddressed_msg_frame                                          
0000b0d9  CanTxStatemachine_initialize                                                       
0000afa5  CanTxStatemachine_send_can_message                                                 
00003729  CanTxStatemachine_send_openlcb_message                                             
000095f1  CanUtilities_append_can_payload_to_openlcb_payload                                 
0000af61  CanUtilities_clear_can_message                                                     
000093c9  CanUtilities_convert_can_mti_to_openlcb_mti                                        
0000a595  CanUtilities_copy_node_id_to_payload                                               
000049b1  CanUtilities_copy_openlcb_payload_to_can_payload                                   
0000739d  CanUtilities_count_nulls_in_payloads                                               
0000abb9  CanUtilities_extract_can_payload_as_node_id                                        
00009f0d  CanUtilities_extract_dest_alias_from_can_message                                   
0000b0e5  CanUtilities_extract_source_alias_from_can_identifier                              
0000b1bd  CanUtilities_is_openlcb_message                                                    
00006ebb  DAC0_IRQHandler                                                                    
0000b1c7  DL_Common_delayCycles                                                              
00009fe9  DL_MCAN_TXBufAddReq                                                                
0000a5c1  DL_MCAN_TXBufTransIntrEnable                                                       
0000a5ed  DL_MCAN_addExtMsgIDFilter                                                          
0000aee9  DL_MCAN_clearIntrStatus                                                            
00005239  DL_MCAN_config                                                                     
[...]
00009de9  __TI_auto_init_nobinit_nopinit                                                     
00009e25  OpenLcbUtilities_generate_event_range_id                                           
00009e61  __muldsi3                                                                          
00009e9d  CanLoginMessageHandler_state_load_cid05                                            
00009ed5  CanLoginMessageHandler_state_load_cid07                                            
00009f0d  CanUtilities_extract_dest_alias_from_can_message                                   
00009f45  DL_MCAN_getRxFIFOStatus                                                            
00009f7d  sprintf                                                                            
00009fb5  CanMainStatemachine_initialize                                                     
00009fe9  DL_MCAN_TXBufAddReq                                                                
0000a01d  DL_MCAN_setExtIDAndMask                                                            
0000a051  OpenLcbUtilities_copy_event_id_to_openlcb_payload                                  
0000a085  ProtocolConfigMemWriteHandler_write_space_firmware                                 
0000a0b9  ProtocolEventTransport_handle_consumer_identified_clear                            
0000a0ed  ProtocolEventTransport_handle_consumer_identified_reserved                         
0000a121  ProtocolEventTransport_handle_consumer_identified_set                              
0000a155  ProtocolEventTransport_handle_consumer_identified_unknown                          
0000a189  ProtocolEventTransport_handle_consumer_range_identified                            
0000a1bd  ProtocolEventTransport_handle_event_learn                                          
0000a1f1  ProtocolEventTransport_handle_producer_identified_reserved                         
0000a225  ProtocolEventTransport_handle_producer_range_identified                            
0000a259  SYSCFG_DL_initPower                                                                
0000a28d  __TI_cleanup                                                                       
0000a2c1  __TI_readmsg                                                                       
0000a2f5  __TI_writemsg                                                                      
0000a321  C$$IO$$                                                                            
0000a329  exit                                                                               
0000a35d  finddevice                                                                         
0000a391  CanBufferFifo_pop                                                                  
0000a3c1  CanBufferFifo_push                                                                 
0000a3f1  CanMainStatemachine_handle_login_outgoing_can_message                              
0000a421  OpenLcbBufferFifo_push                                                             
0000a451  OpenLcbNode_get_next                                                               
0000a481  OpenLcbNode_is_last                                                                
0000a4b1  SYSCFG_DL_SYSTICK_init                                                             
0000a4e1  TI_DriverLibDrivers_config_mem_read                                                
0000a511  CallbacksCan_on_rx                                                                 
0000a53d  CallbacksCan_on_tx                                                                 
0000a569  CanLoginMessageHandler_state_load_rid                                              
0000a595  CanUtilities_copy_node_id_to_payload                                               
0000a5c1  DL_MCAN_TXBufTransIntrEnable                                                       
0000a5ed  DL_MCAN_addExtMsgIDFilter                                                          
0000a619  OpenLcbBufferFifo_pop                                                              
0000a645  OpenLcbUtilities_extract_event_id_from_openlcb_payload                             
0000a671  OpenLcb_run                                                                        
0000a69d  ProtocolConfigMemReadHandler_read_space_acdi_manufacturer                          
0000a6c9  ProtocolConfigMemReadHandler_read_space_acdi_user                                  
0000a6f5  ProtocolConfigMemReadHandler_read_space_all                                        
0000a721  ProtocolConfigMemReadHandler_read_space_config_memory                              
0000a74d  ProtocolConfigMemWriteHandler_write_space_acdi_user                                
0000a779  ProtocolConfigMemWriteHandler_write_space_config_memory                            
0000a7a5  unlink                                                                             
0000a7d1  CanTxMessageHandler_can_frame                                                      
0000a7f9  OpenLcbLoginStatemachine_handle_try_reenumerate                                    
0000a821  OpenLcbNode_100ms_timer_tick                                                       
0000a849  OpenLcbNode_get_first                                                              
0000a871  ProtocolConfigMemReadHandler_read_space_config_description_info                    
0000a899  TI_DriverLibCanDriver_is_can_tx_buffer_clear                                       
0000a8e9  lseek                                                                              
0000a911  write                                                                              
0000a939  _c_int00_noargs                                                                    
0000a961  OpenLcbUtilities_copy_dword_to_openlcb_payload                                     
0000a989  CallbacksCan_on_alias_change                                                       
0000a9ad  CallbacksOlcb_on_100ms_timer                                                       
0000a9d1  CanLoginMessageHandler_state_wait_200ms                                            
0000a9f5  DL_MCAN_setClockConfig                                                             
0000aa19  OpenLcbMainStatemachine_handle_try_reenumerate                                     
0000aa3d  ProtocolEventTransport_extract_producer_event_status_mti                           
0000aa61  ProtocolSnip_load_user_version_id                                                  
0000aa85  __aeabi_lmul                                                                       
0000aa85  __muldi3                                                                           
0000aacd  puts                                                                               
0000aaf1  OpenLcbUtilities_extract_node_id_from_openlcb_payload                              
0000ab13  ProtocolEventTransport_handle_events_identify_dest                                 
0000ab35  ProtocolSnip_load_manufacturer_version_id                                          
0000ab57  memccpy                                                                            
0000ab79  OpenLcbUtilities_is_addressed_message_for_node                                     
0000ab99  ProtocolEventTransport_extract_consumer_event_status_mti                           
0000abb9  CanUtilities_extract_can_payload_as_node_id                                        
0000abd7  ProtocolConfigMemWriteHandler_write_under_mask_space_acdi_manufacturer             
0000abf5  ProtocolConfigMemWriteHandler_write_under_mask_space_acdi_user                     
0000ac13  ProtocolConfigMemWriteHandler_write_under_mask_space_all                           
0000ac31  ProtocolConfigMemWriteHandler_write_under_mask_space_config_memory                 
0000ac4f  ProtocolConfigMemWriteHandler_write_under_mask_space_firmware                      
0000ac6d  ProtocolConfigMemWriteHandler_write_under_mask_space_train_function_config_memory  
0000ac8b  ProtocolConfigMemWriteHandler_write_under_mask_space_train_function_definition_info
0000aca9  __aeabi_llsl                                                                       
0000aca9  __ashldi3                                                                          
0000acc9  CallbacksConfigMem_factory_reset                                                   
0000ace5  CallbacksConfigMem_firmware_write                                                  
0000ad01  CanBufferStore_free_buffer                                                         
0000ad1d  DL_MCAN_enableIntr                                                                 
0000ad39  DL_MCAN_enableIntrLine                                                             
0000ad55  DL_MCAN_selectIntrLine                                                             
0000ad71  OpenLcbUtilities_clear_openlcb_message                                             
0000adc5  OpenLcbUtilities_extract_dword_from_openlcb_payload                                
0000addf  ProtocolConfigMemWriteHandler_write_under_mask_space_config_description_info       
0000adf9  CallbacksConfigMem_freeze                                                          
0000ae11  CallbacksConfigMem_unfreeze                                                        
0000ae29  CanLoginMessageHandler_state_init                                                  
0000ae41  DL_MCAN_setOpMode                                                                  
0000ae59  SYSCFG_DL_init                                                                     
0000ae71  TI_DriverLibDrivers_lock_shared_resources                                          
0000ae89  TI_DriverLibDrivers_unlock_shared_resources                                        
0000aea1  _abort_msg                                                                         
0000aed1  OpenLcbUtilities_copy_word_to_openlcb_payload                                      
0000aee9  DL_MCAN_clearIntrStatus                                                            
0000aefd  OpenLcbBufferList_index_of                                                         
0000af11  OpenLcbUtilities_payload_type_to_len                                               
0000af25  TI_DriverLibCanDriver_pause_can_rx                                                 
0000af39  TI_DriverLibDrivers_reboot                                                         
0000af4d  __aeabi_uldivmod                                                                   
0000af61  CanUtilities_clear_can_message                                                     
0000af73  __TI_decompress_none                                                               
0000af85  AliasMappings_set_has_duplicate_alias_flag                                         
0000af95  CanBufferFifo_initialize                                                           
0000afa5  CanTxStatemachine_send_can_message                                                 
0000afb5  DL_MCAN_getOpMode                                                                  
0000afc5  DL_MCAN_isMemInitDone                                                              
0000afd5  OpenLcbBufferFifo_initialize                                                       
0000afe5  OpenLcbBufferList_initialize                                                       
0000aff5  OpenLcbNode_get_count                                                              
0000b005  OpenLcbUtilities_extract_word_from_openlcb_payload                                 
0000b015  OpenLcb_100ms_timer_tick                                                           
0000b025  wcslen                                                                             
0000b035  __TI_zero_init                                                                     
0000b055  __aeabi_memset                                                                     
0000b055  __aeabi_memset4                                                                    
0000b055  __aeabi_memset8                                                                    
0000b09d  CanLoginMessageHandler_initialize                                                  
0000b0a9  CanLoginStateMachine_initialize                                                    
0000b0b5  CanRxMessageHandler_initialize                                                     
0000b0c1  CanRxStatemachine_initialize                                                       
0000b0cd  CanTxMessageHandler_initialize                                                     
0000b0d9  CanTxStatemachine_initialize                                                       
0000b0e5  CanUtilities_extract_source_alias_from_can_identifier                              
0000b0f1  DL_MCAN_getIntrStatus                                                              
0000b0fd  OpenLcbApplication_initialize                                                      
0000b109  OpenLcbLoginMessageHandler_initialize                                              
0000b115  OpenLcbUtilities_copy_byte_to_openlcb_payload                                      
0000b121  OpenLcbUtilities_set_multi_frame_flag                                              
0000b12d  OpenLcb_get_global_100ms_tick                                                      
0000b139  ProtocolConfigMemOperationsHandler_initialize                                      
0000b145  ProtocolConfigMemReadHandler_initialize                                            
0000b151  ProtocolConfigMemWriteHandler_initialize                                           
0000b15d  ProtocolDatagramHandler_initialize                                                 
0000b169  ProtocolEventTransport_initialize                                                  
0000b175  ProtocolMessageNetwork_initialize                                                  
0000b181  ProtocolSnip_initialize                                                            
0000b18d  TI_DriverLibCanDriver_initialize                                                   
0000b199  TI_DriverLibCanDriver_resume_can_rx                                                
0000b1a5  __aeabi_memclr                                                                     
0000b1a5  __aeabi_memclr4                                                                    
0000b1a5  __aeabi_memclr8                                                                    
0000b1b1  malloc                                                                             
0000b1bd  CanUtilities_is_openlcb_message                                                    
0000b1c7  DL_Common_delayCycles                                                              
0000b1d1  OpenLcbUtilities_is_addressed_openlcb_message                                      
0000b1db  ProtocolMessageNetwork_handle_protocol_support_reply                               
0000b1e5  ProtocolSnip_handle_simple_node_info_reply                                         
0000b1f9  AliasMappings_get_alias_mapping_info                                               
0000b201  OpenLcb_create_node                                                                
0000b209  SysTick_Handler                                                                    
0000b211  __aeabi_errno_addr                                                                 
0000b219  __aeabi_memcpy                                                                     
0000b219  __aeabi_memcpy4                                                                    
0000b219  __aeabi_memcpy8                                                                    
0000b231  fseek                                                                              
0000b239  remove                                                                             
0000b241  OpenLcbUtilities_extract_byte_from_openlcb_payload                                 
0000b247  abort                                                                              
0000b24d  CanTxMessageHandler_stream_frame                                                   
0000b250  C$$EXIT                                                                            
0000b251  HOSTexit                                                                           
0000b255  Reset_Handler                                                                      
0000b269  TI_DriverLibDrivers_config_mem_write                                               
0000b26d  _system_pre_init                                                                   
0000b6b0  OpenLcbUserConfig_node_parameters                                                  
0000b9d0  __aeabi_ctype_table_                                                               
0000b9d0  __aeabi_ctype_table_C                                                              
0000bf78  __TI_Handler_Table_Base                                                            
0000bf84  __TI_Handler_Table_Limit                                                           
0000bf8c  __TI_CINIT_Base                                                                    
0000bf9c  __TI_CINIT_Limit                                                                   
0000bf9c  __TI_CINIT_Warm                                                                    
20200000  __start___llvm_prf_bits                                                            
20200000  __start___llvm_prf_cnts                                                            
20200000  __stop___llvm_prf_bits                                                             
20200000  __stop___llvm_prf_cnts                                                             
20203fe8  _CIOBUF_                                                                           
20203fe8  __CIOBUF_                                                                          
20204358  __TI_tmpnams                                                                       
20204780  parmbuf                                                                            
202047f0  _sys_memory                                                                        
20204ff0  _ftable                                                                            
202050e0  _device                                                                            
20205158  _stream                                                                            
202051a8  __TI_cleanup_ptr                                                                   
202051ac  __TI_dtors_ptr                                                                     
202051b0  __TI_ft_end                                                                        
202051b4  __aeabi_errno                                                                      
202051b8  _lock                                                                              
202051bc  _unlock                                                                            
20207e00  __stack                                                                            
20208000  __STACK_END                                                                        
ffffffff  __TI_pprof_out_hndl                                                                
ffffffff  __TI_prof_data_size                                                                
ffffffff  __TI_prof_data_start                                                               
ffffffff  __binit__                                                                          
ffffffff  binit                                                                              
UNDEFED   __mpu_init                                                                         
UNDEFED   _system_post_cinit                                                                 

[445 symbols]
