../Core/Src/src/openlcb/openlcb_application_broadcast_time.c:72:27:_find_clock_by_id	24	static
../Core/Src/src/openlcb/openlcb_application_broadcast_time.c:103:27:_find_or_allocate_clock	24	static
../Core/Src/src/openlcb/openlcb_application_broadcast_time.c:146:6:OpenLcbApplicationBroadcastTime_initialize	16	static
../Core/Src/src/openlcb/openlcb_application_broadcast_time.c:173:26:OpenLcbApplicationBroadcastTime_setup_consumer	56	static
../Core/Src/src/openlcb/openlcb_application_broadcast_time.c:220:26:OpenLcbApplicationBroadcastTime_setup_producer	56	static
../Core/Src/src/openlcb/openlcb_application_broadcast_time.c:260:6:OpenLcbApplicationBroadcastTime_start	24	static
../Core/Src/src/openlcb/openlcb_application_broadcast_time.c:285:6:OpenLcbApplicationBroadcastTime_stop	24	static
../Core/Src/src/openlcb/openlcb_application_broadcast_time.c:313:26:OpenLcbApplicationBroadcastTime_get_clock	24	static
../Core/Src/src/openlcb/openlcb_application_broadcast_time.c:340:6:OpenLcbApplicationBroadcastTime_is_consumer	24	static
../Core/Src/src/openlcb/openlcb_application_broadcast_time.c:367:6:OpenLcbApplicationBroadcastTime_is_producer	24	static
../Core/Src/src/openlcb/openlcb_application_broadcast_time.c:386:13:_is_leap_year	16	static
../Core/Src/src/openlcb/openlcb_application_broadcast_time.c:393:16:_days_in_month	24	static
../Core/Src/src/openlcb/openlcb_application_broadcast_time.c:428:13:_advance_minute_forward	24	static
../Core/Src/src/openlcb/openlcb_application_broadcast_time.c:504:13:_advance_minute_backward	16	static
../Core/Src/src/openlcb/openlcb_application_broadcast_time.c:630:6:OpenLcbApplicationBroadcastTime_100ms_time_tick	32	static
../Core/Src/src/openlcb/openlcb_application_broadcast_time.c:703:6:OpenLcbApplicationBroadcastTime_send_report_time	56	static
../Core/Src/src/openlcb/openlcb_application_broadcast_time.c:739:6:OpenLcbApplicationBroadcastTime_send_report_date	56	static
../Core/Src/src/openlcb/openlcb_application_broadcast_time.c:774:6:OpenLcbApplicationBroadcastTime_send_report_year	40	static
../Core/Src/src/openlcb/openlcb_application_broadcast_time.c:809:6:OpenLcbApplicationBroadcastTime_send_report_rate	40	static
../Core/Src/src/openlcb/openlcb_application_broadcast_time.c:843:6:OpenLcbApplicationBroadcastTime_send_start	40	static
../Core/Src/src/openlcb/openlcb_application_broadcast_time.c:877:6:OpenLcbApplicationBroadcastTime_send_stop	40	static
../Core/Src/src/openlcb/openlcb_application_broadcast_time.c:911:6:OpenLcbApplicationBroadcastTime_send_date_rollover	40	static
../Core/Src/src/openlcb/openlcb_application_broadcast_time.c:957:6:OpenLcbApplicationBroadcastTime_send_query_reply	56	static
../Core/Src/src/openlcb/openlcb_application_broadcast_time.c:1077:6:OpenLcbApplicationBroadcastTime_send_query	40	static
../Core/Src/src/openlcb/openlcb_application_broadcast_time.c:1114:6:OpenLcbApplicationBroadcastTime_send_set_time	40	static
../Core/Src/src/openlcb/openlcb_application_broadcast_time.c:1138:6:OpenLcbApplicationBroadcastTime_send_set_date	40	static
../Core/Src/src/openlcb/openlcb_application_broadcast_time.c:1161:6:OpenLcbApplicationBroadcastTime_send_set_year	32	static
../Core/Src/src/openlcb/openlcb_application_broadcast_time.c:1184:6:OpenLcbApplicationBroadcastTime_send_set_rate	32	static
../Core/Src/src/openlcb/openlcb_application_broadcast_time.c:1206:6:OpenLcbApplicationBroadcastTime_send_command_start	32	static
../Core/Src/src/openlcb/openlcb_application_broadcast_time.c:1228:6:OpenLcbApplicationBroadcastTime_send_command_stop	32	static
