../Core/Src/src/openlcb/protocol_config_mem_write_handler.c:65:6:ProtocolConfigMemWriteHandler_initialize	16	static
../Core/Src/src/openlcb/protocol_config_mem_write_handler.c:79:13:_extract_write_command_parameters	16	static
../Core/Src/src/openlcb/protocol_config_mem_write_handler.c:104:17:_is_valid_write_parameters	16	static
../Core/Src/src/openlcb/protocol_config_mem_write_handler.c:140:13:_check_for_write_overrun	16	static
../Core/Src/src/openlcb/protocol_config_mem_write_handler.c:164:13:_dispatch_write_request	32	static
../Core/Src/src/openlcb/protocol_config_mem_write_handler.c:206:6:ProtocolConfigMemWriteHandler_write_space_config_description_info	48	static
../Core/Src/src/openlcb/protocol_config_mem_write_handler.c:217:6:ProtocolConfigMemWriteHandler_write_space_all	48	static
../Core/Src/src/openlcb/protocol_config_mem_write_handler.c:228:6:ProtocolConfigMemWriteHandler_write_space_config_memory	48	static
../Core/Src/src/openlcb/protocol_config_mem_write_handler.c:239:6:ProtocolConfigMemWriteHandler_write_space_acdi_manufacturer	48	static
../Core/Src/src/openlcb/protocol_config_mem_write_handler.c:250:6:ProtocolConfigMemWriteHandler_write_space_acdi_user	48	static
../Core/Src/src/openlcb/protocol_config_mem_write_handler.c:261:6:ProtocolConfigMemWriteHandler_write_space_train_function_definition_info	48	static
../Core/Src/src/openlcb/protocol_config_mem_write_handler.c:272:6:ProtocolConfigMemWriteHandler_write_space_train_function_config_memory	48	static
../Core/Src/src/openlcb/protocol_config_mem_write_handler.c:283:6:ProtocolConfigMemWriteHandler_write_space_firmware	48	static
../Core/Src/src/openlcb/protocol_config_mem_write_handler.c:311:13:_extract_write_under_mask_command_parameters	24	static
../Core/Src/src/openlcb/protocol_config_mem_write_handler.c:341:17:_is_valid_write_under_mask_parameters	24	static
../Core/Src/src/openlcb/protocol_config_mem_write_handler.c:395:17:_write_data_under_mask	112	static
../Core/Src/src/openlcb/protocol_config_mem_write_handler.c:476:13:_dispatch_write_under_mask_request	32	static
../Core/Src/src/openlcb/protocol_config_mem_write_handler.c:525:6:ProtocolConfigMemWriteHandler_write_under_mask_space_config_description_info	48	static
../Core/Src/src/openlcb/protocol_config_mem_write_handler.c:536:6:ProtocolConfigMemWriteHandler_write_under_mask_space_all	48	static
../Core/Src/src/openlcb/protocol_config_mem_write_handler.c:547:6:ProtocolConfigMemWriteHandler_write_under_mask_space_config_memory	48	static
../Core/Src/src/openlcb/protocol_config_mem_write_handler.c:558:6:ProtocolConfigMemWriteHandler_write_under_mask_space_acdi_manufacturer	48	static
../Core/Src/src/openlcb/protocol_config_mem_write_handler.c:569:6:ProtocolConfigMemWriteHandler_write_under_mask_space_acdi_user	48	static
../Core/Src/src/openlcb/protocol_config_mem_write_handler.c:580:6:ProtocolConfigMemWriteHandler_write_under_mask_space_train_function_definition_info	48	static
../Core/Src/src/openlcb/protocol_config_mem_write_handler.c:591:6:ProtocolConfigMemWriteHandler_write_under_mask_space_train_function_config_memory	48	static
../Core/Src/src/openlcb/protocol_config_mem_write_handler.c:602:6:ProtocolConfigMemWriteHandler_write_under_mask_space_firmware	48	static
../Core/Src/src/openlcb/protocol_config_mem_write_handler.c:635:6:ProtocolConfigMemWriteHandler_write_message	16	static
../Core/Src/src/openlcb/protocol_config_mem_write_handler.c:656:6:ProtocolConfigMemWriteHandler_write_reply_ok_message	16	static
../Core/Src/src/openlcb/protocol_config_mem_write_handler.c:677:6:ProtocolConfigMemWriteHandler_write_reply_fail_message	16	static
../Core/Src/src/openlcb/protocol_config_mem_write_handler.c:726:17:_write_data	32	static
../Core/Src/src/openlcb/protocol_config_mem_write_handler.c:787:6:ProtocolConfigMemWriteHandler_write_request_config_mem	16	static
../Core/Src/src/openlcb/protocol_config_mem_write_handler.c:837:6:ProtocolConfigMemWriteHandler_write_request_acdi_user	16	static
../Core/Src/src/openlcb/protocol_config_mem_write_handler.c:905:6:ProtocolConfigMemWriteHandler_write_request_train_function_config_memory	48	static
