../Core/Src/src/openlcb/protocol_config_mem_read_handler.c:64:6:ProtocolConfigMemReadHandler_initialize	16	static
../Core/Src/src/openlcb/protocol_config_mem_read_handler.c:82:13:_extract_read_command_parameters	16	static
../Core/Src/src/openlcb/protocol_config_mem_read_handler.c:110:17:_is_valid_read_parameters	16	static
../Core/Src/src/openlcb/protocol_config_mem_read_handler.c:141:13:_check_for_read_overrun	16	static
../Core/Src/src/openlcb/protocol_config_mem_read_handler.c:165:13:_handle_read_request	32	static
../Core/Src/src/openlcb/protocol_config_mem_read_handler.c:208:6:ProtocolConfigMemReadHandler_read_request_config_definition_info	16	static
../Core/Src/src/openlcb/protocol_config_mem_read_handler.c:222:6:ProtocolConfigMemReadHandler_read_request_train_function_definition_info	16	static
../Core/Src/src/openlcb/protocol_config_mem_read_handler.c:242:6:ProtocolConfigMemReadHandler_read_request_train_function_config_memory	40	static
../Core/Src/src/openlcb/protocol_config_mem_read_handler.c:287:6:ProtocolConfigMemReadHandler_read_request_config_mem	32	static
../Core/Src/src/openlcb/protocol_config_mem_read_handler.c:326:6:ProtocolConfigMemReadHandler_read_request_acdi_manufacturer	24	static
../Core/Src/src/openlcb/protocol_config_mem_read_handler.c:448:6:ProtocolConfigMemReadHandler_read_request_acdi_user	24	static
../Core/Src/src/openlcb/protocol_config_mem_read_handler.c:529:6:ProtocolConfigMemReadHandler_read_space_config_description_info	40	static
../Core/Src/src/openlcb/protocol_config_mem_read_handler.c:540:6:ProtocolConfigMemReadHandler_read_space_all	40	static
../Core/Src/src/openlcb/protocol_config_mem_read_handler.c:551:6:ProtocolConfigMemReadHandler_read_space_config_memory	40	static
../Core/Src/src/openlcb/protocol_config_mem_read_handler.c:562:6:ProtocolConfigMemReadHandler_read_space_acdi_manufacturer	40	static
../Core/Src/src/openlcb/protocol_config_mem_read_handler.c:573:6:ProtocolConfigMemReadHandler_read_space_acdi_user	40	static
../Core/Src/src/openlcb/protocol_config_mem_read_handler.c:584:6:ProtocolConfigMemReadHandler_read_space_train_function_definition_info	40	static
../Core/Src/src/openlcb/protocol_config_mem_read_handler.c:595:6:ProtocolConfigMemReadHandler_read_space_train_function_config_memory	40	static
../Core/Src/src/openlcb/protocol_config_mem_read_handler.c:608:6:ProtocolConfigMemReadHandler_read_message	16	static
../Core/Src/src/openlcb/protocol_config_mem_read_handler.c:614:6:ProtocolConfigMemReadHandler_read_reply_ok_message	16	static
../Core/Src/src/openlcb/protocol_config_mem_read_handler.c:620:6:ProtocolConfigMemReadHandler_read_reply_reject_message	16	static
