../Core/Src/src/drivers/common/can_tx_message_handler.c:32:6:CanTxMessageHandler_initialize	16	static
../Core/Src/src/drivers/common/can_tx_message_handler.c:38:17:_construct_identfier_datagram_only_frame	16	static
../Core/Src/src/drivers/common/can_tx_message_handler.c:44:17:_construct_identfier_datagram_first_frame	16	static
../Core/Src/src/drivers/common/can_tx_message_handler.c:50:17:_construct_identfier_datagram_middle_frame	16	static
../Core/Src/src/drivers/common/can_tx_message_handler.c:56:17:_construct_identfier_datagram_last_frame	16	static
../Core/Src/src/drivers/common/can_tx_message_handler.c:62:17:_construct_unaddressed_message_identifier	16	static
../Core/Src/src/drivers/common/can_tx_message_handler.c:68:17:_construct_addressed_message_identifier	16	static
../Core/Src/src/drivers/common/can_tx_message_handler.c:74:13:_transmit_can_frame	24	static
../Core/Src/src/drivers/common/can_tx_message_handler.c:88:13:_datagram_only_frame	16	static
../Core/Src/src/drivers/common/can_tx_message_handler.c:95:13:_datagram_first_frame	16	static
../Core/Src/src/drivers/common/can_tx_message_handler.c:102:13:_datagram_middle_frame	16	static
../Core/Src/src/drivers/common/can_tx_message_handler.c:109:13:_datagram_last_frame	16	static
../Core/Src/src/drivers/common/can_tx_message_handler.c:116:13:_addressed_message_only_frame	16	static
../Core/Src/src/drivers/common/can_tx_message_handler.c:123:13:_addressed_message_first_frame	16	static
../Core/Src/src/drivers/common/can_tx_message_handler.c:130:13:_addressed_message_middle_frame	16	static
../Core/Src/src/drivers/common/can_tx_message_handler.c:137:13:_addressed_message_last_frame	16	static
../Core/Src/src/drivers/common/can_tx_message_handler.c:144:13:_load_destination_address_in_payload	16	static
../Core/Src/src/drivers/common/can_tx_message_handler.c:151:6:CanTxMessageHandler_datagram_frame	32	static
../Core/Src/src/drivers/common/can_tx_message_handler.c:184:6:CanTxMessageHandler_unaddressed_msg_frame	32	static
../Core/Src/src/drivers/common/can_tx_message_handler.c:211:6:CanTxMessageHandler_addressed_msg_frame	32	static
../Core/Src/src/drivers/common/can_tx_message_handler.c:248:6:CanTxMessageHandler_stream_frame	24	static
../Core/Src/src/drivers/common/can_tx_message_handler.c:254:6:CanTxMessageHandler_can_frame	16	static
