../Core/Src/src/openlcb/protocol_snip.c:77:13:_process_snip_string	32	static
../Core/Src/src/openlcb/protocol_snip.c:54:6:ProtocolSnip_initialize	0	static
../Core/Src/src/openlcb/protocol_snip.c:125:10:ProtocolSnip_load_manufacturer_version_id	8	static
../Core/Src/src/openlcb/protocol_snip.c:137:10:ProtocolSnip_load_name	24	static
../Core/Src/src/openlcb/protocol_snip.c:145:10:ProtocolSnip_load_model	24	static
../Core/Src/src/openlcb/protocol_snip.c:153:10:ProtocolSnip_load_hardware_version	24	static
../Core/Src/src/openlcb/protocol_snip.c:161:10:ProtocolSnip_load_software_version	24	static
../Core/Src/src/openlcb/protocol_snip.c:169:10:ProtocolSnip_load_user_version_id	8	static
../Core/Src/src/openlcb/protocol_snip.c:181:10:ProtocolSnip_load_user_name	96	static
../Core/Src/src/openlcb/protocol_snip.c:203:10:ProtocolSnip_load_user_description	96	static
../Core/Src/src/openlcb/protocol_snip.c:224:6:ProtocolSnip_handle_simple_node_info_request	40	static
../Core/Src/src/openlcb/protocol_snip.c:287:10:ProtocolSnip_write_user_name	0	static
../Core/Src/src/openlcb/protocol_snip.c:293:10:ProtocolSnip_write_user_description	0	static
../Core/Src/src/openlcb/protocol_snip.c:299:6:ProtocolSnip_handle_simple_node_info_reply	0	static
../Core/Src/src/openlcb/protocol_snip.c:305:6:ProtocolSnip_validate_snip_reply	8	static
