../Core/Src/openlcb_c_lib/drivers/canbus/alias_mapping_listener.c:61:6:ListenerAliasTable_initialize	20	static
../Core/Src/openlcb_c_lib/drivers/canbus/alias_mapping_listener.c:93:25:ListenerAliasTable_register	20	static
../Core/Src/openlcb_c_lib/drivers/canbus/alias_mapping_listener.c:142:6:ListenerAliasTable_unregister	16	static
../Core/Src/openlcb_c_lib/drivers/canbus/alias_mapping_listener.c:179:6:ListenerAliasTable_set_alias	20	static
../Core/Src/openlcb_c_lib/drivers/canbus/alias_mapping_listener.c:221:25:ListenerAliasTable_find_by_node_id	16	static
../Core/Src/openlcb_c_lib/drivers/canbus/alias_mapping_listener.c:250:6:ListenerAliasTable_flush_aliases	12	static
../Core/Src/openlcb_c_lib/drivers/canbus/alias_mapping_listener.c:273:6:ListenerAliasTable_clear_alias_by_alias	8	static
../Core/Src/openlcb_c_lib/drivers/canbus/alias_mapping_listener.c:319:11:ListenerAliasTable_check_one_verification	36	static
