../Core/Src/src/drivers/common/can_rx_message_handler.c:59:6:CanRxMessageHandler_initialize	16	static
../Core/Src/src/drivers/common/can_rx_message_handler.c:65:13:_load_reject_message	56	static
../Core/Src/src/drivers/common/can_rx_message_handler.c:108:13:_check_for_duplicate_alias	32	static
../Core/Src/src/drivers/common/can_rx_message_handler.c:137:6:CanRxMessageHandler_first_frame	56	static
../Core/Src/src/drivers/common/can_rx_message_handler.c:182:6:CanRxMessageHandler_middle_frame	32	static
../Core/Src/src/drivers/common/can_rx_message_handler.c:202:6:CanRxMessageHandler_last_frame	32	static
../Core/Src/src/drivers/common/can_rx_message_handler.c:227:6:CanRxMessageHandler_single_frame	56	static
../Core/Src/src/drivers/common/can_rx_message_handler.c:257:6:CanRxMessageHandler_can_legacy_snip	32	static
../Core/Src/src/drivers/common/can_rx_message_handler.c:286:6:CanRxMessageHandler_stream_frame	16	static
../Core/Src/src/drivers/common/can_rx_message_handler.c:291:6:CanRxMessageHandler_cid_frame	32	static
../Core/Src/src/drivers/common/can_rx_message_handler.c:310:6:CanRxMessageHandler_rid_frame	16	static
../Core/Src/src/drivers/common/can_rx_message_handler.c:316:6:CanRxMessageHandler_amd_frame	16	static
../Core/Src/src/drivers/common/can_rx_message_handler.c:322:6:CanRxMessageHandler_ame_frame	40	static
../Core/Src/src/drivers/common/can_rx_message_handler.c:373:6:CanRxMessageHandler_amr_frame	16	static
../Core/Src/src/drivers/common/can_rx_message_handler.c:379:6:CanRxMessageHandler_error_info_report_frame	16	static
