Archive member included to satisfy reference by file (symbol)

/Applications/STMicroelectronics/STM32CubeIDE.app/Contents/Eclipse/plugins/com.st.stm32cube.ide.mcu.externaltools.gnu-tools-for-stm32.13.3.rel1.macos64_1.0.100.202509120712/tools/bin/../lib/gcc/arm-none-eabi/13.3.1/../../../../arm-none-eabi/lib/thumb/v7e-m+fp/hard/libc_nano.a(libc_a-assert.o)
                              ./Core/Src/openlcb_c_lib/drivers/canbus/can_tx_message_handler.o (__assert_func)
/Applications/STMicroelectronics/STM32CubeIDE.app/Contents/Eclipse/plugins/com.st.stm32cube.ide.mcu.externaltools.gnu-tools-for-stm32.13.3.rel1.macos64_1.0.100.202509120712/tools/bin/../lib/gcc/arm-none-eabi/13.3.1/../../../../arm-none-eabi/lib/thumb/v7e-m+fp/hard/libc_nano.a(libc_a-exit.o)
                              /Applications/STMicroelectronics/STM32CubeIDE.app/Contents/Eclipse/plugins/com.st.stm32cube.ide.mcu.externaltools.gnu-tools-for-stm32.13.3.rel1.macos64_1.0.100.202509120712/tools/bin/../lib/gcc/arm-none-eabi/13.3.1/../../../../arm-none-eabi/lib/thumb/v7e-m+fp/hard/crt0.o (exit)
/Applications/STMicroelectronics/STM32CubeIDE.app/Contents/Eclipse/plugins/com.st.stm32cube.ide.mcu.externaltools.gnu-tools-for-stm32.13.3.rel1.macos64_1.0.100.202509120712/tools/bin/../lib/gcc/arm-none-eabi/13.3.1/../../../../arm-none-eabi/lib/thumb/v7e-m+fp/hard/libc_nano.a(libc_a-malloc.o)
                              ./Core/Src/openlcb_c_lib/utilities/mustangpeak_string_helper.o (malloc)
/Applications/STMicroelectronics/STM32CubeIDE.app/Contents/Eclipse/plugins/com.st.stm32cube.ide.mcu.externaltools.gnu-tools-for-stm32.13.3.rel1.macos64_1.0.100.202509120712/tools/bin/../lib/gcc/arm-none-eabi/13.3.1/../../../../arm-none-eabi/lib/thumb/v7e-m+fp/hard/libc_nano.a(libc_a-mallocr.o)
                              /Applications/STMicroelectronics/STM32CubeIDE.app/Contents/Eclipse/plugins/com.st.stm32cube.ide.mcu.externaltools.gnu-tools-for-stm32.13.3.rel1.macos64_1.0.100.202509120712/tools/bin/../lib/gcc/arm-none-eabi/13.3.1/../../../../arm-none-eabi/lib/thumb/v7e-m+fp/hard/libc_nano.a(libc_a-malloc.o) (_malloc_r)
/Applications/STMicroelectronics/STM32CubeIDE.app/Contents/Eclipse/plugins/com.st.stm32cube.ide.mcu.externaltools.gnu-tools-for-stm32.13.3.rel1.macos64_1.0.100.202509120712/tools/bin/../lib/gcc/arm-none-eabi/13.3.1/../../../../arm-none-eabi/lib/thumb/v7e-m+fp/hard/libc_nano.a(libc_a-mlock.o)
                              /Applications/STMicroelectronics/STM32CubeIDE.app/Contents/Eclipse/plugins/com.st.stm32cube.ide.mcu.externaltools.gnu-tools-for-stm32.13.3.rel1.macos64_1.0.100.202509120712/tools/bin/../lib/gcc/arm-none-eabi/13.3.1/../../../../arm-none-eabi/lib/thumb/v7e-m+fp/hard/libc_nano.a(libc_a-mallocr.o) (__malloc_lock)
/Applications/STMicroelectronics/STM32CubeIDE.app/Contents/Eclipse/plugins/com.st.stm32cube.ide.mcu.externaltools.gnu-tools-for-stm32.13.3.rel1.macos64_1.0.100.202509120712/tools/bin/../lib/gcc/arm-none-eabi/13.3.1/../../../../arm-none-eabi/lib/thumb/v7e-m+fp/hard/libc_nano.a(libc_a-sprintf.o)
                              ./Core/Src/openlcb_c_lib/openlcb/openlcb_gridconnect.o (sprintf)
/Applications/STMicroelectronics/STM32CubeIDE.app/Contents/Eclipse/plugins/com.st.stm32cube.ide.mcu.externaltools.gnu-tools-for-stm32.13.3.rel1.macos64_1.0.100.202509120712/tools/bin/../lib/gcc/arm-none-eabi/13.3.1/../../../../arm-none-eabi/lib/thumb/v7e-m+fp/hard/libc_nano.a(libc_a-findfp.o)
                              /Applications/STMicroelectronics/STM32CubeIDE.app/Contents/Eclipse/plugins/com.st.stm32cube.ide.mcu.externaltools.gnu-tools-for-stm32.13.3.rel1.macos64_1.0.100.202509120712/tools/bin/../lib/gcc/arm-none-eabi/13.3.1/../../../../arm-none-eabi/lib/thumb/v7e-m+fp/hard/libc_nano.a(libc_a-exit.o) (__stdio_exit_handler)
/Applications/STMicroelectronics/STM32CubeIDE.app/Contents/Eclipse/plugins/com.st.stm32cube.ide.mcu.externaltools.gnu-tools-for-stm32.13.3.rel1.macos64_1.0.100.202509120712/tools/bin/../lib/gcc/arm-none-eabi/13.3.1/../../../../arm-none-eabi/lib/thumb/v7e-m+fp/hard/libc_nano.a(libc_a-fprintf.o)
                              /Applications/STMicroelectronics/STM32CubeIDE.app/Contents/Eclipse/plugins/com.st.stm32cube.ide.mcu.externaltools.gnu-tools-for-stm32.13.3.rel1.macos64_1.0.100.202509120712/tools/bin/../lib/gcc/arm-none-eabi/13.3.1/../../../../arm-none-eabi/lib/thumb/v7e-m+fp/hard/libc_nano.a(libc_a-assert.o) (fiprintf)
/Applications/STMicroelectronics/STM32CubeIDE.app/Contents/Eclipse/plugins/com.st.stm32cube.ide.mcu.externaltools.gnu-tools-for-stm32.13.3.rel1.macos64_1.0.100.202509120712/tools/bin/../lib/gcc/arm-none-eabi/13.3.1/../../../../arm-none-eabi/lib/thumb/v7e-m+fp/hard/libc_nano.a(libc_a-strtoul.o)
                              ./Core/Src/openlcb_c_lib/openlcb/openlcb_gridconnect.o (strtoul)
[...]
Memory Configuration

Name             Origin             Length             Attributes
CCMRAM           0x10000000         0x00010000         xrw
RAM              0x20000000         0x00020000         xrw
FLASH            0x08000000         0x00100000         xr
*default*        0x00000000         0xffffffff

Linker script and memory map

LOAD /Applications/STMicroelectronics/STM32CubeIDE.app/Contents/Eclipse/plugins/com.st.stm32cube.ide.mcu.externaltools.gnu-tools-for-stm32.13.3.rel1.macos64_1.0.100.202509120712/tools/bin/../lib/gcc/arm-none-eabi/13.3.1/thumb/v7e-m+fp/hard/crti.o
LOAD /Applications/STMicroelectronics/STM32CubeIDE.app/Contents/Eclipse/plugins/com.st.stm32cube.ide.mcu.externaltools.gnu-tools-for-stm32.13.3.rel1.macos64_1.0.100.202509120712/tools/bin/../lib/gcc/arm-none-eabi/13.3.1/thumb/v7e-m+fp/hard/crtbegin.o
LOAD /Applications/STMicroelectronics/STM32CubeIDE.app/Contents/Eclipse/plugins/com.st.stm32cube.ide.mcu.externaltools.gnu-tools-for-stm32.13.3.rel1.macos64_1.0.100.202509120712/tools/bin/../lib/gcc/arm-none-eabi/13.3.1/../../../../arm-none-eabi/lib/thumb/v7e-m+fp/hard/crt0.o
LOAD ./Core/Src/application_callbacks/callbacks_can.o
LOAD ./Core/Src/application_callbacks/callbacks_config_mem.o
LOAD ./Core/Src/application_callbacks/callbacks_olcb.o
LOAD ./Core/Src/application_drivers/stm32_driverlib_can_driver.o
LOAD ./Core/Src/application_drivers/stm32_driverlib_drivers.o
LOAD ./Core/Src/debug_tools.o
LOAD ./Core/Src/main.o
LOAD ./Core/Src/openlcb_user_config.o
LOAD ./Core/Src/stm32f4xx_hal_msp.o
LOAD ./Core/Src/stm32f4xx_it.o
LOAD ./Core/Src/syscalls.o
LOAD ./Core/Src/sysmem.o
LOAD ./Core/Src/system_stm32f4xx.o
LOAD ./Core/Src/openlcb_c_lib/drivers/canbus/alias_mapping_listener.o
LOAD ./Core/Src/openlcb_c_lib/drivers/canbus/alias_mappings.o
LOAD ./Core/Src/openlcb_c_lib/drivers/canbus/can_buffer_fifo.o
LOAD ./Core/Src/openlcb_c_lib/drivers/canbus/can_buffer_store.o
LOAD ./Core/Src/openlcb_c_lib/drivers/canbus/can_config.o
LOAD ./Core/Src/openlcb_c_lib/drivers/canbus/can_login_message_handler.o
LOAD ./Core/Src/openlcb_c_lib/drivers/canbus/can_login_statemachine.o
LOAD ./Core/Src/openlcb_c_lib/drivers/canbus/can_main_statemachine.o
LOAD ./Core/Src/openlcb_c_lib/drivers/canbus/can_rx_message_handler.o
LOAD ./Core/Src/openlcb_c_lib/drivers/canbus/can_rx_statemachine.o
LOAD ./Core/Src/openlcb_c_lib/drivers/canbus/can_tx_message_handler.o
LOAD ./Core/Src/openlcb_c_lib/drivers/canbus/can_tx_statemachine.o
LOAD ./Core/Src/openlcb_c_lib/drivers/canbus/can_utilities.o
LOAD ./Core/Src/openlcb_c_lib/openlcb/openlcb_application.o
LOAD ./Core/Src/openlcb_c_lib/openlcb/openlcb_application_broadcast_time.o
LOAD ./Core/Src/openlcb_c_lib/openlcb/openlcb_application_train.o
LOAD ./Core/Src/openlcb_c_lib/openlcb/openlcb_buffer_fifo.o
LOAD ./Core/Src/openlcb_c_lib/openlcb/openlcb_buffer_list.o
LOAD ./Core/Src/openlcb_c_lib/openlcb/openlcb_buffer_store.o
LOAD ./Core/Src/openlcb_c_lib/openlcb/openlcb_config.o
LOAD ./Core/Src/openlcb_c_lib/openlcb/openlcb_float16.o
LOAD ./Core/Src/openlcb_c_lib/openlcb/openlcb_gridconnect.o
LOAD ./Core/Src/openlcb_c_lib/openlcb/openlcb_login_statemachine.o
LOAD ./Core/Src/openlcb_c_lib/openlcb/openlcb_login_statemachine_handler.o
LOAD ./Core/Src/openlcb_c_lib/openlcb/openlcb_main_statemachine.o
LOAD ./Core/Src/openlcb_c_lib/openlcb/openlcb_node.o
LOAD ./Core/Src/openlcb_c_lib/openlcb/openlcb_utilities.o
LOAD ./Core/Src/openlcb_c_lib/openlcb/protocol_broadcast_time_handler.o
LOAD ./Core/Src/openlcb_c_lib/openlcb/protocol_config_mem_operations_handler.o
LOAD ./Core/Src/openlcb_c_lib/openlcb/protocol_config_mem_read_handler.o
LOAD ./Core/Src/openlcb_c_lib/openlcb/protocol_config_mem_write_handler.o
LOAD ./Core/Src/openlcb_c_lib/openlcb/protocol_datagram_handler.o
LOAD ./Core/Src/openlcb_c_lib/openlcb/protocol_event_transport.o
LOAD ./Core/Src/openlcb_c_lib/openlcb/protocol_message_network.o
LOAD ./Core/Src/openlcb_c_lib/openlcb/protocol_snip.o
LOAD ./Core/Src/openlcb_c_lib/openlcb/protocol_train_handler.o
LOAD ./Core/Src/openlcb_c_lib/openlcb/protocol_train_search_handler.o
LOAD ./Core/Src/openlcb_c_lib/utilities/mustangpeak_endian_helper.o
LOAD ./Core/Src/openlcb_c_lib/utilities/mustangpeak_string_helper.o
LOAD ./Core/Startup/startup_stm32f407vgtx.o
LOAD ./Drivers/STM32F4xx_HAL_Driver/Src/stm32f4xx_hal.o
LOAD ./Drivers/STM32F4xx_HAL_Driver/Src/stm32f4xx_hal_can.o
LOAD ./Drivers/STM32F4xx_HAL_Driver/Src/stm32f4xx_hal_cortex.o
LOAD ./Drivers/STM32F4xx_HAL_Driver/Src/stm32f4xx_hal_dma.o
LOAD ./Drivers/STM32F4xx_HAL_Driver/Src/stm32f4xx_hal_dma_ex.o
LOAD ./Drivers/STM32F4xx_HAL_Driver/Src/stm32f4xx_hal_exti.o
LOAD ./Drivers/STM32F4xx_HAL_Driver/Src/stm32f4xx_hal_flash.o
LOAD ./Drivers/STM32F4xx_HAL_Driver/Src/stm32f4xx_hal_flash_ex.o
LOAD ./Drivers/STM32F4xx_HAL_Driver/Src/stm32f4xx_hal_flash_ramfunc.o
LOAD ./Drivers/STM32F4xx_HAL_Driver/Src/stm32f4xx_hal_gpio.o
LOAD ./Drivers/STM32F4xx_HAL_Driver/Src/stm32f4xx_hal_hcd.o
LOAD ./Drivers/STM32F4xx_HAL_Driver/Src/stm32f4xx_hal_i2c.o
LOAD ./Drivers/STM32F4xx_HAL_Driver/Src/stm32f4xx_hal_i2c_ex.o
LOAD ./Drivers/STM32F4xx_HAL_Driver/Src/stm32f4xx_hal_i2s.o
LOAD ./Drivers/STM32F4xx_HAL_Driver/Src/stm32f4xx_hal_i2s_ex.o
LOAD ./Drivers/STM32F4xx_HAL_Driver/Src/stm32f4xx_hal_pwr.o
LOAD ./Drivers/STM32F4xx_HAL_Driver/Src/stm32f4xx_hal_pwr_ex.o
LOAD ./Drivers/STM32F4xx_HAL_Driver/Src/stm32f4xx_hal_rcc.o
LOAD ./Drivers/STM32F4xx_HAL_Driver/Src/stm32f4xx_hal_rcc_ex.o
LOAD ./Drivers/STM32F4xx_HAL_Driver/Src/stm32f4xx_hal_spi.o
LOAD ./Drivers/STM32F4xx_HAL_Driver/Src/stm32f4xx_hal_tim.o
LOAD ./Drivers/STM32F4xx_HAL_Driver/Src/stm32f4xx_hal_tim_ex.o
LOAD ./Drivers/STM32F4xx_HAL_Driver/Src/stm32f4xx_ll_usb.o
LOAD ./Middlewares/ST/STM32_USB_Host_Library/Class/CDC/Src/usbh_cdc.o
LOAD ./Middlewares/ST/STM32_USB_Host_Library/Core/Src/usbh_core.o
LOAD ./Middlewares/ST/STM32_USB_Host_Library/Core/Src/usbh_ctlreq.o
LOAD ./Middlewares/ST/STM32_USB_Host_Library/Core/Src/usbh_ioreq.o
LOAD ./Middlewares/ST/STM32_USB_Host_Library/Core/Src/usbh_pipes.o
LOAD ./USB_HOST/App/usb_host.o
LOAD ./USB_HOST/Target/usbh_conf.o
LOAD ./USB_HOST/Target/usbh_platform.o
START GROUP
LOAD /Applications/STMicroelectronics/STM32CubeIDE.app/Contents/Eclipse/plugins/com.st.stm32cube.ide.mcu.externaltools.gnu-tools-for-stm32.13.3.rel1.macos64_1.0.100.202509120712/tools/bin/../lib/gcc/arm-none-eabi/13.3.1/../../../../arm-none-eabi/lib/thumb/v7e-m+fp/hard/libc_nano.a
LOAD /Applications/STMicroelectronics/STM32CubeIDE.app/Contents/Eclipse/plugins/com.st.stm32cube.ide.mcu.externaltools.gnu-tools-for-stm32.13.3.rel1.macos64_1.0.100.202509120712/tools/bin/../lib/gcc/arm-none-eabi/13.3.1/../../../../arm-none-eabi/lib/thumb/v7e-m+fp/hard/libm.a
END GROUP
START GROUP
LOAD /Applications/STMicroelectronics/STM32CubeIDE.app/Contents/Eclipse/plugins/com.st.stm32cube.ide.mcu.externaltools.gnu-tools-for-stm32.13.3.rel1.macos64_1.0.100.202509120712/tools/bin/../lib/gcc/arm-none-eabi/13.3.1/thumb/v7e-m+fp/hard/libgcc.a
LOAD /Applications/STMicroelectronics/STM32CubeIDE.app/Contents/Eclipse/plugins/com.st.stm32cube.ide.mcu.externaltools.gnu-tools-for-stm32.13.3.rel1.macos64_1.0.100.202509120712/tools/bin/../lib/gcc/arm-none-eabi/13.3.1/../../../../arm-none-eabi/lib/thumb/v7e-m+fp/hard/libc_nano.a
END GROUP
START GROUP
LOAD /Applications/STMicroelectronics/STM32CubeIDE.app/Contents/Eclipse/plugins/com.st.stm32cube.ide.mcu.externaltools.gnu-tools-for-stm32.13.3.rel1.macos64_1.0.100.202509120712/tools/bin/../lib/gcc/arm-none-eabi/13.3.1/thumb/v7e-m+fp/hard/libgcc.a
LOAD /Applications/STMicroelectronics/STM32CubeIDE.app/Contents/Eclipse/plugins/com.st.stm32cube.ide.mcu.externaltools.gnu-tools-for-stm32.13.3.rel1.macos64_1.0.100.202509120712/tools/bin/../lib/gcc/arm-none-eabi/13.3.1/../../../../arm-none-eabi/lib/thumb/v7e-m+fp/hard/libc_nano.a
LOAD /Applications/STMicroelectronics/STM32CubeIDE.app/Contents/Eclipse/plugins/com.st.stm32cube.ide.mcu.externaltools.gnu-tools-for-stm32.13.3.rel1.macos64_1.0.100.202509120712/tools/bin/../lib/gcc/arm-none-eabi/13.3.1/../../../../arm-none-eabi/lib/thumb/v7e-m+fp/hard/libnosys.a
END GROUP
START GROUP
LOAD /Applications/STMicroelectronics/STM32CubeIDE.app/Contents/Eclipse/plugins/com.st.stm32cube.ide.mcu.externaltools.gnu-tools-for-stm32.13.3.rel1.macos64_1.0.100.202509120712/tools/bin/../lib/gcc/arm-none-eabi/13.3.1/thumb/v7e-m+fp/hard/libgcc.a
LOAD /Applications/STMicroelectronics/STM32CubeIDE.app/Contents/Eclipse/plugins/com.st.stm32cube.ide.mcu.externaltools.gnu-tools-for-stm32.13.3.rel1.macos64_1.0.100.202509120712/tools/bin/../lib/gcc/arm-none-eabi/13.3.1/../../../../arm-none-eabi/lib/thumb/v7e-m+fp/hard/libc_nano.a
LOAD /Applications/STMicroelectronics/STM32CubeIDE.app/Contents/Eclipse/plugins/com.st.stm32cube.ide.mcu.externaltools.gnu-tools-for-stm32.13.3.rel1.macos64_1.0.100.202509120712/tools/bin/../lib/gcc/arm-none-eabi/13.3.1/../../../../arm-none-eabi/lib/thumb/v7e-m+fp/hard/libnosys.a
END GROUP
LOAD /Applications/STMicroelectronics/STM32CubeIDE.app/Contents/Eclipse/plugins/com.st.stm32cube.ide.mcu.externaltools.gnu-tools-for-stm32.13.3.rel1.macos64_1.0.100.202509120712/tools/bin/../lib/gcc/arm-none-eabi/13.3.1/thumb/v7e-m+fp/hard/crtend.o
LOAD /Applications/STMicroelectronics/STM32CubeIDE.app/Contents/Eclipse/plugins/com.st.stm32cube.ide.mcu.externaltools.gnu-tools-for-stm32.13.3.rel1.macos64_1.0.100.202509120712/tools/bin/../lib/gcc/arm-none-eabi/13.3.1/thumb/v7e-m+fp/hard/crtn.o
                0x20020000                        _estack = (ORIGIN (RAM) + LENGTH (RAM))
                0x00000200                        _Min_Heap_Size = 0x200
                0x00000400                        _Min_Stack_Size = 0x400

.isr_vector     0x08000000      0x188
                0x08000000                        . = ALIGN (0x4)
 *(.isr_vector)
 .isr_vector    0x08000000      0x188 ./Core/Startup/startup_stm32f407vgtx.o
                0x08000000                g_pfnVectors
                0x08000188                        . = ALIGN (0x4)

.text           0x08000190     0xbbc4
                0x08000190                        . = ALIGN (0x4)
 *(.text)
 .text          0x08000190       0x40 /Applications/STMicroelectronics/STM32CubeIDE.app/Contents/Eclipse/plugins/com.st.stm32cube.ide.mcu.externaltools.gnu-tools-for-stm32.13.3.rel1.macos64_1.0.100.202509120712/tools/bin/../lib/gcc/arm-none-eabi/13.3.1/thumb/v7e-m+fp/hard/crtbegin.o
 .text          0x080001d0       0x10 /Applications/STMicroelectronics/STM32CubeIDE.app/Contents/Eclipse/plugins/com.st.stm32cube.ide.mcu.externaltools.gnu-tools-for-stm32.13.3.rel1.macos64_1.0.100.202509120712/tools/bin/../lib/gcc/arm-none-eabi/13.3.1/../../../../arm-none-eabi/lib/thumb/v7e-m+fp/hard/libc_nano.a(libc_a-strlen.o)
                0x080001d0                strlen
 .text          0x080001e0       0xa0 /Applications/STMicroelectronics/STM32CubeIDE.app/Contents/Eclipse/plugins/com.st.stm32cube.ide.mcu.externaltools.gnu-tools-for-stm32.13.3.rel1.macos64_1.0.100.202509120712/tools/bin/../lib/gcc/arm-none-eabi/13.3.1/../../../../arm-none-eabi/lib/thumb/v7e-m+fp/hard/libc_nano.a(libc_a-memchr.o)
                0x080001e0                memchr
 .text          0x08000280       0x30 /Applications/STMicroelectronics/STM32CubeIDE.app/Contents/Eclipse/plugins/com.st.stm32cube.ide.mcu.externaltools.gnu-tools-for-stm32.13.3.rel1.macos64_1.0.100.202509120712/tools/bin/../lib/gcc/arm-none-eabi/13.3.1/thumb/v7e-m+fp/hard/libgcc.a(_aeabi_uldivmod.o)
                0x08000280                __aeabi_uldivmod
 .text          0x080002b0      0x2f8 /Applications/STMicroelectronics/STM32CubeIDE.app/Contents/Eclipse/plugins/com.st.stm32cube.ide.mcu.externaltools.gnu-tools-for-stm32.13.3.rel1.macos64_1.0.100.202509120712/tools/bin/../lib/gcc/arm-none-eabi/13.3.1/thumb/v7e-m+fp/hard/libgcc.a(_udivmoddi4.o)
                0x080002b0                __udivmoddi4
 .text          0x080005a8        0x4 /Applications/STMicroelectronics/STM32CubeIDE.app/Contents/Eclipse/plugins/com.st.stm32cube.ide.mcu.externaltools.gnu-tools-for-stm32.13.3.rel1.macos64_1.0.100.202509120712/tools/bin/../lib/gcc/arm-none-eabi/13.3.1/thumb/v7e-m+fp/hard/libgcc.a(_dvmd_tls.o)
                0x080005a8                __aeabi_ldiv0
                0x080005a8                __aeabi_idiv0
 *(.text*)
 .text.CallbacksCan_on_rx
                0x080005ac       0x10 ./Core/Src/application_callbacks/callbacks_can.o
                0x080005ac                CallbacksCan_on_rx
 .text.CallbacksCan_on_tx
                0x080005bc       0x10 ./Core/Src/application_callbacks/callbacks_can.o
                0x080005bc                CallbacksCan_on_tx
 .text.CallbacksCan_on_alias_change
                0x080005cc       0x24 ./Core/Src/application_callbacks/callbacks_can.o
                0x080005cc                CallbacksCan_on_alias_change
 .text.CallbacksOlcb_initialize
                0x080005f0        0x2 ./Core/Src/application_callbacks/callbacks_olcb.o
                0x080005f0                CallbacksOlcb_initialize
 *fill*         0x080005f2        0x2 
 .text.CallbacksOlcb_on_100ms_timer
                0x080005f4       0x40 ./Core/Src/application_callbacks/callbacks_olcb.o
                0x080005f4                CallbacksOlcb_on_100ms_timer
 .text.CallbacksOlcb_write_firmware
                0x08000634        0xc ./Core/Src/application_callbacks/callbacks_olcb.o
                0x08000634                CallbacksOlcb_write_firmware
 .text.CallbacksOlcb_freeze
                0x08000640       0x14 ./Core/Src/application_callbacks/callbacks_olcb.o
                0x08000640                CallbacksOlcb_freeze
 .text.CallbacksOlcb_unfreeze
                0x08000654       0x14 ./Core/Src/application_callbacks/callbacks_olcb.o
                0x08000654                CallbacksOlcb_unfreeze
 .text.STM32_DriverLibCanDriver_initialize
                0x08000668       0x40 ./Core/Src/application_drivers/stm32_driverlib_can_driver.o
                0x08000668                STM32_DriverLibCanDriver_initialize
 .text.STM32_DriverLibCanDriver_pause_can_rx
                0x080006a8       0x10 ./Core/Src/application_drivers/stm32_driverlib_can_driver.o
                0x080006a8                STM32_DriverLibCanDriver_pause_can_rx
 .text.STM32_DriverLibCanDriver_resume_can_rx
                0x080006b8       0x10 ./Core/Src/application_drivers/stm32_driverlib_can_driver.o
                0x080006b8                STM32_DriverLibCanDriver_resume_can_rx
 .text.STM32_DriverLibCanDriver_is_can_tx_buffer_clear
                0x080006c8       0x1c ./Core/Src/application_drivers/stm32_driverlib_can_driver.o
                0x080006c8                STM32_DriverLibCanDriver_is_can_tx_buffer_clear
 .text.STM32_DriverLibCanDriver_transmit_can_frame
                0x080006e4       0x70 ./Core/Src/application_drivers/stm32_driverlib_can_driver.o
                0x080006e4                STM32_DriverLibCanDriver_transmit_can_frame
 .text.HAL_CAN_TxMailbox0CompleteCallback
                0x08000754        0xc ./Core/Src/application_drivers/stm32_driverlib_can_driver.o
                0x08000754                HAL_CAN_TxMailbox0CompleteCallback
 .text.HAL_CAN_TxMailbox1CompleteCallback
                0x08000760        0xc ./Core/Src/application_drivers/stm32_driverlib_can_driver.o
                0x08000760                HAL_CAN_TxMailbox1CompleteCallback
 .text.HAL_CAN_TxMailbox2CompleteCallback
                0x0800076c        0xc ./Core/Src/application_drivers/stm32_driverlib_can_driver.o
                0x0800076c                HAL_CAN_TxMailbox2CompleteCallback
 .text.HAL_CAN_RxFifo0MsgPendingCallback
                0x08000778       0x6c ./Core/Src/application_drivers/stm32_driverlib_can_driver.o
                0x08000778                HAL_CAN_RxFifo0MsgPendingCallback
 .text.STM32_DriverLibDrivers_initialize
                0x080007e4        0xc ./Core/Src/application_drivers/stm32_driverlib_drivers.o
                0x080007e4                STM32_DriverLibDrivers_initialize
 .text.STM32_DriverLibDrivers_reboot
                0x080007f0        0x4 ./Core/Src/application_drivers/stm32_driverlib_drivers.o
                0x080007f0                STM32_DriverLibDrivers_reboot
 .text.STM32_DriverLibDrivers_config_mem_read
                0x080007f4       0x54 ./Core/Src/application_drivers/stm32_driverlib_drivers.o
                0x080007f4                STM32_DriverLibDrivers_config_mem_read
 .text.STM32_DriverLibDrivers_config_mem_write
                0x08000848        0x4 ./Core/Src/application_drivers/stm32_driverlib_drivers.o
                0x08000848                STM32_DriverLibDrivers_config_mem_write
 .text.STM32_DriverLibDrivers_config_mem_factory_reset
                0x0800084c        0x2 ./Core/Src/application_drivers/stm32_driverlib_drivers.o
                0x0800084c                STM32_DriverLibDrivers_config_mem_factory_reset
 *fill*         0x0800084e        0x2 
 .text.STM32_DriverLibDrivers_lock_shared_resources
                0x08000850       0x18 ./Core/Src/application_drivers/stm32_driverlib_drivers.o
                0x08000850                STM32_DriverLibDrivers_lock_shared_resources
 .text.STM32_DriverLibDrivers_unlock_shared_resources
                0x08000868       0x18 ./Core/Src/application_drivers/stm32_driverlib_drivers.o
                0x08000868                STM32_DriverLibDrivers_unlock_shared_resources
 .text.HAL_TIM_PeriodElapsedCallback
                0x08000880       0x14 ./Core/Src/application_drivers/stm32_driverlib_drivers.o
                0x08000880                HAL_TIM_PeriodElapsedCallback
 .text.SystemClock_Config
                0x08000894       0xa0 ./Core/Src/main.o
                0x08000894                SystemClock_Config
 .text.startup.main
                0x08000934      0x2d4 ./Core/Src/main.o
                0x08000934                main
 .text.Error_Handler
                0x08000c08        0x4 ./Core/Src/main.o
                0x08000c08                Error_Handler
 .text.HAL_MspInit
                0x08000c0c       0x3c ./Core/Src/stm32f4xx_hal_msp.o
                0x08000c0c                HAL_MspInit
 .text.HAL_CAN_MspInit
                0x08000c48       0x98 ./Core/Src/stm32f4xx_hal_msp.o
                0x08000c48                HAL_CAN_MspInit
 .text.HAL_I2C_MspInit
                0x08000ce0       0x70 ./Core/Src/stm32f4xx_hal_msp.o
                0x08000ce0                HAL_I2C_MspInit
 .text.HAL_I2S_MspInit
                0x08000d50       0xbc ./Core/Src/stm32f4xx_hal_msp.o
                0x08000d50                HAL_I2S_MspInit
 .text.HAL_SPI_MspInit
                0x08000e0c       0x68 ./Core/Src/stm32f4xx_hal_msp.o
                0x08000e0c                HAL_SPI_MspInit
 .text.HAL_TIM_Base_MspInit
                0x08000e74       0x44 ./Core/Src/stm32f4xx_hal_msp.o
                0x08000e74                HAL_TIM_Base_MspInit
 .text.NMI_Handler
                0x08000eb8        0x2 ./Core/Src/stm32f4xx_it.o
                0x08000eb8                NMI_Handler
 .text.HardFault_Handler
                0x08000eba        0x2 ./Core/Src/stm32f4xx_it.o
                0x08000eba                HardFault_Handler
 .text.MemManage_Handler
                0x08000ebc        0x2 ./Core/Src/stm32f4xx_it.o
                0x08000ebc                MemManage_Handler
 .text.BusFault_Handler
                0x08000ebe        0x2 ./Core/Src/stm32f4xx_it.o
                0x08000ebe                BusFault_Handler
 .text.UsageFault_Handler
                0x08000ec0        0x2 ./Core/Src/stm32f4xx_it.o
                0x08000ec0                UsageFault_Handler
 .text.SVC_Handler
                0x08000ec2        0x2 ./Core/Src/stm32f4xx_it.o
                0x08000ec2                SVC_Handler
 .text.DebugMon_Handler
                0x08000ec4        0x2 ./Core/Src/stm32f4xx_it.o
                0x08000ec4                DebugMon_Handler
 .text.PendSV_Handler
                0x08000ec6        0x2 ./Core/Src/stm32f4xx_it.o
                0x08000ec6                PendSV_Handler
 .text.SysTick_Handler
                0x08000ec8        0x4 ./Core/Src/stm32f4xx_it.o
                0x08000ec8                SysTick_Handler
 .text.CAN1_TX_IRQHandler
                0x08000ecc        0xc ./Core/Src/stm32f4xx_it.o
                0x08000ecc                CAN1_TX_IRQHandler
 .text.CAN1_RX0_IRQHandler
                0x08000ed8        0x4 ./Core/Src/stm32f4xx_it.o
                0x08000ed8                CAN1_RX0_IRQHandler
 .text.CAN1_RX1_IRQHandler
                0x08000edc        0x4 ./Core/Src/stm32f4xx_it.o
                0x08000edc                CAN1_RX1_IRQHandler
 .text.TIM7_IRQHandler
                0x08000ee0        0xc ./Core/Src/stm32f4xx_it.o
                0x08000ee0                TIM7_IRQHandler
 .text.OTG_FS_IRQHandler
                0x08000eec        0xc ./Core/Src/stm32f4xx_it.o
                0x08000eec                OTG_FS_IRQHandler
 .text._getpid  0x08000ef8        0x4 ./Core/Src/syscalls.o
                0x08000ef8                _getpid
 .text._kill    0x08000efc       0x10 ./Core/Src/syscalls.o
                0x08000efc                _kill
 .text._exit    0x08000f0c        0xc ./Core/Src/syscalls.o
                0x08000f0c                _exit
 .text._read    0x08000f18       0x1c ./Core/Src/syscalls.o
                0x08000f18                _read
 .text._write   0x08000f34       0x1c ./Core/Src/syscalls.o
                0x08000f34                _write
 .text._close   0x08000f50        0x6 ./Core/Src/syscalls.o
                0x08000f50                _close
 .text._fstat   0x08000f56        0xa ./Core/Src/syscalls.o
                0x08000f56                _fstat
 .text._isatty  0x08000f60        0x4 ./Core/Src/syscalls.o
                0x08000f60                _isatty
 .text._lseek   0x08000f64        0x4 ./Core/Src/syscalls.o
                0x08000f64                _lseek
 .text._sbrk    0x08000f68       0x40 ./Core/Src/sysmem.o
                0x08000f68                _sbrk
 .text.SystemInit
                0x08000fa8       0x14 ./Core/Src/system_stm32f4xx.o
                0x08000fa8                SystemInit
 .text.ListenerAliasTable_check_one_verification
                0x08000fbc       0xbc ./Core/Src/openlcb_c_lib/drivers/canbus/alias_mapping_listener.o
                0x08000fbc                ListenerAliasTable_check_one_verification
 .text._reset_mappings
                0x08001078       0x30 ./Core/Src/openlcb_c_lib/drivers/canbus/alias_mappings.o
 .text.AliasMappings_initialize
                0x080010a8        0x4 ./Core/Src/openlcb_c_lib/drivers/canbus/alias_mappings.o
                0x080010a8                AliasMappings_initialize
 .text.AliasMappings_get_alias_mapping_info
                0x080010ac        0x8 ./Core/Src/openlcb_c_lib/drivers/canbus/alias_mappings.o
                0x080010ac                AliasMappings_get_alias_mapping_info
 .text.AliasMappings_set_has_duplicate_alias_flag
                0x080010b4       0x10 ./Core/Src/openlcb_c_lib/drivers/canbus/alias_mappings.o
                0x080010b4                AliasMappings_set_has_duplicate_alias_flag
 .text.AliasMappings_register
                0x080010c4       0x5c ./Core/Src/openlcb_c_lib/drivers/canbus/alias_mappings.o
                0x080010c4                AliasMappings_register
 .text.AliasMappings_unregister
                0x08001120       0x38 ./Core/Src/openlcb_c_lib/drivers/canbus/alias_mappings.o
                0x08001120                AliasMappings_unregister
 .text.AliasMappings_find_mapping_by_alias
                0x08001158       0x34 ./Core/Src/openlcb_c_lib/drivers/canbus/alias_mappings.o
                0x08001158                AliasMappings_find_mapping_by_alias
 .text.AliasMappings_find_mapping_by_node_id
                0x0800118c       0x40 ./Core/Src/openlcb_c_lib/drivers/canbus/alias_mappings.o
                0x0800118c                AliasMappings_find_mapping_by_node_id
 .text.CanBufferFifo_initialize
                0x080011cc       0x18 ./Core/Src/openlcb_c_lib/drivers/canbus/can_buffer_fifo.o
                0x080011cc                CanBufferFifo_initialize
 .text.CanBufferFifo_push
                0x080011e4       0x2c ./Core/Src/openlcb_c_lib/drivers/canbus/can_buffer_fifo.o
                0x080011e4                CanBufferFifo_push
 .text.CanBufferFifo_pop
                0x08001210       0x34 ./Core/Src/openlcb_c_lib/drivers/canbus/can_buffer_fifo.o
                0x08001210                CanBufferFifo_pop
 .text.CanBufferStore_initialize
                0x08001244       0x48 ./Core/Src/openlcb_c_lib/drivers/canbus/can_buffer_store.o
                0x08001244                CanBufferStore_initialize
 .text.CanBufferStore_allocate_buffer
                0x0800128c       0x58 ./Core/Src/openlcb_c_lib/drivers/canbus/can_buffer_store.o
                0x0800128c                CanBufferStore_allocate_buffer
 .text.CanBufferStore_free_buffer
                0x080012e4       0x18 ./Core/Src/openlcb_c_lib/drivers/canbus/can_buffer_store.o
                0x080012e4                CanBufferStore_free_buffer
 .text.CanConfig_initialize
                0x080012fc      0x268 ./Core/Src/openlcb_c_lib/drivers/canbus/can_config.o
                0x080012fc                CanConfig_initialize
 .text._generate_seed
                0x08001564       0x44 ./Core/Src/openlcb_c_lib/drivers/canbus/can_login_message_handler.o
 .text.CanLoginMessageHandler_initialize
                0x080015a8        0xc ./Core/Src/openlcb_c_lib/drivers/canbus/can_login_message_handler.o
                0x080015a8                CanLoginMessageHandler_initialize
 .text.CanLoginMessageHandler_state_init
                0x080015b4       0x16 ./Core/Src/openlcb_c_lib/drivers/canbus/can_login_message_handler.o
                0x080015b4                CanLoginMessageHandler_state_init
 .text.CanLoginMessageHandler_state_generate_seed
                0x080015ca       0x1c ./Core/Src/openlcb_c_lib/drivers/canbus/can_login_message_handler.o
                0x080015ca                CanLoginMessageHandler_state_generate_seed
 *fill*         0x080015e6        0x2 
 .text.CanLoginMessageHandler_state_generate_alias
                0x080015e8       0x9c ./Core/Src/openlcb_c_lib/drivers/canbus/can_login_message_handler.o
                0x080015e8                CanLoginMessageHandler_state_generate_alias
 .text.CanLoginMessageHandler_state_load_cid07
                0x08001684       0x34 ./Core/Src/openlcb_c_lib/drivers/canbus/can_login_message_handler.o
                0x08001684                CanLoginMessageHandler_state_load_cid07
 .text.CanLoginMessageHandler_state_load_cid06
                0x080016b8       0x3c ./Core/Src/openlcb_c_lib/drivers/canbus/can_login_message_handler.o
                0x080016b8                CanLoginMessageHandler_state_load_cid06
 .text.CanLoginMessageHandler_state_load_cid05
                0x080016f4       0x34 ./Core/Src/openlcb_c_lib/drivers/canbus/can_login_message_handler.o
                0x080016f4                CanLoginMessageHandler_state_load_cid05
 .text.CanLoginMessageHandler_state_load_cid04
                0x08001728       0x3c ./Core/Src/openlcb_c_lib/drivers/canbus/can_login_message_handler.o
                0x08001728                CanLoginMessageHandler_state_load_cid04
 .text.CanLoginMessageHandler_state_wait_200ms
                0x08001764       0x1c ./Core/Src/openlcb_c_lib/drivers/canbus/can_login_message_handler.o
                0x08001764                CanLoginMessageHandler_state_wait_200ms
 .text.CanLoginMessageHandler_state_load_rid
                0x08001780       0x28 ./Core/Src/openlcb_c_lib/drivers/canbus/can_login_message_handler.o
                0x08001780                CanLoginMessageHandler_state_load_rid
 .text.CanLoginMessageHandler_state_load_amd
                0x080017a8       0x58 ./Core/Src/openlcb_c_lib/drivers/canbus/can_login_message_handler.o
                0x080017a8                CanLoginMessageHandler_state_load_amd
 .text.CanLoginStateMachine_initialize
                0x08001800        0xc ./Core/Src/openlcb_c_lib/drivers/canbus/can_login_statemachine.o
                0x08001800                CanLoginStateMachine_initialize
 .text.CanLoginStateMachine_run
                0x0800180c       0x70 ./Core/Src/openlcb_c_lib/drivers/canbus/can_login_statemachine.o
                0x0800180c                CanLoginStateMachine_run
 .text.CanMainStatemachine_initialize
                0x0800187c       0x38 ./Core/Src/openlcb_c_lib/drivers/canbus/can_main_statemachine.o
                0x0800187c                CanMainStatemachine_initialize
 .text.CanMainStatemachine_handle_duplicate_aliases
                0x080018b4       0x8c ./Core/Src/openlcb_c_lib/drivers/canbus/can_main_statemachine.o
                0x080018b4                CanMainStatemachine_handle_duplicate_aliases
 .text.CanMainStatemachine_handle_outgoing_can_message
                0x08001940       0x4c ./Core/Src/openlcb_c_lib/drivers/canbus/can_main_statemachine.o
                0x08001940                CanMainStatemachine_handle_outgoing_can_message
 .text.CanMainStatemachine_handle_login_outgoing_can_message
                0x0800198c       0x2c ./Core/Src/openlcb_c_lib/drivers/canbus/can_main_statemachine.o
                0x0800198c                CanMainStatemachine_handle_login_outgoing_can_message
 .text.CanMainStatemachine_handle_try_enumerate_first_node
                0x080019b8       0x40 ./Core/Src/openlcb_c_lib/drivers/canbus/can_main_statemachine.o
                0x080019b8                CanMainStatemachine_handle_try_enumerate_first_node
 .text.CanMainStatemachine_handle_try_enumerate_next_node
                0x080019f8       0x40 ./Core/Src/openlcb_c_lib/drivers/canbus/can_main_statemachine.o
                0x080019f8                CanMainStatemachine_handle_try_enumerate_next_node
 .text.CanMainStatemachine_handle_listener_verification
                0x08001a38       0x80 ./Core/Src/openlcb_c_lib/drivers/canbus/can_main_statemachine.o
                0x08001a38                CanMainStatemachine_handle_listener_verification
 .text.CanMainStateMachine_run
                0x08001ab8       0x54 ./Core/Src/openlcb_c_lib/drivers/canbus/can_main_statemachine.o
                0x08001ab8                CanMainStateMachine_run
 .text._load_reject_message
                0x08001b0c       0x68 ./Core/Src/openlcb_c_lib/drivers/canbus/can_rx_message_handler.o
 .text._check_for_duplicate_alias
                0x08001b74       0x5c ./Core/Src/openlcb_c_lib/drivers/canbus/can_rx_message_handler.o
 .text.CanRxMessageHandler_initialize
                0x08001bd0        0xc ./Core/Src/openlcb_c_lib/drivers/canbus/can_rx_message_handler.o
                0x08001bd0                CanRxMessageHandler_initialize
 .text.CanRxMessageHandler_first_frame
                0x08001bdc       0x9c ./Core/Src/openlcb_c_lib/drivers/canbus/can_rx_message_handler.o
                0x08001bdc                CanRxMessageHandler_first_frame
 .text.CanRxMessageHandler_middle_frame
                0x08001c78       0x74 ./Core/Src/openlcb_c_lib/drivers/canbus/can_rx_message_handler.o
                0x08001c78                CanRxMessageHandler_middle_frame
 .text.CanRxMessageHandler_last_frame
                0x08001cec       0x5e ./Core/Src/openlcb_c_lib/drivers/canbus/can_rx_message_handler.o
                0x08001cec                CanRxMessageHandler_last_frame
 *fill*         0x08001d4a        0x2 
 .text.CanRxMessageHandler_single_frame
                0x08001d4c       0x64 ./Core/Src/openlcb_c_lib/drivers/canbus/can_rx_message_handler.o
                0x08001d4c                CanRxMessageHandler_single_frame
 .text.CanRxMessageHandler_can_legacy_snip
                0x08001db0       0x56 ./Core/Src/openlcb_c_lib/drivers/canbus/can_rx_message_handler.o
                0x08001db0                CanRxMessageHandler_can_legacy_snip
 .text.CanRxMessageHandler_stream_frame
                0x08001e06        0x2 ./Core/Src/openlcb_c_lib/drivers/canbus/can_rx_message_handler.o
                0x08001e06                CanRxMessageHandler_stream_frame
 .text.CanRxMessageHandler_cid_frame
                0x08001e08       0x38 ./Core/Src/openlcb_c_lib/drivers/canbus/can_rx_message_handler.o
                0x08001e08                CanRxMessageHandler_cid_frame
 .text.CanRxMessageHandler_rid_frame
                0x08001e40        0x4 ./Core/Src/openlcb_c_lib/drivers/canbus/can_rx_message_handler.o
                0x08001e40                CanRxMessageHandler_rid_frame
 .text.CanRxMessageHandler_amd_frame
                0x08001e44       0x98 ./Core/Src/openlcb_c_lib/drivers/canbus/can_rx_message_handler.o
                0x08001e44                CanRxMessageHandler_amd_frame
 .text.CanRxMessageHandler_ame_frame
                0x08001edc       0xc4 ./Core/Src/openlcb_c_lib/drivers/canbus/can_rx_message_handler.o
                0x08001edc                CanRxMessageHandler_ame_frame
 .text.CanRxMessageHandler_amr_frame
                0x08001fa0       0x50 ./Core/Src/openlcb_c_lib/drivers/canbus/can_rx_message_handler.o
                0x08001fa0                CanRxMessageHandler_amr_frame
 .text.CanRxMessageHandler_error_info_report_frame
                0x08001ff0        0x4 ./Core/Src/openlcb_c_lib/drivers/canbus/can_rx_message_handler.o
                0x08001ff0                CanRxMessageHandler_error_info_report_frame
 .text.CanRxStatemachine_initialize
                0x08001ff4        0xc ./Core/Src/openlcb_c_lib/drivers/canbus/can_rx_statemachine.o
                0x08001ff4                CanRxStatemachine_initialize
 .text.CanRxStatemachine_incoming_can_driver_callback
                0x08002000      0x23c ./Core/Src/openlcb_c_lib/drivers/canbus/can_rx_statemachine.o
                0x08002000                CanRxStatemachine_incoming_can_driver_callback
 .text._transmit_can_frame
                0x0800223c       0x24 ./Core/Src/openlcb_c_lib/drivers/canbus/can_tx_message_handler.o
 .text.CanTxMessageHandler_initialize
                0x08002260        0xc ./Core/Src/openlcb_c_lib/drivers/canbus/can_tx_message_handler.o
                0x08002260                CanTxMessageHandler_initialize
 .text.CanTxMessageHandler_datagram_frame
                0x0800226c       0x56 ./Core/Src/openlcb_c_lib/drivers/canbus/can_tx_message_handler.o
                0x0800226c                CanTxMessageHandler_datagram_frame
 *fill*         0x080022c2        0x2 
 .text.CanTxMessageHandler_unaddressed_msg_frame
                0x080022c4       0x58 ./Core/Src/openlcb_c_lib/drivers/canbus/can_tx_message_handler.o
                0x080022c4                CanTxMessageHandler_unaddressed_msg_frame
 .text.CanTxMessageHandler_addressed_msg_frame
                0x0800231c       0x68 ./Core/Src/openlcb_c_lib/drivers/canbus/can_tx_message_handler.o
                0x0800231c                CanTxMessageHandler_addressed_msg_frame
 .text.CanTxMessageHandler_stream_frame
                0x08002384        0x4 ./Core/Src/openlcb_c_lib/drivers/canbus/can_tx_message_handler.o
                0x08002384                CanTxMessageHandler_stream_frame
 .text.CanTxMessageHandler_can_frame
                0x08002388        0x4 ./Core/Src/openlcb_c_lib/drivers/canbus/can_tx_message_handler.o
                0x08002388                CanTxMessageHandler_can_frame
 .text._transmit_openlcb_message
                0x0800238c       0x5c ./Core/Src/openlcb_c_lib/drivers/canbus/can_tx_statemachine.o
 .text.CanTxStatemachine_initialize
                0x080023e8        0xc ./Core/Src/openlcb_c_lib/drivers/canbus/can_tx_statemachine.o
                0x080023e8                CanTxStatemachine_initialize
 .text.CanTxStatemachine_send_openlcb_message
                0x080023f4       0x80 ./Core/Src/openlcb_c_lib/drivers/canbus/can_tx_statemachine.o
                0x080023f4                CanTxStatemachine_send_openlcb_message
 .text.CanTxStatemachine_send_can_message
                0x08002474        0xc ./Core/Src/openlcb_c_lib/drivers/canbus/can_tx_statemachine.o
                0x08002474                CanTxStatemachine_send_can_message
 .text.CanUtilities_clear_can_message
                0x08002480       0x10 ./Core/Src/openlcb_c_lib/drivers/canbus/can_utilities.o
                0x08002480                CanUtilities_clear_can_message
 .text.CanUtilities_copy_node_id_to_payload
                0x08002490       0x32 ./Core/Src/openlcb_c_lib/drivers/canbus/can_utilities.o
                0x08002490                CanUtilities_copy_node_id_to_payload
 .text.CanUtilities_copy_openlcb_payload_to_can_payload
                0x080024c2       0x38 ./Core/Src/openlcb_c_lib/drivers/canbus/can_utilities.o
                0x080024c2                CanUtilities_copy_openlcb_payload_to_can_payload
 .text.CanUtilities_append_can_payload_to_openlcb_payload
                0x080024fa       0x3a ./Core/Src/openlcb_c_lib/drivers/canbus/can_utilities.o
                0x080024fa                CanUtilities_append_can_payload_to_openlcb_payload
 .text.CanUtilities_extract_can_payload_as_node_id
                0x08002534       0x20 ./Core/Src/openlcb_c_lib/drivers/canbus/can_utilities.o
                0x08002534                CanUtilities_extract_can_payload_as_node_id
 .text.CanUtilities_extract_source_alias_from_can_identifier
                0x08002554        0x8 ./Core/Src/openlcb_c_lib/drivers/canbus/can_utilities.o
                0x08002554                CanUtilities_extract_source_alias_from_can_identifier
 .text.CanUtilities_extract_dest_alias_from_can_message
                0x0800255c       0x4a ./Core/Src/openlcb_c_lib/drivers/canbus/can_utilities.o
                0x0800255c                CanUtilities_extract_dest_alias_from_can_message
 .text.CanUtilities_convert_can_mti_to_openlcb_mti
                0x080025a6       0x48 ./Core/Src/openlcb_c_lib/drivers/canbus/can_utilities.o
                0x080025a6                CanUtilities_convert_can_mti_to_openlcb_mti
 .text.CanUtilities_count_nulls_in_payloads
                0x080025ee       0x32 ./Core/Src/openlcb_c_lib/drivers/canbus/can_utilities.o
                0x080025ee                CanUtilities_count_nulls_in_payloads
 .text.CanUtilities_is_openlcb_message
                0x08002620        0x8 ./Core/Src/openlcb_c_lib/drivers/canbus/can_utilities.o
                0x08002620                CanUtilities_is_openlcb_message
 .text.OpenLcbApplication_initialize
                0x08002628        0xc ./Core/Src/openlcb_c_lib/openlcb/openlcb_application.o
                0x08002628                OpenLcbApplication_initialize
 .text._find_clock_by_id
                0x08002634       0x54 ./Core/Src/openlcb_c_lib/openlcb/openlcb_application_broadcast_time.o
 .text.OpenLcbApplicationBroadcastTime_get_clock
                0x08002688        0x4 ./Core/Src/openlcb_c_lib/openlcb/openlcb_application_broadcast_time.o
                0x08002688                OpenLcbApplicationBroadcastTime_get_clock
 .text.OpenLcbBufferFifo_initialize
                0x0800268c       0x1c ./Core/Src/openlcb_c_lib/openlcb/openlcb_buffer_fifo.o
                0x0800268c                OpenLcbBufferFifo_initialize
 .text.OpenLcbBufferFifo_push
                0x080026a8       0x2c ./Core/Src/openlcb_c_lib/openlcb/openlcb_buffer_fifo.o
                0x080026a8                OpenLcbBufferFifo_push
 .text.OpenLcbBufferFifo_pop
                0x080026d4       0x2c ./Core/Src/openlcb_c_lib/openlcb/openlcb_buffer_fifo.o
                0x080026d4                OpenLcbBufferFifo_pop
 .text.OpenLcbBufferFifo_check_and_invalidate_messages_by_source_alias
                0x08002700       0x38 ./Core/Src/openlcb_c_lib/openlcb/openlcb_buffer_fifo.o
                0x08002700                OpenLcbBufferFifo_check_and_invalidate_messages_by_source_alias
 .text.OpenLcbBufferList_initialize
                0x08002738       0x10 ./Core/Src/openlcb_c_lib/openlcb/openlcb_buffer_list.o
                0x08002738                OpenLcbBufferList_initialize
 .text.OpenLcbBufferList_add
                0x08002748       0x24 ./Core/Src/openlcb_c_lib/openlcb/openlcb_buffer_list.o
                0x08002748                OpenLcbBufferList_add
 .text.OpenLcbBufferList_find
                0x0800276c       0x30 ./Core/Src/openlcb_c_lib/openlcb/openlcb_buffer_list.o
                0x0800276c                OpenLcbBufferList_find
 .text.OpenLcbBufferList_release
                0x0800279c       0x28 ./Core/Src/openlcb_c_lib/openlcb/openlcb_buffer_list.o
                0x0800279c                OpenLcbBufferList_release
 .text.OpenLcbBufferList_index_of
                0x080027c4       0x14 ./Core/Src/openlcb_c_lib/openlcb/openlcb_buffer_list.o
                0x080027c4                OpenLcbBufferList_index_of
 .text.OpenLcbBufferList_check_timeouts
                0x080027d8       0x34 ./Core/Src/openlcb_c_lib/openlcb/openlcb_buffer_list.o
                0x080027d8                OpenLcbBufferList_check_timeouts
 .text.OpenLcbBufferStore_initialize
                0x0800280c       0xb8 ./Core/Src/openlcb_c_lib/openlcb/openlcb_buffer_store.o
                0x0800280c                OpenLcbBufferStore_initialize
 .text.OpenLcbBufferStore_allocate_buffer
                0x080028c4       0xbc ./Core/Src/openlcb_c_lib/openlcb/openlcb_buffer_store.o
                0x080028c4                OpenLcbBufferStore_allocate_buffer
 .text.OpenLcbBufferStore_free_buffer
                0x08002980       0x54 ./Core/Src/openlcb_c_lib/openlcb/openlcb_buffer_store.o
                0x08002980                OpenLcbBufferStore_free_buffer
 .text.OpenLcb_get_global_100ms_tick
                0x080029d4        0xc ./Core/Src/openlcb_c_lib/openlcb/openlcb_config.o
                0x080029d4                OpenLcb_get_global_100ms_tick
 .text.OpenLcb_initialize
                0x080029e0      0x5f8 ./Core/Src/openlcb_c_lib/openlcb/openlcb_config.o
                0x080029e0                OpenLcb_initialize
 .text.OpenLcb_create_node
                0x08002fd8        0x4 ./Core/Src/openlcb_c_lib/openlcb/openlcb_config.o
                0x08002fd8                OpenLcb_create_node
 .text.OpenLcb_run
                0x08002fdc       0x30 ./Core/Src/openlcb_c_lib/openlcb/openlcb_config.o
                0x08002fdc                OpenLcb_run
 .text.OpenLcb_100ms_timer_tick
                0x0800300c       0x10 ./Core/Src/openlcb_c_lib/openlcb/openlcb_config.o
                0x0800300c                OpenLcb_100ms_timer_tick
 .text.OpenLcbLoginStateMachine_initialize
                0x0800301c       0x7c ./Core/Src/openlcb_c_lib/openlcb/openlcb_login_statemachine.o
                0x0800301c                OpenLcbLoginStateMachine_initialize
 .text.OpenLcbLoginStateMachine_process
                0x08003098       0x5c ./Core/Src/openlcb_c_lib/openlcb/openlcb_login_statemachine.o
                0x08003098                OpenLcbLoginStateMachine_process
 .text.OpenLcbLoginStatemachine_handle_outgoing_openlcb_message
                0x080030f4       0x68 ./Core/Src/openlcb_c_lib/openlcb/openlcb_login_statemachine.o
                0x080030f4                OpenLcbLoginStatemachine_handle_outgoing_openlcb_message
 .text.OpenLcbLoginStatemachine_handle_try_reenumerate
                0x0800315c       0x24 ./Core/Src/openlcb_c_lib/openlcb/openlcb_login_statemachine.o
                0x0800315c                OpenLcbLoginStatemachine_handle_try_reenumerate
 .text.OpenLcbLoginStatemachine_handle_try_enumerate_first_node
                0x08003180       0x38 ./Core/Src/openlcb_c_lib/openlcb/openlcb_login_statemachine.o
                0x08003180                OpenLcbLoginStatemachine_handle_try_enumerate_first_node
 .text.OpenLcbLoginStatemachine_handle_try_enumerate_next_node
                0x080031b8       0x34 ./Core/Src/openlcb_c_lib/openlcb/openlcb_login_statemachine.o
                0x080031b8                OpenLcbLoginStatemachine_handle_try_enumerate_next_node
 .text.OpenLcbLoginMainStatemachine_run
                0x080031ec       0xc0 ./Core/Src/openlcb_c_lib/openlcb/openlcb_login_statemachine.o
                0x080031ec                OpenLcbLoginMainStatemachine_run
 .text.OpenLcbLoginMessageHandler_initialize
                0x080032ac        0xc ./Core/Src/openlcb_c_lib/openlcb/openlcb_login_statemachine_handler.o
                0x080032ac                OpenLcbLoginMessageHandler_initialize
 .text.OpenLcbLoginMessageHandler_load_initialization_complete
                0x080032b8       0x8e ./Core/Src/openlcb_c_lib/openlcb/openlcb_login_statemachine_handler.o
                0x080032b8                OpenLcbLoginMessageHandler_load_initialization_complete
 *fill*         0x08003346        0x2 
 .text.OpenLcbLoginMessageHandler_load_producer_event
                0x08003348      0x128 ./Core/Src/openlcb_c_lib/openlcb/openlcb_login_statemachine_handler.o
                0x08003348                OpenLcbLoginMessageHandler_load_producer_event
 .text.OpenLcbLoginMessageHandler_load_consumer_event
                0x08003470      0x120 ./Core/Src/openlcb_c_lib/openlcb/openlcb_login_statemachine_handler.o
                0x08003470                OpenLcbLoginMessageHandler_load_consumer_event
 .text._free_incoming_message.constprop.0
                0x08003590       0x2c ./Core/Src/openlcb_c_lib/openlcb/openlcb_main_statemachine.o
 .text.OpenLcbMainStatemachine_initialize
                0x080035bc       0xd4 ./Core/Src/openlcb_c_lib/openlcb/openlcb_main_statemachine.o
                0x080035bc                OpenLcbMainStatemachine_initialize
 .text.OpenLcbMainStatemachine_does_node_process_msg
                0x08003690       0x58 ./Core/Src/openlcb_c_lib/openlcb/openlcb_main_statemachine.o
                0x08003690                OpenLcbMainStatemachine_does_node_process_msg
 .text.OpenLcbMainStatemachine_load_interaction_rejected
                0x080036e8       0x52 ./Core/Src/openlcb_c_lib/openlcb/openlcb_main_statemachine.o
                0x080036e8                OpenLcbMainStatemachine_load_interaction_rejected
 *fill*         0x0800373a        0x2 
 .text.OpenLcbMainStatemachine_process_main_statemachine
                0x0800373c      0x404 ./Core/Src/openlcb_c_lib/openlcb/openlcb_main_statemachine.o
                0x0800373c                OpenLcbMainStatemachine_process_main_statemachine
 .text.OpenLcbMainStatemachine_handle_outgoing_openlcb_message
                0x08003b40       0x68 ./Core/Src/openlcb_c_lib/openlcb/openlcb_main_statemachine.o
                0x08003b40                OpenLcbMainStatemachine_handle_outgoing_openlcb_message
 .text.OpenLcbMainStatemachine_handle_try_reenumerate
                0x08003ba8       0x24 ./Core/Src/openlcb_c_lib/openlcb/openlcb_main_statemachine.o
                0x08003ba8                OpenLcbMainStatemachine_handle_try_reenumerate
 .text.OpenLcbMainStatemachine_handle_try_pop_next_incoming_openlcb_message
                0x08003bcc       0x50 ./Core/Src/openlcb_c_lib/openlcb/openlcb_main_statemachine.o
                0x08003bcc                OpenLcbMainStatemachine_handle_try_pop_next_incoming_openlcb_message
 .text.OpenLcbMainStatemachine_handle_try_enumerate_first_node
                0x08003c1c       0x48 ./Core/Src/openlcb_c_lib/openlcb/openlcb_main_statemachine.o
                0x08003c1c                OpenLcbMainStatemachine_handle_try_enumerate_first_node
 .text.OpenLcbMainStatemachine_handle_try_enumerate_next_node
                0x08003c64       0x3c ./Core/Src/openlcb_c_lib/openlcb/openlcb_main_statemachine.o
                0x08003c64                OpenLcbMainStatemachine_handle_try_enumerate_next_node
 .text.OpenLcbMainStatemachine_run
                0x08003ca0      0x1f8 ./Core/Src/openlcb_c_lib/openlcb/openlcb_main_statemachine.o
                0x08003ca0                OpenLcbMainStatemachine_run
 .text.OpenLcbMainStatemachine_send_with_sibling_dispatch
                0x08003e98       0x74 ./Core/Src/openlcb_c_lib/openlcb/openlcb_main_statemachine.o
                0x08003e98                OpenLcbMainStatemachine_send_with_sibling_dispatch
 .text._clear_node
                0x08003f0c       0xb8 ./Core/Src/openlcb_c_lib/openlcb/openlcb_node.o
 .text.OpenLcbNode_initialize
                0x08003fc4       0x50 ./Core/Src/openlcb_c_lib/openlcb/openlcb_node.o
                0x08003fc4                OpenLcbNode_initialize
 .text.OpenLcbNode_get_first
                0x08004014       0x28 ./Core/Src/openlcb_c_lib/openlcb/openlcb_node.o
                0x08004014                OpenLcbNode_get_first
 .text.OpenLcbNode_get_next
                0x0800403c       0x34 ./Core/Src/openlcb_c_lib/openlcb/openlcb_node.o
                0x0800403c                OpenLcbNode_get_next
 .text.OpenLcbNode_is_last
                0x08004070       0x2c ./Core/Src/openlcb_c_lib/openlcb/openlcb_node.o
                0x08004070                OpenLcbNode_is_last
 .text.OpenLcbNode_allocate
                0x0800409c      0x110 ./Core/Src/openlcb_c_lib/openlcb/openlcb_node.o
                0x0800409c                OpenLcbNode_allocate
 .text.OpenLcbNode_find_by_alias
                0x080041ac       0x38 ./Core/Src/openlcb_c_lib/openlcb/openlcb_node.o
                0x080041ac                OpenLcbNode_find_by_alias
 .text.OpenLcbNode_100ms_timer_tick
                0x080041e4       0x20 ./Core/Src/openlcb_c_lib/openlcb/openlcb_node.o
                0x080041e4                OpenLcbNode_100ms_timer_tick
 .text.OpenLcbNode_get_count
                0x08004204        0xc ./Core/Src/openlcb_c_lib/openlcb/openlcb_node.o
                0x08004204                OpenLcbNode_get_count
 .text.OpenLcbUtilities_payload_type_to_len
                0x08004210       0x14 ./Core/Src/openlcb_c_lib/openlcb/openlcb_utilities.o
                0x08004210                OpenLcbUtilities_payload_type_to_len
 .text.OpenLcbUtilities_load_openlcb_message
                0x08004224       0x3c ./Core/Src/openlcb_c_lib/openlcb/openlcb_utilities.o
                0x08004224                OpenLcbUtilities_load_openlcb_message
 .text.OpenLcbUtilities_clear_openlcb_message_payload
                0x08004260       0x1e ./Core/Src/openlcb_c_lib/openlcb/openlcb_utilities.o
                0x08004260                OpenLcbUtilities_clear_openlcb_message_payload
 .text.OpenLcbUtilities_clear_openlcb_message
                0x0800427e       0x22 ./Core/Src/openlcb_c_lib/openlcb/openlcb_utilities.o
                0x0800427e                OpenLcbUtilities_clear_openlcb_message
 .text.OpenLcbUtilities_copy_event_id_to_openlcb_payload
                0x080042a0       0x22 ./Core/Src/openlcb_c_lib/openlcb/openlcb_utilities.o
                0x080042a0                OpenLcbUtilities_copy_event_id_to_openlcb_payload
 .text.OpenLcbUtilities_copy_byte_to_openlcb_payload
                0x080042c2        0xc ./Core/Src/openlcb_c_lib/openlcb/openlcb_utilities.o
                0x080042c2                OpenLcbUtilities_copy_byte_to_openlcb_payload
 .text.OpenLcbUtilities_copy_word_to_openlcb_payload
                0x080042ce       0x16 ./Core/Src/openlcb_c_lib/openlcb/openlcb_utilities.o
                0x080042ce                OpenLcbUtilities_copy_word_to_openlcb_payload
 .text.OpenLcbUtilities_copy_dword_to_openlcb_payload
                0x080042e4       0x26 ./Core/Src/openlcb_c_lib/openlcb/openlcb_utilities.o
                0x080042e4                OpenLcbUtilities_copy_dword_to_openlcb_payload
 .text.OpenLcbUtilities_copy_string_to_openlcb_payload
                0x0800430a       0x3c ./Core/Src/openlcb_c_lib/openlcb/openlcb_utilities.o
                0x0800430a                OpenLcbUtilities_copy_string_to_openlcb_payload
 .text.OpenLcbUtilities_copy_byte_array_to_openlcb_payload
                0x08004346       0x2e ./Core/Src/openlcb_c_lib/openlcb/openlcb_utilities.o
                0x08004346                OpenLcbUtilities_copy_byte_array_to_openlcb_payload
 .text.OpenLcbUtilities_copy_node_id_to_openlcb_payload
                0x08004374       0x28 ./Core/Src/openlcb_c_lib/openlcb/openlcb_utilities.o
                0x08004374                OpenLcbUtilities_copy_node_id_to_openlcb_payload
 .text.OpenLcbUtilities_extract_node_id_from_openlcb_payload
                0x0800439c       0x24 ./Core/Src/openlcb_c_lib/openlcb/openlcb_utilities.o
                0x0800439c                OpenLcbUtilities_extract_node_id_from_openlcb_payload
 .text.OpenLcbUtilities_extract_event_id_from_openlcb_payload
                0x080043c0        0xc ./Core/Src/openlcb_c_lib/openlcb/openlcb_utilities.o
                0x080043c0                OpenLcbUtilities_extract_event_id_from_openlcb_payload
 .text.OpenLcbUtilities_extract_byte_from_openlcb_payload
                0x080043cc        0x6 ./Core/Src/openlcb_c_lib/openlcb/openlcb_utilities.o
                0x080043cc                OpenLcbUtilities_extract_byte_from_openlcb_payload
 .text.OpenLcbUtilities_extract_word_from_openlcb_payload
                0x080043d2        0xe ./Core/Src/openlcb_c_lib/openlcb/openlcb_utilities.o
                0x080043d2                OpenLcbUtilities_extract_word_from_openlcb_payload
 .text.OpenLcbUtilities_extract_dword_from_openlcb_payload
                0x080043e0       0x1a ./Core/Src/openlcb_c_lib/openlcb/openlcb_utilities.o
                0x080043e0                OpenLcbUtilities_extract_dword_from_openlcb_payload
 .text.OpenLcbUtilities_set_multi_frame_flag
                0x080043fa        0xc ./Core/Src/openlcb_c_lib/openlcb/openlcb_utilities.o
                0x080043fa                OpenLcbUtilities_set_multi_frame_flag
 .text.OpenLcbUtilities_is_addressed_openlcb_message
                0x08004406        0x8 ./Core/Src/openlcb_c_lib/openlcb/openlcb_utilities.o
                0x08004406                OpenLcbUtilities_is_addressed_openlcb_message
 .text.OpenLcbUtilities_count_nulls_in_openlcb_payload
                0x0800440e       0x1e ./Core/Src/openlcb_c_lib/openlcb/openlcb_utilities.o
                0x0800440e                OpenLcbUtilities_count_nulls_in_openlcb_payload
 .text.OpenLcbUtilities_is_addressed_message_for_node
                0x0800442c       0x24 ./Core/Src/openlcb_c_lib/openlcb/openlcb_utilities.o
                0x0800442c                OpenLcbUtilities_is_addressed_message_for_node
 .text.OpenLcbUtilities_is_producer_event_assigned_to_node
                0x08004450       0x30 ./Core/Src/openlcb_c_lib/openlcb/openlcb_utilities.o
                0x08004450                OpenLcbUtilities_is_producer_event_assigned_to_node
 .text.OpenLcbUtilities_is_consumer_event_assigned_to_node
                0x08004480       0x28 ./Core/Src/openlcb_c_lib/openlcb/openlcb_utilities.o
                0x08004480                OpenLcbUtilities_is_consumer_event_assigned_to_node
 .text.OpenLcbUtilities_load_config_mem_reply_write_ok_message_header
                0x080044a8       0x70 ./Core/Src/openlcb_c_lib/openlcb/openlcb_utilities.o
                0x080044a8                OpenLcbUtilities_load_config_mem_reply_write_ok_message_header
 .text.OpenLcbUtilities_load_config_mem_reply_write_fail_message_header
                0x08004518       0x84 ./Core/Src/openlcb_c_lib/openlcb/openlcb_utilities.o
                0x08004518                OpenLcbUtilities_load_config_mem_reply_write_fail_message_header
 .text.OpenLcbUtilities_load_config_mem_reply_read_ok_message_header
                0x0800459c       0x70 ./Core/Src/openlcb_c_lib/openlcb/openlcb_utilities.o
                0x0800459c                OpenLcbUtilities_load_config_mem_reply_read_ok_message_header
 .text.OpenLcbUtilities_load_config_mem_reply_read_fail_message_header
                0x0800460c       0x78 ./Core/Src/openlcb_c_lib/openlcb/openlcb_utilities.o
                0x0800460c                OpenLcbUtilities_load_config_mem_reply_read_fail_message_header
 .text.OpenLcbUtilities_is_event_id_in_consumer_ranges
                0x08004684       0x38 ./Core/Src/openlcb_c_lib/openlcb/openlcb_utilities.o
                0x08004684                OpenLcbUtilities_is_event_id_in_consumer_ranges
 .text.OpenLcbUtilities_is_event_id_in_producer_ranges
                0x080046bc       0x38 ./Core/Src/openlcb_c_lib/openlcb/openlcb_utilities.o
                0x080046bc                OpenLcbUtilities_is_event_id_in_producer_ranges
 .text.OpenLcbUtilities_generate_event_range_id
                0x080046f4       0x2a ./Core/Src/openlcb_c_lib/openlcb/openlcb_utilities.o
                0x080046f4                OpenLcbUtilities_generate_event_range_id
 *fill*         0x0800471e        0x2 
 .text.OpenLcbUtilities_is_broadcast_time_event
                0x08004720       0x2c ./Core/Src/openlcb_c_lib/openlcb/openlcb_utilities.o
                0x08004720                OpenLcbUtilities_is_broadcast_time_event
 .text.OpenLcbUtilities_is_train_search_event
                0x0800474c       0x10 ./Core/Src/openlcb_c_lib/openlcb/openlcb_utilities.o
                0x0800474c                OpenLcbUtilities_is_train_search_event
 .text.OpenLcbUtilities_is_emergency_event
                0x0800475c       0x1c ./Core/Src/openlcb_c_lib/openlcb/openlcb_utilities.o
                0x0800475c                OpenLcbUtilities_is_emergency_event
 .text._decode_to_space_definition.constprop.0
                0x08004778       0x84 ./Core/Src/openlcb_c_lib/openlcb/protocol_config_mem_operations_handler.o
 .text._load_config_mem_reply_message_header.isra.0
                0x080047fc       0x42 ./Core/Src/openlcb_c_lib/openlcb/protocol_config_mem_operations_handler.o
 *fill*         0x0800483e        0x2 
 .text._handle_operations_request
                0x08004840       0x60 ./Core/Src/openlcb_c_lib/openlcb/protocol_config_mem_operations_handler.o
 .text.ProtocolConfigMemOperationsHandler_initialize
                0x080048a0        0xc ./Core/Src/openlcb_c_lib/openlcb/protocol_config_mem_operations_handler.o
                0x080048a0                ProtocolConfigMemOperationsHandler_initialize
 .text.ProtocolConfigMemOperationsHandler_request_options_cmd
                0x080048ac       0xb2 ./Core/Src/openlcb_c_lib/openlcb/protocol_config_mem_operations_handler.o
                0x080048ac                ProtocolConfigMemOperationsHandler_request_options_cmd
 .text.ProtocolConfigMemOperationsHandler_request_get_address_space_info
                0x0800495e       0xa0 ./Core/Src/openlcb_c_lib/openlcb/protocol_config_mem_operations_handler.o
                0x0800495e                ProtocolConfigMemOperationsHandler_request_get_address_space_info
 *fill*         0x080049fe        0x2 
 .text.ProtocolConfigMemOperationsHandler_options_cmd
                0x08004a00       0x20 ./Core/Src/openlcb_c_lib/openlcb/protocol_config_mem_operations_handler.o
                0x08004a00                ProtocolConfigMemOperationsHandler_options_cmd
 .text.ProtocolConfigMemOperationsHandler_options_reply
                0x08004a20       0x20 ./Core/Src/openlcb_c_lib/openlcb/protocol_config_mem_operations_handler.o
                0x08004a20                ProtocolConfigMemOperationsHandler_options_reply
 .text.ProtocolConfigMemOperationsHandler_get_address_space_info
                0x08004a40       0x24 ./Core/Src/openlcb_c_lib/openlcb/protocol_config_mem_operations_handler.o
                0x08004a40                ProtocolConfigMemOperationsHandler_get_address_space_info
 .text.ProtocolConfigMemOperationsHandler_get_address_space_info_reply_not_present
                0x08004a64       0x24 ./Core/Src/openlcb_c_lib/openlcb/protocol_config_mem_operations_handler.o
                0x08004a64                ProtocolConfigMemOperationsHandler_get_address_space_info_reply_not_present
 .text.ProtocolConfigMemOperationsHandler_get_address_space_info_reply_present
                0x08004a88       0x24 ./Core/Src/openlcb_c_lib/openlcb/protocol_config_mem_operations_handler.o
                0x08004a88                ProtocolConfigMemOperationsHandler_get_address_space_info_reply_present
 .text.ProtocolConfigMemOperationsHandler_unfreeze
                0x08004aac       0x24 ./Core/Src/openlcb_c_lib/openlcb/protocol_config_mem_operations_handler.o
                0x08004aac                ProtocolConfigMemOperationsHandler_unfreeze
 .text.ProtocolConfigMemOperationsHandler_freeze
                0x08004ad0       0x24 ./Core/Src/openlcb_c_lib/openlcb/protocol_config_mem_operations_handler.o
                0x08004ad0                ProtocolConfigMemOperationsHandler_freeze
 .text.ProtocolConfigMemOperationsHandler_reset_reboot
                0x08004af4       0x4c ./Core/Src/openlcb_c_lib/openlcb/protocol_config_mem_operations_handler.o
                0x08004af4                ProtocolConfigMemOperationsHandler_reset_reboot
 .text.ProtocolConfigMemOperationsHandler_request_reserve_lock
                0x08004b40       0x6c ./Core/Src/openlcb_c_lib/openlcb/protocol_config_mem_operations_handler.o
                0x08004b40                ProtocolConfigMemOperationsHandler_request_reserve_lock
 .text.ProtocolConfigMemOperationsHandler_reserve_lock
                0x08004bac       0x20 ./Core/Src/openlcb_c_lib/openlcb/protocol_config_mem_operations_handler.o
                0x08004bac                ProtocolConfigMemOperationsHandler_reserve_lock
 .text.ProtocolConfigMemOperationsHandler_reserve_lock_reply
                0x08004bcc       0x20 ./Core/Src/openlcb_c_lib/openlcb/protocol_config_mem_operations_handler.o
                0x08004bcc                ProtocolConfigMemOperationsHandler_reserve_lock_reply
 .text.ProtocolConfigMemOperationsHandler_get_unique_id
                0x08004bec       0x20 ./Core/Src/openlcb_c_lib/openlcb/protocol_config_mem_operations_handler.o
                0x08004bec                ProtocolConfigMemOperationsHandler_get_unique_id
 .text.ProtocolConfigMemOperationsHandler_get_unique_id_reply
                0x08004c0c       0x20 ./Core/Src/openlcb_c_lib/openlcb/protocol_config_mem_operations_handler.o
                0x08004c0c                ProtocolConfigMemOperationsHandler_get_unique_id_reply
 .text.ProtocolConfigMemOperationsHandler_update_complete
                0x08004c2c       0x20 ./Core/Src/openlcb_c_lib/openlcb/protocol_config_mem_operations_handler.o
                0x08004c2c                ProtocolConfigMemOperationsHandler_update_complete
 .text.ProtocolConfigMemOperationsHandler_factory_reset
                0x08004c4c       0x40 ./Core/Src/openlcb_c_lib/openlcb/protocol_config_mem_operations_handler.o
                0x08004c4c                ProtocolConfigMemOperationsHandler_factory_reset
 .text._handle_read_request
                0x08004c8c       0xe0 ./Core/Src/openlcb_c_lib/openlcb/protocol_config_mem_read_handler.o
 .text.ProtocolConfigMemReadHandler_initialize
                0x08004d6c        0xc ./Core/Src/openlcb_c_lib/openlcb/protocol_config_mem_read_handler.o
                0x08004d6c                ProtocolConfigMemReadHandler_initialize
 .text.ProtocolConfigMemReadHandler_read_request_config_definition_info
                0x08004d78       0x2c ./Core/Src/openlcb_c_lib/openlcb/protocol_config_mem_read_handler.o
                0x08004d78                ProtocolConfigMemReadHandler_read_request_config_definition_info
 .text.ProtocolConfigMemReadHandler_read_request_config_mem
                0x08004da4       0x54 ./Core/Src/openlcb_c_lib/openlcb/protocol_config_mem_read_handler.o
                0x08004da4                ProtocolConfigMemReadHandler_read_request_config_mem
 .text.ProtocolConfigMemReadHandler_read_request_acdi_manufacturer
                0x08004df8       0x74 ./Core/Src/openlcb_c_lib/openlcb/protocol_config_mem_read_handler.o
                0x08004df8                ProtocolConfigMemReadHandler_read_request_acdi_manufacturer
 .text.ProtocolConfigMemReadHandler_read_request_acdi_user
                0x08004e6c       0x5c ./Core/Src/openlcb_c_lib/openlcb/protocol_config_mem_read_handler.o
                0x08004e6c                ProtocolConfigMemReadHandler_read_request_acdi_user
 .text.ProtocolConfigMemReadHandler_read_space_config_description_info
                0x08004ec8       0x24 ./Core/Src/openlcb_c_lib/openlcb/protocol_config_mem_read_handler.o
                0x08004ec8                ProtocolConfigMemReadHandler_read_space_config_description_info
 .text.ProtocolConfigMemReadHandler_read_space_all
                0x08004eec       0x28 ./Core/Src/openlcb_c_lib/openlcb/protocol_config_mem_read_handler.o
                0x08004eec                ProtocolConfigMemReadHandler_read_space_all
 .text.ProtocolConfigMemReadHandler_read_space_config_memory
                0x08004f14       0x28 ./Core/Src/openlcb_c_lib/openlcb/protocol_config_mem_read_handler.o
                0x08004f14                ProtocolConfigMemReadHandler_read_space_config_memory
 .text.ProtocolConfigMemReadHandler_read_space_acdi_manufacturer
                0x08004f3c       0x28 ./Core/Src/openlcb_c_lib/openlcb/protocol_config_mem_read_handler.o
                0x08004f3c                ProtocolConfigMemReadHandler_read_space_acdi_manufacturer
 .text.ProtocolConfigMemReadHandler_read_space_acdi_user
                0x08004f64       0x28 ./Core/Src/openlcb_c_lib/openlcb/protocol_config_mem_read_handler.o
                0x08004f64                ProtocolConfigMemReadHandler_read_space_acdi_user
 .text._dispatch_write_under_mask_request
                0x08004f8c      0x174 ./Core/Src/openlcb_c_lib/openlcb/protocol_config_mem_write_handler.o
 .text._dispatch_write_request
                0x08005100       0xf8 ./Core/Src/openlcb_c_lib/openlcb/protocol_config_mem_write_handler.o
 .text.ProtocolConfigMemWriteHandler_initialize
                0x080051f8        0xc ./Core/Src/openlcb_c_lib/openlcb/protocol_config_mem_write_handler.o
                0x080051f8                ProtocolConfigMemWriteHandler_initialize
 .text.ProtocolConfigMemWriteHandler_write_space_firmware
                0x08005204       0x28 ./Core/Src/openlcb_c_lib/openlcb/protocol_config_mem_write_handler.o
                0x08005204                ProtocolConfigMemWriteHandler_write_space_firmware
 .text.ProtocolConfigMemWriteHandler_write_space_config_memory
                0x0800522c       0x28 ./Core/Src/openlcb_c_lib/openlcb/protocol_config_mem_write_handler.o
                0x0800522c                ProtocolConfigMemWriteHandler_write_space_config_memory
 .text.ProtocolConfigMemWriteHandler_write_space_acdi_user
                0x08005254       0x28 ./Core/Src/openlcb_c_lib/openlcb/protocol_config_mem_write_handler.o
                0x08005254                ProtocolConfigMemWriteHandler_write_space_acdi_user
 .text.ProtocolConfigMemWriteHandler_write_under_mask_space_config_description_info
                0x0800527c       0x1a ./Core/Src/openlcb_c_lib/openlcb/protocol_config_mem_write_handler.o
                0x0800527c                ProtocolConfigMemWriteHandler_write_under_mask_space_config_description_info
 .text.ProtocolConfigMemWriteHandler_write_under_mask_space_all
                0x08005296       0x1c ./Core/Src/openlcb_c_lib/openlcb/protocol_config_mem_write_handler.o
                0x08005296                ProtocolConfigMemWriteHandler_write_under_mask_space_all
 .text.ProtocolConfigMemWriteHandler_write_under_mask_space_config_memory
                0x080052b2       0x1c ./Core/Src/openlcb_c_lib/openlcb/protocol_config_mem_write_handler.o
                0x080052b2                ProtocolConfigMemWriteHandler_write_under_mask_space_config_memory
 .text.ProtocolConfigMemWriteHandler_write_under_mask_space_acdi_manufacturer
                0x080052ce       0x1c ./Core/Src/openlcb_c_lib/openlcb/protocol_config_mem_write_handler.o
                0x080052ce                ProtocolConfigMemWriteHandler_write_under_mask_space_acdi_manufacturer
 .text.ProtocolConfigMemWriteHandler_write_under_mask_space_acdi_user
                0x080052ea       0x1c ./Core/Src/openlcb_c_lib/openlcb/protocol_config_mem_write_handler.o
                0x080052ea                ProtocolConfigMemWriteHandler_write_under_mask_space_acdi_user
 .text.ProtocolConfigMemWriteHandler_write_under_mask_space_train_function_definition_info
                0x08005306       0x1c ./Core/Src/openlcb_c_lib/openlcb/protocol_config_mem_write_handler.o
                0x08005306                ProtocolConfigMemWriteHandler_write_under_mask_space_train_function_definition_info
 .text.ProtocolConfigMemWriteHandler_write_under_mask_space_train_function_config_memory
                0x08005322       0x1c ./Core/Src/openlcb_c_lib/openlcb/protocol_config_mem_write_handler.o
                0x08005322                ProtocolConfigMemWriteHandler_write_under_mask_space_train_function_config_memory
 .text.ProtocolConfigMemWriteHandler_write_under_mask_space_firmware
                0x0800533e       0x1c ./Core/Src/openlcb_c_lib/openlcb/protocol_config_mem_write_handler.o
                0x0800533e                ProtocolConfigMemWriteHandler_write_under_mask_space_firmware
 *fill*         0x0800535a        0x2 
 .text.ProtocolConfigMemWriteHandler_write_request_config_mem
                0x0800535c       0x44 ./Core/Src/openlcb_c_lib/openlcb/protocol_config_mem_write_handler.o
                0x0800535c                ProtocolConfigMemWriteHandler_write_request_config_mem
 .text.ProtocolConfigMemWriteHandler_write_request_acdi_user
                0x080053a0       0x8c ./Core/Src/openlcb_c_lib/openlcb/protocol_config_mem_write_handler.o
                0x080053a0                ProtocolConfigMemWriteHandler_write_request_acdi_user
 .text.ProtocolDatagramHandler_initialize
                0x0800542c        0xc ./Core/Src/openlcb_c_lib/openlcb/protocol_datagram_handler.o
                0x0800542c                ProtocolDatagramHandler_initialize
 .text.ProtocolDatagramHandler_load_datagram_received_ok_message
                0x08005438       0xc6 ./Core/Src/openlcb_c_lib/openlcb/protocol_datagram_handler.o
                0x08005438                ProtocolDatagramHandler_load_datagram_received_ok_message
 .text.ProtocolDatagramHandler_load_datagram_rejected_message
                0x080054fe       0x40 ./Core/Src/openlcb_c_lib/openlcb/protocol_datagram_handler.o
                0x080054fe                ProtocolDatagramHandler_load_datagram_rejected_message
 .text._handle_subcommand
                0x0800553e        0xc ./Core/Src/openlcb_c_lib/openlcb/protocol_datagram_handler.o
 *fill*         0x0800554a        0x2 
 .text.ProtocolDatagramHandler_datagram
                0x0800554c      0xa84 ./Core/Src/openlcb_c_lib/openlcb/protocol_datagram_handler.o
                0x0800554c                ProtocolDatagramHandler_datagram
 .text.ProtocolDatagramHandler_clear_resend_datagram_message
                0x08005fd0       0x34 ./Core/Src/openlcb_c_lib/openlcb/protocol_datagram_handler.o
                0x08005fd0                ProtocolDatagramHandler_clear_resend_datagram_message
 .text.ProtocolDatagramHandler_datagram_received_ok
                0x08006004       0x14 ./Core/Src/openlcb_c_lib/openlcb/protocol_datagram_handler.o
                0x08006004                ProtocolDatagramHandler_datagram_received_ok
 .text.ProtocolDatagramHandler_datagram_rejected
                0x08006018       0x4e ./Core/Src/openlcb_c_lib/openlcb/protocol_datagram_handler.o
                0x08006018                ProtocolDatagramHandler_datagram_rejected
 .text.ProtocolDatagramHandler_100ms_timer_tick
                0x08006066        0x2 ./Core/Src/openlcb_c_lib/openlcb/protocol_datagram_handler.o
                0x08006066                ProtocolDatagramHandler_100ms_timer_tick
 .text.ProtocolDatagramHandler_check_timeouts
                0x08006068       0x5c ./Core/Src/openlcb_c_lib/openlcb/protocol_datagram_handler.o
                0x08006068                ProtocolDatagramHandler_check_timeouts
 .text._test_for_consumed_event_pcer
                0x080060c4       0x68 ./Core/Src/openlcb_c_lib/openlcb/protocol_event_transport.o
 .text._test_for_consumed_event.constprop.0
                0x0800612c       0x74 ./Core/Src/openlcb_c_lib/openlcb/protocol_event_transport.o
 .text.ProtocolEventTransport_initialize
                0x080061a0        0xc ./Core/Src/openlcb_c_lib/openlcb/protocol_event_transport.o
                0x080061a0                ProtocolEventTransport_initialize
 .text.ProtocolEventTransport_extract_consumer_event_status_mti
                0x080061ac       0x22 ./Core/Src/openlcb_c_lib/openlcb/protocol_event_transport.o
                0x080061ac                ProtocolEventTransport_extract_consumer_event_status_mti
 .text.ProtocolEventTransport_extract_producer_event_status_mti
                0x080061ce       0x22 ./Core/Src/openlcb_c_lib/openlcb/protocol_event_transport.o
                0x080061ce                ProtocolEventTransport_extract_producer_event_status_mti
 .text.ProtocolEventTransport_handle_consumer_identify
                0x080061f0       0xb8 ./Core/Src/openlcb_c_lib/openlcb/protocol_event_transport.o
                0x080061f0                ProtocolEventTransport_handle_consumer_identify
 .text.ProtocolEventTransport_handle_consumer_range_identified
                0x080062a8       0x30 ./Core/Src/openlcb_c_lib/openlcb/protocol_event_transport.o
                0x080062a8                ProtocolEventTransport_handle_consumer_range_identified
 .text.ProtocolEventTransport_handle_consumer_identified_unknown
                0x080062d8       0x30 ./Core/Src/openlcb_c_lib/openlcb/protocol_event_transport.o
                0x080062d8                ProtocolEventTransport_handle_consumer_identified_unknown
 .text.ProtocolEventTransport_handle_consumer_identified_set
                0x08006308       0x30 ./Core/Src/openlcb_c_lib/openlcb/protocol_event_transport.o
                0x08006308                ProtocolEventTransport_handle_consumer_identified_set
 .text.ProtocolEventTransport_handle_consumer_identified_clear
                0x08006338       0x30 ./Core/Src/openlcb_c_lib/openlcb/protocol_event_transport.o
                0x08006338                ProtocolEventTransport_handle_consumer_identified_clear
 .text.ProtocolEventTransport_handle_consumer_identified_reserved
                0x08006368       0x30 ./Core/Src/openlcb_c_lib/openlcb/protocol_event_transport.o
                0x08006368                ProtocolEventTransport_handle_consumer_identified_reserved
 .text.ProtocolEventTransport_handle_producer_identify
                0x08006398       0xba ./Core/Src/openlcb_c_lib/openlcb/protocol_event_transport.o
                0x08006398                ProtocolEventTransport_handle_producer_identify
 *fill*         0x08006452        0x2 
 .text.ProtocolEventTransport_handle_producer_range_identified
                0x08006454       0x30 ./Core/Src/openlcb_c_lib/openlcb/protocol_event_transport.o
                0x08006454                ProtocolEventTransport_handle_producer_range_identified
 .text.ProtocolEventTransport_handle_producer_identified_unknown
                0x08006484       0x38 ./Core/Src/openlcb_c_lib/openlcb/protocol_event_transport.o
                0x08006484                ProtocolEventTransport_handle_producer_identified_unknown
 .text.ProtocolEventTransport_handle_producer_identified_set
                0x080064bc       0x38 ./Core/Src/openlcb_c_lib/openlcb/protocol_event_transport.o
                0x080064bc                ProtocolEventTransport_handle_producer_identified_set
 .text.ProtocolEventTransport_handle_producer_identified_clear
                0x080064f4       0x38 ./Core/Src/openlcb_c_lib/openlcb/protocol_event_transport.o
                0x080064f4                ProtocolEventTransport_handle_producer_identified_clear
 .text.ProtocolEventTransport_handle_producer_identified_reserved
                0x0800652c       0x30 ./Core/Src/openlcb_c_lib/openlcb/protocol_event_transport.o
                0x0800652c                ProtocolEventTransport_handle_producer_identified_reserved
 .text.ProtocolEventTransport_handle_events_identify
                0x0800655c      0x21e ./Core/Src/openlcb_c_lib/openlcb/protocol_event_transport.o
                0x0800655c                ProtocolEventTransport_handle_events_identify
 .text.ProtocolEventTransport_handle_events_identify_dest
                0x0800677a       0x22 ./Core/Src/openlcb_c_lib/openlcb/protocol_event_transport.o
                0x0800677a                ProtocolEventTransport_handle_events_identify_dest
 .text.ProtocolEventTransport_handle_event_learn
                0x0800679c       0x30 ./Core/Src/openlcb_c_lib/openlcb/protocol_event_transport.o
                0x0800679c                ProtocolEventTransport_handle_event_learn
 .text.ProtocolEventTransport_handle_pc_event_report
                0x080067cc       0x38 ./Core/Src/openlcb_c_lib/openlcb/protocol_event_transport.o
                0x080067cc                ProtocolEventTransport_handle_pc_event_report
 .text.ProtocolEventTransport_handle_pc_event_report_with_payload
                0x08006804       0x50 ./Core/Src/openlcb_c_lib/openlcb/protocol_event_transport.o
                0x08006804                ProtocolEventTransport_handle_pc_event_report_with_payload
 .text._load_verified_node_id
                0x08006854       0x50 ./Core/Src/openlcb_c_lib/openlcb/protocol_message_network.o
 .text.ProtocolMessageNetwork_initialize
                0x080068a4        0xc ./Core/Src/openlcb_c_lib/openlcb/protocol_message_network.o
                0x080068a4                ProtocolMessageNetwork_initialize
 .text.ProtocolMessageNetwork_handle_initialization_complete
                0x080068b0       0x6c ./Core/Src/openlcb_c_lib/openlcb/protocol_message_network.o
                0x080068b0                ProtocolMessageNetwork_handle_initialization_complete
 .text.ProtocolMessageNetwork_handle_initialization_complete_simple
                0x0800691c        0x4 ./Core/Src/openlcb_c_lib/openlcb/protocol_message_network.o
                0x0800691c                ProtocolMessageNetwork_handle_initialization_complete_simple
 .text.ProtocolMessageNetwork_handle_protocol_support_inquiry
                0x08006920       0x90 ./Core/Src/openlcb_c_lib/openlcb/protocol_message_network.o
                0x08006920                ProtocolMessageNetwork_handle_protocol_support_inquiry
 .text.ProtocolMessageNetwork_handle_protocol_support_reply
                0x080069b0        0xa ./Core/Src/openlcb_c_lib/openlcb/protocol_message_network.o
                0x080069b0                ProtocolMessageNetwork_handle_protocol_support_reply
 .text.ProtocolMessageNetwork_handle_verify_node_id_global
                0x080069ba       0x32 ./Core/Src/openlcb_c_lib/openlcb/protocol_message_network.o
                0x080069ba                ProtocolMessageNetwork_handle_verify_node_id_global
 .text.ProtocolMessageNetwork_handle_verify_node_id_addressed
                0x080069ec        0x4 ./Core/Src/openlcb_c_lib/openlcb/protocol_message_network.o
                0x080069ec                ProtocolMessageNetwork_handle_verify_node_id_addressed
 .text.ProtocolMessageNetwork_handle_verified_node_id
                0x080069f0        0x4 ./Core/Src/openlcb_c_lib/openlcb/protocol_message_network.o
                0x080069f0                ProtocolMessageNetwork_handle_verified_node_id
 .text.ProtocolMessageNetwork_handle_optional_interaction_rejected
                0x080069f4       0x54 ./Core/Src/openlcb_c_lib/openlcb/protocol_message_network.o
                0x080069f4                ProtocolMessageNetwork_handle_optional_interaction_rejected
 .text.ProtocolMessageNetwork_handle_terminate_due_to_error
                0x08006a48       0x54 ./Core/Src/openlcb_c_lib/openlcb/protocol_message_network.o
                0x08006a48                ProtocolMessageNetwork_handle_terminate_due_to_error
 .text._process_snip_string
                0x08006a9c       0x86 ./Core/Src/openlcb_c_lib/openlcb/protocol_snip.o
 *fill*         0x08006b22        0x2 
 .text.ProtocolSnip_initialize
                0x08006b24        0xc ./Core/Src/openlcb_c_lib/openlcb/protocol_snip.o
                0x08006b24                ProtocolSnip_initialize
 .text.ProtocolSnip_load_manufacturer_version_id
                0x08006b30       0x1e ./Core/Src/openlcb_c_lib/openlcb/protocol_snip.o
                0x08006b30                ProtocolSnip_load_manufacturer_version_id
 .text.ProtocolSnip_load_name
                0x08006b4e       0x24 ./Core/Src/openlcb_c_lib/openlcb/protocol_snip.o
                0x08006b4e                ProtocolSnip_load_name
 .text.ProtocolSnip_load_model
                0x08006b72       0x24 ./Core/Src/openlcb_c_lib/openlcb/protocol_snip.o
                0x08006b72                ProtocolSnip_load_model
 .text.ProtocolSnip_load_hardware_version
                0x08006b96       0x24 ./Core/Src/openlcb_c_lib/openlcb/protocol_snip.o
                0x08006b96                ProtocolSnip_load_hardware_version
 .text.ProtocolSnip_load_software_version
                0x08006bba       0x24 ./Core/Src/openlcb_c_lib/openlcb/protocol_snip.o
                0x08006bba                ProtocolSnip_load_software_version
 .text.ProtocolSnip_load_user_version_id
                0x08006bde       0x20 ./Core/Src/openlcb_c_lib/openlcb/protocol_snip.o
                0x08006bde                ProtocolSnip_load_user_version_id
 *fill*         0x08006bfe        0x2 
 .text.ProtocolSnip_load_user_name
                0x08006c00       0x54 ./Core/Src/openlcb_c_lib/openlcb/protocol_snip.o
                0x08006c00                ProtocolSnip_load_user_name
 .text.ProtocolSnip_load_user_description
                0x08006c54       0x58 ./Core/Src/openlcb_c_lib/openlcb/protocol_snip.o
                0x08006c54                ProtocolSnip_load_user_description
 .text.ProtocolSnip_handle_simple_node_info_request
                0x08006cac       0x94 ./Core/Src/openlcb_c_lib/openlcb/protocol_snip.o
                0x08006cac                ProtocolSnip_handle_simple_node_info_request
 .text.ProtocolSnip_handle_simple_node_info_reply
                0x08006d40        0xa ./Core/Src/openlcb_c_lib/openlcb/protocol_snip.o
                0x08006d40                ProtocolSnip_handle_simple_node_info_reply
 *fill*         0x08006d4a        0x2 
 .text.Reset_Handler
                0x08006d4c       0x50 ./Core/Startup/startup_stm32f407vgtx.o
                0x08006d4c                Reset_Handler
 .text.Default_Handler
                0x08006d9c        0x2 ./Core/Startup/startup_stm32f407vgtx.o
                0x08006d9c                DMA1_Stream3_IRQHandler
                0x08006d9c                HASH_RNG_IRQHandler
                0x08006d9c                EXTI2_IRQHandler
                0x08006d9c                TIM8_CC_IRQHandler
                0x08006d9c                TIM1_CC_IRQHandler
                0x08006d9c                DMA2_Stream5_IRQHandler
                0x08006d9c                DMA1_Stream5_IRQHandler
                0x08006d9c                PVD_IRQHandler
                0x08006d9c                SDIO_IRQHandler
                0x08006d9c                TAMP_STAMP_IRQHandler
                0x08006d9c                CAN2_RX1_IRQHandler
                0x08006d9c                EXTI3_IRQHandler
                0x08006d9c                TIM8_TRG_COM_TIM14_IRQHandler
                0x08006d9c                TIM1_UP_TIM10_IRQHandler
                0x08006d9c                TIM8_UP_TIM13_IRQHandler
                0x08006d9c                I2C3_ER_IRQHandler
                0x08006d9c                EXTI0_IRQHandler
                0x08006d9c                I2C2_EV_IRQHandler
                0x08006d9c                DMA1_Stream2_IRQHandler
                0x08006d9c                FPU_IRQHandler
                0x08006d9c                OTG_HS_WKUP_IRQHandler
                0x08006d9c                CAN2_SCE_IRQHandler
                0x08006d9c                DMA2_Stream2_IRQHandler
                0x08006d9c                SPI1_IRQHandler
                0x08006d9c                TIM6_DAC_IRQHandler
                0x08006d9c                TIM1_BRK_TIM9_IRQHandler
                0x08006d9c                DCMI_IRQHandler
                0x08006d9c                CAN2_RX0_IRQHandler
                0x08006d9c                DMA2_Stream3_IRQHandler
                0x08006d9c                USART6_IRQHandler
                0x08006d9c                USART3_IRQHandler
                0x08006d9c                UART5_IRQHandler
                0x08006d9c                DMA2_Stream0_IRQHandler
                0x08006d9c                TIM4_IRQHandler
                0x08006d9c                I2C1_EV_IRQHandler
                0x08006d9c                DMA1_Stream6_IRQHandler
                0x08006d9c                DMA1_Stream1_IRQHandler
                0x08006d9c                UART4_IRQHandler
                0x08006d9c                TIM3_IRQHandler
                0x08006d9c                RCC_IRQHandler
                0x08006d9c                TIM8_BRK_TIM12_IRQHandler
                0x08006d9c                Default_Handler
                0x08006d9c                EXTI15_10_IRQHandler
                0x08006d9c                ADC_IRQHandler
                0x08006d9c                DMA1_Stream7_IRQHandler
                0x08006d9c                CAN2_TX_IRQHandler
                0x08006d9c                TIM5_IRQHandler
                0x08006d9c                DMA2_Stream7_IRQHandler
                0x08006d9c                I2C3_EV_IRQHandler
                0x08006d9c                EXTI9_5_IRQHandler
                0x08006d9c                RTC_WKUP_IRQHandler
                0x08006d9c                ETH_WKUP_IRQHandler
                0x08006d9c                SPI2_IRQHandler
                0x08006d9c                OTG_HS_EP1_IN_IRQHandler
                0x08006d9c                DMA1_Stream0_IRQHandler
                0x08006d9c                EXTI4_IRQHandler
                0x08006d9c                FSMC_IRQHandler
                0x08006d9c                ETH_IRQHandler
                0x08006d9c                OTG_HS_EP1_OUT_IRQHandler
                0x08006d9c                WWDG_IRQHandler
                0x08006d9c                TIM2_IRQHandler
                0x08006d9c                OTG_FS_WKUP_IRQHandler
                0x08006d9c                TIM1_TRG_COM_TIM11_IRQHandler
                0x08006d9c                OTG_HS_IRQHandler
                0x08006d9c                EXTI1_IRQHandler
                0x08006d9c                USART2_IRQHandler
                0x08006d9c                I2C2_ER_IRQHandler
                0x08006d9c                DMA2_Stream1_IRQHandler
                0x08006d9c                CAN1_SCE_IRQHandler
                0x08006d9c                FLASH_IRQHandler
                0x08006d9c                DMA2_Stream4_IRQHandler
                0x08006d9c                USART1_IRQHandler
                0x08006d9c                SPI3_IRQHandler
                0x08006d9c                DMA1_Stream4_IRQHandler
                0x08006d9c                I2C1_ER_IRQHandler
                0x08006d9c                DMA2_Stream6_IRQHandler
                0x08006d9c                RTC_Alarm_IRQHandler
 *fill*         0x08006d9e        0x2 
 .text.HAL_InitTick
                0x08006da0       0x48 ./Drivers/STM32F4xx_HAL_Driver/Src/stm32f4xx_hal.o
                0x08006da0                HAL_InitTick
 .text.HAL_Init
                0x08006de8       0x34 ./Drivers/STM32F4xx_HAL_Driver/Src/stm32f4xx_hal.o
                0x08006de8                HAL_Init
 .text.HAL_IncTick
                0x08006e1c       0x18 ./Drivers/STM32F4xx_HAL_Driver/Src/stm32f4xx_hal.o
                0x08006e1c                HAL_IncTick
 .text.HAL_GetTick
                0x08006e34        0xc ./Drivers/STM32F4xx_HAL_Driver/Src/stm32f4xx_hal.o
                0x08006e34                HAL_GetTick
 .text.HAL_Delay
                0x08006e40       0x28 ./Drivers/STM32F4xx_HAL_Driver/Src/stm32f4xx_hal.o
                0x08006e40                HAL_Delay
 .text.HAL_CAN_Init
                0x08006e68       0xf6 ./Drivers/STM32F4xx_HAL_Driver/Src/stm32f4xx_hal_can.o
                0x08006e68                HAL_CAN_Init
 *fill*         0x08006f5e        0x2 
 .text.HAL_CAN_ConfigFilter
                0x08006f60      0x10c ./Drivers/STM32F4xx_HAL_Driver/Src/stm32f4xx_hal_can.o
                0x08006f60                HAL_CAN_ConfigFilter
 .text.HAL_CAN_Start
                0x0800706c       0x56 ./Drivers/STM32F4xx_HAL_Driver/Src/stm32f4xx_hal_can.o
                0x0800706c                HAL_CAN_Start
 .text.HAL_CAN_AddTxMessage
                0x080070c2       0x96 ./Drivers/STM32F4xx_HAL_Driver/Src/stm32f4xx_hal_can.o
                0x080070c2                HAL_CAN_AddTxMessage
 .text.HAL_CAN_GetRxMessage
                0x08007158       0xf8 ./Drivers/STM32F4xx_HAL_Driver/Src/stm32f4xx_hal_can.o
                0x08007158                HAL_CAN_GetRxMessage
 .text.HAL_CAN_ActivateNotification
                0x08007250       0x22 ./Drivers/STM32F4xx_HAL_Driver/Src/stm32f4xx_hal_can.o
                0x08007250                HAL_CAN_ActivateNotification
 .text.HAL_CAN_DeactivateNotification
                0x08007272       0x24 ./Drivers/STM32F4xx_HAL_Driver/Src/stm32f4xx_hal_can.o
                0x08007272                HAL_CAN_DeactivateNotification
 .text.HAL_CAN_TxMailbox0AbortCallback
                0x08007296        0x2 ./Drivers/STM32F4xx_HAL_Driver/Src/stm32f4xx_hal_can.o
                0x08007296                HAL_CAN_TxMailbox0AbortCallback
 .text.HAL_CAN_TxMailbox1AbortCallback
                0x08007298        0x2 ./Drivers/STM32F4xx_HAL_Driver/Src/stm32f4xx_hal_can.o
                0x08007298                HAL_CAN_TxMailbox1AbortCallback
 .text.HAL_CAN_TxMailbox2AbortCallback
                0x0800729a        0x2 ./Drivers/STM32F4xx_HAL_Driver/Src/stm32f4xx_hal_can.o
                0x0800729a                HAL_CAN_TxMailbox2AbortCallback
 .text.HAL_CAN_RxFifo0FullCallback
                0x0800729c        0x2 ./Drivers/STM32F4xx_HAL_Driver/Src/stm32f4xx_hal_can.o
                0x0800729c                HAL_CAN_RxFifo0FullCallback
 .text.HAL_CAN_RxFifo1MsgPendingCallback
                0x0800729e        0x2 ./Drivers/STM32F4xx_HAL_Driver/Src/stm32f4xx_hal_can.o
                0x0800729e                HAL_CAN_RxFifo1MsgPendingCallback
 .text.HAL_CAN_RxFifo1FullCallback
                0x080072a0        0x2 ./Drivers/STM32F4xx_HAL_Driver/Src/stm32f4xx_hal_can.o
                0x080072a0                HAL_CAN_RxFifo1FullCallback
 .text.HAL_CAN_SleepCallback
                0x080072a2        0x2 ./Drivers/STM32F4xx_HAL_Driver/Src/stm32f4xx_hal_can.o
                0x080072a2                HAL_CAN_SleepCallback
 .text.HAL_CAN_WakeUpFromRxMsgCallback
                0x080072a4        0x2 ./Drivers/STM32F4xx_HAL_Driver/Src/stm32f4xx_hal_can.o
                0x080072a4                HAL_CAN_WakeUpFromRxMsgCallback
 .text.HAL_CAN_ErrorCallback
                0x080072a6        0x2 ./Drivers/STM32F4xx_HAL_Driver/Src/stm32f4xx_hal_can.o
                0x080072a6                HAL_CAN_ErrorCallback
 .text.HAL_CAN_IRQHandler
                0x080072a8      0x208 ./Drivers/STM32F4xx_HAL_Driver/Src/stm32f4xx_hal_can.o
                0x080072a8                HAL_CAN_IRQHandler
 .text.HAL_NVIC_SetPriorityGrouping
                0x080074b0       0x24 ./Drivers/STM32F4xx_HAL_Driver/Src/stm32f4xx_hal_cortex.o
                0x080074b0                HAL_NVIC_SetPriorityGrouping
 .text.HAL_NVIC_SetPriority
                0x080074d4       0x64 ./Drivers/STM32F4xx_HAL_Driver/Src/stm32f4xx_hal_cortex.o
                0x080074d4                HAL_NVIC_SetPriority
 .text.HAL_NVIC_EnableIRQ
                0x08007538       0x1c ./Drivers/STM32F4xx_HAL_Driver/Src/stm32f4xx_hal_cortex.o
                0x08007538                HAL_NVIC_EnableIRQ
 .text.HAL_NVIC_SystemReset
                0x08007554       0x24 ./Drivers/STM32F4xx_HAL_Driver/Src/stm32f4xx_hal_cortex.o
                0x08007554                HAL_NVIC_SystemReset
 .text.HAL_SYSTICK_Config
                0x08007578       0x28 ./Drivers/STM32F4xx_HAL_Driver/Src/stm32f4xx_hal_cortex.o
                0x08007578                HAL_SYSTICK_Config
 .text.HAL_GPIO_Init
                0x080075a0      0x1b0 ./Drivers/STM32F4xx_HAL_Driver/Src/stm32f4xx_hal_gpio.o
                0x080075a0                HAL_GPIO_Init
 .text.HAL_GPIO_WritePin
                0x08007750        0xa ./Drivers/STM32F4xx_HAL_Driver/Src/stm32f4xx_hal_gpio.o
                0x08007750                HAL_GPIO_WritePin
 .text.HAL_GPIO_TogglePin
                0x0800775a       0x12 ./Drivers/STM32F4xx_HAL_Driver/Src/stm32f4xx_hal_gpio.o
                0x0800775a                HAL_GPIO_TogglePin
 .text.HAL_HCD_Init
                0x0800776c       0x78 ./Drivers/STM32F4xx_HAL_Driver/Src/stm32f4xx_hal_hcd.o
                0x0800776c                HAL_HCD_Init
 .text.HAL_HCD_HC_SubmitRequest
                0x080077e4       0xd0 ./Drivers/STM32F4xx_HAL_Driver/Src/stm32f4xx_hal_hcd.o
                0x080077e4                HAL_HCD_HC_SubmitRequest
 .text.HAL_HCD_IRQHandler
                0x080078b4      0x8c8 ./Drivers/STM32F4xx_HAL_Driver/Src/stm32f4xx_hal_hcd.o
                0x080078b4                HAL_HCD_IRQHandler
 .text.HAL_HCD_Start
                0x0800817c       0x2a ./Drivers/STM32F4xx_HAL_Driver/Src/stm32f4xx_hal_hcd.o
                0x0800817c                HAL_HCD_Start
 .text.HAL_HCD_Stop
                0x080081a6       0x24 ./Drivers/STM32F4xx_HAL_Driver/Src/stm32f4xx_hal_hcd.o
                0x080081a6                HAL_HCD_Stop
 .text.HAL_HCD_ResetPort
                0x080081ca        0x6 ./Drivers/STM32F4xx_HAL_Driver/Src/stm32f4xx_hal_hcd.o
                0x080081ca                HAL_HCD_ResetPort
 .text.HAL_HCD_HC_GetURBState
                0x080081d0        0xc ./Drivers/STM32F4xx_HAL_Driver/Src/stm32f4xx_hal_hcd.o
                0x080081d0                HAL_HCD_HC_GetURBState
 .text.HAL_HCD_HC_GetXferCount
                0x080081dc        0xa ./Drivers/STM32F4xx_HAL_Driver/Src/stm32f4xx_hal_hcd.o
                0x080081dc                HAL_HCD_HC_GetXferCount
 .text.HAL_HCD_GetCurrentFrame
                0x080081e6        0x6 ./Drivers/STM32F4xx_HAL_Driver/Src/stm32f4xx_hal_hcd.o
                0x080081e6                HAL_HCD_GetCurrentFrame
 .text.HAL_HCD_GetCurrentSpeed