../Core/Src/application_drivers/stm32_driverlib_can_driver.c:51:6:STM32_DriverLibCanDriver_initialize	48	static
../Core/Src/application_drivers/stm32_driverlib_can_driver.c:90:6:STM32_DriverLibCanDriver_pause_can_rx	0	static
../Core/Src/application_drivers/stm32_driverlib_can_driver.c:96:6:STM32_DriverLibCanDriver_resume_can_rx	0	static
../Core/Src/application_drivers/stm32_driverlib_can_driver.c:80:6:STM32_DriverLibCanDriver_is_can_tx_buffer_clear	8	static
../Core/Src/application_drivers/stm32_driverlib_can_driver.c:104:6:STM32_DriverLibCanDriver_transmit_can_frame	56	static
../Core/Src/application_drivers/stm32_driverlib_can_driver.c:144:6:HAL_CAN_TxMailbox0CompleteCallback	0	static
../Core/Src/application_drivers/stm32_driverlib_can_driver.c:150:6:HAL_CAN_TxMailbox1CompleteCallback	0	static
../Core/Src/application_drivers/stm32_driverlib_can_driver.c:156:6:HAL_CAN_TxMailbox2CompleteCallback	0	static
../Core/Src/application_drivers/stm32_driverlib_can_driver.c:165:6:HAL_CAN_RxFifo0MsgPendingCallback	72	static
