../Core/Src/src/openlcb/openlcb_main_statemachine.c:126:6:OpenLcbMainStatemachine_initialize	16	static
../Core/Src/src/openlcb/openlcb_main_statemachine.c:175:13:_free_incoming_message	16	static
../Core/Src/src/openlcb/openlcb_main_statemachine.c:230:6:OpenLcbMainStatemachine_does_node_process_msg	16	static
../Core/Src/src/openlcb/openlcb_main_statemachine.c:293:6:OpenLcbMainStatemachine_load_interaction_rejected	56	static
../Core/Src/src/openlcb/openlcb_main_statemachine.c:437:6:OpenLcbMainStatemachine_process_main_statemachine	32	static
../Core/Src/src/openlcb/openlcb_main_statemachine.c:940:6:OpenLcbMainStatemachine_handle_outgoing_openlcb_message	8	static
../Core/Src/src/openlcb/openlcb_main_statemachine.c:990:6:OpenLcbMainStatemachine_handle_try_reenumerate	8	static
../Core/Src/src/openlcb/openlcb_main_statemachine.c:1036:6:OpenLcbMainStatemachine_handle_try_pop_next_incoming_openlcb_message	8	static
../Core/Src/src/openlcb/openlcb_main_statemachine.c:1084:6:OpenLcbMainStatemachine_handle_try_enumerate_first_node	8	static
../Core/Src/src/openlcb/openlcb_main_statemachine.c:1148:6:OpenLcbMainStatemachine_handle_try_enumerate_next_node	8	static
../Core/Src/src/openlcb/openlcb_main_statemachine.c:1222:6:OpenLcbMainStatemachine_run	8	static
../Core/Src/src/openlcb/openlcb_main_statemachine.c:1311:30:OpenLcbMainStatemachine_get_statemachine_info	4	static
