../Core/Src/src/openlcb/openlcb_application_train.c:71:6:OpenLcbApplicationTrain_initialize	16	static
../Core/Src/src/openlcb/openlcb_application_train.c:99:16:OpenLcbApplicationTrain_setup	32	static
../Core/Src/src/openlcb/openlcb_application_train.c:149:16:OpenLcbApplicationTrain_get_state	16	static
../Core/Src/src/openlcb/openlcb_application_train.c:177:13:_send_heartbeat_request	120	static
../Core/Src/src/openlcb/openlcb_application_train.c:225:6:OpenLcbApplicationTrain_100ms_timer_tick	40	static
../Core/Src/src/openlcb/openlcb_application_train.c:302:13:_prepare_train_command	56	static
../Core/Src/src/openlcb/openlcb_application_train.c:340:6:OpenLcbApplicationTrain_send_set_speed	88	static
../Core/Src/src/openlcb/openlcb_application_train.c:375:6:OpenLcbApplicationTrain_send_set_function	88	static
../Core/Src/src/openlcb/openlcb_application_train.c:411:6:OpenLcbApplicationTrain_send_emergency_stop	88	static
../Core/Src/src/openlcb/openlcb_application_train.c:442:6:OpenLcbApplicationTrain_send_query_speeds	88	static
../Core/Src/src/openlcb/openlcb_application_train.c:475:6:OpenLcbApplicationTrain_send_query_function	88	static
../Core/Src/src/openlcb/openlcb_application_train.c:509:6:OpenLcbApplicationTrain_send_assign_controller	88	static
../Core/Src/src/openlcb/openlcb_application_train.c:542:6:OpenLcbApplicationTrain_send_release_controller	88	static
../Core/Src/src/openlcb/openlcb_application_train.c:574:6:OpenLcbApplicationTrain_send_noop	88	static
../Core/Src/src/openlcb/openlcb_application_train.c:602:6:OpenLcbApplicationTrain_set_dcc_address	16	static
../Core/Src/src/openlcb/openlcb_application_train.c:628:10:OpenLcbApplicationTrain_get_dcc_address	16	static
../Core/Src/src/openlcb/openlcb_application_train.c:653:6:OpenLcbApplicationTrain_is_long_address	16	static
../Core/Src/src/openlcb/openlcb_application_train.c:677:6:OpenLcbApplicationTrain_set_speed_steps	16	static
../Core/Src/src/openlcb/openlcb_application_train.c:702:9:OpenLcbApplicationTrain_get_speed_steps	16	static
