../Core/Src/src/openlcb/openlcb_utilities.c:51:10:OpenLcbUtilities_payload_type_to_len	16	static
../Core/Src/src/openlcb/openlcb_utilities.c:78:10:OpenLcbUtilities_calculate_memory_offset_into_node_space	24	static
../Core/Src/src/openlcb/openlcb_utilities.c:92:6:OpenLcbUtilities_load_openlcb_message	32	static
../Core/Src/src/openlcb/openlcb_utilities.c:112:6:OpenLcbUtilities_clear_openlcb_message_payload	24	static
../Core/Src/src/openlcb/openlcb_utilities.c:126:6:OpenLcbUtilities_clear_openlcb_message	16	static
../Core/Src/src/openlcb/openlcb_utilities.c:141:6:OpenLcbUtilities_copy_event_id_to_openlcb_payload	32	static
../Core/Src/src/openlcb/openlcb_utilities.c:153:6:OpenLcbUtilities_copy_byte_to_openlcb_payload	16	static
../Core/Src/src/openlcb/openlcb_utilities.c:161:6:OpenLcbUtilities_copy_word_to_openlcb_payload	16	static
../Core/Src/src/openlcb/openlcb_utilities.c:170:6:OpenLcbUtilities_copy_dword_to_openlcb_payload	24	static
../Core/Src/src/openlcb/openlcb_utilities.c:181:10:OpenLcbUtilities_copy_string_to_openlcb_payload	32	static
../Core/Src/src/openlcb/openlcb_utilities.c:212:10:OpenLcbUtilities_copy_byte_array_to_openlcb_payload	32	static
../Core/Src/src/openlcb/openlcb_utilities.c:239:6:OpenLcbUtilities_copy_node_id_to_openlcb_payload	32	static
../Core/Src/src/openlcb/openlcb_utilities.c:251:11:OpenLcbUtilities_extract_node_id_from_openlcb_payload	112	static
../Core/Src/src/openlcb/openlcb_utilities.c:264:12:OpenLcbUtilities_extract_event_id_from_openlcb_payload	144	static
../Core/Src/src/openlcb/openlcb_utilities.c:279:9:OpenLcbUtilities_extract_byte_from_openlcb_payload	16	static
../Core/Src/src/openlcb/openlcb_utilities.c:285:10:OpenLcbUtilities_extract_word_from_openlcb_payload	16	static
../Core/Src/src/openlcb/openlcb_utilities.c:294:10:OpenLcbUtilities_extract_dword_from_openlcb_payload	16	static
../Core/Src/src/openlcb/openlcb_utilities.c:305:6:OpenLcbUtilities_set_multi_frame_flag	16	static
../Core/Src/src/openlcb/openlcb_utilities.c:315:6:OpenLcbUtilities_is_addressed_openlcb_message	16	static
../Core/Src/src/openlcb/openlcb_utilities.c:321:9:OpenLcbUtilities_count_nulls_in_openlcb_payload	24	static
../Core/Src/src/openlcb/openlcb_utilities.c:337:6:OpenLcbUtilities_is_addressed_message_for_node	16	static
../Core/Src/src/openlcb/openlcb_utilities.c:349:6:OpenLcbUtilities_is_producer_event_assigned_to_node	32	static
../Core/Src/src/openlcb/openlcb_utilities.c:367:6:OpenLcbUtilities_is_consumer_event_assigned_to_node	32	static
../Core/Src/src/openlcb/openlcb_utilities.c:385:11:OpenLcbUtilities_extract_node_id_from_config_mem_buffer	112	static
../Core/Src/src/openlcb/openlcb_utilities.c:397:10:OpenLcbUtilities_extract_word_from_config_mem_buffer	16	static
../Core/Src/src/openlcb/openlcb_utilities.c:406:6:OpenLcbUtilities_copy_node_id_to_config_mem_buffer	32	static
../Core/Src/src/openlcb/openlcb_utilities.c:417:6:OpenLcbUtilities_copy_event_id_to_config_mem_buffer	32	static
../Core/Src/src/openlcb/openlcb_utilities.c:429:12:OpenLcbUtilities_copy_config_mem_buffer_to_event_id	48	static
