../Core/Src/src/openlcb/openlcb_config.c:94:13:_build_event_transport	8	static
../Core/Src/src/openlcb/openlcb_config.c:117:13:_build_broadcast_time	8	static
../Core/Src/src/openlcb/openlcb_config.c:131:13:_build_app_broadcast_time	8	static
../Core/Src/src/openlcb/openlcb_config.c:143:13:_build_train_handler	8	static
../Core/Src/src/openlcb/openlcb_config.c:175:13:_build_app_train	8	static
../Core/Src/src/openlcb/openlcb_config.c:184:13:_build_train_search_handler	8	static
../Core/Src/src/openlcb/openlcb_config.c:193:13:_build_node	8	static
../Core/Src/src/openlcb/openlcb_config.c:201:13:_build_login_message_handler	8	static
../Core/Src/src/openlcb/openlcb_config.c:211:13:_build_login_statemachine	8	static
../Core/Src/src/openlcb/openlcb_config.c:235:13:_build_snip	8	static
../Core/Src/src/openlcb/openlcb_config.c:243:13:_build_config_mem_read	8	static
../Core/Src/src/openlcb/openlcb_config.c:281:13:_build_config_mem_write	8	static
../Core/Src/src/openlcb/openlcb_config.c:306:13:_build_config_mem_operations	8	static
../Core/Src/src/openlcb/openlcb_config.c:324:13:_build_datagram_handler	8	static
../Core/Src/src/openlcb/openlcb_config.c:378:13:_build_main_statemachine	8	static
../Core/Src/src/openlcb/openlcb_config.c:489:13:_build_application	8	static
../Core/Src/src/openlcb/openlcb_config.c:501:6:OpenLcb_initialize	16	static
../Core/Src/src/openlcb/openlcb_config.c:627:17:OpenLcb_create_node	24	static
../Core/Src/src/openlcb/openlcb_config.c:633:6:OpenLcb_run	8	static
