../Core/Src/src/openlcb/openlcb_application_train.c:51:6:OpenLcbApplicationTrain_initialize	16	static
../Core/Src/src/openlcb/openlcb_application_train.c:61:16:OpenLcbApplicationTrain_setup	24	static
../Core/Src/src/openlcb/openlcb_application_train.c:93:16:OpenLcbApplicationTrain_get_state	16	static
../Core/Src/src/openlcb/openlcb_application_train.c:108:6:OpenLcbApplicationTrain_100ms_timer_tick	16	static
../Core/Src/src/openlcb/openlcb_application_train.c:146:13:_prepare_train_command	56	static
../Core/Src/src/openlcb/openlcb_application_train.c:169:6:OpenLcbApplicationTrain_send_set_speed	88	static
../Core/Src/src/openlcb/openlcb_application_train.c:187:6:OpenLcbApplicationTrain_send_set_function	88	static
../Core/Src/src/openlcb/openlcb_application_train.c:210:6:OpenLcbApplicationTrain_send_emergency_stop	88	static
../Core/Src/src/openlcb/openlcb_application_train.c:228:6:OpenLcbApplicationTrain_send_query_speeds	88	static
../Core/Src/src/openlcb/openlcb_application_train.c:246:6:OpenLcbApplicationTrain_send_query_function	88	static
../Core/Src/src/openlcb/openlcb_application_train.c:266:6:OpenLcbApplicationTrain_send_assign_controller	88	static
../Core/Src/src/openlcb/openlcb_application_train.c:285:6:OpenLcbApplicationTrain_send_release_controller	88	static
../Core/Src/src/openlcb/openlcb_application_train.c:304:6:OpenLcbApplicationTrain_send_noop	88	static
../Core/Src/src/openlcb/openlcb_application_train.c:321:6:OpenLcbApplicationTrain_set_dcc_address	16	static
../Core/Src/src/openlcb/openlcb_application_train.c:334:10:OpenLcbApplicationTrain_get_dcc_address	16	static
../Core/Src/src/openlcb/openlcb_application_train.c:346:6:OpenLcbApplicationTrain_is_long_address	16	static
../Core/Src/src/openlcb/openlcb_application_train.c:358:6:OpenLcbApplicationTrain_set_speed_steps	16	static
../Core/Src/src/openlcb/openlcb_application_train.c:370:9:OpenLcbApplicationTrain_get_speed_steps	16	static
