../Core/Src/src/openlcb/openlcb_application_broadcast_time.c:51:27:_find_clock_by_id	24	static
../Core/Src/src/openlcb/openlcb_application_broadcast_time.c:64:27:_find_or_allocate_clock	24	static
../Core/Src/src/openlcb/openlcb_application_broadcast_time.c:91:6:OpenLcbApplicationBroadcastTime_initialize	16	static
../Core/Src/src/openlcb/openlcb_application_broadcast_time.c:101:26:OpenLcbApplicationBroadcastTime_setup_consumer	56	static
../Core/Src/src/openlcb/openlcb_application_broadcast_time.c:130:26:OpenLcbApplicationBroadcastTime_setup_producer	56	static
../Core/Src/src/openlcb/openlcb_application_broadcast_time.c:159:6:OpenLcbApplicationBroadcastTime_start	24	static
../Core/Src/src/openlcb/openlcb_application_broadcast_time.c:173:6:OpenLcbApplicationBroadcastTime_stop	24	static
../Core/Src/src/openlcb/openlcb_application_broadcast_time.c:190:26:OpenLcbApplicationBroadcastTime_get_clock	24	static
../Core/Src/src/openlcb/openlcb_application_broadcast_time.c:204:6:OpenLcbApplicationBroadcastTime_is_consumer	24	static
../Core/Src/src/openlcb/openlcb_application_broadcast_time.c:218:6:OpenLcbApplicationBroadcastTime_is_producer	24	static
../Core/Src/src/openlcb/openlcb_application_broadcast_time.c:236:13:_is_leap_year	16	static
../Core/Src/src/openlcb/openlcb_application_broadcast_time.c:242:16:_days_in_month	24	static
../Core/Src/src/openlcb/openlcb_application_broadcast_time.c:262:13:_advance_minute_forward	24	static
../Core/Src/src/openlcb/openlcb_application_broadcast_time.c:322:13:_advance_minute_backward	16	static
../Core/Src/src/openlcb/openlcb_application_broadcast_time.c:429:6:OpenLcbApplicationBroadcastTime_100ms_time_tick	24	static
../Core/Src/src/openlcb/openlcb_application_broadcast_time.c:482:6:OpenLcbApplicationBroadcastTime_send_report_time	56	static
../Core/Src/src/openlcb/openlcb_application_broadcast_time.c:502:6:OpenLcbApplicationBroadcastTime_send_report_date	56	static
../Core/Src/src/openlcb/openlcb_application_broadcast_time.c:522:6:OpenLcbApplicationBroadcastTime_send_report_year	40	static
../Core/Src/src/openlcb/openlcb_application_broadcast_time.c:542:6:OpenLcbApplicationBroadcastTime_send_report_rate	40	static
../Core/Src/src/openlcb/openlcb_application_broadcast_time.c:562:6:OpenLcbApplicationBroadcastTime_send_start	40	static
../Core/Src/src/openlcb/openlcb_application_broadcast_time.c:582:6:OpenLcbApplicationBroadcastTime_send_stop	40	static
../Core/Src/src/openlcb/openlcb_application_broadcast_time.c:602:6:OpenLcbApplicationBroadcastTime_send_date_rollover	40	static
../Core/Src/src/openlcb/openlcb_application_broadcast_time.c:622:6:OpenLcbApplicationBroadcastTime_send_query_reply	56	static
../Core/Src/src/openlcb/openlcb_application_broadcast_time.c:739:6:OpenLcbApplicationBroadcastTime_send_query	40	static
../Core/Src/src/openlcb/openlcb_application_broadcast_time.c:761:6:OpenLcbApplicationBroadcastTime_send_set_time	40	static
../Core/Src/src/openlcb/openlcb_application_broadcast_time.c:769:6:OpenLcbApplicationBroadcastTime_send_set_date	40	static
../Core/Src/src/openlcb/openlcb_application_broadcast_time.c:777:6:OpenLcbApplicationBroadcastTime_send_set_year	32	static
../Core/Src/src/openlcb/openlcb_application_broadcast_time.c:785:6:OpenLcbApplicationBroadcastTime_send_set_rate	32	static
../Core/Src/src/openlcb/openlcb_application_broadcast_time.c:793:6:OpenLcbApplicationBroadcastTime_send_command_start	32	static
../Core/Src/src/openlcb/openlcb_application_broadcast_time.c:801:6:OpenLcbApplicationBroadcastTime_send_command_stop	32	static
