../Core/Src/src/openlcb/openlcb_main_statemachine.c:126:6:OpenLcbMainStatemachine_initialize	16	static
../Core/Src/src/openlcb/openlcb_main_statemachine.c:175:13:_free_incoming_message	16	static
../Core/Src/src/openlcb/openlcb_main_statemachine.c:230:6:OpenLcbMainStatemachine_does_node_process_msg	16	static
../Core/Src/src/openlcb/openlcb_main_statemachine.c:293:6:OpenLcbMainStatemachine_load_interaction_rejected	56	static
../Core/Src/src/openlcb/openlcb_main_statemachine.c:437:6:OpenLcbMainStatemachine_process_main_statemachine	40	static
../Core/Src/src/openlcb/openlcb_main_statemachine.c:954:6:OpenLcbMainStatemachine_handle_outgoing_openlcb_message	8	static
../Core/Src/src/openlcb/openlcb_main_statemachine.c:1004:6:OpenLcbMainStatemachine_handle_try_reenumerate	8	static
../Core/Src/src/openlcb/openlcb_main_statemachine.c:1050:6:OpenLcbMainStatemachine_handle_try_pop_next_incoming_openlcb_message	8	static
../Core/Src/src/openlcb/openlcb_main_statemachine.c:1098:6:OpenLcbMainStatemachine_handle_try_enumerate_first_node	8	static
../Core/Src/src/openlcb/openlcb_main_statemachine.c:1162:6:OpenLcbMainStatemachine_handle_try_enumerate_next_node	8	static
../Core/Src/src/openlcb/openlcb_main_statemachine.c:1236:6:OpenLcbMainStatemachine_run	8	static
../Core/Src/src/openlcb/openlcb_main_statemachine.c:1325:30:OpenLcbMainStatemachine_get_statemachine_info	4	static
