../Core/Src/src/openlcb/openlcb_config.c:88:13:_build_event_transport	8	static
../Core/Src/src/openlcb/openlcb_config.c:109:13:_build_broadcast_time	8	static
../Core/Src/src/openlcb/openlcb_config.c:121:13:_build_app_broadcast_time	8	static
../Core/Src/src/openlcb/openlcb_config.c:127:13:_build_node	8	static
../Core/Src/src/openlcb/openlcb_config.c:133:13:_build_login_message_handler	8	static
../Core/Src/src/openlcb/openlcb_config.c:143:13:_build_login_statemachine	8	static
../Core/Src/src/openlcb/openlcb_config.c:169:13:_build_snip	8	static
../Core/Src/src/openlcb/openlcb_config.c:175:13:_build_config_mem_read	8	static
../Core/Src/src/openlcb/openlcb_config.c:216:13:_build_config_mem_write	8	static
../Core/Src/src/openlcb/openlcb_config.c:242:13:_build_config_mem_operations	8	static
../Core/Src/src/openlcb/openlcb_config.c:263:13:_build_datagram_handler	8	static
../Core/Src/src/openlcb/openlcb_config.c:336:13:_build_main_statemachine	8	static
../Core/Src/src/openlcb/openlcb_config.c:466:13:_build_application	8	static
../Core/Src/src/openlcb/openlcb_config.c:476:6:OpenLcb_initialize	16	static
../Core/Src/src/openlcb/openlcb_config.c:547:17:OpenLcb_create_node	24	static
../Core/Src/src/openlcb/openlcb_config.c:552:6:OpenLcb_run	8	static
