../Core/Src/src/openlcb/openlcb_buffer_store.c:124:6:OpenLcbBufferStore_initialize	16	static
../Core/Src/src/openlcb/openlcb_buffer_store.c:189:13:_update_buffer_telemetry	16	static
../Core/Src/src/openlcb/openlcb_buffer_store.c:293:16:OpenLcbBufferStore_allocate_buffer	24	static
../Core/Src/src/openlcb/openlcb_buffer_store.c:387:6:OpenLcbBufferStore_free_buffer	16	static
../Core/Src/src/openlcb/openlcb_buffer_store.c:454:10:OpenLcbBufferStore_basic_messages_allocated	4	static
../Core/Src/src/openlcb/openlcb_buffer_store.c:476:10:OpenLcbBufferStore_basic_messages_max_allocated	4	static
../Core/Src/src/openlcb/openlcb_buffer_store.c:496:10:OpenLcbBufferStore_datagram_messages_allocated	4	static
../Core/Src/src/openlcb/openlcb_buffer_store.c:516:10:OpenLcbBufferStore_datagram_messages_max_allocated	4	static
../Core/Src/src/openlcb/openlcb_buffer_store.c:536:10:OpenLcbBufferStore_snip_messages_allocated	4	static
../Core/Src/src/openlcb/openlcb_buffer_store.c:556:10:OpenLcbBufferStore_snip_messages_max_allocated	4	static
../Core/Src/src/openlcb/openlcb_buffer_store.c:576:10:OpenLcbBufferStore_stream_messages_allocated	4	static
../Core/Src/src/openlcb/openlcb_buffer_store.c:596:10:OpenLcbBufferStore_stream_messages_max_allocated	4	static
../Core/Src/src/openlcb/openlcb_buffer_store.c:625:6:OpenLcbBufferStore_inc_reference_count	16	static
../Core/Src/src/openlcb/openlcb_buffer_store.c:655:6:OpenLcbBufferStore_clear_max_allocated	4	static
