../Core/Src/src/openlcb/protocol_event_transport.c:68:6:ProtocolEventTransport_initialize	16	static
../Core/Src/src/openlcb/protocol_event_transport.c:103:13:_identify_producers	72	static
../Core/Src/src/openlcb/protocol_event_transport.c:216:13:_identify_consumers	72	static
../Core/Src/src/openlcb/protocol_event_transport.c:298:13:_test_for_consumed_event	56	static
../Core/Src/src/openlcb/protocol_event_transport.c:326:13:_test_for_consumed_event_pcer	48	static
../Core/Src/src/openlcb/protocol_event_transport.c:386:10:ProtocolEventTransport_extract_consumer_event_status_mti	16	static
../Core/Src/src/openlcb/protocol_event_transport.c:439:10:ProtocolEventTransport_extract_producer_event_status_mti	16	static
../Core/Src/src/openlcb/protocol_event_transport.c:491:6:ProtocolEventTransport_handle_consumer_identify	80	static
../Core/Src/src/openlcb/protocol_event_transport.c:545:6:ProtocolEventTransport_handle_consumer_range_identified	24	static
../Core/Src/src/openlcb/protocol_event_transport.c:583:6:ProtocolEventTransport_handle_consumer_identified_unknown	24	static
../Core/Src/src/openlcb/protocol_event_transport.c:621:6:ProtocolEventTransport_handle_consumer_identified_set	24	static
../Core/Src/src/openlcb/protocol_event_transport.c:659:6:ProtocolEventTransport_handle_consumer_identified_clear	24	static
../Core/Src/src/openlcb/protocol_event_transport.c:698:6:ProtocolEventTransport_handle_consumer_identified_reserved	24	static
../Core/Src/src/openlcb/protocol_event_transport.c:744:6:ProtocolEventTransport_handle_producer_identify	80	static
../Core/Src/src/openlcb/protocol_event_transport.c:799:6:ProtocolEventTransport_handle_producer_range_identified	24	static
../Core/Src/src/openlcb/protocol_event_transport.c:837:6:ProtocolEventTransport_handle_producer_identified_unknown	24	static
../Core/Src/src/openlcb/protocol_event_transport.c:877:6:ProtocolEventTransport_handle_producer_identified_set	24	static
../Core/Src/src/openlcb/protocol_event_transport.c:917:6:ProtocolEventTransport_handle_producer_identified_clear	24	static
../Core/Src/src/openlcb/protocol_event_transport.c:958:6:ProtocolEventTransport_handle_producer_identified_reserved	24	static
../Core/Src/src/openlcb/protocol_event_transport.c:1008:6:ProtocolEventTransport_handle_events_identify	16	static
../Core/Src/src/openlcb/protocol_event_transport.c:1046:6:ProtocolEventTransport_handle_events_identify_dest	16	static
../Core/Src/src/openlcb/protocol_event_transport.c:1087:6:ProtocolEventTransport_handle_event_learn	24	static
../Core/Src/src/openlcb/protocol_event_transport.c:1128:6:ProtocolEventTransport_handle_pc_event_report	24	static
../Core/Src/src/openlcb/protocol_event_transport.c:1179:6:ProtocolEventTransport_handle_pc_event_report_with_payload	40	static
