../Core/Src/src/openlcb/protocol_config_mem_operations_handler.c:74:6:ProtocolConfigMemOperationsHandler_initialize	16	static
../Core/Src/src/openlcb/protocol_config_mem_operations_handler.c:118:41:_decode_to_space_definition	16	static
../Core/Src/src/openlcb/protocol_config_mem_operations_handler.c:190:13:_load_config_mem_reply_message_header	56	static
../Core/Src/src/openlcb/protocol_config_mem_operations_handler.c:237:16:_available_write_flags	24	static
../Core/Src/src/openlcb/protocol_config_mem_operations_handler.c:282:17:_available_commands_flags	24	static
../Core/Src/src/openlcb/protocol_config_mem_operations_handler.c:353:16:_available_address_space_info_flags	24	static
../Core/Src/src/openlcb/protocol_config_mem_operations_handler.c:395:13:_load_datagram_ok_message	16	static
../Core/Src/src/openlcb/protocol_config_mem_operations_handler.c:430:13:_load_datagram_reject_message	16	static
../Core/Src/src/openlcb/protocol_config_mem_operations_handler.c:478:13:_handle_operations_request	16	static
../Core/Src/src/openlcb/protocol_config_mem_operations_handler.c:534:6:ProtocolConfigMemOperationsHandler_request_options_cmd	24	static
../Core/Src/src/openlcb/protocol_config_mem_operations_handler.c:623:6:ProtocolConfigMemOperationsHandler_request_get_address_space_info	32	static
../Core/Src/src/openlcb/protocol_config_mem_operations_handler.c:741:6:ProtocolConfigMemOperationsHandler_request_reserve_lock	32	static
../Core/Src/src/openlcb/protocol_config_mem_operations_handler.c:805:6:ProtocolConfigMemOperationsHandler_options_cmd	24	static
../Core/Src/src/openlcb/protocol_config_mem_operations_handler.c:834:6:ProtocolConfigMemOperationsHandler_options_reply	24	static
../Core/Src/src/openlcb/protocol_config_mem_operations_handler.c:867:6:ProtocolConfigMemOperationsHandler_get_address_space_info	24	static
../Core/Src/src/openlcb/protocol_config_mem_operations_handler.c:898:6:ProtocolConfigMemOperationsHandler_get_address_space_info_reply_not_present	24	static
../Core/Src/src/openlcb/protocol_config_mem_operations_handler.c:929:6:ProtocolConfigMemOperationsHandler_get_address_space_info_reply_present	24	static
../Core/Src/src/openlcb/protocol_config_mem_operations_handler.c:960:6:ProtocolConfigMemOperationsHandler_reserve_lock	24	static
../Core/Src/src/openlcb/protocol_config_mem_operations_handler.c:990:6:ProtocolConfigMemOperationsHandler_reserve_lock_reply	24	static
../Core/Src/src/openlcb/protocol_config_mem_operations_handler.c:1021:6:ProtocolConfigMemOperationsHandler_get_unique_id	24	static
../Core/Src/src/openlcb/protocol_config_mem_operations_handler.c:1051:6:ProtocolConfigMemOperationsHandler_get_unique_id_reply	24	static
../Core/Src/src/openlcb/protocol_config_mem_operations_handler.c:1082:6:ProtocolConfigMemOperationsHandler_unfreeze	24	static
../Core/Src/src/openlcb/protocol_config_mem_operations_handler.c:1113:6:ProtocolConfigMemOperationsHandler_freeze	24	static
../Core/Src/src/openlcb/protocol_config_mem_operations_handler.c:1144:6:ProtocolConfigMemOperationsHandler_update_complete	24	static
../Core/Src/src/openlcb/protocol_config_mem_operations_handler.c:1176:6:ProtocolConfigMemOperationsHandler_reset_reboot	24	static
../Core/Src/src/openlcb/protocol_config_mem_operations_handler.c:1209:6:ProtocolConfigMemOperationsHandler_factory_reset	24	static
