../Core/Src/src/openlcb/protocol_config_mem_write_handler.c:75:6:ProtocolConfigMemWriteHandler_initialize	16	static
../Core/Src/src/openlcb/protocol_config_mem_write_handler.c:117:13:_extract_write_command_parameters	16	static
../Core/Src/src/openlcb/protocol_config_mem_write_handler.c:170:17:_is_valid_write_parameters	16	static
../Core/Src/src/openlcb/protocol_config_mem_write_handler.c:232:13:_check_for_write_overrun	16	static
../Core/Src/src/openlcb/protocol_config_mem_write_handler.c:295:13:_dispatch_write_request	32	static
../Core/Src/src/openlcb/protocol_config_mem_write_handler.c:364:6:ProtocolConfigMemWriteHandler_write_space_config_description_info	48	static
../Core/Src/src/openlcb/protocol_config_mem_write_handler.c:394:6:ProtocolConfigMemWriteHandler_write_space_all	48	static
../Core/Src/src/openlcb/protocol_config_mem_write_handler.c:426:6:ProtocolConfigMemWriteHandler_write_space_config_memory	48	static
../Core/Src/src/openlcb/protocol_config_mem_write_handler.c:458:6:ProtocolConfigMemWriteHandler_write_space_acdi_manufacturer	48	static
../Core/Src/src/openlcb/protocol_config_mem_write_handler.c:489:6:ProtocolConfigMemWriteHandler_write_space_acdi_user	48	static
../Core/Src/src/openlcb/protocol_config_mem_write_handler.c:520:6:ProtocolConfigMemWriteHandler_write_space_train_function_definition_info	48	static
../Core/Src/src/openlcb/protocol_config_mem_write_handler.c:550:6:ProtocolConfigMemWriteHandler_write_space_train_function_config_memory	48	static
../Core/Src/src/openlcb/protocol_config_mem_write_handler.c:582:6:ProtocolConfigMemWriteHandler_write_space_firmware	48	static
../Core/Src/src/openlcb/protocol_config_mem_write_handler.c:616:6:ProtocolConfigMemWriteHandler_write_space_under_mask_message	16	static
../Core/Src/src/openlcb/protocol_config_mem_write_handler.c:642:6:ProtocolConfigMemWriteHandler_write_message	16	static
../Core/Src/src/openlcb/protocol_config_mem_write_handler.c:663:6:ProtocolConfigMemWriteHandler_write_reply_ok_message	16	static
../Core/Src/src/openlcb/protocol_config_mem_write_handler.c:684:6:ProtocolConfigMemWriteHandler_write_reply_fail_message	16	static
../Core/Src/src/openlcb/protocol_config_mem_write_handler.c:733:17:_write_data	32	static
../Core/Src/src/openlcb/protocol_config_mem_write_handler.c:796:6:ProtocolConfigMemWriteHandler_write_request_config_mem	16	static
../Core/Src/src/openlcb/protocol_config_mem_write_handler.c:846:6:ProtocolConfigMemWriteHandler_write_request_acdi_user	16	static
../Core/Src/src/openlcb/protocol_config_mem_write_handler.c:914:6:ProtocolConfigMemWriteHandler_write_request_train_function_config_memory	48	static
