../Core/Src/src/openlcb/protocol_datagram_handler.c:52:6:ProtocolDatagramHandler_initialize	16	static
../Core/Src/src/openlcb/protocol_datagram_handler.c:58:13:_handle_subcommand	16	static
../Core/Src/src/openlcb/protocol_datagram_handler.c:72:13:_handle_read_address_space_at_offset_6	16	static
../Core/Src/src/openlcb/protocol_datagram_handler.c:128:13:_handle_read_reply_ok_address_space_at_offset_6	16	static
../Core/Src/src/openlcb/protocol_datagram_handler.c:184:13:_handle_read_reply_fail_address_space_at_offset_6	16	static
../Core/Src/src/openlcb/protocol_datagram_handler.c:240:13:_handle_read_stream_address_space_at_offset_6	16	static
../Core/Src/src/openlcb/protocol_datagram_handler.c:296:13:_handle_read_stream_reply_ok_address_space_at_offset_6	16	static
../Core/Src/src/openlcb/protocol_datagram_handler.c:352:13:_handle_read_stream_reply_fail_address_space_at_offset_6	16	static
../Core/Src/src/openlcb/protocol_datagram_handler.c:408:13:_handle_write_address_space_at_offset_6	16	static
../Core/Src/src/openlcb/protocol_datagram_handler.c:463:13:_handle_write_reply_ok_address_space_at_offset_6	16	static
../Core/Src/src/openlcb/protocol_datagram_handler.c:519:13:_handle_write_reply_fail_address_space_at_offset_6	16	static
../Core/Src/src/openlcb/protocol_datagram_handler.c:575:13:_handle_write_stream_address_space_at_offset_6	16	static
../Core/Src/src/openlcb/protocol_datagram_handler.c:630:13:_handle_write_stream_reply_ok_address_space_at_offset_6	16	static
../Core/Src/src/openlcb/protocol_datagram_handler.c:686:13:_handle_write_stream_reply_fail_address_space_at_offset_6	16	static
../Core/Src/src/openlcb/protocol_datagram_handler.c:742:13:_handle_write_under_mask_address_space_at_offset_6	16	static
../Core/Src/src/openlcb/protocol_datagram_handler.c:798:13:_handle_datagram_memory_configuration_command	16	static
../Core/Src/src/openlcb/protocol_datagram_handler.c:1210:6:ProtocolDatagramHandler_datagram	16	static
../Core/Src/src/openlcb/protocol_datagram_handler.c:1231:6:ProtocolDatagramHandler_load_datagram_received_ok_message	64	static
../Core/Src/src/openlcb/protocol_datagram_handler.c:1331:6:ProtocolDatagramHandler_load_datagram_rejected_message	56	static
../Core/Src/src/openlcb/protocol_datagram_handler.c:1350:6:ProtocolDatagramHandler_datagram_received_ok	16	static
../Core/Src/src/openlcb/protocol_datagram_handler.c:1358:6:ProtocolDatagramHandler_datagram_rejected	16	static
../Core/Src/src/openlcb/protocol_datagram_handler.c:1378:6:ProtocolDatagramHandler_clear_resend_datagram_message	16	static
../Core/Src/src/openlcb/protocol_datagram_handler.c:1394:6:ProtocolDatagramHandler_100ms_timer_tick	4	static
