../Core/Src/src/openlcb/protocol_train_handler.c:52:6:ProtocolTrainHandler_initialize	16	static
../Core/Src/src/openlcb/protocol_train_handler.c:62:6:ProtocolTrainHandler_attach_listener	32	static
../Core/Src/src/openlcb/protocol_train_handler.c:98:6:ProtocolTrainHandler_detach_listener	32	static
../Core/Src/src/openlcb/protocol_train_handler.c:133:25:ProtocolTrainHandler_find_listener	32	static
../Core/Src/src/openlcb/protocol_train_handler.c:156:9:ProtocolTrainHandler_get_listener_count	16	static
../Core/Src/src/openlcb/protocol_train_handler.c:168:25:ProtocolTrainHandler_get_listener_by_index	16	static
../Core/Src/src/openlcb/protocol_train_handler.c:185:13:_load_reply_header	56	static
../Core/Src/src/openlcb/protocol_train_handler.c:197:13:_load_query_speeds_reply	32	static
../Core/Src/src/openlcb/protocol_train_handler.c:213:13:_load_query_function_reply	32	static
../Core/Src/src/openlcb/protocol_train_handler.c:229:13:_load_controller_assign_reply	24	static
../Core/Src/src/openlcb/protocol_train_handler.c:243:13:_load_controller_query_reply	40	static
../Core/Src/src/openlcb/protocol_train_handler.c:258:13:_load_controller_changed_reply	24	static
../Core/Src/src/openlcb/protocol_train_handler.c:272:13:_load_listener_attach_reply	40	static
../Core/Src/src/openlcb/protocol_train_handler.c:287:13:_load_listener_detach_reply	40	static
../Core/Src/src/openlcb/protocol_train_handler.c:302:13:_load_listener_query_reply	32	static
../Core/Src/src/openlcb/protocol_train_handler.c:319:13:_load_reserve_reply	24	static
../Core/Src/src/openlcb/protocol_train_handler.c:338:17:_extract_fn_address	32	static
../Core/Src/src/openlcb/protocol_train_handler.c:355:13:_handle_set_speed	32	static
../Core/Src/src/openlcb/protocol_train_handler.c:377:13:_handle_set_function	32	static
../Core/Src/src/openlcb/protocol_train_handler.c:399:13:_handle_emergency_stop	32	static
../Core/Src/src/openlcb/protocol_train_handler.c:422:13:_handle_query_speeds	40	static
../Core/Src/src/openlcb/protocol_train_handler.c:444:13:_handle_query_function	32	static
../Core/Src/src/openlcb/protocol_train_handler.c:469:13:_handle_controller_config	96	static
../Core/Src/src/openlcb/protocol_train_handler.c:589:13:_handle_listener_config	88	static
../Core/Src/src/openlcb/protocol_train_handler.c:715:13:_handle_management	32	static
../Core/Src/src/openlcb/protocol_train_handler.c:775:13:_handle_query_speeds_reply	48	static
../Core/Src/src/openlcb/protocol_train_handler.c:792:13:_handle_query_function_reply	32	static
../Core/Src/src/openlcb/protocol_train_handler.c:807:13:_handle_controller_config_reply	56	static
../Core/Src/src/openlcb/protocol_train_handler.c:858:13:_handle_listener_config_reply	88	static
../Core/Src/src/openlcb/protocol_train_handler.c:913:13:_handle_management_reply	48	static
../Core/Src/src/openlcb/protocol_train_handler.c:961:6:ProtocolTrainHandler_handle_train_command	24	static
../Core/Src/src/openlcb/protocol_train_handler.c:1018:6:ProtocolTrainHandler_handle_train_reply	24	static
