../Core/Src/src/openlcb/protocol_snip.c:54:6:ProtocolSnip_initialize	16	static
../Core/Src/src/openlcb/protocol_snip.c:60:13:_process_snip_string	32	static
../Core/Src/src/openlcb/protocol_snip.c:94:17:_process_snip_version	24	static
../Core/Src/src/openlcb/protocol_snip.c:104:10:ProtocolSnip_load_manufacturer_version_id	24	static
../Core/Src/src/openlcb/protocol_snip.c:116:10:ProtocolSnip_load_name	32	static
../Core/Src/src/openlcb/protocol_snip.c:124:10:ProtocolSnip_load_model	32	static
../Core/Src/src/openlcb/protocol_snip.c:132:10:ProtocolSnip_load_hardware_version	32	static
../Core/Src/src/openlcb/protocol_snip.c:140:10:ProtocolSnip_load_software_version	32	static
../Core/Src/src/openlcb/protocol_snip.c:148:10:ProtocolSnip_load_user_version_id	24	static
../Core/Src/src/openlcb/protocol_snip.c:160:10:ProtocolSnip_load_user_name	112	static
../Core/Src/src/openlcb/protocol_snip.c:180:10:ProtocolSnip_load_user_description	112	static
../Core/Src/src/openlcb/protocol_snip.c:199:6:ProtocolSnip_handle_simple_node_info_request	64	static
../Core/Src/src/openlcb/protocol_snip.c:262:6:ProtocolSnip_handle_simple_node_info_reply	16	static
../Core/Src/src/openlcb/protocol_snip.c:268:6:ProtocolSnip_validate_snip_reply	24	static
