../Core/Src/src/openlcb/protocol_config_mem_write_handler.c:50:6:ProtocolConfigMemWriteHandler_initialize	16	static
../Core/Src/src/openlcb/protocol_config_mem_write_handler.c:56:13:_extract_write_command_parameters	16	static
../Core/Src/src/openlcb/protocol_config_mem_write_handler.c:76:17:_is_valid_write_parameters	16	static
../Core/Src/src/openlcb/protocol_config_mem_write_handler.c:106:13:_check_for_write_overrun	16	static
../Core/Src/src/openlcb/protocol_config_mem_write_handler.c:117:13:_load_config_mem_reply_ok_message_header	56	static
../Core/Src/src/openlcb/protocol_config_mem_write_handler.c:158:13:_load_config_mem_reply_fail_message_header	64	static
../Core/Src/src/openlcb/protocol_config_mem_write_handler.c:210:13:_dispatch_write_request	32	static
../Core/Src/src/openlcb/protocol_config_mem_write_handler.c:253:17:_write_data	32	static
../Core/Src/src/openlcb/protocol_config_mem_write_handler.c:286:6:ProtocolConfigMemWriteHandler_write_request_config_mem	16	static
../Core/Src/src/openlcb/protocol_config_mem_write_handler.c:294:6:ProtocolConfigMemWriteHandler_write_request_acdi_user	16	static
../Core/Src/src/openlcb/protocol_config_mem_write_handler.c:326:6:ProtocolConfigMemWriteHandler_write_space_config_description_info	48	static
../Core/Src/src/openlcb/protocol_config_mem_write_handler.c:336:6:ProtocolConfigMemWriteHandler_write_space_all	48	static
../Core/Src/src/openlcb/protocol_config_mem_write_handler.c:346:6:ProtocolConfigMemWriteHandler_write_space_config_memory	48	static
../Core/Src/src/openlcb/protocol_config_mem_write_handler.c:356:6:ProtocolConfigMemWriteHandler_write_space_acdi_manufacturer	48	static
../Core/Src/src/openlcb/protocol_config_mem_write_handler.c:366:6:ProtocolConfigMemWriteHandler_write_space_acdi_user	48	static
../Core/Src/src/openlcb/protocol_config_mem_write_handler.c:376:6:ProtocolConfigMemWriteHandler_write_space_traction_function_definition_info	48	static
../Core/Src/src/openlcb/protocol_config_mem_write_handler.c:386:6:ProtocolConfigMemWriteHandler_write_space_traction_function_config_memory	48	static
../Core/Src/src/openlcb/protocol_config_mem_write_handler.c:396:6:ProtocolConfigMemWriteHandler_write_message	16	static
../Core/Src/src/openlcb/protocol_config_mem_write_handler.c:399:6:ProtocolConfigMemWriteHandler_write_reply_ok_message	16	static
../Core/Src/src/openlcb/protocol_config_mem_write_handler.c:402:6:ProtocolConfigMemWriteHandler_write_reply_fail_message	16	static
