../Core/Src/src/openlcb/protocol_message_network.c:70:6:ProtocolMessageNetwork_initialize	16	static
../Core/Src/src/openlcb/protocol_message_network.c:103:13:_load_duplicate_node_id	56	static
../Core/Src/src/openlcb/protocol_message_network.c:154:13:_load_verified_node_id	64	static
../Core/Src/src/openlcb/protocol_message_network.c:203:6:ProtocolMessageNetwork_handle_initialization_complete	16	static
../Core/Src/src/openlcb/protocol_message_network.c:231:6:ProtocolMessageNetwork_handle_initialization_complete_simple	16	static
../Core/Src/src/openlcb/protocol_message_network.c:273:6:ProtocolMessageNetwork_handle_protocol_support_inquiry	64	static
../Core/Src/src/openlcb/protocol_message_network.c:323:6:ProtocolMessageNetwork_handle_protocol_support_reply	16	static
../Core/Src/src/openlcb/protocol_message_network.c:361:6:ProtocolMessageNetwork_handle_verify_node_id_global	16	static
../Core/Src/src/openlcb/protocol_message_network.c:406:6:ProtocolMessageNetwork_handle_verify_node_id_addressed	16	static
../Core/Src/src/openlcb/protocol_message_network.c:442:6:ProtocolMessageNetwork_handle_verified_node_id	16	static
../Core/Src/src/openlcb/protocol_message_network.c:478:6:ProtocolMessageNetwork_handle_optional_interaction_rejected	16	static
../Core/Src/src/openlcb/protocol_message_network.c:505:6:ProtocolMessageNetwork_handle_terminate_due_to_error	16	static
