../Core/Src/src/openlcb/protocol_datagram_handler.c:92:6:ProtocolDatagramHandler_initialize	16	static
../Core/Src/src/openlcb/protocol_datagram_handler.c:110:13:_handle_subcommand	16	static
../Core/Src/src/openlcb/protocol_datagram_handler.c:125:13:_handle_read_address_space_at_offset_6	16	static
../Core/Src/src/openlcb/protocol_datagram_handler.c:182:13:_handle_read_reply_ok_address_space_at_offset_6	16	static
../Core/Src/src/openlcb/protocol_datagram_handler.c:239:13:_handle_read_reply_fail_address_space_at_offset_6	16	static
../Core/Src/src/openlcb/protocol_datagram_handler.c:296:13:_handle_read_stream_address_space_at_offset_6	16	static
../Core/Src/src/openlcb/protocol_datagram_handler.c:353:13:_handle_read_stream_reply_ok_address_space_at_offset_6	16	static
../Core/Src/src/openlcb/protocol_datagram_handler.c:410:13:_handle_read_stream_reply_fail_address_space_at_offset_6	16	static
../Core/Src/src/openlcb/protocol_datagram_handler.c:467:13:_handle_write_address_space_at_offset_6	16	static
../Core/Src/src/openlcb/protocol_datagram_handler.c:529:13:_handle_write_reply_ok_address_space_at_offset_6	16	static
../Core/Src/src/openlcb/protocol_datagram_handler.c:586:13:_handle_write_reply_fail_address_space_at_offset_6	16	static
../Core/Src/src/openlcb/protocol_datagram_handler.c:643:13:_handle_write_stream_address_space_at_offset_6	16	static
../Core/Src/src/openlcb/protocol_datagram_handler.c:699:13:_handle_write_stream_reply_ok_address_space_at_offset_6	16	static
../Core/Src/src/openlcb/protocol_datagram_handler.c:756:13:_handle_write_stream_reply_fail_address_space_at_offset_6	16	static
../Core/Src/src/openlcb/protocol_datagram_handler.c:813:13:_handle_write_under_mask_address_space_at_offset_6	16	static
../Core/Src/src/openlcb/protocol_datagram_handler.c:883:13:_handle_datagram_memory_configuration_command	16	static
../Core/Src/src/openlcb/protocol_datagram_handler.c:1307:6:ProtocolDatagramHandler_datagram	16	static
../Core/Src/src/openlcb/protocol_datagram_handler.c:1344:6:ProtocolDatagramHandler_load_datagram_received_ok_message	64	static
../Core/Src/src/openlcb/protocol_datagram_handler.c:1451:6:ProtocolDatagramHandler_load_datagram_rejected_message	56	static
../Core/Src/src/openlcb/protocol_datagram_handler.c:1481:6:ProtocolDatagramHandler_datagram_received_ok	16	static
../Core/Src/src/openlcb/protocol_datagram_handler.c:1507:6:ProtocolDatagramHandler_datagram_rejected	24	static
../Core/Src/src/openlcb/protocol_datagram_handler.c:1553:6:ProtocolDatagramHandler_clear_resend_datagram_message	16	static
../Core/Src/src/openlcb/protocol_datagram_handler.c:1578:6:ProtocolDatagramHandler_100ms_timer_tick	16	static
../Core/Src/src/openlcb/protocol_datagram_handler.c:1592:6:ProtocolDatagramHandler_check_timeouts	24	static
