../Core/Src/openlcb_c_lib/openlcb/openlcb_utilities.c:55:10:OpenLcbUtilities_payload_type_to_len	16	static
../Core/Src/openlcb_c_lib/openlcb/openlcb_utilities.c:88:10:OpenLcbUtilities_calculate_memory_offset_into_node_space	24	static
../Core/Src/openlcb_c_lib/openlcb/openlcb_utilities.c:103:6:OpenLcbUtilities_load_openlcb_message	32	static
../Core/Src/openlcb_c_lib/openlcb/openlcb_utilities.c:124:6:OpenLcbUtilities_clear_openlcb_message_payload	24	static
../Core/Src/openlcb_c_lib/openlcb/openlcb_utilities.c:139:6:OpenLcbUtilities_clear_openlcb_message	16	static
../Core/Src/openlcb_c_lib/openlcb/openlcb_utilities.c:160:6:OpenLcbUtilities_copy_event_id_to_openlcb_payload	32	static
../Core/Src/openlcb_c_lib/openlcb/openlcb_utilities.c:175:6:OpenLcbUtilities_copy_byte_to_openlcb_payload	16	static
../Core/Src/openlcb_c_lib/openlcb/openlcb_utilities.c:184:6:OpenLcbUtilities_copy_word_to_openlcb_payload	16	static
../Core/Src/openlcb_c_lib/openlcb/openlcb_utilities.c:194:6:OpenLcbUtilities_copy_dword_to_openlcb_payload	24	static
../Core/Src/openlcb_c_lib/openlcb/openlcb_utilities.c:211:10:OpenLcbUtilities_copy_string_to_openlcb_payload	32	static
../Core/Src/openlcb_c_lib/openlcb/openlcb_utilities.c:243:10:OpenLcbUtilities_copy_byte_array_to_openlcb_payload	32	static
../Core/Src/openlcb_c_lib/openlcb/openlcb_utilities.c:271:6:OpenLcbUtilities_copy_node_id_to_openlcb_payload	32	static
../Core/Src/openlcb_c_lib/openlcb/openlcb_utilities.c:288:11:OpenLcbUtilities_extract_node_id_from_openlcb_payload	112	static
../Core/Src/openlcb_c_lib/openlcb/openlcb_utilities.c:302:12:OpenLcbUtilities_extract_event_id_from_openlcb_payload	144	static
../Core/Src/openlcb_c_lib/openlcb/openlcb_utilities.c:318:9:OpenLcbUtilities_extract_byte_from_openlcb_payload	16	static
../Core/Src/openlcb_c_lib/openlcb/openlcb_utilities.c:325:10:OpenLcbUtilities_extract_word_from_openlcb_payload	16	static
../Core/Src/openlcb_c_lib/openlcb/openlcb_utilities.c:335:10:OpenLcbUtilities_extract_dword_from_openlcb_payload	16	static
../Core/Src/openlcb_c_lib/openlcb/openlcb_utilities.c:351:6:OpenLcbUtilities_set_multi_frame_flag	16	static
../Core/Src/openlcb_c_lib/openlcb/openlcb_utilities.c:360:6:OpenLcbUtilities_is_addressed_openlcb_message	16	static
../Core/Src/openlcb_c_lib/openlcb/openlcb_utilities.c:367:9:OpenLcbUtilities_count_nulls_in_openlcb_payload	24	static
../Core/Src/openlcb_c_lib/openlcb/openlcb_utilities.c:386:6:OpenLcbUtilities_is_addressed_message_for_node	16	static
../Core/Src/openlcb_c_lib/openlcb/openlcb_utilities.c:405:6:OpenLcbUtilities_is_producer_event_assigned_to_node	32	static
../Core/Src/openlcb_c_lib/openlcb/openlcb_utilities.c:424:6:OpenLcbUtilities_is_consumer_event_assigned_to_node	32	static
../Core/Src/openlcb_c_lib/openlcb/openlcb_utilities.c:447:11:OpenLcbUtilities_extract_node_id_from_config_mem_buffer	112	static
../Core/Src/openlcb_c_lib/openlcb/openlcb_utilities.c:461:10:OpenLcbUtilities_extract_word_from_config_mem_buffer	16	static
../Core/Src/openlcb_c_lib/openlcb/openlcb_utilities.c:471:6:OpenLcbUtilities_copy_node_id_to_config_mem_buffer	32	static
../Core/Src/openlcb_c_lib/openlcb/openlcb_utilities.c:483:6:OpenLcbUtilities_copy_event_id_to_config_mem_buffer	32	static
../Core/Src/openlcb_c_lib/openlcb/openlcb_utilities.c:496:12:OpenLcbUtilities_copy_config_mem_buffer_to_event_id	48	static
../Core/Src/openlcb_c_lib/openlcb/openlcb_utilities.c:517:6:OpenLcbUtilities_load_config_mem_reply_write_ok_message_header	56	static
../Core/Src/openlcb_c_lib/openlcb/openlcb_utilities.c:564:6:OpenLcbUtilities_load_config_mem_reply_write_fail_message_header	64	static
../Core/Src/openlcb_c_lib/openlcb/openlcb_utilities.c:621:6:OpenLcbUtilities_load_config_mem_reply_read_ok_message_header	56	static
../Core/Src/openlcb_c_lib/openlcb/openlcb_utilities.c:668:6:OpenLcbUtilities_load_config_mem_reply_read_fail_message_header	64	static
../Core/Src/openlcb_c_lib/openlcb/openlcb_utilities.c:716:7:OpenLcbUtilities_is_event_id_in_consumer_ranges	64	static
../Core/Src/openlcb_c_lib/openlcb/openlcb_utilities.c:738:7:OpenLcbUtilities_is_event_id_in_producer_ranges	64	static
../Core/Src/openlcb_c_lib/openlcb/openlcb_utilities.c:760:13:OpenLcbUtilities_generate_event_range_id	72	static
