../Core/Src/src/openlcb/protocol_config_mem_operations_handler.c:50:6:ProtocolConfigMemOperationsHandler_initialize	16	static
../Core/Src/src/openlcb/protocol_config_mem_operations_handler.c:56:41:_decode_to_space_definition	16	static
../Core/Src/src/openlcb/protocol_config_mem_operations_handler.c:100:13:_load_config_mem_reply_message_header	56	static
../Core/Src/src/openlcb/protocol_config_mem_operations_handler.c:121:16:_available_write_flags	24	static
../Core/Src/src/openlcb/protocol_config_mem_operations_handler.c:135:17:_available_commands_flags	24	static
../Core/Src/src/openlcb/protocol_config_mem_operations_handler.c:178:16:_available_address_space_info_flags	24	static
../Core/Src/src/openlcb/protocol_config_mem_operations_handler.c:197:13:_load_datagram_ok_message	16	static
../Core/Src/src/openlcb/protocol_config_mem_operations_handler.c:206:13:_load_datagram_reject_message	16	static
../Core/Src/src/openlcb/protocol_config_mem_operations_handler.c:215:13:_handle_operations_request	16	static
../Core/Src/src/openlcb/protocol_config_mem_operations_handler.c:238:6:ProtocolConfigMemOperationsHandler_request_options_cmd	24	static
../Core/Src/src/openlcb/protocol_config_mem_operations_handler.c:282:6:ProtocolConfigMemOperationsHandler_request_get_address_space_info	32	static
../Core/Src/src/openlcb/protocol_config_mem_operations_handler.c:358:6:ProtocolConfigMemOperationsHandler_request_reserve_lock	32	static
../Core/Src/src/openlcb/protocol_config_mem_operations_handler.c:394:6:ProtocolConfigMemOperationsHandler_options_cmd	24	static
../Core/Src/src/openlcb/protocol_config_mem_operations_handler.c:404:6:ProtocolConfigMemOperationsHandler_options_reply	24	static
../Core/Src/src/openlcb/protocol_config_mem_operations_handler.c:415:6:ProtocolConfigMemOperationsHandler_get_address_space_info	24	static
../Core/Src/src/openlcb/protocol_config_mem_operations_handler.c:426:6:ProtocolConfigMemOperationsHandler_get_address_space_info_reply_not_present	24	static
../Core/Src/src/openlcb/protocol_config_mem_operations_handler.c:437:6:ProtocolConfigMemOperationsHandler_get_address_space_info_reply_present	24	static
../Core/Src/src/openlcb/protocol_config_mem_operations_handler.c:448:6:ProtocolConfigMemOperationsHandler_reserve_lock	24	static
../Core/Src/src/openlcb/protocol_config_mem_operations_handler.c:459:6:ProtocolConfigMemOperationsHandler_reserve_lock_reply	24	static
../Core/Src/src/openlcb/protocol_config_mem_operations_handler.c:471:6:ProtocolConfigMemOperationsHandler_get_unique_id	24	static
../Core/Src/src/openlcb/protocol_config_mem_operations_handler.c:482:6:ProtocolConfigMemOperationsHandler_get_unique_id_reply	24	static
../Core/Src/src/openlcb/protocol_config_mem_operations_handler.c:493:6:ProtocolConfigMemOperationsHandler_unfreeze	24	static
../Core/Src/src/openlcb/protocol_config_mem_operations_handler.c:504:6:ProtocolConfigMemOperationsHandler_freeze	24	static
../Core/Src/src/openlcb/protocol_config_mem_operations_handler.c:515:6:ProtocolConfigMemOperationsHandler_update_complete	24	static
../Core/Src/src/openlcb/protocol_config_mem_operations_handler.c:526:6:ProtocolConfigMemOperationsHandler_reset_reboot	24	static
../Core/Src/src/openlcb/protocol_config_mem_operations_handler.c:537:6:ProtocolConfigMemOperationsHandler_factory_reset	24	static
