../Core/Src/openlcb_c_lib/drivers/canbus/can_main_statemachine.c:84:6:CanMainStatemachine_initialize	16	static
../Core/Src/openlcb_c_lib/drivers/canbus/can_main_statemachine.c:110:13:_reset_node	16	static
../Core/Src/openlcb_c_lib/drivers/canbus/can_main_statemachine.c:151:13:_process_duplicate_aliases	32	static
../Core/Src/openlcb_c_lib/drivers/canbus/can_main_statemachine.c:178:26:CanMainStateMachine_get_can_statemachine_info	4	static
../Core/Src/openlcb_c_lib/drivers/canbus/can_main_statemachine.c:192:6:CanMainStatemachine_handle_duplicate_aliases	16	static
../Core/Src/openlcb_c_lib/drivers/canbus/can_main_statemachine.c:226:6:CanMainStatemachine_handle_outgoing_can_message	8	static
../Core/Src/openlcb_c_lib/drivers/canbus/can_main_statemachine.c:262:6:CanMainStatemachine_handle_login_outgoing_can_message	8	static
../Core/Src/openlcb_c_lib/drivers/canbus/can_main_statemachine.c:289:6:CanMainStatemachine_handle_try_enumerate_first_node	8	static
../Core/Src/openlcb_c_lib/drivers/canbus/can_main_statemachine.c:326:6:CanMainStatemachine_handle_try_enumerate_next_node	8	static
../Core/Src/openlcb_c_lib/drivers/canbus/can_main_statemachine.c:361:6:CanMainStatemachine_handle_listener_verification	32	static
../Core/Src/openlcb_c_lib/drivers/canbus/can_main_statemachine.c:406:6:CanMainStateMachine_run	8	static
