../Core/Src/openlcb_c_lib/drivers/canbus/can_rx_message_handler.c:65:6:CanRxMessageHandler_initialize	16	static
../Core/Src/openlcb_c_lib/drivers/canbus/can_rx_message_handler.c:90:13:_load_reject_message	56	static
../Core/Src/openlcb_c_lib/drivers/canbus/can_rx_message_handler.c:151:13:_check_for_duplicate_alias	40	static
../Core/Src/openlcb_c_lib/drivers/canbus/can_rx_message_handler.c:184:6:CanRxMessageHandler_first_frame	56	static
../Core/Src/openlcb_c_lib/drivers/canbus/can_rx_message_handler.c:230:6:CanRxMessageHandler_middle_frame	32	static
../Core/Src/openlcb_c_lib/drivers/canbus/can_rx_message_handler.c:264:6:CanRxMessageHandler_last_frame	32	static
../Core/Src/openlcb_c_lib/drivers/canbus/can_rx_message_handler.c:289:6:CanRxMessageHandler_single_frame	56	static
../Core/Src/openlcb_c_lib/drivers/canbus/can_rx_message_handler.c:336:6:CanRxMessageHandler_can_legacy_snip	32	static
../Core/Src/openlcb_c_lib/drivers/canbus/can_rx_message_handler.c:367:6:CanRxMessageHandler_stream_frame	16	static
../Core/Src/openlcb_c_lib/drivers/canbus/can_rx_message_handler.c:387:6:CanRxMessageHandler_cid_frame	32	static
../Core/Src/openlcb_c_lib/drivers/canbus/can_rx_message_handler.c:416:6:CanRxMessageHandler_rid_frame	16	static
../Core/Src/openlcb_c_lib/drivers/canbus/can_rx_message_handler.c:437:13:_release_held_messages_for_listener	40	static
../Core/Src/openlcb_c_lib/drivers/canbus/can_rx_message_handler.c:509:6:CanRxMessageHandler_amd_frame	32	static
../Core/Src/openlcb_c_lib/drivers/canbus/can_rx_message_handler.c:541:6:CanRxMessageHandler_ame_frame	48	static
../Core/Src/openlcb_c_lib/drivers/canbus/can_rx_message_handler.c:616:13:_check_and_release_messages_by_source_alias	24	static
../Core/Src/openlcb_c_lib/drivers/canbus/can_rx_message_handler.c:662:6:CanRxMessageHandler_amr_frame	24	static
../Core/Src/openlcb_c_lib/drivers/canbus/can_rx_message_handler.c:682:6:CanRxMessageHandler_error_info_report_frame	16	static
