../Core/Src/openlcb_c_lib/drivers/canbus/can_login_message_handler.c:59:6:CanLoginMessageHandler_initialize	16	static
../Core/Src/openlcb_c_lib/drivers/canbus/can_login_message_handler.c:78:17:_generate_seed	64	static
../Core/Src/openlcb_c_lib/drivers/canbus/can_login_message_handler.c:108:17:_generate_alias	24	static
../Core/Src/openlcb_c_lib/drivers/canbus/can_login_message_handler.c:128:6:CanLoginMessageHandler_state_init	16	static
../Core/Src/openlcb_c_lib/drivers/canbus/can_login_message_handler.c:136:6:CanLoginMessageHandler_state_generate_seed	24	static
../Core/Src/openlcb_c_lib/drivers/canbus/can_login_message_handler.c:144:6:CanLoginMessageHandler_state_generate_alias	24	static
../Core/Src/openlcb_c_lib/drivers/canbus/can_login_message_handler.c:168:6:CanLoginMessageHandler_state_load_cid07	16	static
../Core/Src/openlcb_c_lib/drivers/canbus/can_login_message_handler.c:179:6:CanLoginMessageHandler_state_load_cid06	16	static
../Core/Src/openlcb_c_lib/drivers/canbus/can_login_message_handler.c:190:6:CanLoginMessageHandler_state_load_cid05	16	static
../Core/Src/openlcb_c_lib/drivers/canbus/can_login_message_handler.c:201:6:CanLoginMessageHandler_state_load_cid04	16	static
../Core/Src/openlcb_c_lib/drivers/canbus/can_login_message_handler.c:213:6:CanLoginMessageHandler_state_wait_200ms	24	static
../Core/Src/openlcb_c_lib/drivers/canbus/can_login_message_handler.c:227:6:CanLoginMessageHandler_state_load_rid	16	static
../Core/Src/openlcb_c_lib/drivers/canbus/can_login_message_handler.c:238:6:CanLoginMessageHandler_state_load_amd	32	static
