../Core/Src/src/drivers/canbus/alias_mappings.c:99:13:_reset_mappings	16	static
../Core/Src/src/drivers/canbus/alias_mappings.c:147:6:AliasMappings_initialize	8	static
../Core/Src/src/drivers/canbus/alias_mappings.c:189:23:AliasMappings_get_alias_mapping_info	4	static
../Core/Src/src/drivers/canbus/alias_mappings.c:226:6:AliasMappings_set_has_duplicate_alias_flag	4	static
../Core/Src/src/drivers/canbus/alias_mappings.c:259:6:AliasMappings_clear_has_duplicate_alias_flag	4	static
../Core/Src/src/drivers/canbus/alias_mappings.c:326:18:AliasMappings_register	32	static
../Core/Src/src/drivers/canbus/alias_mappings.c:401:6:AliasMappings_unregister	24	static
../Core/Src/src/drivers/canbus/alias_mappings.c:461:18:AliasMappings_find_mapping_by_alias	24	static
../Core/Src/src/drivers/canbus/alias_mappings.c:523:18:AliasMappings_find_mapping_by_node_id	24	static
../Core/Src/src/drivers/canbus/alias_mappings.c:584:6:AliasMappings_flush	8	static
