../Core/Src/src/drivers/canbus/can_rx_message_handler.c:77:6:CanRxMessageHandler_initialize	16	static
../Core/Src/src/drivers/canbus/can_rx_message_handler.c:117:13:_load_reject_message	56	static
../Core/Src/src/drivers/canbus/can_rx_message_handler.c:196:13:_check_for_duplicate_alias	40	static
../Core/Src/src/drivers/canbus/can_rx_message_handler.c:228:6:CanRxMessageHandler_first_frame	56	static
../Core/Src/src/drivers/canbus/can_rx_message_handler.c:273:6:CanRxMessageHandler_middle_frame	32	static
../Core/Src/src/drivers/canbus/can_rx_message_handler.c:293:6:CanRxMessageHandler_last_frame	32	static
../Core/Src/src/drivers/canbus/can_rx_message_handler.c:348:6:CanRxMessageHandler_single_frame	56	static
../Core/Src/src/drivers/canbus/can_rx_message_handler.c:405:6:CanRxMessageHandler_can_legacy_snip	32	static
../Core/Src/src/drivers/canbus/can_rx_message_handler.c:548:6:CanRxMessageHandler_stream_frame	16	static
../Core/Src/src/drivers/canbus/can_rx_message_handler.c:576:6:CanRxMessageHandler_cid_frame	32	static
../Core/Src/src/drivers/canbus/can_rx_message_handler.c:620:6:CanRxMessageHandler_rid_frame	16	static
../Core/Src/src/drivers/canbus/can_rx_message_handler.c:646:6:CanRxMessageHandler_amd_frame	16	static
../Core/Src/src/drivers/canbus/can_rx_message_handler.c:673:6:CanRxMessageHandler_ame_frame	48	static
../Core/Src/src/drivers/canbus/can_rx_message_handler.c:748:6:CanRxMessageHandler_amr_frame	16	static
../Core/Src/src/drivers/canbus/can_rx_message_handler.c:773:6:CanRxMessageHandler_error_info_report_frame	16	static
