../Core/Src/src/drivers/canbus/can_login_message_handler.c:53:6:CanLoginMessageHandler_initialize	16	static
../Core/Src/src/drivers/canbus/can_login_message_handler.c:59:17:_generate_seed	64	static
../Core/Src/src/drivers/canbus/can_login_message_handler.c:77:17:_generate_alias	24	static
../Core/Src/src/drivers/canbus/can_login_message_handler.c:86:6:CanLoginMessageHandler_state_init	16	static
../Core/Src/src/drivers/canbus/can_login_message_handler.c:93:6:CanLoginMessageHandler_state_generate_seed	24	static
../Core/Src/src/drivers/canbus/can_login_message_handler.c:100:6:CanLoginMessageHandler_state_generate_alias	24	static
../Core/Src/src/drivers/canbus/can_login_message_handler.c:116:6:CanLoginMessageHandler_state_load_cid07	16	static
../Core/Src/src/drivers/canbus/can_login_message_handler.c:126:6:CanLoginMessageHandler_state_load_cid06	16	static
../Core/Src/src/drivers/canbus/can_login_message_handler.c:136:6:CanLoginMessageHandler_state_load_cid05	16	static
../Core/Src/src/drivers/canbus/can_login_message_handler.c:146:6:CanLoginMessageHandler_state_load_cid04	16	static
../Core/Src/src/drivers/canbus/can_login_message_handler.c:157:6:CanLoginMessageHandler_state_wait_200ms	16	static
../Core/Src/src/drivers/canbus/can_login_message_handler.c:167:6:CanLoginMessageHandler_state_load_rid	16	static
../Core/Src/src/drivers/canbus/can_login_message_handler.c:177:6:CanLoginMessageHandler_state_load_amd	32	static
