../Core/Src/src/drivers/canbus/can_rx_message_handler.c:59:6:CanRxMessageHandler_initialize	16	static
../Core/Src/src/drivers/canbus/can_rx_message_handler.c:65:13:_load_reject_message	56	static
../Core/Src/src/drivers/canbus/can_rx_message_handler.c:108:13:_check_for_duplicate_alias	40	static
../Core/Src/src/drivers/canbus/can_rx_message_handler.c:135:6:CanRxMessageHandler_first_frame	56	static
../Core/Src/src/drivers/canbus/can_rx_message_handler.c:180:6:CanRxMessageHandler_middle_frame	32	static
../Core/Src/src/drivers/canbus/can_rx_message_handler.c:200:6:CanRxMessageHandler_last_frame	32	static
../Core/Src/src/drivers/canbus/can_rx_message_handler.c:225:6:CanRxMessageHandler_single_frame	56	static
../Core/Src/src/drivers/canbus/can_rx_message_handler.c:255:6:CanRxMessageHandler_can_legacy_snip	32	static
../Core/Src/src/drivers/canbus/can_rx_message_handler.c:284:6:CanRxMessageHandler_stream_frame	16	static
../Core/Src/src/drivers/canbus/can_rx_message_handler.c:289:6:CanRxMessageHandler_cid_frame	32	static
../Core/Src/src/drivers/canbus/can_rx_message_handler.c:308:6:CanRxMessageHandler_rid_frame	16	static
../Core/Src/src/drivers/canbus/can_rx_message_handler.c:314:6:CanRxMessageHandler_amd_frame	16	static
../Core/Src/src/drivers/canbus/can_rx_message_handler.c:320:6:CanRxMessageHandler_ame_frame	48	static
../Core/Src/src/drivers/canbus/can_rx_message_handler.c:367:6:CanRxMessageHandler_amr_frame	16	static
../Core/Src/src/drivers/canbus/can_rx_message_handler.c:373:6:CanRxMessageHandler_error_info_report_frame	16	static
