../Drivers/CMSIS/Include/core_cm4.h:2064:26:ITM_SendChar	16	static,ignoring_inline_asm
../Core/Src/main.c:147:6:ITM_Print	16	static
../Core/Src/main.c:159:5:main	8	static
../Core/Src/main.c:227:6:SystemClock_Config	88	static
../Core/Src/main.c:272:13:MX_CAN1_Init	8	static
../Core/Src/main.c:308:13:MX_I2C1_Init	8	static
../Core/Src/main.c:341:13:MX_I2S3_Init	8	static
../Core/Src/main.c:374:13:MX_SPI1_Init	8	static
../Core/Src/main.c:411:13:MX_TIM7_Init	16	static
../Core/Src/main.c:448:13:MX_GPIO_Init	56	static
../Core/Src/main.c:547:6:Error_Handler	4	static,ignoring_inline_asm
