../Core/Src/stm32_driverlib_drivers.c:51:6:STM32_DriverLibDrivers_initialize	16	static
../Core/Src/stm32_driverlib_drivers.c:60:6:STM32_DriverLibDrivers_reboot	16	static
../Core/Src/stm32_driverlib_drivers.c:66:10:STM32_DriverLibDrivers_config_mem_read	64	static
../Core/Src/stm32_driverlib_drivers.c:98:10:STM32_DriverLibDrivers_config_mem_write	24	static
../Core/Src/stm32_driverlib_drivers.c:104:6:STM32_DriverLibDrivers_config_mem_factory_reset	4	static
../Core/Src/stm32_driverlib_drivers.c:108:6:STM32_DriverLibDrivers_lock_shared_resources	8	static
../Core/Src/stm32_driverlib_drivers.c:116:6:STM32_DriverLibDrivers_unlock_shared_resources	8	static
../Core/Src/stm32_driverlib_drivers.c:124:6:HAL_TIM_PeriodElapsedCallback	16	static
