../Core/Src/openlcb_c_lib/openlcb/openlcb_utilities.c:56:10:OpenLcbUtilities_payload_type_to_len	16	static
../Core/Src/openlcb_c_lib/openlcb/openlcb_utilities.c:89:10:OpenLcbUtilities_calculate_memory_offset_into_node_space	24	static
../Core/Src/openlcb_c_lib/openlcb/openlcb_utilities.c:104:6:OpenLcbUtilities_load_openlcb_message	32	static
../Core/Src/openlcb_c_lib/openlcb/openlcb_utilities.c:125:6:OpenLcbUtilities_clear_openlcb_message_payload	24	static
../Core/Src/openlcb_c_lib/openlcb/openlcb_utilities.c:140:6:OpenLcbUtilities_clear_openlcb_message	16	static
../Core/Src/openlcb_c_lib/openlcb/openlcb_utilities.c:161:6:OpenLcbUtilities_copy_event_id_to_openlcb_payload	32	static
../Core/Src/openlcb_c_lib/openlcb/openlcb_utilities.c:176:6:OpenLcbUtilities_copy_byte_to_openlcb_payload	16	static
../Core/Src/openlcb_c_lib/openlcb/openlcb_utilities.c:185:6:OpenLcbUtilities_copy_word_to_openlcb_payload	16	static
../Core/Src/openlcb_c_lib/openlcb/openlcb_utilities.c:195:6:OpenLcbUtilities_copy_dword_to_openlcb_payload	24	static
../Core/Src/openlcb_c_lib/openlcb/openlcb_utilities.c:212:10:OpenLcbUtilities_copy_string_to_openlcb_payload	32	static
../Core/Src/openlcb_c_lib/openlcb/openlcb_utilities.c:244:10:OpenLcbUtilities_copy_byte_array_to_openlcb_payload	32	static
../Core/Src/openlcb_c_lib/openlcb/openlcb_utilities.c:272:6:OpenLcbUtilities_copy_node_id_to_openlcb_payload	32	static
../Core/Src/openlcb_c_lib/openlcb/openlcb_utilities.c:289:11:OpenLcbUtilities_extract_node_id_from_openlcb_payload	112	static
../Core/Src/openlcb_c_lib/openlcb/openlcb_utilities.c:303:12:OpenLcbUtilities_extract_event_id_from_openlcb_payload	144	static
../Core/Src/openlcb_c_lib/openlcb/openlcb_utilities.c:319:9:OpenLcbUtilities_extract_byte_from_openlcb_payload	16	static
../Core/Src/openlcb_c_lib/openlcb/openlcb_utilities.c:326:10:OpenLcbUtilities_extract_word_from_openlcb_payload	16	static
../Core/Src/openlcb_c_lib/openlcb/openlcb_utilities.c:336:10:OpenLcbUtilities_extract_dword_from_openlcb_payload	16	static
../Core/Src/openlcb_c_lib/openlcb/openlcb_utilities.c:352:6:OpenLcbUtilities_set_multi_frame_flag	16	static
../Core/Src/openlcb_c_lib/openlcb/openlcb_utilities.c:361:6:OpenLcbUtilities_is_addressed_openlcb_message	16	static
../Core/Src/openlcb_c_lib/openlcb/openlcb_utilities.c:368:9:OpenLcbUtilities_count_nulls_in_openlcb_payload	24	static
../Core/Src/openlcb_c_lib/openlcb/openlcb_utilities.c:387:6:OpenLcbUtilities_is_addressed_message_for_node	16	static
../Core/Src/openlcb_c_lib/openlcb/openlcb_utilities.c:406:6:OpenLcbUtilities_is_producer_event_assigned_to_node	32	static
../Core/Src/openlcb_c_lib/openlcb/openlcb_utilities.c:425:6:OpenLcbUtilities_is_consumer_event_assigned_to_node	32	static
../Core/Src/openlcb_c_lib/openlcb/openlcb_utilities.c:448:11:OpenLcbUtilities_extract_node_id_from_config_mem_buffer	112	static
../Core/Src/openlcb_c_lib/openlcb/openlcb_utilities.c:462:10:OpenLcbUtilities_extract_word_from_config_mem_buffer	16	static
../Core/Src/openlcb_c_lib/openlcb/openlcb_utilities.c:472:6:OpenLcbUtilities_copy_node_id_to_config_mem_buffer	32	static
../Core/Src/openlcb_c_lib/openlcb/openlcb_utilities.c:484:6:OpenLcbUtilities_copy_event_id_to_config_mem_buffer	32	static
../Core/Src/openlcb_c_lib/openlcb/openlcb_utilities.c:497:12:OpenLcbUtilities_copy_config_mem_buffer_to_event_id	48	static
../Core/Src/openlcb_c_lib/openlcb/openlcb_utilities.c:518:6:OpenLcbUtilities_load_config_mem_reply_write_ok_message_header	56	static
../Core/Src/openlcb_c_lib/openlcb/openlcb_utilities.c:565:6:OpenLcbUtilities_load_config_mem_reply_write_fail_message_header	64	static
../Core/Src/openlcb_c_lib/openlcb/openlcb_utilities.c:622:6:OpenLcbUtilities_load_config_mem_reply_read_ok_message_header	56	static
../Core/Src/openlcb_c_lib/openlcb/openlcb_utilities.c:669:6:OpenLcbUtilities_load_config_mem_reply_read_fail_message_header	64	static
../Core/Src/openlcb_c_lib/openlcb/openlcb_utilities.c:717:7:OpenLcbUtilities_is_event_id_in_consumer_ranges	64	static
../Core/Src/openlcb_c_lib/openlcb/openlcb_utilities.c:739:7:OpenLcbUtilities_is_event_id_in_producer_ranges	64	static
../Core/Src/openlcb_c_lib/openlcb/openlcb_utilities.c:761:13:OpenLcbUtilities_generate_event_range_id	72	static
../Core/Src/openlcb_c_lib/openlcb/openlcb_utilities.c:784:7:OpenLcbUtilities_is_broadcast_time_event	24	static
../Core/Src/openlcb_c_lib/openlcb/openlcb_utilities.c:820:11:OpenLcbUtilities_extract_clock_id_from_time_event	24	static
../Core/Src/openlcb_c_lib/openlcb/openlcb_utilities.c:827:33:OpenLcbUtilities_get_broadcast_time_event_type	24	static
../Core/Src/openlcb_c_lib/openlcb/openlcb_utilities.c:918:7:OpenLcbUtilities_extract_time_from_event_id	32	static
../Core/Src/openlcb_c_lib/openlcb/openlcb_utilities.c:956:7:OpenLcbUtilities_extract_date_from_event_id	32	static
../Core/Src/openlcb_c_lib/openlcb/openlcb_utilities.c:996:7:OpenLcbUtilities_extract_year_from_event_id	32	static
../Core/Src/openlcb_c_lib/openlcb/openlcb_utilities.c:1036:7:OpenLcbUtilities_extract_rate_from_event_id	32	static
../Core/Src/openlcb_c_lib/openlcb/openlcb_utilities.c:1075:13:OpenLcbUtilities_create_time_event_id	56	static
../Core/Src/openlcb_c_lib/openlcb/openlcb_utilities.c:1092:13:OpenLcbUtilities_create_date_event_id	56	static
../Core/Src/openlcb_c_lib/openlcb/openlcb_utilities.c:1109:13:OpenLcbUtilities_create_year_event_id	56	static
../Core/Src/openlcb_c_lib/openlcb/openlcb_utilities.c:1126:13:OpenLcbUtilities_create_rate_event_id	56	static
../Core/Src/openlcb_c_lib/openlcb/openlcb_utilities.c:1143:13:OpenLcbUtilities_create_command_event_id	56	static
../Core/Src/openlcb_c_lib/openlcb/openlcb_utilities.c:1185:6:OpenLcbUtilities_is_train_search_event	16	static
../Core/Src/openlcb_c_lib/openlcb/openlcb_utilities.c:1192:6:OpenLcbUtilities_extract_train_search_digits	32	static
../Core/Src/openlcb_c_lib/openlcb/openlcb_utilities.c:1217:9:OpenLcbUtilities_extract_train_search_flags	16	static
../Core/Src/openlcb_c_lib/openlcb/openlcb_utilities.c:1224:10:OpenLcbUtilities_train_search_digits_to_address	24	static
../Core/Src/openlcb_c_lib/openlcb/openlcb_utilities.c:1249:12:OpenLcbUtilities_create_train_search_event_id	40	static
../Core/Src/openlcb_c_lib/openlcb/openlcb_utilities.c:1294:6:OpenLcbUtilities_is_emergency_event	16	static
