../Core/Src/openlcb_c_lib/openlcb/openlcb_login_statemachine.c:116:6:OpenLcbLoginStateMachine_initialize	16	static
../Core/Src/openlcb_c_lib/openlcb/openlcb_login_statemachine.c:163:6:OpenLcbLoginStateMachine_process	16	static
../Core/Src/openlcb_c_lib/openlcb/openlcb_login_statemachine.c:223:13:_sibling_dispatch_begin	8	static
../Core/Src/openlcb_c_lib/openlcb/openlcb_login_statemachine.c:259:13:_sibling_handle_outgoing	8	static
../Core/Src/openlcb_c_lib/openlcb/openlcb_login_statemachine.c:287:13:_sibling_handle_reenumerate	8	static
../Core/Src/openlcb_c_lib/openlcb/openlcb_login_statemachine.c:311:13:_sibling_dispatch_current	8	static
../Core/Src/openlcb_c_lib/openlcb/openlcb_login_statemachine.c:340:13:_sibling_dispatch_advance	8	static
../Core/Src/openlcb_c_lib/openlcb/openlcb_login_statemachine.c:380:6:OpenLcbLoginStatemachine_handle_outgoing_openlcb_message	8	static
../Core/Src/openlcb_c_lib/openlcb/openlcb_login_statemachine.c:415:6:OpenLcbLoginStatemachine_handle_try_reenumerate	8	static
../Core/Src/openlcb_c_lib/openlcb/openlcb_login_statemachine.c:440:6:OpenLcbLoginStatemachine_handle_try_enumerate_first_node	8	static
../Core/Src/openlcb_c_lib/openlcb/openlcb_login_statemachine.c:477:6:OpenLcbLoginStatemachine_handle_try_enumerate_next_node	8	static
../Core/Src/openlcb_c_lib/openlcb/openlcb_login_statemachine.c:514:6:OpenLcbLoginMainStatemachine_run	8	static
../Core/Src/openlcb_c_lib/openlcb/openlcb_login_statemachine.c:592:36:OpenLcbLoginStatemachine_get_statemachine_info	4	static
