../Core/Src/openlcb_c_lib/openlcb/openlcb_application.c:69:6:OpenLcbApplication_initialize	16	static
../Core/Src/openlcb_c_lib/openlcb/openlcb_application.c:97:6:OpenLcbApplication_send_event_with_mti	112	static
../Core/Src/openlcb_c_lib/openlcb/openlcb_application.c:137:6:OpenLcbApplication_clear_consumer_eventids	16	static
../Core/Src/openlcb_c_lib/openlcb/openlcb_application.c:155:6:OpenLcbApplication_clear_producer_eventids	16	static
../Core/Src/openlcb_c_lib/openlcb/openlcb_application.c:181:10:OpenLcbApplication_register_consumer_eventid	24	static
../Core/Src/openlcb_c_lib/openlcb/openlcb_application.c:217:10:OpenLcbApplication_register_producer_eventid	24	static
../Core/Src/openlcb_c_lib/openlcb/openlcb_application.c:245:6:OpenLcbApplication_clear_consumer_ranges	16	static
../Core/Src/openlcb_c_lib/openlcb/openlcb_application.c:263:6:OpenLcbApplication_clear_producer_ranges	16	static
../Core/Src/openlcb_c_lib/openlcb/openlcb_application.c:289:6:OpenLcbApplication_register_consumer_range	24	static
../Core/Src/openlcb_c_lib/openlcb/openlcb_application.c:325:6:OpenLcbApplication_register_producer_range	24	static
../Core/Src/openlcb_c_lib/openlcb/openlcb_application.c:363:6:OpenLcbApplication_send_event_pc_report	112	static
../Core/Src/openlcb_c_lib/openlcb/openlcb_application.c:415:6:OpenLcbApplication_send_teach_event	112	static
../Core/Src/openlcb_c_lib/openlcb/openlcb_application.c:469:6:OpenLcbApplication_send_initialization_event	104	static
../Core/Src/openlcb_c_lib/openlcb/openlcb_application.c:518:10:OpenLcbApplication_read_configuration_memory	32	static
../Core/Src/openlcb_c_lib/openlcb/openlcb_application.c:554:10:OpenLcbApplication_write_configuration_memory	32	static
