../Core/Src/openlcb_c_lib/openlcb/openlcb_config.c:161:9:OpenLcb_get_global_100ms_tick	4	static
../Core/Src/openlcb_c_lib/openlcb/openlcb_config.c:172:13:_build_event_transport	8	static
../Core/Src/openlcb_c_lib/openlcb/openlcb_config.c:291:13:_build_node	8	static
../Core/Src/openlcb_c_lib/openlcb/openlcb_config.c:300:13:_build_login_message_handler	8	static
../Core/Src/openlcb_c_lib/openlcb/openlcb_config.c:313:13:_build_login_statemachine	8	static
../Core/Src/openlcb_c_lib/openlcb/openlcb_config.c:340:13:_build_msg_network	8	static
../Core/Src/openlcb_c_lib/openlcb/openlcb_config.c:350:13:_build_snip	8	static
../Core/Src/openlcb_c_lib/openlcb/openlcb_config.c:363:13:_build_config_mem_read	8	static
../Core/Src/openlcb_c_lib/openlcb/openlcb_config.c:400:13:_build_config_mem_write	8	static
../Core/Src/openlcb_c_lib/openlcb/openlcb_config.c:427:13:_build_config_mem_operations	8	static
../Core/Src/openlcb_c_lib/openlcb/openlcb_config.c:452:13:_build_datagram_handler	8	static
../Core/Src/openlcb_c_lib/openlcb/openlcb_config.c:521:13:_build_main_statemachine	8	static
../Core/Src/openlcb_c_lib/openlcb/openlcb_config.c:611:13:_build_application	8	static
../Core/Src/openlcb_c_lib/openlcb/openlcb_config.c:639:6:OpenLcb_initialize	16	static
../Core/Src/openlcb_c_lib/openlcb/openlcb_config.c:739:17:OpenLcb_create_node	24	static
../Core/Src/openlcb_c_lib/openlcb/openlcb_config.c:752:13:_run_periodic_services	16	static
../Core/Src/openlcb_c_lib/openlcb/openlcb_config.c:774:6:OpenLcb_run	8	static
../Core/Src/openlcb_c_lib/openlcb/openlcb_config.c:786:6:OpenLcb_100ms_timer_tick	4	static
