../Core/Src/openlcb_c_lib/openlcb/openlcb_utilities.c:56:10:OpenLcbUtilities_payload_type_to_len	16	static
../Core/Src/openlcb_c_lib/openlcb/openlcb_utilities.c:85:10:OpenLcbUtilities_calculate_memory_offset_into_node_space	24	static
../Core/Src/openlcb_c_lib/openlcb/openlcb_utilities.c:100:6:OpenLcbUtilities_load_openlcb_message	32	static
../Core/Src/openlcb_c_lib/openlcb/openlcb_utilities.c:121:6:OpenLcbUtilities_clear_openlcb_message_payload	24	static
../Core/Src/openlcb_c_lib/openlcb/openlcb_utilities.c:136:6:OpenLcbUtilities_clear_openlcb_message	16	static
../Core/Src/openlcb_c_lib/openlcb/openlcb_utilities.c:157:6:OpenLcbUtilities_copy_event_id_to_openlcb_payload	32	static
../Core/Src/openlcb_c_lib/openlcb/openlcb_utilities.c:172:6:OpenLcbUtilities_copy_byte_to_openlcb_payload	16	static
../Core/Src/openlcb_c_lib/openlcb/openlcb_utilities.c:181:6:OpenLcbUtilities_copy_word_to_openlcb_payload	16	static
../Core/Src/openlcb_c_lib/openlcb/openlcb_utilities.c:191:6:OpenLcbUtilities_copy_dword_to_openlcb_payload	24	static
../Core/Src/openlcb_c_lib/openlcb/openlcb_utilities.c:208:10:OpenLcbUtilities_copy_string_to_openlcb_payload	32	static
../Core/Src/openlcb_c_lib/openlcb/openlcb_utilities.c:240:10:OpenLcbUtilities_copy_byte_array_to_openlcb_payload	32	static
../Core/Src/openlcb_c_lib/openlcb/openlcb_utilities.c:268:6:OpenLcbUtilities_copy_node_id_to_openlcb_payload	32	static
../Core/Src/openlcb_c_lib/openlcb/openlcb_utilities.c:285:11:OpenLcbUtilities_extract_node_id_from_openlcb_payload	112	static
../Core/Src/openlcb_c_lib/openlcb/openlcb_utilities.c:299:12:OpenLcbUtilities_extract_event_id_from_openlcb_payload	144	static
../Core/Src/openlcb_c_lib/openlcb/openlcb_utilities.c:315:9:OpenLcbUtilities_extract_byte_from_openlcb_payload	16	static
../Core/Src/openlcb_c_lib/openlcb/openlcb_utilities.c:322:10:OpenLcbUtilities_extract_word_from_openlcb_payload	16	static
../Core/Src/openlcb_c_lib/openlcb/openlcb_utilities.c:332:10:OpenLcbUtilities_extract_dword_from_openlcb_payload	16	static
../Core/Src/openlcb_c_lib/openlcb/openlcb_utilities.c:348:6:OpenLcbUtilities_set_multi_frame_flag	16	static
../Core/Src/openlcb_c_lib/openlcb/openlcb_utilities.c:357:6:OpenLcbUtilities_is_addressed_openlcb_message	16	static
../Core/Src/openlcb_c_lib/openlcb/openlcb_utilities.c:364:9:OpenLcbUtilities_count_nulls_in_openlcb_payload	24	static
../Core/Src/openlcb_c_lib/openlcb/openlcb_utilities.c:383:6:OpenLcbUtilities_is_addressed_message_for_node	16	static
../Core/Src/openlcb_c_lib/openlcb/openlcb_utilities.c:402:6:OpenLcbUtilities_is_producer_event_assigned_to_node	32	static
../Core/Src/openlcb_c_lib/openlcb/openlcb_utilities.c:421:6:OpenLcbUtilities_is_consumer_event_assigned_to_node	32	static
../Core/Src/openlcb_c_lib/openlcb/openlcb_utilities.c:444:11:OpenLcbUtilities_extract_node_id_from_config_mem_buffer	112	static
../Core/Src/openlcb_c_lib/openlcb/openlcb_utilities.c:458:10:OpenLcbUtilities_extract_word_from_config_mem_buffer	16	static
../Core/Src/openlcb_c_lib/openlcb/openlcb_utilities.c:468:6:OpenLcbUtilities_copy_node_id_to_config_mem_buffer	32	static
../Core/Src/openlcb_c_lib/openlcb/openlcb_utilities.c:480:6:OpenLcbUtilities_copy_event_id_to_config_mem_buffer	32	static
../Core/Src/openlcb_c_lib/openlcb/openlcb_utilities.c:493:12:OpenLcbUtilities_copy_config_mem_buffer_to_event_id	48	static
../Core/Src/openlcb_c_lib/openlcb/openlcb_utilities.c:514:6:OpenLcbUtilities_load_config_mem_reply_write_ok_message_header	56	static
../Core/Src/openlcb_c_lib/openlcb/openlcb_utilities.c:561:6:OpenLcbUtilities_load_config_mem_reply_write_fail_message_header	64	static
../Core/Src/openlcb_c_lib/openlcb/openlcb_utilities.c:618:6:OpenLcbUtilities_load_config_mem_reply_read_ok_message_header	56	static
../Core/Src/openlcb_c_lib/openlcb/openlcb_utilities.c:665:6:OpenLcbUtilities_load_config_mem_reply_read_fail_message_header	64	static
../Core/Src/openlcb_c_lib/openlcb/openlcb_utilities.c:713:7:OpenLcbUtilities_is_event_id_in_consumer_ranges	64	static
../Core/Src/openlcb_c_lib/openlcb/openlcb_utilities.c:735:7:OpenLcbUtilities_is_event_id_in_producer_ranges	64	static
../Core/Src/openlcb_c_lib/openlcb/openlcb_utilities.c:757:13:OpenLcbUtilities_generate_event_range_id	72	static
../Core/Src/openlcb_c_lib/openlcb/openlcb_utilities.c:780:7:OpenLcbUtilities_is_broadcast_time_event	24	static
../Core/Src/openlcb_c_lib/openlcb/openlcb_utilities.c:816:11:OpenLcbUtilities_extract_clock_id_from_time_event	24	static
../Core/Src/openlcb_c_lib/openlcb/openlcb_utilities.c:823:33:OpenLcbUtilities_get_broadcast_time_event_type	24	static
../Core/Src/openlcb_c_lib/openlcb/openlcb_utilities.c:914:7:OpenLcbUtilities_extract_time_from_event_id	32	static
../Core/Src/openlcb_c_lib/openlcb/openlcb_utilities.c:952:7:OpenLcbUtilities_extract_date_from_event_id	32	static
../Core/Src/openlcb_c_lib/openlcb/openlcb_utilities.c:992:7:OpenLcbUtilities_extract_year_from_event_id	32	static
../Core/Src/openlcb_c_lib/openlcb/openlcb_utilities.c:1032:7:OpenLcbUtilities_extract_rate_from_event_id	32	static
../Core/Src/openlcb_c_lib/openlcb/openlcb_utilities.c:1071:13:OpenLcbUtilities_create_time_event_id	56	static
../Core/Src/openlcb_c_lib/openlcb/openlcb_utilities.c:1088:13:OpenLcbUtilities_create_date_event_id	56	static
../Core/Src/openlcb_c_lib/openlcb/openlcb_utilities.c:1105:13:OpenLcbUtilities_create_year_event_id	56	static
../Core/Src/openlcb_c_lib/openlcb/openlcb_utilities.c:1122:13:OpenLcbUtilities_create_rate_event_id	56	static
../Core/Src/openlcb_c_lib/openlcb/openlcb_utilities.c:1139:13:OpenLcbUtilities_create_command_event_id	56	static
../Core/Src/openlcb_c_lib/openlcb/openlcb_utilities.c:1181:6:OpenLcbUtilities_is_train_search_event	16	static
../Core/Src/openlcb_c_lib/openlcb/openlcb_utilities.c:1188:6:OpenLcbUtilities_extract_train_search_digits	32	static
../Core/Src/openlcb_c_lib/openlcb/openlcb_utilities.c:1213:9:OpenLcbUtilities_extract_train_search_flags	16	static
../Core/Src/openlcb_c_lib/openlcb/openlcb_utilities.c:1220:10:OpenLcbUtilities_train_search_digits_to_address	24	static
../Core/Src/openlcb_c_lib/openlcb/openlcb_utilities.c:1245:12:OpenLcbUtilities_create_train_search_event_id	40	static
../Core/Src/openlcb_c_lib/openlcb/openlcb_utilities.c:1290:6:OpenLcbUtilities_is_emergency_event	16	static
