../Core/Src/openlcb_c_lib/openlcb/openlcb_main_statemachine.c:107:6:OpenLcbMainStatemachine_initialize	16	static
../Core/Src/openlcb_c_lib/openlcb/openlcb_main_statemachine.c:127:13:_free_incoming_message	16	static
../Core/Src/openlcb_c_lib/openlcb/openlcb_main_statemachine.c:153:13:_loopback_to_siblings	24	static
../Core/Src/openlcb_c_lib/openlcb/openlcb_main_statemachine.c:223:6:OpenLcbMainStatemachine_does_node_process_msg	16	static
../Core/Src/openlcb_c_lib/openlcb/openlcb_main_statemachine.c:275:6:OpenLcbMainStatemachine_load_interaction_rejected	56	static
../Core/Src/openlcb_c_lib/openlcb/openlcb_main_statemachine.c:337:6:OpenLcbMainStatemachine_process_main_statemachine	48	static
../Core/Src/openlcb_c_lib/openlcb/openlcb_main_statemachine.c:892:6:OpenLcbMainStatemachine_handle_outgoing_openlcb_message	8	static
../Core/Src/openlcb_c_lib/openlcb/openlcb_main_statemachine.c:932:6:OpenLcbMainStatemachine_handle_try_reenumerate	8	static
../Core/Src/openlcb_c_lib/openlcb/openlcb_main_statemachine.c:957:6:OpenLcbMainStatemachine_handle_try_pop_next_incoming_openlcb_message	8	static
../Core/Src/openlcb_c_lib/openlcb/openlcb_main_statemachine.c:996:6:OpenLcbMainStatemachine_handle_try_enumerate_first_node	8	static
../Core/Src/openlcb_c_lib/openlcb/openlcb_main_statemachine.c:1040:6:OpenLcbMainStatemachine_handle_try_enumerate_next_node	8	static
../Core/Src/openlcb_c_lib/openlcb/openlcb_main_statemachine.c:1081:6:OpenLcbMainStatemachine_run	8	static
../Core/Src/openlcb_c_lib/openlcb/openlcb_main_statemachine.c:1122:30:OpenLcbMainStatemachine_get_statemachine_info	4	static
