../Core/Src/openlcb_c_lib/openlcb/openlcb_login_statemachine.c:108:6:OpenLcbLoginStateMachine_initialize	16	static
../Core/Src/openlcb_c_lib/openlcb/openlcb_login_statemachine.c:138:6:OpenLcbLoginStateMachine_process	16	static
../Core/Src/openlcb_c_lib/openlcb/openlcb_login_statemachine.c:194:6:OpenLcbLoginStatemachine_handle_outgoing_openlcb_message	8	static
../Core/Src/openlcb_c_lib/openlcb/openlcb_login_statemachine.c:222:6:OpenLcbLoginStatemachine_handle_try_reenumerate	8	static
../Core/Src/openlcb_c_lib/openlcb/openlcb_login_statemachine.c:247:6:OpenLcbLoginStatemachine_handle_try_enumerate_first_node	8	static
../Core/Src/openlcb_c_lib/openlcb/openlcb_login_statemachine.c:284:6:OpenLcbLoginStatemachine_handle_try_enumerate_next_node	8	static
../Core/Src/openlcb_c_lib/openlcb/openlcb_login_statemachine.c:320:6:OpenLcbLoginMainStatemachine_run	8	static
../Core/Src/openlcb_c_lib/openlcb/openlcb_login_statemachine.c:353:36:OpenLcbLoginStatemachine_get_statemachine_info	4	static
