../Core/Src/openlcb_c_lib/openlcb/openlcb_main_statemachine.c:137:6:OpenLcbMainStatemachine_initialize	24	static
../Core/Src/openlcb_c_lib/openlcb/openlcb_main_statemachine.c:192:13:_free_incoming_message	16	static
../Core/Src/openlcb_c_lib/openlcb/openlcb_main_statemachine.c:212:13:_sibling_response_queue_push	32	static
../Core/Src/openlcb_c_lib/openlcb/openlcb_main_statemachine.c:252:23:_sibling_response_queue_pop	16	static
../Core/Src/openlcb_c_lib/openlcb/openlcb_main_statemachine.c:280:13:_sibling_dispatch_begin	8	static
../Core/Src/openlcb_c_lib/openlcb/openlcb_main_statemachine.c:314:13:_sibling_handle_outgoing	8	static
../Core/Src/openlcb_c_lib/openlcb/openlcb_main_statemachine.c:340:13:_sibling_handle_reenumerate	8	static
../Core/Src/openlcb_c_lib/openlcb/openlcb_main_statemachine.c:363:13:_sibling_dispatch_current	8	static
../Core/Src/openlcb_c_lib/openlcb/openlcb_main_statemachine.c:393:13:_sibling_dispatch_advance	8	static
../Core/Src/openlcb_c_lib/openlcb/openlcb_main_statemachine.c:441:6:OpenLcbMainStatemachine_does_node_process_msg	16	static
../Core/Src/openlcb_c_lib/openlcb/openlcb_main_statemachine.c:493:6:OpenLcbMainStatemachine_load_interaction_rejected	56	static
../Core/Src/openlcb_c_lib/openlcb/openlcb_main_statemachine.c:555:6:OpenLcbMainStatemachine_process_main_statemachine	48	static
../Core/Src/openlcb_c_lib/openlcb/openlcb_main_statemachine.c:1110:6:OpenLcbMainStatemachine_handle_outgoing_openlcb_message	8	static
../Core/Src/openlcb_c_lib/openlcb/openlcb_main_statemachine.c:1144:6:OpenLcbMainStatemachine_handle_try_reenumerate	8	static
../Core/Src/openlcb_c_lib/openlcb/openlcb_main_statemachine.c:1169:6:OpenLcbMainStatemachine_handle_try_pop_next_incoming_openlcb_message	8	static
../Core/Src/openlcb_c_lib/openlcb/openlcb_main_statemachine.c:1208:6:OpenLcbMainStatemachine_handle_try_enumerate_first_node	8	static
../Core/Src/openlcb_c_lib/openlcb/openlcb_main_statemachine.c:1252:6:OpenLcbMainStatemachine_handle_try_enumerate_next_node	8	static
../Core/Src/openlcb_c_lib/openlcb/openlcb_main_statemachine.c:1295:6:OpenLcbMainStatemachine_run	16	static
../Core/Src/openlcb_c_lib/openlcb/openlcb_main_statemachine.c:1408:30:OpenLcbMainStatemachine_get_statemachine_info	4	static
../Core/Src/openlcb_c_lib/openlcb/openlcb_main_statemachine.c:1415:30:OpenLcbMainStatemachine_get_sibling_statemachine_info	4	static
../Core/Src/openlcb_c_lib/openlcb/openlcb_main_statemachine.c:1422:9:OpenLcbMainStatemachine_get_sibling_response_queue_high_water	4	static
../Core/Src/openlcb_c_lib/openlcb/openlcb_main_statemachine.c:1444:6:OpenLcbMainStatemachine_send_with_sibling_dispatch	24	static
