../Core/Src/openlcb_c_lib/openlcb/openlcb_application_broadcast_time.c:75:27:_find_clock_by_id	24	static
../Core/Src/openlcb_c_lib/openlcb/openlcb_application_broadcast_time.c:118:27:_find_or_allocate_clock	24	static
../Core/Src/openlcb_c_lib/openlcb/openlcb_application_broadcast_time.c:161:6:OpenLcbApplicationBroadcastTime_initialize	16	static
../Core/Src/openlcb_c_lib/openlcb/openlcb_application_broadcast_time.c:188:26:OpenLcbApplicationBroadcastTime_setup_consumer	56	static
../Core/Src/openlcb_c_lib/openlcb/openlcb_application_broadcast_time.c:235:26:OpenLcbApplicationBroadcastTime_setup_producer	56	static
../Core/Src/openlcb_c_lib/openlcb/openlcb_application_broadcast_time.c:276:6:OpenLcbApplicationBroadcastTime_start	24	static
../Core/Src/openlcb_c_lib/openlcb/openlcb_application_broadcast_time.c:301:6:OpenLcbApplicationBroadcastTime_stop	24	static
../Core/Src/openlcb_c_lib/openlcb/openlcb_application_broadcast_time.c:329:26:OpenLcbApplicationBroadcastTime_get_clock	24	static
../Core/Src/openlcb_c_lib/openlcb/openlcb_application_broadcast_time.c:356:6:OpenLcbApplicationBroadcastTime_is_consumer	24	static
../Core/Src/openlcb_c_lib/openlcb/openlcb_application_broadcast_time.c:383:6:OpenLcbApplicationBroadcastTime_is_producer	24	static
../Core/Src/openlcb_c_lib/openlcb/openlcb_application_broadcast_time.c:402:13:_is_leap_year	16	static
../Core/Src/openlcb_c_lib/openlcb/openlcb_application_broadcast_time.c:409:16:_days_in_month	24	static
../Core/Src/openlcb_c_lib/openlcb/openlcb_application_broadcast_time.c:444:13:_advance_minute_forward	24	static
../Core/Src/openlcb_c_lib/openlcb/openlcb_application_broadcast_time.c:520:13:_advance_minute_backward	16	static
../Core/Src/openlcb_c_lib/openlcb/openlcb_application_broadcast_time.c:653:6:OpenLcbApplicationBroadcastTime_100ms_time_tick	56	static
../Core/Src/openlcb_c_lib/openlcb/openlcb_application_broadcast_time.c:847:6:OpenLcbApplicationBroadcastTime_send_report_time	56	static
../Core/Src/openlcb_c_lib/openlcb/openlcb_application_broadcast_time.c:883:6:OpenLcbApplicationBroadcastTime_send_report_date	56	static
../Core/Src/openlcb_c_lib/openlcb/openlcb_application_broadcast_time.c:918:6:OpenLcbApplicationBroadcastTime_send_report_year	40	static
../Core/Src/openlcb_c_lib/openlcb/openlcb_application_broadcast_time.c:953:6:OpenLcbApplicationBroadcastTime_send_report_rate	40	static
../Core/Src/openlcb_c_lib/openlcb/openlcb_application_broadcast_time.c:987:6:OpenLcbApplicationBroadcastTime_send_start	40	static
../Core/Src/openlcb_c_lib/openlcb/openlcb_application_broadcast_time.c:1021:6:OpenLcbApplicationBroadcastTime_send_stop	40	static
../Core/Src/openlcb_c_lib/openlcb/openlcb_application_broadcast_time.c:1055:6:OpenLcbApplicationBroadcastTime_send_date_rollover	40	static
../Core/Src/openlcb_c_lib/openlcb/openlcb_application_broadcast_time.c:1094:13:_send_query_reply_for_clock	48	static
../Core/Src/openlcb_c_lib/openlcb/openlcb_application_broadcast_time.c:1207:6:OpenLcbApplicationBroadcastTime_send_query_reply	32	static
../Core/Src/openlcb_c_lib/openlcb/openlcb_application_broadcast_time.c:1240:6:OpenLcbApplicationBroadcastTime_send_query	40	static
../Core/Src/openlcb_c_lib/openlcb/openlcb_application_broadcast_time.c:1277:6:OpenLcbApplicationBroadcastTime_send_set_time	40	static
../Core/Src/openlcb_c_lib/openlcb/openlcb_application_broadcast_time.c:1301:6:OpenLcbApplicationBroadcastTime_send_set_date	40	static
../Core/Src/openlcb_c_lib/openlcb/openlcb_application_broadcast_time.c:1324:6:OpenLcbApplicationBroadcastTime_send_set_year	32	static
../Core/Src/openlcb_c_lib/openlcb/openlcb_application_broadcast_time.c:1347:6:OpenLcbApplicationBroadcastTime_send_set_rate	32	static
../Core/Src/openlcb_c_lib/openlcb/openlcb_application_broadcast_time.c:1369:6:OpenLcbApplicationBroadcastTime_send_command_start	32	static
../Core/Src/openlcb_c_lib/openlcb/openlcb_application_broadcast_time.c:1391:6:OpenLcbApplicationBroadcastTime_send_command_stop	32	static
../Core/Src/openlcb_c_lib/openlcb/openlcb_application_broadcast_time.c:1410:6:OpenLcbApplicationBroadcastTime_trigger_query_reply	24	static
../Core/Src/openlcb_c_lib/openlcb/openlcb_application_broadcast_time.c:1439:6:OpenLcbApplicationBroadcastTime_trigger_sync_delay	24	static
