../Core/Src/openlcb_c_lib/openlcb/protocol_config_mem_write_handler.c:68:6:ProtocolConfigMemWriteHandler_initialize	16	static
../Core/Src/openlcb_c_lib/openlcb/protocol_config_mem_write_handler.c:80:13:_extract_write_command_parameters	16	static
../Core/Src/openlcb_c_lib/openlcb/protocol_config_mem_write_handler.c:106:17:_is_valid_write_parameters	16	static
../Core/Src/openlcb_c_lib/openlcb/protocol_config_mem_write_handler.c:143:13:_check_for_write_overrun	16	static
../Core/Src/openlcb_c_lib/openlcb/protocol_config_mem_write_handler.c:166:13:_dispatch_write_request	32	static
../Core/Src/openlcb_c_lib/openlcb/protocol_config_mem_write_handler.c:223:6:ProtocolConfigMemWriteHandler_write_space_config_description_info	48	static
../Core/Src/openlcb_c_lib/openlcb/protocol_config_mem_write_handler.c:235:6:ProtocolConfigMemWriteHandler_write_space_all	48	static
../Core/Src/openlcb_c_lib/openlcb/protocol_config_mem_write_handler.c:247:6:ProtocolConfigMemWriteHandler_write_space_config_memory	48	static
../Core/Src/openlcb_c_lib/openlcb/protocol_config_mem_write_handler.c:259:6:ProtocolConfigMemWriteHandler_write_space_acdi_manufacturer	48	static
../Core/Src/openlcb_c_lib/openlcb/protocol_config_mem_write_handler.c:271:6:ProtocolConfigMemWriteHandler_write_space_acdi_user	48	static
../Core/Src/openlcb_c_lib/openlcb/protocol_config_mem_write_handler.c:283:6:ProtocolConfigMemWriteHandler_write_space_train_function_definition_info	48	static
../Core/Src/openlcb_c_lib/openlcb/protocol_config_mem_write_handler.c:295:6:ProtocolConfigMemWriteHandler_write_space_train_function_config_memory	48	static
../Core/Src/openlcb_c_lib/openlcb/protocol_config_mem_write_handler.c:307:6:ProtocolConfigMemWriteHandler_write_space_firmware	48	static
../Core/Src/openlcb_c_lib/openlcb/protocol_config_mem_write_handler.c:335:13:_extract_write_under_mask_command_parameters	24	static
../Core/Src/openlcb_c_lib/openlcb/protocol_config_mem_write_handler.c:365:17:_is_valid_write_under_mask_parameters	24	static
../Core/Src/openlcb_c_lib/openlcb/protocol_config_mem_write_handler.c:421:17:_write_data_under_mask	104	static
../Core/Src/openlcb_c_lib/openlcb/protocol_config_mem_write_handler.c:502:13:_dispatch_write_under_mask_request	32	static
../Core/Src/openlcb_c_lib/openlcb/protocol_config_mem_write_handler.c:558:6:ProtocolConfigMemWriteHandler_write_under_mask_space_config_description_info	48	static
../Core/Src/openlcb_c_lib/openlcb/protocol_config_mem_write_handler.c:569:6:ProtocolConfigMemWriteHandler_write_under_mask_space_all	48	static
../Core/Src/openlcb_c_lib/openlcb/protocol_config_mem_write_handler.c:580:6:ProtocolConfigMemWriteHandler_write_under_mask_space_config_memory	48	static
../Core/Src/openlcb_c_lib/openlcb/protocol_config_mem_write_handler.c:591:6:ProtocolConfigMemWriteHandler_write_under_mask_space_acdi_manufacturer	48	static
../Core/Src/openlcb_c_lib/openlcb/protocol_config_mem_write_handler.c:602:6:ProtocolConfigMemWriteHandler_write_under_mask_space_acdi_user	48	static
../Core/Src/openlcb_c_lib/openlcb/protocol_config_mem_write_handler.c:613:6:ProtocolConfigMemWriteHandler_write_under_mask_space_train_function_definition_info	48	static
../Core/Src/openlcb_c_lib/openlcb/protocol_config_mem_write_handler.c:624:6:ProtocolConfigMemWriteHandler_write_under_mask_space_train_function_config_memory	48	static
../Core/Src/openlcb_c_lib/openlcb/protocol_config_mem_write_handler.c:635:6:ProtocolConfigMemWriteHandler_write_under_mask_space_firmware	48	static
../Core/Src/openlcb_c_lib/openlcb/protocol_config_mem_write_handler.c:668:6:ProtocolConfigMemWriteHandler_write_message	16	static
../Core/Src/openlcb_c_lib/openlcb/protocol_config_mem_write_handler.c:689:6:ProtocolConfigMemWriteHandler_write_reply_ok_message	16	static
../Core/Src/openlcb_c_lib/openlcb/protocol_config_mem_write_handler.c:710:6:ProtocolConfigMemWriteHandler_write_reply_fail_message	16	static
../Core/Src/openlcb_c_lib/openlcb/protocol_config_mem_write_handler.c:755:17:_write_data	32	static
../Core/Src/openlcb_c_lib/openlcb/protocol_config_mem_write_handler.c:815:6:ProtocolConfigMemWriteHandler_write_request_config_mem	16	static
../Core/Src/openlcb_c_lib/openlcb/protocol_config_mem_write_handler.c:865:6:ProtocolConfigMemWriteHandler_write_request_acdi_user	32	static
../Core/Src/openlcb_c_lib/openlcb/protocol_config_mem_write_handler.c:994:6:ProtocolConfigMemWriteHandler_write_request_train_function_config_memory	48	static
