../Core/Src/openlcb_c_lib/openlcb/protocol_event_transport.c:73:6:ProtocolEventTransport_initialize	16	static
../Core/Src/openlcb_c_lib/openlcb/protocol_event_transport.c:106:13:_identify_producers	72	static
../Core/Src/openlcb_c_lib/openlcb/protocol_event_transport.c:217:13:_identify_consumers	72	static
../Core/Src/openlcb_c_lib/openlcb/protocol_event_transport.c:299:13:_test_for_consumed_event	56	static
../Core/Src/openlcb_c_lib/openlcb/protocol_event_transport.c:326:13:_test_for_consumed_event_pcer	48	static
../Core/Src/openlcb_c_lib/openlcb/protocol_event_transport.c:384:10:ProtocolEventTransport_extract_consumer_event_status_mti	16	static
../Core/Src/openlcb_c_lib/openlcb/protocol_event_transport.c:437:10:ProtocolEventTransport_extract_producer_event_status_mti	16	static
../Core/Src/openlcb_c_lib/openlcb/protocol_event_transport.c:489:6:ProtocolEventTransport_handle_consumer_identify	80	static
../Core/Src/openlcb_c_lib/openlcb/protocol_event_transport.c:559:6:ProtocolEventTransport_handle_consumer_range_identified	24	static
../Core/Src/openlcb_c_lib/openlcb/protocol_event_transport.c:597:6:ProtocolEventTransport_handle_consumer_identified_unknown	24	static
../Core/Src/openlcb_c_lib/openlcb/protocol_event_transport.c:635:6:ProtocolEventTransport_handle_consumer_identified_set	24	static
../Core/Src/openlcb_c_lib/openlcb/protocol_event_transport.c:673:6:ProtocolEventTransport_handle_consumer_identified_clear	24	static
../Core/Src/openlcb_c_lib/openlcb/protocol_event_transport.c:712:6:ProtocolEventTransport_handle_consumer_identified_reserved	24	static
../Core/Src/openlcb_c_lib/openlcb/protocol_event_transport.c:758:6:ProtocolEventTransport_handle_producer_identify	80	static
../Core/Src/openlcb_c_lib/openlcb/protocol_event_transport.c:830:6:ProtocolEventTransport_handle_producer_range_identified	24	static
../Core/Src/openlcb_c_lib/openlcb/protocol_event_transport.c:868:6:ProtocolEventTransport_handle_producer_identified_unknown	24	static
../Core/Src/openlcb_c_lib/openlcb/protocol_event_transport.c:908:6:ProtocolEventTransport_handle_producer_identified_set	24	static
../Core/Src/openlcb_c_lib/openlcb/protocol_event_transport.c:948:6:ProtocolEventTransport_handle_producer_identified_clear	24	static
../Core/Src/openlcb_c_lib/openlcb/protocol_event_transport.c:989:6:ProtocolEventTransport_handle_producer_identified_reserved	24	static
../Core/Src/openlcb_c_lib/openlcb/protocol_event_transport.c:1039:6:ProtocolEventTransport_handle_events_identify	16	static
../Core/Src/openlcb_c_lib/openlcb/protocol_event_transport.c:1077:6:ProtocolEventTransport_handle_events_identify_dest	16	static
../Core/Src/openlcb_c_lib/openlcb/protocol_event_transport.c:1117:6:ProtocolEventTransport_handle_event_learn	24	static
../Core/Src/openlcb_c_lib/openlcb/protocol_event_transport.c:1158:6:ProtocolEventTransport_handle_pc_event_report	24	static
../Core/Src/openlcb_c_lib/openlcb/protocol_event_transport.c:1209:6:ProtocolEventTransport_handle_pc_event_report_with_payload	40	static
