../Core/Src/openlcb_c_lib/openlcb/protocol_config_mem_read_handler.c:66:6:ProtocolConfigMemReadHandler_initialize	16	static
../Core/Src/openlcb_c_lib/openlcb/protocol_config_mem_read_handler.c:83:13:_extract_read_command_parameters	16	static
../Core/Src/openlcb_c_lib/openlcb/protocol_config_mem_read_handler.c:110:17:_is_valid_read_parameters	16	static
../Core/Src/openlcb_c_lib/openlcb/protocol_config_mem_read_handler.c:141:13:_check_for_read_overrun	16	static
../Core/Src/openlcb_c_lib/openlcb/protocol_config_mem_read_handler.c:164:13:_handle_read_request	32	static
../Core/Src/openlcb_c_lib/openlcb/protocol_config_mem_read_handler.c:219:6:ProtocolConfigMemReadHandler_read_request_config_definition_info	16	static
../Core/Src/openlcb_c_lib/openlcb/protocol_config_mem_read_handler.c:234:6:ProtocolConfigMemReadHandler_read_request_train_function_definition_info	16	static
../Core/Src/openlcb_c_lib/openlcb/protocol_config_mem_read_handler.c:254:6:ProtocolConfigMemReadHandler_read_request_train_function_config_memory	40	static
../Core/Src/openlcb_c_lib/openlcb/protocol_config_mem_read_handler.c:299:6:ProtocolConfigMemReadHandler_read_request_config_mem	32	static
../Core/Src/openlcb_c_lib/openlcb/protocol_config_mem_read_handler.c:338:6:ProtocolConfigMemReadHandler_read_request_acdi_manufacturer	24	static
../Core/Src/openlcb_c_lib/openlcb/protocol_config_mem_read_handler.c:462:6:ProtocolConfigMemReadHandler_read_request_acdi_user	24	static
../Core/Src/openlcb_c_lib/openlcb/protocol_config_mem_read_handler.c:544:6:ProtocolConfigMemReadHandler_read_space_config_description_info	40	static
../Core/Src/openlcb_c_lib/openlcb/protocol_config_mem_read_handler.c:556:6:ProtocolConfigMemReadHandler_read_space_all	40	static
../Core/Src/openlcb_c_lib/openlcb/protocol_config_mem_read_handler.c:568:6:ProtocolConfigMemReadHandler_read_space_config_memory	40	static
../Core/Src/openlcb_c_lib/openlcb/protocol_config_mem_read_handler.c:580:6:ProtocolConfigMemReadHandler_read_space_acdi_manufacturer	40	static
../Core/Src/openlcb_c_lib/openlcb/protocol_config_mem_read_handler.c:592:6:ProtocolConfigMemReadHandler_read_space_acdi_user	40	static
../Core/Src/openlcb_c_lib/openlcb/protocol_config_mem_read_handler.c:604:6:ProtocolConfigMemReadHandler_read_space_train_function_definition_info	40	static
../Core/Src/openlcb_c_lib/openlcb/protocol_config_mem_read_handler.c:616:6:ProtocolConfigMemReadHandler_read_space_train_function_config_memory	40	static
../Core/Src/openlcb_c_lib/openlcb/protocol_config_mem_read_handler.c:630:6:ProtocolConfigMemReadHandler_read_message	16	static
../Core/Src/openlcb_c_lib/openlcb/protocol_config_mem_read_handler.c:636:6:ProtocolConfigMemReadHandler_read_reply_ok_message	16	static
../Core/Src/openlcb_c_lib/openlcb/protocol_config_mem_read_handler.c:642:6:ProtocolConfigMemReadHandler_read_reply_reject_message	16	static
