../Core/Src/openlcb_c_lib/openlcb/protocol_datagram_handler.c:82:6:ProtocolDatagramHandler_initialize	16	static
../Core/Src/openlcb_c_lib/openlcb/protocol_datagram_handler.c:98:13:_handle_subcommand	16	static
../Core/Src/openlcb_c_lib/openlcb/protocol_datagram_handler.c:113:13:_handle_read_address_space_at_offset_6	16	static
../Core/Src/openlcb_c_lib/openlcb/protocol_datagram_handler.c:170:13:_handle_read_reply_ok_address_space_at_offset_6	16	static
../Core/Src/openlcb_c_lib/openlcb/protocol_datagram_handler.c:227:13:_handle_read_reply_fail_address_space_at_offset_6	16	static
../Core/Src/openlcb_c_lib/openlcb/protocol_datagram_handler.c:284:13:_handle_read_stream_address_space_at_offset_6	16	static
../Core/Src/openlcb_c_lib/openlcb/protocol_datagram_handler.c:341:13:_handle_read_stream_reply_ok_address_space_at_offset_6	16	static
../Core/Src/openlcb_c_lib/openlcb/protocol_datagram_handler.c:398:13:_handle_read_stream_reply_fail_address_space_at_offset_6	16	static
../Core/Src/openlcb_c_lib/openlcb/protocol_datagram_handler.c:455:13:_handle_write_address_space_at_offset_6	16	static
../Core/Src/openlcb_c_lib/openlcb/protocol_datagram_handler.c:518:13:_handle_write_reply_ok_address_space_at_offset_6	16	static
../Core/Src/openlcb_c_lib/openlcb/protocol_datagram_handler.c:575:13:_handle_write_reply_fail_address_space_at_offset_6	16	static
../Core/Src/openlcb_c_lib/openlcb/protocol_datagram_handler.c:632:13:_handle_write_stream_address_space_at_offset_6	16	static
../Core/Src/openlcb_c_lib/openlcb/protocol_datagram_handler.c:689:13:_handle_write_stream_reply_ok_address_space_at_offset_6	16	static
../Core/Src/openlcb_c_lib/openlcb/protocol_datagram_handler.c:746:13:_handle_write_stream_reply_fail_address_space_at_offset_6	16	static
../Core/Src/openlcb_c_lib/openlcb/protocol_datagram_handler.c:803:13:_handle_write_under_mask_address_space_at_offset_6	16	static
../Core/Src/openlcb_c_lib/openlcb/protocol_datagram_handler.c:871:13:_handle_datagram_memory_configuration_command	16	static
../Core/Src/openlcb_c_lib/openlcb/protocol_datagram_handler.c:1295:6:ProtocolDatagramHandler_datagram	16	static
../Core/Src/openlcb_c_lib/openlcb/protocol_datagram_handler.c:1333:6:ProtocolDatagramHandler_load_datagram_received_ok_message	64	static
../Core/Src/openlcb_c_lib/openlcb/protocol_datagram_handler.c:1442:6:ProtocolDatagramHandler_load_datagram_rejected_message	56	static
../Core/Src/openlcb_c_lib/openlcb/protocol_datagram_handler.c:1472:6:ProtocolDatagramHandler_datagram_received_ok	16	static
../Core/Src/openlcb_c_lib/openlcb/protocol_datagram_handler.c:1498:6:ProtocolDatagramHandler_datagram_rejected	24	static
../Core/Src/openlcb_c_lib/openlcb/protocol_datagram_handler.c:1544:6:ProtocolDatagramHandler_clear_resend_datagram_message	16	static
../Core/Src/openlcb_c_lib/openlcb/protocol_datagram_handler.c:1571:6:ProtocolDatagramHandler_100ms_timer_tick	16	static
../Core/Src/openlcb_c_lib/openlcb/protocol_datagram_handler.c:1587:6:ProtocolDatagramHandler_check_timeouts	24	static
