../Core/Src/openlcb_c_lib/openlcb/openlcb_application.c:70:6:OpenLcbApplication_initialize	16	static
../Core/Src/openlcb_c_lib/openlcb/openlcb_application.c:98:6:OpenLcbApplication_send_event_with_mti	112	static
../Core/Src/openlcb_c_lib/openlcb/openlcb_application.c:139:6:OpenLcbApplication_clear_consumer_eventids	16	static
../Core/Src/openlcb_c_lib/openlcb/openlcb_application.c:157:6:OpenLcbApplication_clear_producer_eventids	16	static
../Core/Src/openlcb_c_lib/openlcb/openlcb_application.c:183:10:OpenLcbApplication_register_consumer_eventid	24	static
../Core/Src/openlcb_c_lib/openlcb/openlcb_application.c:219:10:OpenLcbApplication_register_producer_eventid	24	static
../Core/Src/openlcb_c_lib/openlcb/openlcb_application.c:247:6:OpenLcbApplication_clear_consumer_ranges	16	static
../Core/Src/openlcb_c_lib/openlcb/openlcb_application.c:265:6:OpenLcbApplication_clear_producer_ranges	16	static
../Core/Src/openlcb_c_lib/openlcb/openlcb_application.c:291:6:OpenLcbApplication_register_consumer_range	24	static
../Core/Src/openlcb_c_lib/openlcb/openlcb_application.c:327:6:OpenLcbApplication_register_producer_range	24	static
../Core/Src/openlcb_c_lib/openlcb/openlcb_application.c:365:6:OpenLcbApplication_send_event_pc_report	112	static
../Core/Src/openlcb_c_lib/openlcb/openlcb_application.c:418:6:OpenLcbApplication_send_teach_event	112	static
../Core/Src/openlcb_c_lib/openlcb/openlcb_application.c:473:6:OpenLcbApplication_send_initialization_event	104	static
../Core/Src/openlcb_c_lib/openlcb/openlcb_application.c:523:10:OpenLcbApplication_read_configuration_memory	32	static
../Core/Src/openlcb_c_lib/openlcb/openlcb_application.c:559:10:OpenLcbApplication_write_configuration_memory	32	static
