../Core/Src/src/openlcb/protocol_event_transport.c:51:6:ProtocolEventTransport_initialize	0	static
../Core/Src/src/openlcb/protocol_event_transport.c:115:10:ProtocolEventTransport_extract_consumer_event_status_mti	0	static
../Core/Src/src/openlcb/protocol_event_transport.c:135:10:ProtocolEventTransport_extract_producer_event_status_mti	0	static
../Core/Src/src/openlcb/protocol_event_transport.c:155:6:ProtocolEventTransport_handle_consumer_identify	64	static
../Core/Src/src/openlcb/protocol_event_transport.c:185:6:ProtocolEventTransport_handle_consumer_range_identified	24	static
../Core/Src/src/openlcb/protocol_event_transport.c:199:6:ProtocolEventTransport_handle_consumer_identified_unknown	24	static
../Core/Src/src/openlcb/protocol_event_transport.c:213:6:ProtocolEventTransport_handle_consumer_identified_set	24	static
../Core/Src/src/openlcb/protocol_event_transport.c:227:6:ProtocolEventTransport_handle_consumer_identified_clear	24	static
../Core/Src/src/openlcb/protocol_event_transport.c:241:6:ProtocolEventTransport_handle_consumer_identified_reserved	24	static
../Core/Src/src/openlcb/protocol_event_transport.c:255:6:ProtocolEventTransport_handle_producer_identify	64	static
../Core/Src/src/openlcb/protocol_event_transport.c:286:6:ProtocolEventTransport_handle_producer_range_identified	24	static
../Core/Src/src/openlcb/protocol_event_transport.c:300:6:ProtocolEventTransport_handle_producer_identified_unknown	24	static
../Core/Src/src/openlcb/protocol_event_transport.c:314:6:ProtocolEventTransport_handle_producer_identified_set	24	static
../Core/Src/src/openlcb/protocol_event_transport.c:328:6:ProtocolEventTransport_handle_producer_identified_clear	24	static
../Core/Src/src/openlcb/protocol_event_transport.c:342:6:ProtocolEventTransport_handle_producer_identified_reserved	24	static
../Core/Src/src/openlcb/protocol_event_transport.c:356:6:ProtocolEventTransport_handle_events_identify	64	static
../Core/Src/src/openlcb/protocol_event_transport.c:387:6:ProtocolEventTransport_handle_events_identify_dest	8	static
../Core/Src/src/openlcb/protocol_event_transport.c:403:6:ProtocolEventTransport_handle_event_learn	24	static
../Core/Src/src/openlcb/protocol_event_transport.c:417:6:ProtocolEventTransport_handle_pc_event_report	24	static
../Core/Src/src/openlcb/protocol_event_transport.c:431:6:ProtocolEventTransport_handle_pc_event_report_with_payload	24	static
