../Core/Src/src/openlcb/protocol_message_network.c:84:13:_load_verified_node_id	40	static
../Core/Src/src/openlcb/protocol_message_network.c:51:6:ProtocolMessageNetwork_initialize	0	static
../Core/Src/src/openlcb/protocol_message_network.c:112:6:ProtocolMessageNetwork_handle_initialization_complete	0	static
../Core/Src/src/openlcb/protocol_message_network.c:118:6:ProtocolMessageNetwork_handle_initialization_complete_simple	0	static
../Core/Src/src/openlcb/protocol_message_network.c:124:6:ProtocolMessageNetwork_handle_protocol_support_inquiry	48	static
../Core/Src/src/openlcb/protocol_message_network.c:154:6:ProtocolMessageNetwork_handle_protocol_support_reply	0	static
../Core/Src/src/openlcb/protocol_message_network.c:160:6:ProtocolMessageNetwork_handle_verify_node_id_global	8	static
../Core/Src/src/openlcb/protocol_message_network.c:182:6:ProtocolMessageNetwork_handle_verify_node_id_addressed	0	static
../Core/Src/src/openlcb/protocol_message_network.c:188:6:ProtocolMessageNetwork_handle_verified_node_id	48	static
../Core/Src/src/openlcb/protocol_message_network.c:202:6:ProtocolMessageNetwork_handle_optional_interaction_rejected	0	static
../Core/Src/src/openlcb/protocol_message_network.c:208:6:ProtocolMessageNetwork_handle_terminate_due_to_error	0	static
